Microchip MPLAB XC8 Compiler V1.37 ()

Linker command line:

-W-3 --edf=C:\Program Files (x86)\Microchip\xc8\v1.37\dat\en_msgs.txt -cs \
  -h+dist/Todd/debug\Novaplex_V2.X.debug.sym \
  --cmf=dist/Todd/debug\Novaplex_V2.X.debug.cmf -z -Q16F1527 \
  -oC:\Users\Nancy\AppData\Local\Temp\se90.2 \
  -Mdist/Todd/debug/Novaplex_V2.X.debug.map -E1 -ver=XC8 \
  -ASTACK=0211Ch-0213fh -pstack=STACK -ACODE=00h-07FFhx8 \
  -ASTRCODE=00h-03FFFh -ASTRING=00h-0FFhx64 -ACONST=00h-0FFhx64 \
  -AENTRY=00h-0FFhx64 -ACOMMON=070h-07Fh -ABANK0=020h-06Fh \
  -ABANK1=0A0h-0EFh -ABANK2=0120h-016Fh -ABANK3=01A0h-01EFh \
  -ABANK4=0220h-026Fh -ABANK5=02A0h-02EFh -ABANK6=0320h-036Fh \
  -ABANK7=03A0h-03EFh -ABANK8=0420h-046Fh -ABANK9=04A0h-04EFh \
  -ABANK10=0520h-056Fh -ABANK11=05A0h-05EFh -ABANK12=0620h-066Fh \
  -ABANK13=06A0h-06EFh -ABANK14=0720h-076Fh -ABANK15=07A0h-07EFh \
  -ABANK16=0820h-086Fh -ABANK17=08A0h-08EFh -ABANK18=0920h-096Fh \
  -ABIGRAM=02000h-025EFh \
  -ARAM=020h-06Fh,0A0h-0EFh,0120h-016Fh,01A0h-01EFh,0220h-026Fh,02A0h-02EFh,0320h-036Fh,03A0h-03EFh,0420h-046Fh,04A0h-04EFh,0520h-056Fh,05A0h-05EFh,0620h-066Fh,06A0h-06EFh,0720h-076Fh,07A0h-07EFh,0820h-086Fh,08A0h-08EFh,0920h-096Fh \
  -AABS1=020h-07Fh,0A0h-0EFh,0120h-016Fh,01A0h-01EFh,0220h-026Fh,02A0h-02EFh,0320h-036Fh,03A0h-03EFh,0420h-046Fh,04A0h-04EFh,0520h-056Fh,05A0h-05EFh,0620h-066Fh,06A0h-06EFh,0720h-076Fh,07A0h-07EFh,0820h-086Fh,08A0h-08EFh,0920h-096Fh \
  -ASFR0=00h-01Fh -ASFR1=080h-09Fh -ASFR2=0100h-011Fh -ASFR3=0180h-019Fh \
  -ASFR4=0200h-021Fh -ASFR5=0280h-029Fh -ASFR6=0300h-031Fh \
  -ASFR7=0380h-039Fh -ASFR8=0400h-041Fh -ASFR9=0480h-049Fh \
  -ASFR10=0500h-051Fh -ASFR11=0580h-059Fh -ASFR12=0600h-061Fh \
  -ASFR13=0680h-069Fh -ASFR14=0700h-071Fh -ASFR15=0780h-079Fh \
  -ASFR16=0800h-081Fh -ASFR17=0880h-089Fh -ASFR18=0900h-091Fh \
  -ASFR19=0980h-09EFh -ASFR20=0A00h-0A6Fh -ASFR21=0A80h-0AEFh \
  -ASFR22=0B00h-0B6Fh -ASFR23=0B80h-0BEFh -ASFR24=0C00h-0C6Fh \
  -ASFR25=0C80h-0CEFh -ASFR26=0D00h-0D6Fh -ASFR27=0D80h-0DEFh \
  -ASFR28=0E00h-0E6Fh -ASFR29=0E80h-0EEFh -ASFR30=0F00h-0F6Fh \
  -ASFR31=0F80h-0FEFh -preset_vec=00h,intentry=04h,init,end_init \
  -ppowerup=CODE -pcinit=CODE -pfunctab=CODE -ACONFIG=08007h-08008h \
  -pconfig=CONFIG -DCONFIG=2 -AIDLOC=08000h-08003h -pidloc=IDLOC -DIDLOC=2 \
  -DCODE=2 -DSTRCODE=2 -DSTRING=2 -DCONST=2 -DENTRY=2 -k \
  C:\Users\Nancy\AppData\Local\Temp\se90.obj \
  dist/Todd/debug\Novaplex_V2.X.debug.obj 

Object code version is 3.11

Machine type is 16F1527



                Name                               Link     Load   Length Selector   Space Scale
C:\Users\Nancy\AppData\Local\Temp\se90.obj
                end_init                            123      123        2        8       0
                reset_vec                             0        0        2        0       0
                config                             8007     8007        2    1000E       0
dist/Todd/debug\Novaplex_V2.X.debug.obj
                cinit                               125      125       B9        8       0
                intentry                              4        4      11F        8       0
                text46                             1402     1402       48     2804       0
                text44                             1EEA     1EEA        4     3DD4       0
                text43                              7F6      7F6        A        8       0
                text42                             1EF2     1EF2        7     3DE4       0
                text41                             1EF9     1EF9        9     3DF2       0
                text40                             1337     1337       41     266E       0
                text39                             1049     1049       30     2092       0
                text38                             1023     1023       26     2046       0
                text37                             1F9B     1F9B       20     3F36       0
                text36                             11C2     11C2       3B     2384       0
                text35                              7A2      7A2       54        8       0
                text34                             1493     1493       4B     2926       0
                text33                             15D0     15D0       65     2BA0       0
                text32                             11FD     11FD       3D     23FA       0
                text31                             157E     157E       52     2AFC       0
                text30                              802      802       19     1004       0
                text29                             1EEE     1EEE        4     3DDC       0
                text28                              801      801        1     1002       0
                text27                             1079     1079       30     20F2       0
                text26                             10A9     10A9       31     2152       0
                text25                             144A     144A       49     2894       0
                text24                             1F23     1F23        F     3E46       0
                text23                              54F      54F       F6        8       0
                text22                              6F9      6F9       A9        8       0
                text21                              645      645       B4        8       0
                text20                             1F02     1F02        9     3E04       0
                text19                              81B      81B       8B     1036       0
                text18                             177E     177E       82     2EFC       0
                text17                             1F7F     1F7F       1C     3EFE       0
                text16                             123A     123A       3E     2474       0
                text15                             1FBB     1FBB       20     3F76       0
                text14                             1635     1635       6B     2C6A       0
                text13                             1378     1378       45     26F0       0
                text12                             1278     1278       3F     24F0       0
                text11                             12B7     12B7       40     256E       0
                text10                             1001     1001       22     2002       0
                text9                               8A6      8A6       9F     114C       0
                text8                               456      456       F9        8       0
                text7                              1F32     1F32       12     3E64       0
                text6                              1F69     1F69       16     3ED2       0
                text5                              12F7     12F7       40     25EE       0
                text4                              16A0     16A0       6F     2D40       0
                text3                              1FDB     1FDB       25     3FB6       0
                text2                              170F     170F       6F     2E1E       0
                text1                              13BD     13BD       45     277A       0
                maintext                            945      945      6BB     128A       0
                cstackBANK0                          20       20       4F       20       1
                cstackCOMMON                         70       70        9       70       1
                cstackBANK1                          A0       A0       23       A0       1
                inittext                           1F0B     1F0B        C     3E16       0
                clrtext                            1F17     1F17        C     3E2E       0
                dataBANK10                          520      520       3A      520       1
                dataBANK9                           4A0      4A0       50      4A0       1
                dataBANK8                           420      420       50      420       1
                dataBANK7                           3A0      3A0       3A      3A0       1
                dataBANK6                           320      320       3A      320       1
                dataBANK5                           2A0      2A0       3A      2A0       1
                bssBANK4                            220      220       40      220       1
                bssBANK3                            1A0      1A0       2C      1A0       1
                dataBANK2                           15A      15A       13      120       1
                bssBANK2                            120      120       3A      120       1
                dataBANK1                            DE       DE       12       A0       1
                bssBANK1                             C3       C3       1B       A0       1
                dataBANK0                            6F       6F        1       20       1
                dataCOMMON                           7D       7D        1       70       1
                bssCOMMON                            79       79        4       70       1
                idataBIGRAM                         1DE      1DE      278        8       0
                idataBANK10                        10DA     10DA       3A     21B4       0
                idataBANK9                         14DE     14DE       50     29BC       0
                idataBANK8                         152E     152E       50     2A5C       0
                idataBANK7                         1114     1114       3A     2228       0
                idataBANK6                         114E     114E       3A     229C       0
                idataBANK5                         1188     1188       3A     2310       0
                idataBANK2                         1F56     1F56       13     3EAC       0
                idataBANK1                         1F44     1F44       12     3E88       0
                idataBANK0                            2        2        1        0       0
                idataCOMMON                           3        3        1        6       0

TOTAL           Name                               Link     Load   Length     Space
        CLASS   STACK          

        CLASS   CODE           
                end_init                            123      123        2         0
                cinit                               125      125       B9         0
                intentry                              4        4      11F         0
                reset_vec                             0        0        2         0
                text46                             1402     1402       48         0
                text44                             1EEA     1EEA        4         0
                text43                              7F6      7F6        A         0
                text42                             1EF2     1EF2        7         0
                text41                             1EF9     1EF9        9         0
                text40                             1337     1337       41         0
                text39                             1049     1049       30         0
                text38                             1023     1023       26         0
                text37                             1F9B     1F9B       20         0
                text36                             11C2     11C2       3B         0
                text35                              7A2      7A2       54         0
                text34                             1493     1493       4B         0
                text33                             15D0     15D0       65         0
                text32                             11FD     11FD       3D         0
                text31                             157E     157E       52         0
                text30                              802      802       19         0
                text29                             1EEE     1EEE        4         0
                text28                              801      801        1         0
                text27                             1079     1079       30         0
                text26                             10A9     10A9       31         0
                text25                             144A     144A       49         0
                text24                             1F23     1F23        F         0
                text23                              54F      54F       F6         0
                text22                              6F9      6F9       A9         0
                text21                              645      645       B4         0
                text20                             1F02     1F02        9         0
                text19                              81B      81B       8B         0
                text18                             177E     177E       82         0
                text17                             1F7F     1F7F       1C         0
                text16                             123A     123A       3E         0
                text15                             1FBB     1FBB       20         0
                text14                             1635     1635       6B         0
                text13                             1378     1378       45         0
                text12                             1278     1278       3F         0
                text11                             12B7     12B7       40         0
                text10                             1001     1001       22         0
                text9                               8A6      8A6       9F         0
                text8                               456      456       F9         0
                text7                              1F32     1F32       12         0
                text6                              1F69     1F69       16         0
                text5                              12F7     12F7       40         0
                text4                              16A0     16A0       6F         0
                text3                              1FDB     1FDB       25         0
                text2                              170F     170F       6F         0
                text1                              13BD     13BD       45         0
                maintext                            945      945      6BB         0
                inittext                           1F0B     1F0B        C         0
                clrtext                            1F17     1F17        C         0
                idataBIGRAM                         1DE      1DE      278         0
                idataBANK10                        10DA     10DA       3A         0
                idataBANK9                         14DE     14DE       50         0
                idataBANK8                         152E     152E       50         0
                idataBANK7                         1114     1114       3A         0
                idataBANK6                         114E     114E       3A         0
                idataBANK5                         1188     1188       3A         0
                idataBANK2                         1F56     1F56       13         0
                idataBANK1                         1F44     1F44       12         0
                idataBANK0                            2        2        1         0
                idataCOMMON                           3        3        1         0

        CLASS   STRCODE        

        CLASS   STRING         

        CLASS   CONST          

        CLASS   ENTRY          

        CLASS   COMMON         
                cstackCOMMON                         70       70        9         1
                dataCOMMON                           7D       7D        1         1
                bssCOMMON                            79       79        4         1

        CLASS   BANK0          
                cstackBANK0                          20       20       4F         1
                dataBANK0                            6F       6F        1         1

        CLASS   BANK1          
                cstackBANK1                          A0       A0       23         1
                dataBANK1                            DE       DE       12         1
                bssBANK1                             C3       C3       1B         1

        CLASS   BANK2          
                dataBANK2                           15A      15A       13         1
                bssBANK2                            120      120       3A         1

        CLASS   BANK3          
                bssBANK3                            1A0      1A0       2C         1

        CLASS   BANK4          
                bssBANK4                            220      220       40         1

        CLASS   BANK5          
                dataBANK5                           2A0      2A0       3A         1

        CLASS   BANK6          
                dataBANK6                           320      320       3A         1

        CLASS   BANK7          
                dataBANK7                           3A0      3A0       3A         1

        CLASS   BANK8          
                dataBANK8                           420      420       50         1

        CLASS   BANK9          
                dataBANK9                           4A0      4A0       50         1

        CLASS   BANK10         
                dataBANK10                          520      520       3A         1

        CLASS   BANK11         

        CLASS   BANK12         

        CLASS   BANK13         

        CLASS   BANK14         

        CLASS   BANK15         

        CLASS   BANK16         

        CLASS   BANK17         

        CLASS   BANK18         

        CLASS   BIGRAM         

        CLASS   RAM            

        CLASS   ABS1           
                abs_s1                               7E       7E        2         1
                abs_s1                              5A8      5A8       48         1
                abs_s1                              620      620       50         1
                abs_s1                              6A0      6A0       50         1
                abs_s1                              720      720       50         1
                abs_s1                              7A0      7A0       50         1
                abs_s1                              820      820       50         1
                abs_s1                              8A0      8A0       50         1
                abs_s1                              920      920       50         1
                abs_s1                             2378     2378        0         1
                abs_s1                             23F2     23F2        0         1

        CLASS   SFR0           

        CLASS   SFR1           

        CLASS   SFR2           

        CLASS   SFR3           

        CLASS   SFR4           

        CLASS   SFR5           

        CLASS   SFR6           

        CLASS   SFR7           

        CLASS   SFR8           

        CLASS   SFR9           

        CLASS   SFR10          

        CLASS   SFR11          

        CLASS   SFR12          

        CLASS   SFR13          

        CLASS   SFR14          

        CLASS   SFR15          

        CLASS   SFR16          

        CLASS   SFR17          

        CLASS   SFR18          

        CLASS   SFR19          

        CLASS   SFR20          

        CLASS   SFR21          

        CLASS   SFR22          

        CLASS   SFR23          

        CLASS   SFR24          

        CLASS   SFR25          

        CLASS   SFR26          

        CLASS   SFR27          

        CLASS   SFR28          

        CLASS   SFR29          

        CLASS   SFR30          

        CLASS   SFR31          

        CLASS   CONFIG         
                config                             8007     8007        2         0

        CLASS   IDLOC          

        CLASS   BANK31         

        CLASS   BANK30         

        CLASS   BANK29         

        CLASS   BANK28         

        CLASS   BANK27         

        CLASS   BANK26         

        CLASS   BANK25         

        CLASS   BANK24         

        CLASS   BANK23         

        CLASS   BANK22         

        CLASS   BANK21         

        CLASS   BANK20         

        CLASS   BANK19         

        CLASS   EEDATA         



SEGMENTS        Name                           Load    Length   Top    Selector   Space  Class     Delta

                reset_vec                      000000  000003  000003         0       0  CODE        2
                idataCOMMON                    000003  000001  000004         6       0  CODE        2
                intentry                       000004  0007FC  000800         8       0  CODE        2
                cstackBANK0                    000020  000050  000070        20       1  BANK0       1
                cstackCOMMON                   000070  00000E  00007E        70       1  COMMON      1
                cstackBANK1                    0000A0  000050  0000F0        A0       1  BANK1       1
                bssBANK2                       000120  00004D  00016D       120       1  BANK2       1
                bssBANK3                       0001A0  00002C  0001CC       1A0       1  BANK3       1
                bssBANK4                       000220  000040  000260       220       1  BANK4       1
                dataBANK5                      0002A0  00003A  0002DA       2A0       1  BANK5       1
                dataBANK6                      000320  00003A  00035A       320       1  BANK6       1
                dataBANK7                      0003A0  00003A  0003DA       3A0       1  BANK7       1
                dataBANK8                      000420  000050  000470       420       1  BANK8       1
                dataBANK9                      0004A0  000050  0004F0       4A0       1  BANK9       1
                dataBANK10                     000520  00003A  00055A       520       1  BANK10      1
                text28                         000801  000001  000802      1002       0  CODE        2
                text30                         000802  000019  00081B      1004       0  CODE        2
                text19                         00081B  00008B  0008A6      1036       0  CODE        2
                text9                          0008A6  00009F  000945      114C       0  CODE        2
                maintext                       000945  0006BB  001000      128A       0  CODE        2
                text10                         001001  000022  001023      2002       0  CODE        2
                text38                         001023  000026  001049      2046       0  CODE        2
                text39                         001049  000030  001079      2092       0  CODE        2
                text27                         001079  000030  0010A9      20F2       0  CODE        2
                text26                         0010A9  000031  0010DA      2152       0  CODE        2
                idataBANK10                    0010DA  00003A  001114      21B4       0  CODE        2
                idataBANK7                     001114  00003A  00114E      2228       0  CODE        2
                idataBANK6                     00114E  00003A  001188      229C       0  CODE        2
                idataBANK5                     001188  00003A  0011C2      2310       0  CODE        2
                text36                         0011C2  00003B  0011FD      2384       0  CODE        2
                text32                         0011FD  00003D  00123A      23FA       0  CODE        2
                text16                         00123A  00003E  001278      2474       0  CODE        2
                text12                         001278  00003F  0012B7      24F0       0  CODE        2
                text11                         0012B7  000040  0012F7      256E       0  CODE        2
                text5                          0012F7  000040  001337      25EE       0  CODE        2
                text40                         001337  000041  001378      266E       0  CODE        2
                text13                         001378  000045  0013BD      26F0       0  CODE        2
                text1                          0013BD  000045  001402      277A       0  CODE        2
                text46                         001402  000048  00144A      2804       0  CODE        2
                text25                         00144A  000049  001493      2894       0  CODE        2
                text34                         001493  00004B  0014DE      2926       0  CODE        2
                idataBANK9                     0014DE  000050  00152E      29BC       0  CODE        2
                idataBANK8                     00152E  000050  00157E      2A5C       0  CODE        2
                text31                         00157E  000052  0015D0      2AFC       0  CODE        2
                text33                         0015D0  000065  001635      2BA0       0  CODE        2
                text14                         001635  00006B  0016A0      2C6A       0  CODE        2
                text4                          0016A0  00006F  00170F      2D40       0  CODE        2
                text2                          00170F  00006F  00177E      2E1E       0  CODE        2
                text18                         00177E  000082  001800      2EFC       0  CODE        2
                text44                         001EEA  000004  001EEE      3DD4       0  CODE        2
                text29                         001EEE  000004  001EF2      3DDC       0  CODE        2
                text42                         001EF2  000007  001EF9      3DE4       0  CODE        2
                text41                         001EF9  000009  001F02      3DF2       0  CODE        2
                text20                         001F02  000009  001F0B      3E04       0  CODE        2
                inittext                       001F0B  00000C  001F17      3E16       0  CODE        2
                clrtext                        001F17  00000C  001F23      3E2E       0  CODE        2
                text24                         001F23  00000F  001F32      3E46       0  CODE        2
                text7                          001F32  000012  001F44      3E64       0  CODE        2
                idataBANK1                     001F44  000012  001F56      3E88       0  CODE        2
                idataBANK2                     001F56  000013  001F69      3EAC       0  CODE        2
                text6                          001F69  000016  001F7F      3ED2       0  CODE        2
                text17                         001F7F  00001C  001F9B      3EFE       0  CODE        2
                text37                         001F9B  000020  001FBB      3F36       0  CODE        2
                text15                         001FBB  000020  001FDB      3F76       0  CODE        2
                text3                          001FDB  000025  002000      3FB6       0  CODE        2
                config                         008007  000002  008009     1000E       0  CONFIG      2


UNUSED ADDRESS RANGES

        Name                Unused          Largest block    Delta
        BANK10           0055A-0056F              16           1
        BANK11           005A0-005A7               8           1
        BANK2            0016D-0016F               3           1
        BANK3            001CC-001EF              24           1
        BANK4            00260-0026F              10           1
        BANK5            002DA-002EF              16           1
        BANK6            0035A-0036F              16           1
        BANK7            003DA-003EF              16           1
        BIGRAM           02000-025EF             5F0           1
        CODE             00800-00800               1           2
                         01000-01000               1
                         01800-01EE9             6EA
                         02000-03FFF             800
        CONST            00800-00800               1           2
                         01000-01000               1
                         01800-01EE9             100
                         02000-03FFF             100
        ENTRY            00800-00800               1           2
                         01000-01000               1
                         01800-01EE9             100
                         02000-03FFF             100
        IDLOC            08000-08003               4           2
        RAM              0016D-0016F               3           1
                         001CC-001EF              24
                         00260-0026F              10
                         002DA-002EF              16
                         0035A-0036F              16
                         003DA-003EF              16
                         0055A-0056F              16
                         005A0-005A7               8
        SFR0             00000-0001F              20           1
        SFR1             00080-0009F              20           1
        SFR10            00500-0051F              20           1
        SFR11            00580-0059F              20           1
        SFR12            00600-0061F              20           1
        SFR13            00680-0069F              20           1
        SFR14            00700-0071F              20           1
        SFR15            00780-0079F              20           1
        SFR16            00800-0081F              20           1
        SFR17            00880-0089F              20           1
        SFR18            00900-0091F              20           1
        SFR19            00980-009EF              70           1
        SFR2             00100-0011F              20           1
        SFR20            00A00-00A6F              70           1
        SFR21            00A80-00AEF              70           1
        SFR22            00B00-00B6F              70           1
        SFR23            00B80-00BEF              70           1
        SFR24            00C00-00C6F              70           1
        SFR25            00C80-00CEF              70           1
        SFR26            00D00-00D6F              70           1
        SFR27            00D80-00DEF              70           1
        SFR28            00E00-00E6F              70           1
        SFR29            00E80-00EEF              70           1
        SFR3             00180-0019F              20           1
        SFR30            00F00-00F6F              70           1
        SFR31            00F80-00FEF              70           1
        SFR4             00200-0021F              20           1
        SFR5             00280-0029F              20           1
        SFR6             00300-0031F              20           1
        SFR7             00380-0039F              20           1
        SFR8             00400-0041F              20           1
        SFR9             00480-0049F              20           1
        STACK            0211C-0213F              24           1
        STRCODE          00800-00800               1           2
                         01000-01000               1
                         01800-01EE9             6EA
                         02000-03FFF            2000
        STRING           00800-00800               1           2
                         01000-01000               1
                         01800-01EE9             100
                         02000-03FFF             100

                                  Symbol Table

?_FLASH_ReadWord                  cstackBANK0  00020
?___aldiv                         cstackBANK0  00026
?___altoft                        cstackBANK0  00028
?___awdiv                         cstackBANK0  00020
?___awtoft                        cstackBANK0  00028
?___ftadd                         cstackBANK0  00028
?___ftdiv                         cstackBANK0  00045
?___ftmul                         cstackBANK0  00035
?___ftneg                         cstackBANK0  00020
?___ftpack                        cstackBANK0  00020
?___fttol                         cstackBANK0  00067
?___lmul                          cstackBANK0  00020
?___wmul                          cstackBANK0  00020
?_adc_convert                     cstackBANK0  00020
?_getSwitchBypassState            cstackBANK0  00020
?_map                             cstackBANK0  00055
?_modulation                      cstackBANK0  00035
?_set_subdivision                 cstackBANK1  000A6
FLASH_EraseBlock@GIEBitValue      cstackBANK0  00022
FLASH_EraseBlock@startAddr        cstackBANK0  00020
FLASH_ReadWord@GIEBitValue        cstackBANK0  00022
FLASH_ReadWord@flashAddr          cstackBANK0  00020
FLASH_WriteBlock@GIEBitValue      cstackBANK0  0002B
FLASH_WriteBlock@blockStartAddr   cstackBANK0  00029
FLASH_WriteBlock@flashWordArray   cstackBANK0  00025
FLASH_WriteBlock@i                cstackBANK0  0002C
FLASH_WriteBlock@writeAddr        cstackBANK0  00023
FLASH_WriteWord@blockStartAddr    cstackBANK0  00034
FLASH_WriteWord@flashAddr         cstackBANK0  0002D
FLASH_WriteWord@i                 cstackBANK0  00036
FLASH_WriteWord@offset            cstackBANK0  00033
FLASH_WriteWord@ramBuf            cstackBANK0  0002F
FLASH_WriteWord@word              cstackBANK0  00030
InitializeTaps@itap               cstackBANK0  00021
_ADCON0bits                       (abs)        0009D
_ADCON1bits                       (abs)        0009E
_ADRESH                           (abs)        0009C
_ADRESL                           (abs)        0009B
_ANSELEbits                       (abs)        00190
_ANSELFbits                       (abs)        0040C
_APFCONbits                       (abs)        0011D
_B25k                             dataBANK8    00420
_CCP10CONbits                     (abs)        0061F
_CCP1CONbits                      (abs)        00293
_CCP2CONbits                      (abs)        0029A
_CCP3CONbits                      (abs)        00313
_CCP4CONbits                      (abs)        0031A
_CCP5CONbits                      (abs)        0031E
_CCP6CONbits                      (abs)        00613
_CCP7CONbits                      (abs)        00616
_CCP8CONbits                      (abs)        00619
_CCP9CONbits                      (abs)        0061C
_CCPR1                            (abs)        00291
_CCPR2                            (abs)        00298
_CCPR3                            (abs)        00311
_CCPR4                            (abs)        00318
_CCPR5                            (abs)        0031C
_CCPR9                            (abs)        0061A
_CCPTMRS0                         (abs)        0029D
_CCPTMRS1                         (abs)        0029E
_CCPTMRS2                         (abs)        0029F
_ConfigureOscillator              text44       01EEA
_FLASH_EraseBlock                 text15       01FBB
_FLASH_ReadWord                   text37       01F9B
_FLASH_WriteBlock                 text14       01635
_FLASH_WriteWord                  text13       01378
_INTCONbits                       (abs)        0000B
_InitApp                          text39       01049
_InitializeTaps                   text38       01023
_LATBbits                         (abs)        0010D
_LATDbits                         (abs)        0010F
_LATFbits                         (abs)        0038C
_LATGbits                         (abs)        0038D
_OPTION_REGbits                   (abs)        00095
_OSCCONbits                       (abs)        00099
_PMADRH                           (abs)        00192
_PMADRL                           (abs)        00191
_PMCON1bits                       (abs)        00195
_PMCON2                           (abs)        00196
_PMDATH                           (abs)        00194
_PMDATL                           (abs)        00193
_PORTCbits                        (abs)        0000E
_PORTDbits                        (abs)        0000F
_PORTEbits                        (abs)        00010
_PR2                              (abs)        0001B
_ReadSavedSettings                text34       01493
_T2CONbits                        (abs)        0001C
_TRISBbits                        (abs)        0008D
_TRISCbits                        (abs)        0008E
_TRISDbits                        (abs)        0008F
_TRISEbits                        (abs)        00090
_TRISFbits                        (abs)        0030C
_TRISGbits                        (abs)        0030D
__CFG_BOREN$ON                    (abs)        00000
__CFG_BORV$LO                     (abs)        00000
__CFG_CLKOUTEN$OFF                (abs)        00000
__CFG_CP$OFF                      (abs)        00000
__CFG_FCMEN$ON                    (abs)        00000
__CFG_FOSC$HS                     (abs)        00000
__CFG_IESO$ON                     (abs)        00000
__CFG_LPBOR$OFF                   (abs)        00000
__CFG_LVP$OFF                     (abs)        00000
__CFG_MCLRE$ON                    (abs)        00000
__CFG_PWRTE$OFF                   (abs)        00000
__CFG_STVREN$ON                   (abs)        00000
__CFG_VCAPEN$OFF                  (abs)        00000
__CFG_WDTE$OFF                    (abs)        00000
__CFG_WRT$OFF                     (abs)        00000
__Habs1                           abs1         00000
__Hbank0                          bank0        00000
__Hbank1                          bank1        00000
__Hbank10                         bank10       00000
__Hbank11                         bank11       00000
__Hbank12                         bank12       00000
__Hbank13                         bank13       00000
__Hbank14                         bank14       00000
__Hbank15                         bank15       00000
__Hbank16                         bank16       00000
__Hbank17                         bank17       00000
__Hbank18                         bank18       00000
__Hbank19                         bank19       00000
__Hbank2                          bank2        00000
__Hbank20                         bank20       00000
__Hbank21                         bank21       00000
__Hbank22                         bank22       00000
__Hbank23                         bank23       00000
__Hbank24                         bank24       00000
__Hbank25                         bank25       00000
__Hbank26                         bank26       00000
__Hbank27                         bank27       00000
__Hbank28                         bank28       00000
__Hbank29                         bank29       00000
__Hbank3                          bank3        00000
__Hbank30                         bank30       00000
__Hbank31                         bank31       00000
__Hbank4                          bank4        00000
__Hbank5                          bank5        00000
__Hbank6                          bank6        00000
__Hbank7                          bank7        00000
__Hbank8                          bank8        00000
__Hbank9                          bank9        00000
__Hbigram                         bigram       00000
__HbssBANK1                       bssBANK1     00000
__HbssBANK2                       bssBANK2     00000
__HbssBANK3                       bssBANK3     00000
__HbssBANK4                       bssBANK4     00000
__HbssCOMMON                      bssCOMMON    00000
__Hcinit                          cinit        001DE
__Hclrtext                        clrtext      00000
__Hcode                           code         00000
__Hcommon                         common       00000
__Hconfig                         config       08009
__HcstackBANK0                    cstackBANK0  00000
__HcstackBANK1                    cstackBANK1  00000
__HcstackCOMMON                   cstackCOMMON 00000
__HdataBANK0                      dataBANK0    00000
__HdataBANK1                      dataBANK1    00000
__HdataBANK10                     dataBANK10   00000
__HdataBANK2                      dataBANK2    00000
__HdataBANK5                      dataBANK5    00000
__HdataBANK6                      dataBANK6    00000
__HdataBANK7                      dataBANK7    00000
__HdataBANK8                      dataBANK8    00000
__HdataBANK9                      dataBANK9    00000
__HdataBIGRAM                     dataBIGRAM   00000
__HdataCOMMON                     dataCOMMON   00000
__Heeprom_data                    eeprom_data  00000
__Hend_init                       end_init     00125
__Hfunctab                        functab      00000
__HidataBANK0                     idataBANK0   00000
__HidataBANK1                     idataBANK1   00000
__HidataBANK10                    idataBANK10  00000
__HidataBANK2                     idataBANK2   00000
__HidataBANK5                     idataBANK5   00000
__HidataBANK6                     idataBANK6   00000
__HidataBANK7                     idataBANK7   00000
__HidataBANK8                     idataBANK8   00000
__HidataBANK9                     idataBANK9   00000
__HidataBIGRAM                    idataBIGRAM  00000
__HidataCOMMON                    idataCOMMON  00000
__Hidloc                          idloc        00000
__Hinit                           init         00123
__Hinittext                       inittext     00000
__Hintentry                       intentry     00123
__Hmaintext                       maintext     00000
__Hpowerup                        powerup      00000
__Hram                            ram          00000
__Hreset_vec                      reset_vec    00002
__Hsfr0                           sfr0         00000
__Hsfr1                           sfr1         00000
__Hsfr10                          sfr10        00000
__Hsfr11                          sfr11        00000
__Hsfr12                          sfr12        00000
__Hsfr13                          sfr13        00000
__Hsfr14                          sfr14        00000
__Hsfr15                          sfr15        00000
__Hsfr16                          sfr16        00000
__Hsfr17                          sfr17        00000
__Hsfr18                          sfr18        00000
__Hsfr19                          sfr19        00000
__Hsfr2                           sfr2         00000
__Hsfr20                          sfr20        00000
__Hsfr21                          sfr21        00000
__Hsfr22                          sfr22        00000
__Hsfr23                          sfr23        00000
__Hsfr24                          sfr24        00000
__Hsfr25                          sfr25        00000
__Hsfr26                          sfr26        00000
__Hsfr27                          sfr27        00000
__Hsfr28                          sfr28        00000
__Hsfr29                          sfr29        00000
__Hsfr3                           sfr3         00000
__Hsfr30                          sfr30        00000
__Hsfr31                          sfr31        00000
__Hsfr4                           sfr4         00000
__Hsfr5                           sfr5         00000
__Hsfr6                           sfr6         00000
__Hsfr7                           sfr7         00000
__Hsfr8                           sfr8         00000
__Hsfr9                           sfr9         00000
__Hspace_0                        (abs)        08009
__Hspace_1                        (abs)        0055A
__Hspace_2                        (abs)        00000
__Hspace_3                        (abs)        00000
__Hstack                          stack        00000
__Hstrings                        strings      00000
__Htext                           text         00000
__Labs1                           abs1         00000
__Lbank0                          bank0        00000
__Lbank1                          bank1        00000
__Lbank10                         bank10       00000
__Lbank11                         bank11       00000
__Lbank12                         bank12       00000
__Lbank13                         bank13       00000
__Lbank14                         bank14       00000
__Lbank15                         bank15       00000
__Lbank16                         bank16       00000
__Lbank17                         bank17       00000
__Lbank18                         bank18       00000
__Lbank19                         bank19       00000
__Lbank2                          bank2        00000
__Lbank20                         bank20       00000
__Lbank21                         bank21       00000
__Lbank22                         bank22       00000
__Lbank23                         bank23       00000
__Lbank24                         bank24       00000
__Lbank25                         bank25       00000
__Lbank26                         bank26       00000
__Lbank27                         bank27       00000
__Lbank28                         bank28       00000
__Lbank29                         bank29       00000
__Lbank3                          bank3        00000
__Lbank30                         bank30       00000
__Lbank31                         bank31       00000
__Lbank4                          bank4        00000
__Lbank5                          bank5        00000
__Lbank6                          bank6        00000
__Lbank7                          bank7        00000
__Lbank8                          bank8        00000
__Lbank9                          bank9        00000
__Lbigram                         bigram       00000
__LbssBANK1                       bssBANK1     00000
__LbssBANK2                       bssBANK2     00000
__LbssBANK3                       bssBANK3     00000
__LbssBANK4                       bssBANK4     00000
__LbssCOMMON                      bssCOMMON    00000
__Lcinit                          cinit        00125
__Lclrtext                        clrtext      00000
__Lcode                           code         00000
__Lcommon                         common       00000
__Lconfig                         config       08007
__LcstackBANK0                    cstackBANK0  00000
__LcstackBANK1                    cstackBANK1  00000
__LcstackCOMMON                   cstackCOMMON 00000
__LdataBANK0                      dataBANK0    00000
__LdataBANK1                      dataBANK1    00000
__LdataBANK10                     dataBANK10   00000
__LdataBANK2                      dataBANK2    00000
__LdataBANK5                      dataBANK5    00000
__LdataBANK6                      dataBANK6    00000
__LdataBANK7                      dataBANK7    00000
__LdataBANK8                      dataBANK8    00000
__LdataBANK9                      dataBANK9    00000
__LdataBIGRAM                     dataBIGRAM   00000
__LdataCOMMON                     dataCOMMON   00000
__Leeprom_data                    eeprom_data  00000
__Lend_init                       end_init     00123
__Lfunctab                        functab      00000
__LidataBANK0                     idataBANK0   00000
__LidataBANK1                     idataBANK1   00000
__LidataBANK10                    idataBANK10  00000
__LidataBANK2                     idataBANK2   00000
__LidataBANK5                     idataBANK5   00000
__LidataBANK6                     idataBANK6   00000
__LidataBANK7                     idataBANK7   00000
__LidataBANK8                     idataBANK8   00000
__LidataBANK9                     idataBANK9   00000
__LidataBIGRAM                    idataBIGRAM  00000
__LidataCOMMON                    idataCOMMON  00000
__Lidloc                          idloc        00000
__Linit                           init         00123
__Linittext                       inittext     00000
__Lintentry                       intentry     00004
__Lmaintext                       maintext     00000
__Lpowerup                        powerup      00000
__Lram                            ram          00000
__Lreset_vec                      reset_vec    00000
__Lsfr0                           sfr0         00000
__Lsfr1                           sfr1         00000
__Lsfr10                          sfr10        00000
__Lsfr11                          sfr11        00000
__Lsfr12                          sfr12        00000
__Lsfr13                          sfr13        00000
__Lsfr14                          sfr14        00000
__Lsfr15                          sfr15        00000
__Lsfr16                          sfr16        00000
__Lsfr17                          sfr17        00000
__Lsfr18                          sfr18        00000
__Lsfr19                          sfr19        00000
__Lsfr2                           sfr2         00000
__Lsfr20                          sfr20        00000
__Lsfr21                          sfr21        00000
__Lsfr22                          sfr22        00000
__Lsfr23                          sfr23        00000
__Lsfr24                          sfr24        00000
__Lsfr25                          sfr25        00000
__Lsfr26                          sfr26        00000
__Lsfr27                          sfr27        00000
__Lsfr28                          sfr28        00000
__Lsfr29                          sfr29        00000
__Lsfr3                           sfr3         00000
__Lsfr30                          sfr30        00000
__Lsfr31                          sfr31        00000
__Lsfr4                           sfr4         00000
__Lsfr5                           sfr5         00000
__Lsfr6                           sfr6         00000
__Lsfr7                           sfr7         00000
__Lsfr8                           sfr8         00000
__Lsfr9                           sfr9         00000
__Lspace_0                        (abs)        00000
__Lspace_1                        (abs)        00000
__Lspace_2                        (abs)        00000
__Lspace_3                        (abs)        00000
__Lstack                          stack        00000
__Lstrings                        strings      00000
__Ltext                           text         00000
__S0                              (abs)        08009
__S1                              (abs)        0055A
__S2                              (abs)        00000
___aldiv                          text18       0177E
___aldiv@counter                  cstackBANK0  0002F
___aldiv@dividend                 cstackBANK0  0002A
___aldiv@divisor                  cstackBANK0  00026
___aldiv@quotient                 cstackBANK0  00031
___aldiv@sign                     cstackBANK0  00030
___altoft                         text32       011FD
___altoft@c                       cstackBANK0  00028
___altoft@exp                     cstackBANK0  0002E
___altoft@sign                    cstackBANK0  0002F
___awdiv                          text31       0157E
___awdiv@counter                  cstackBANK0  00025
___awdiv@dividend                 cstackBANK0  00022
___awdiv@divisor                  cstackBANK0  00020
___awdiv@quotient                 cstackBANK0  00027
___awdiv@sign                     cstackBANK0  00026
___awtoft                         text10       01001
___awtoft@c                       cstackBANK0  00028
___awtoft@sign                    cstackBANK0  0002D
___ftadd                          text23       0054F
___ftadd@exp1                     cstackBANK0  00034
___ftadd@exp2                     cstackBANK0  00033
___ftadd@f1                       cstackBANK0  00028
___ftadd@f2                       cstackBANK0  0002B
___ftadd@sign                     cstackBANK0  00032
___ftdiv                          text22       006F9
___ftdiv@cntr                     cstackBANK0  0004F
___ftdiv@exp                      cstackBANK0  00053
___ftdiv@f1                       cstackBANK0  00048
___ftdiv@f2                       cstackBANK0  00045
___ftdiv@f3                       cstackBANK0  00050
___ftdiv@sign                     cstackBANK0  00054
___ftmul                          text21       00645
___ftmul@cntr                     cstackBANK0  00043
___ftmul@exp                      cstackBANK0  0003F
___ftmul@f1                       cstackBANK0  00035
___ftmul@f2                       cstackBANK0  00038
___ftmul@f3_as_product            cstackBANK0  00040
___ftmul@sign                     cstackBANK0  00044
___ftneg                          text20       01F02
___ftneg@f1                       cstackBANK0  00020
___ftpack                         text33       015D0
___ftpack@arg                     cstackBANK0  00020
___ftpack@exp                     cstackBANK0  00023
___ftpack@sign                    cstackBANK0  00024
___fttol                          text9        008A6
___fttol@exp1                     cstackBANK1  000A5
___fttol@f1                       cstackBANK0  00067
___fttol@lval                     cstackBANK1  000A1
___fttol@sign1                    cstackBANK1  000A0
___int_sp                         stack        00000
___latbits                        (abs)        00003
___lmul                           text27       01079
___lmul@multiplicand              cstackBANK0  00024
___lmul@multiplier                cstackBANK0  00020
___lmul@product                   cstackBANK0  00028
___sp                             stack        00000
___wmul                           text17       01F7F
___wmul@multiplicand              cstackBANK0  00022
___wmul@multiplier                cstackBANK0  00020
___wmul@product                   cstackBANK0  00024
__end_of_ConfigureOscillator      text44       01EEE
__end_of_FLASH_EraseBlock         text15       01FDB
__end_of_FLASH_ReadWord           text37       01FBB
__end_of_FLASH_WriteBlock         text14       016A0
__end_of_FLASH_WriteWord          text13       013BD
__end_of_InitApp                  text39       01079
__end_of_InitializeTaps           text38       01049
__end_of_ReadSavedSettings        text34       014DE
__end_of___aldiv                  text18       01800
__end_of___altoft                 text32       0123A
__end_of___awdiv                  text31       015D0
__end_of___awtoft                 text10       01023
__end_of___ftadd                  text23       00645
__end_of___ftdiv                  text22       007A2
__end_of___ftmul                  text21       006F9
__end_of___ftneg                  text20       01F0B
__end_of___ftpack                 text33       01635
__end_of___fttol                  text9        00945
__end_of___lmul                   text27       010A9
__end_of___wmul                   text17       01F9B
__end_of__initialization          cinit        001DA
__end_of_adc_convert              text30       0081B
__end_of_getCurrentLEDState       text7        01F44
__end_of_getSwitchBypassState     text29       01EF2
__end_of_initSwitchBypass         text24       01F32
__end_of_init_adc                 text43       00800
__end_of_init_pwm                 text40       01378
__end_of_init_timer0              text42       01EF9
__end_of_init_timer2              text41       01F02
__end_of_isr                      intentry     00123
__end_of_main                     maintext     01000
__end_of_map                      text19       008A6
__end_of_modulation               text16       01278
__end_of_read_bottom_tactile      text12       012B7
__end_of_read_top_tactile         text11       012F7
__end_of_restoreLEDState          text6        01F7F
__end_of_setSwitchBypassState     text25       01493
__end_of_set_leds_bottom          text36       011FD
__end_of_set_leds_top             text35       007F6
__end_of_set_subdivision          text8        0054F
__end_of_showBootSequence         text3        02000
__end_of_solidring_tactiles       text5        01337
__end_of_star_tactiles            text4        0170F
__end_of_updateSwitchBypass       text2        0177E
__end_of_updateSwitchBypassState  text28       00802
__end_of_update_mode              text1        01402
__end_of_wait_ms                  text26       010DA
__end_ofi1_set_leds_top           text46       0144A
__initialization                  cinit        00125
__pbssBANK1                       bssBANK1     000C3
__pbssBANK2                       bssBANK2     00120
__pbssBANK3                       bssBANK3     001A0
__pbssBANK4                       bssBANK4     00220
__pbssCOMMON                      bssCOMMON    00079
__pcstackBANK0                    cstackBANK0  00020
__pcstackBANK1                    cstackBANK1  000A0
__pcstackCOMMON                   cstackCOMMON 00070
__pdataBANK0                      dataBANK0    0006F
__pdataBANK1                      dataBANK1    000DE
__pdataBANK10                     dataBANK10   00520
__pdataBANK2                      dataBANK2    0015A
__pdataBANK5                      dataBANK5    002A0
__pdataBANK6                      dataBANK6    00320
__pdataBANK7                      dataBANK7    003A0
__pdataBANK8                      dataBANK8    00420
__pdataBANK9                      dataBANK9    004A0
__pdataBIGRAM                     (abs)        02378
__pdataCOMMON                     dataCOMMON   0007D
__pidataBANK0                     idataBANK0   00002
__pidataBANK1                     idataBANK1   01F44
__pidataBANK10                    idataBANK10  010DA
__pidataBANK2                     idataBANK2   01F56
__pidataBANK5                     idataBANK5   01188
__pidataBANK6                     idataBANK6   0114E
__pidataBANK7                     idataBANK7   01114
__pidataBANK8                     idataBANK8   0152E
__pidataBANK9                     idataBANK9   014DE
__pidataBIGRAM                    idataBIGRAM  001DE
__pidataCOMMON                    idataCOMMON  00003
__pintentry                       intentry     00004
__pmaintext                       maintext     00945
__ptext1                          text1        013BD
__ptext10                         text10       01001
__ptext11                         text11       012B7
__ptext12                         text12       01278
__ptext13                         text13       01378
__ptext14                         text14       01635
__ptext15                         text15       01FBB
__ptext16                         text16       0123A
__ptext17                         text17       01F7F
__ptext18                         text18       0177E
__ptext19                         text19       0081B
__ptext2                          text2        0170F
__ptext20                         text20       01F02
__ptext21                         text21       00645
__ptext22                         text22       006F9
__ptext23                         text23       0054F
__ptext24                         text24       01F23
__ptext25                         text25       0144A
__ptext26                         text26       010A9
__ptext27                         text27       01079
__ptext28                         text28       00801
__ptext29                         text29       01EEE
__ptext3                          text3        01FDB
__ptext30                         text30       00802
__ptext31                         text31       0157E
__ptext32                         text32       011FD
__ptext33                         text33       015D0
__ptext34                         text34       01493
__ptext35                         text35       007A2
__ptext36                         text36       011C2
__ptext37                         text37       01F9B
__ptext38                         text38       01023
__ptext39                         text39       01049
__ptext4                          text4        016A0
__ptext40                         text40       01337
__ptext41                         text41       01EF9
__ptext42                         text42       01EF2
__ptext43                         text43       007F6
__ptext44                         text44       01EEA
__ptext46                         text46       01402
__ptext5                          text5        012F7
__ptext6                          text6        01F69
__ptext7                          text7        01F32
__ptext8                          text8        00456
__ptext9                          text9        008A6
__size_of_ConfigureOscillator     (abs)        00000
__size_of_FLASH_EraseBlock        (abs)        00000
__size_of_FLASH_ReadWord          (abs)        00000
__size_of_FLASH_WriteBlock        (abs)        00000
__size_of_FLASH_WriteWord         (abs)        00000
__size_of_InitApp                 (abs)        00000
__size_of_InitializeTaps          (abs)        00000
__size_of_ReadSavedSettings       (abs)        00000
__size_of___aldiv                 (abs)        00000
__size_of___altoft                (abs)        00000
__size_of___awdiv                 (abs)        00000
__size_of___awtoft                (abs)        00000
__size_of___ftadd                 (abs)        00000
__size_of___ftdiv                 (abs)        00000
__size_of___ftmul                 (abs)        00000
__size_of___ftneg                 (abs)        00000
__size_of___ftpack                (abs)        00000
__size_of___fttol                 (abs)        00000
__size_of___lmul                  (abs)        00000
__size_of___wmul                  (abs)        00000
__size_of_adc_convert             (abs)        00000
__size_of_getCurrentLEDState      (abs)        00000
__size_of_getSwitchBypassState    (abs)        00000
__size_of_initSwitchBypass        (abs)        00000
__size_of_init_adc                (abs)        00000
__size_of_init_pwm                (abs)        00000
__size_of_init_timer0             (abs)        00000
__size_of_init_timer2             (abs)        00000
__size_of_isr                     (abs)        00000
__size_of_main                    (abs)        00000
__size_of_map                     (abs)        00000
__size_of_modulation              (abs)        00000
__size_of_read_bottom_tactile     (abs)        00000
__size_of_read_top_tactile        (abs)        00000
__size_of_restoreLEDState         (abs)        00000
__size_of_setSwitchBypassState    (abs)        00000
__size_of_set_leds_bottom         (abs)        00000
__size_of_set_leds_top            (abs)        00000
__size_of_set_subdivision         (abs)        00000
__size_of_showBootSequence        (abs)        00000
__size_of_solidring_tactiles      (abs)        00000
__size_of_star_tactiles           (abs)        00000
__size_of_updateSwitchBypass      (abs)        00000
__size_of_updateSwitchBypassState (abs)        00000
__size_of_update_mode             (abs)        00000
__size_of_wait_ms                 (abs)        00000
__size_ofi1_set_leds_top          (abs)        00000
_adc_convert                      text30       00802
_baseline_delay_time              dataBANK1    000DE
_blink_delay                      dataBANK2    0015A
_blink_rate                       dataBANK0    0006F
_bottom_push_state                dataBANK1    000EC
_debounce_count                   bssBANK2     00148
_debounce_mode1                   bssBANK2     0014A
_debounce_mode2                   bssBANK2     0014C
_delay                            (abs)        023F2
_delay_counter                    bssBANK2     0014E
_delay_time                       dataBANK1    000E2
_delay_time_changed               dataBANK2    0015C
_delayfound                       bssBANK2     00150
_getCurrentLEDState               text7        01F32
_getSwitchBypassState             text29       01EEE
_iB25k                            dataBANK9    004A0
_iCnt                             bssBANK1     000D9
_initSwitchBypass                 text24       01F23
_init_adc                         text43       007F6
_init_pwm                         text40       01337
_init_timer0                      text42       01EF2
_init_timer2                      text41       01EF9
_isr                              intentry     00004
_knob1_prev                       dataBANK1    000E6
_knob2_prev                       dataBANK2    0015E
_knob3_prev                       dataBANK2    00160
_knob4_prev                       dataBANK2    00162
_knob5_prev                       dataBANK2    00164
_knob_1_pos                       bssBANK1     000CB
_knob_2_pos                       bssBANK1     000CD
_knob_3_pos                       bssBANK1     000CF
_knob_4_pos                       bssBANK1     000D1
_knob_5_pos                       bssBANK2     00152
_ledState                         bssBANK2     00134
_main                             maintext     00945
_map                              text19       0081B
_map$1955                         cstackBANK0  00064
_mod2                             dataBANK5    002A0
_mod3                             dataBANK6    00320
_mod4                             dataBANK7    003A0
_mod5                             (abs)        02378
_mod_counter                      bssBANK1     000D3
_mod_delay_time                   dataBANK2    00166
_mod_timer                        bssBANK2     00138
_mod_value                        bssBANK2     00154
_mode2_state                      bssBANK1     000DB
_modulation                       text16       0123A
_myBuf                            bssBANK4     00220
_num_taps                         dataBANK1    000E8
_preset_blink                     bssBANK1     000DC
_preset_programmning_on           bssBANK1     000DD
_read_bottom_tactile              text12       01278
_read_top_tactile                 text11       012B7
_restoreLEDState                  text6        01F69
_setSwitchBypassState             text25       0144A
_set_leds_bottom                  text36       011C2
_set_leds_top                     text35       007A2
_set_subdivision                  text8        00456
_showBootSequence                 text3        01FDB
_solidring_tactiles               text5        012F7
_star_tactiles                    text4        016A0
_sub_timer                        bssBANK1     000C3
_suspend_blink                    dataBANK1    000ED
_switchBypass_pressed             bssBANK1     000D5
_switchBypass_state               dataBANK1    000EE
_switchBypass_toggle              bssBANK2     00156
_switchBypass_up                  dataBANK2    00168
_switchTap_pressed                bssBANK1     000D7
_switchTap_state                  dataBANK1    000EF
_switchTap_toggle                 bssBANK2     00158
_switchTap_up                     dataBANK2    0016A
_tap                              bssBANK3     001A0
_tap_history                      bssBANK2     00120
_tap_iteration                    dataBANK1    000EA
_tap_timer                        bssCOMMON    00079
_tap_total                        bssBANK2     0013C
_timer                            bssBANK1     000C7
_top_push_state                   dataCOMMON   0007D
_updateSwitchBypass               text2        0170F
_updateSwitchBypassState          text28       00801
_update_mode                      text1        013BD
_wait_ms                          text26       010A9
adc_convert@channel               cstackBANK0  00023
btemp                             (abs)        0007E
clear_ram0                        clrtext      01F17
end_of_initialization             cinit        001DA
i1_set_leds_top                   text46       01402
i1set_leds_top@ledState           cstackCOMMON 00072
i1set_leds_top@x                  cstackCOMMON 00070
initSwitchBypass@initState        cstackBANK0  00032
init_ram                          inittext     01F0B
int$flags                         (abs)        0007E
intlevel0                         functab      00000
intlevel1                         functab      00000
intlevel2                         functab      00000
intlevel3                         functab      00000
intlevel4                         functab      00000
intlevel5                         functab      00000
ltemp                             (abs)        0007E
ltemp0                            (abs)        0007E
ltemp1                            (abs)        00082
ltemp2                            (abs)        00086
ltemp3                            (abs)        00080
main@adjusted_pot_value           cstackBANK1  000BD
main@i                            cstackBANK1  000B9
main@i_335                        cstackBANK1  000BF
main@i_336                        cstackBANK1  000C1
main@tapCntDivisor                cstackBANK1  000BB
map@in_max                        cstackBANK0  0005B
map@in_min                        cstackBANK0  00058
map@out_max                       cstackBANK0  00061
map@out_min                       cstackBANK0  0005E
map@x                             cstackBANK0  00055
modulation@x                      cstackBANK0  00035
modulation@y                      cstackBANK0  00037
reset_vec                         reset_vec    00000
setSwitchBypassState@f_state      cstackBANK0  0002E
set_leds_bottom@x                 cstackBANK0  00020
set_leds_top@ledState             cstackBANK0  00022
set_leds_top@x                    cstackBANK0  00020
set_subdivision@x                 cstackBANK1  000A6
set_subdivision@y                 cstackBANK1  000A8
solidring_tactiles@ring_delay     cstackBANK0  00030
stackhi                           (abs)        0213F
stacklo                           (abs)        0211C
star_tactiles@iLed                cstackBANK0  00031
star_tactiles@iLed_1375           cstackBANK0  00033
star_tactiles@reverse             cstackBANK0  00030
start                             init         00123
start_initialization              cinit        00125
ttemp                             (abs)        0007E
ttemp0                            (abs)        0007E
ttemp1                            (abs)        00081
ttemp2                            (abs)        00084
ttemp3                            (abs)        00087
ttemp4                            (abs)        0007F
updateSwitchBypassState@state     cstackBANK0  00020
wait_ms@time                      cstackBANK0  0002C
wait_ms@timel                     bssBANK2     00140
wtemp                             (abs)        0007E
wtemp0                            (abs)        0007E
wtemp1                            (abs)        00080
wtemp2                            (abs)        00082
wtemp3                            (abs)        00084
wtemp4                            (abs)        00086
wtemp5                            (abs)        00088
wtemp6                            (abs)        0007F


FUNCTION INFORMATION:

 *************** function _main *****************
 Defined at:
		line 82 in file "main.c"
 Parameters:    Size  Location     Type
		None
 Auto vars:     Size  Location     Type
  tapCntDiviso    2   27[BANK1 ] int 
  adjusted_pot    2   29[BANK1 ] int 
  i               2   33[BANK1 ] int 
  i               2   31[BANK1 ] int 
  i               2   25[BANK1 ] int 
 Return value:  Size  Location     Type
                  1    wreg      void 
 Registers used:
		wreg, fsr0l, fsr0h, fsr1l, fsr1h, status,2, status,0, pclath, cstack
 Tracked objects:
		On entry : 
		On exit  : 
		Unchanged: 
 Data sizes:     COMMON   BANK0   BANK1   BANK2   BANK3   BANK4   BANK5   BANK6   BANK7   BANK8   BANK9  BANK10  BANK11  BANK12  BANK13  BANK14  BANK15  BANK16  BANK17  BANK18
      Params:         0       0       0       0       0       0       0       0       0       0       0       0       0       0       0       0       0       0       0       0
      Locals:         0       0      10       0       0       0       0       0       0       0       0       0       0       0       0       0       0       0       0       0
      Temps:          0       0      15       0       0       0       0       0       0       0       0       0       0       0       0       0       0       0       0       0
      Totals:         0       0      25       0       0       0       0       0       0       0       0       0       0       0       0       0       0       0       0       0
Total ram usage:       25 bytes
 Hardware stack levels required when called:    6
 This function calls:
		_ConfigureOscillator
		_InitApp
		_InitializeTaps
		_ReadSavedSettings
		___aldiv
		___altoft
		___awdiv
		___awtoft
		___ftdiv
		___fttol
		_adc_convert
		_initSwitchBypass
		_map
		_modulation
		_read_bottom_tactile
		_read_top_tactile
		_set_subdivision
		_showBootSequence
		_updateSwitchBypass
		_update_mode
 This function is called by:
		Startup code after reset
 This function uses a non-reentrant model


 *************** function _update_mode *****************
 Defined at:
		line 60 in file "tactiles.c"
 Parameters:    Size  Location     Type
		None
 Auto vars:     Size  Location     Type
		None
 Return value:  Size  Location     Type
                  1    wreg      void 
 Registers used:
		wreg, fsr0l, fsr0h, status,2, status,0
 Tracked objects:
		On entry : 
		On exit  : 
		Unchanged: 
 Data sizes:     COMMON   BANK0   BANK1   BANK2   BANK3   BANK4   BANK5   BANK6   BANK7   BANK8   BANK9  BANK10  BANK11  BANK12  BANK13  BANK14  BANK15  BANK16  BANK17  BANK18
      Params:         0       0       0       0       0       0       0       0       0       0       0       0       0       0       0       0       0       0       0       0
      Locals:         0       0       0       0       0       0       0       0       0       0       0       0       0       0       0       0       0       0       0       0
      Temps:          0       1       0       0       0       0       0       0       0       0       0       0       0       0       0       0       0       0       0       0
      Totals:         0       1       0       0       0       0       0       0       0       0       0       0       0       0       0       0       0       0       0       0
Total ram usage:        1 bytes
 Hardware stack levels used:    1
 Hardware stack levels required when called:    2
 This function calls:
		Nothing
 This function is called by:
		_main
 This function uses a non-reentrant model


 *************** function _updateSwitchBypass *****************
 Defined at:
		line 27 in file "SwitchBypass.c"
 Parameters:    Size  Location     Type
		None
 Auto vars:     Size  Location     Type
		None
 Return value:  Size  Location     Type
                  1    wreg      void 
 Registers used:
		wreg, status,2, status,0, pclath, cstack
 Tracked objects:
		On entry : 
		On exit  : 
		Unchanged: 
 Data sizes:     COMMON   BANK0   BANK1   BANK2   BANK3   BANK4   BANK5   BANK6   BANK7   BANK8   BANK9  BANK10  BANK11  BANK12  BANK13  BANK14  BANK15  BANK16  BANK17  BANK18
      Params:         0       0       0       0       0       0       0       0       0       0       0       0       0       0       0       0       0       0       0       0
      Locals:         0       0       0       0       0       0       0       0       0       0       0       0       0       0       0       0       0       0       0       0
      Temps:          0       1       0       0       0       0       0       0       0       0       0       0       0       0       0       0       0       0       0       0
      Totals:         0       1       0       0       0       0       0       0       0       0       0       0       0       0       0       0       0       0       0       0
Total ram usage:        1 bytes
 Hardware stack levels used:    1
 Hardware stack levels required when called:    5
 This function calls:
		_setSwitchBypassState
 This function is called by:
		_main
 This function uses a non-reentrant model


 *************** function _showBootSequence *****************
 Defined at:
		line 86 in file "LEDs.c"
 Parameters:    Size  Location     Type
		None
 Auto vars:     Size  Location     Type
		None
 Return value:  Size  Location     Type
                  1    wreg      void 
 Registers used:
		wreg, fsr0l, fsr0h, status,2, status,0, pclath, cstack
 Tracked objects:
		On entry : 
		On exit  : 
		Unchanged: 
 Data sizes:     COMMON   BANK0   BANK1   BANK2   BANK3   BANK4   BANK5   BANK6   BANK7   BANK8   BANK9  BANK10  BANK11  BANK12  BANK13  BANK14  BANK15  BANK16  BANK17  BANK18
      Params:         0       0       0       0       0       0       0       0       0       0       0       0       0       0       0       0       0       0       0       0
      Locals:         0       0       0       0       0       0       0       0       0       0       0       0       0       0       0       0       0       0       0       0
      Temps:          0       0       0       0       0       0       0       0       0       0       0       0       0       0       0       0       0       0       0       0
      Totals:         0       0       0       0       0       0       0       0       0       0       0       0       0       0       0       0       0       0       0       0
Total ram usage:        0 bytes
 Hardware stack levels used:    1
 Hardware stack levels required when called:    5
 This function calls:
		_getCurrentLEDState
		_restoreLEDState
		_solidring_tactiles
		_star_tactiles
 This function is called by:
		_main
 This function uses a non-reentrant model


 *************** function _star_tactiles *****************
 Defined at:
		line 194 in file "LEDs.c"
 Parameters:    Size  Location     Type
  reverse         1    wreg     unsigned char 
 Auto vars:     Size  Location     Type
  reverse         1   16[BANK0 ] unsigned char 
  iLed            2   19[BANK0 ] int 
  iLed            2   17[BANK0 ] int 
 Return value:  Size  Location     Type
                  1    wreg      void 
 Registers used:
		wreg, fsr0l, fsr0h, status,2, status,0, pclath, cstack
 Tracked objects:
		On entry : 
		On exit  : 
		Unchanged: 
 Data sizes:     COMMON   BANK0   BANK1   BANK2   BANK3   BANK4   BANK5   BANK6   BANK7   BANK8   BANK9  BANK10  BANK11  BANK12  BANK13  BANK14  BANK15  BANK16  BANK17  BANK18
      Params:         0       0       0       0       0       0       0       0       0       0       0       0       0       0       0       0       0       0       0       0
      Locals:         0       5       0       0       0       0       0       0       0       0       0       0       0       0       0       0       0       0       0       0
      Temps:          0       2       0       0       0       0       0       0       0       0       0       0       0       0       0       0       0       0       0       0
[...]
                  2    0[BANK0 ] unsigned int 
 Registers used:
		wreg, status,2, status,0
 Tracked objects:
		On entry : 
		On exit  : 
		Unchanged: 
 Data sizes:     COMMON   BANK0   BANK1   BANK2   BANK3   BANK4   BANK5   BANK6   BANK7   BANK8   BANK9  BANK10  BANK11  BANK12  BANK13  BANK14  BANK15  BANK16  BANK17  BANK18
      Params:         0       2       0       0       0       0       0       0       0       0       0       0       0       0       0       0       0       0       0       0
      Locals:         0       1       0       0       0       0       0       0       0       0       0       0       0       0       0       0       0       0       0       0
      Temps:          0       0       0       0       0       0       0       0       0       0       0       0       0       0       0       0       0       0       0       0
      Totals:         0       3       0       0       0       0       0       0       0       0       0       0       0       0       0       0       0       0       0       0
Total ram usage:        3 bytes
 Hardware stack levels used:    1
 Hardware stack levels required when called:    2
 This function calls:
		Nothing
 This function is called by:
		_ReadSavedSettings
		_FLASH_WriteWord
 This function uses a non-reentrant model


 *************** function _InitializeTaps *****************
 Defined at:
		line 175 in file "user.c"
 Parameters:    Size  Location     Type
		None
 Auto vars:     Size  Location     Type
  itap            2    1[BANK0 ] int 
 Return value:  Size  Location     Type
                  1    wreg      void 
 Registers used:
		wreg, fsr1l, fsr1h, status,2, status,0
 Tracked objects:
		On entry : 
		On exit  : 
		Unchanged: 
 Data sizes:     COMMON   BANK0   BANK1   BANK2   BANK3   BANK4   BANK5   BANK6   BANK7   BANK8   BANK9  BANK10  BANK11  BANK12  BANK13  BANK14  BANK15  BANK16  BANK17  BANK18
      Params:         0       0       0       0       0       0       0       0       0       0       0       0       0       0       0       0       0       0       0       0
      Locals:         0       2       0       0       0       0       0       0       0       0       0       0       0       0       0       0       0       0       0       0
      Temps:          0       1       0       0       0       0       0       0       0       0       0       0       0       0       0       0       0       0       0       0
      Totals:         0       3       0       0       0       0       0       0       0       0       0       0       0       0       0       0       0       0       0       0
Total ram usage:        3 bytes
 Hardware stack levels used:    1
 Hardware stack levels required when called:    2
 This function calls:
		Nothing
 This function is called by:
		_main
 This function uses a non-reentrant model


 *************** function _InitApp *****************
 Defined at:
		line 23 in file "user.c"
 Parameters:    Size  Location     Type
		None
 Auto vars:     Size  Location     Type
		None
 Return value:  Size  Location     Type
                  1    wreg      void 
 Registers used:
		wreg, status,2, status,0, pclath, cstack
 Tracked objects:
		On entry : 
		On exit  : 
		Unchanged: 
 Data sizes:     COMMON   BANK0   BANK1   BANK2   BANK3   BANK4   BANK5   BANK6   BANK7   BANK8   BANK9  BANK10  BANK11  BANK12  BANK13  BANK14  BANK15  BANK16  BANK17  BANK18
      Params:         0       0       0       0       0       0       0       0       0       0       0       0       0       0       0       0       0       0       0       0
      Locals:         0       0       0       0       0       0       0       0       0       0       0       0       0       0       0       0       0       0       0       0
      Temps:          0       0       0       0       0       0       0       0       0       0       0       0       0       0       0       0       0       0       0       0
      Totals:         0       0       0       0       0       0       0       0       0       0       0       0       0       0       0       0       0       0       0       0
Total ram usage:        0 bytes
 Hardware stack levels used:    1
 Hardware stack levels required when called:    4
 This function calls:
		_init_adc
		_init_pwm
 This function is called by:
		_main
 This function uses a non-reentrant model


 *************** function _init_pwm *****************
 Defined at:
		line 117 in file "user.c"
 Parameters:    Size  Location     Type
		None
 Auto vars:     Size  Location     Type
		None
 Return value:  Size  Location     Type
                  1    wreg      void 
 Registers used:
		wreg, status,2, status,0, pclath, cstack
 Tracked objects:
		On entry : 
		On exit  : 
		Unchanged: 
 Data sizes:     COMMON   BANK0   BANK1   BANK2   BANK3   BANK4   BANK5   BANK6   BANK7   BANK8   BANK9  BANK10  BANK11  BANK12  BANK13  BANK14  BANK15  BANK16  BANK17  BANK18
      Params:         0       0       0       0       0       0       0       0       0       0       0       0       0       0       0       0       0       0       0       0
      Locals:         0       0       0       0       0       0       0       0       0       0       0       0       0       0       0       0       0       0       0       0
      Temps:          0       0       0       0       0       0       0       0       0       0       0       0       0       0       0       0       0       0       0       0
      Totals:         0       0       0       0       0       0       0       0       0       0       0       0       0       0       0       0       0       0       0       0
Total ram usage:        0 bytes
 Hardware stack levels used:    1
 Hardware stack levels required when called:    3
 This function calls:
		_init_timer0
		_init_timer2
 This function is called by:
		_InitApp
 This function uses a non-reentrant model


 *************** function _init_timer2 *****************
 Defined at:
		line 150 in file "user.c"
 Parameters:    Size  Location     Type
		None
 Auto vars:     Size  Location     Type
		None
 Return value:  Size  Location     Type
                  1    wreg      void 
 Registers used:
		wreg, status,2, status,0
 Tracked objects:
		On entry : 
		On exit  : 
		Unchanged: 
 Data sizes:     COMMON   BANK0   BANK1   BANK2   BANK3   BANK4   BANK5   BANK6   BANK7   BANK8   BANK9  BANK10  BANK11  BANK12  BANK13  BANK14  BANK15  BANK16  BANK17  BANK18
      Params:         0       0       0       0       0       0       0       0       0       0       0       0       0       0       0       0       0       0       0       0
      Locals:         0       0       0       0       0       0       0       0       0       0       0       0       0       0       0       0       0       0       0       0
      Temps:          0       0       0       0       0       0       0       0       0       0       0       0       0       0       0       0       0       0       0       0
      Totals:         0       0       0       0       0       0       0       0       0       0       0       0       0       0       0       0       0       0       0       0
Total ram usage:        0 bytes
 Hardware stack levels used:    1
 Hardware stack levels required when called:    2
 This function calls:
		Nothing
 This function is called by:
		_init_pwm
 This function uses a non-reentrant model


 *************** function _init_timer0 *****************
 Defined at:
		line 157 in file "user.c"
 Parameters:    Size  Location     Type
		None
 Auto vars:     Size  Location     Type
		None
 Return value:  Size  Location     Type
                  1    wreg      void 
 Registers used:
		None
 Tracked objects:
		On entry : 
		On exit  : 
		Unchanged: 
 Data sizes:     COMMON   BANK0   BANK1   BANK2   BANK3   BANK4   BANK5   BANK6   BANK7   BANK8   BANK9  BANK10  BANK11  BANK12  BANK13  BANK14  BANK15  BANK16  BANK17  BANK18
      Params:         0       0       0       0       0       0       0       0       0       0       0       0       0       0       0       0       0       0       0       0
      Locals:         0       0       0       0       0       0       0       0       0       0       0       0       0       0       0       0       0       0       0       0
      Temps:          0       0       0       0       0       0       0       0       0       0       0       0       0       0       0       0       0       0       0       0
      Totals:         0       0       0       0       0       0       0       0       0       0       0       0       0       0       0       0       0       0       0       0
Total ram usage:        0 bytes
 Hardware stack levels used:    1
 Hardware stack levels required when called:    2
 This function calls:
		Nothing
 This function is called by:
		_init_pwm
 This function uses a non-reentrant model


 *************** function _init_adc *****************
 Defined at:
		line 103 in file "user.c"
 Parameters:    Size  Location     Type
		None
 Auto vars:     Size  Location     Type
		None
 Return value:  Size  Location     Type
                  1    wreg      void 
 Registers used:
		wreg, status,2, status,0
 Tracked objects:
		On entry : 
		On exit  : 
		Unchanged: 
 Data sizes:     COMMON   BANK0   BANK1   BANK2   BANK3   BANK4   BANK5   BANK6   BANK7   BANK8   BANK9  BANK10  BANK11  BANK12  BANK13  BANK14  BANK15  BANK16  BANK17  BANK18
      Params:         0       0       0       0       0       0       0       0       0       0       0       0       0       0       0       0       0       0       0       0
      Locals:         0       0       0       0       0       0       0       0       0       0       0       0       0       0       0       0       0       0       0       0
      Temps:          0       0       0       0       0       0       0       0       0       0       0       0       0       0       0       0       0       0       0       0
      Totals:         0       0       0       0       0       0       0       0       0       0       0       0       0       0       0       0       0       0       0       0
Total ram usage:        0 bytes
 Hardware stack levels used:    1
 Hardware stack levels required when called:    2
 This function calls:
		Nothing
 This function is called by:
		_InitApp
 This function uses a non-reentrant model


 *************** function _ConfigureOscillator *****************
 Defined at:
		line 18 in file "system.c"
 Parameters:    Size  Location     Type
		None
 Auto vars:     Size  Location     Type
		None
 Return value:  Size  Location     Type
                  1    wreg      void 
 Registers used:
		wreg, status,2, status,0
 Tracked objects:
		On entry : 
		On exit  : 
		Unchanged: 
 Data sizes:     COMMON   BANK0   BANK1   BANK2   BANK3   BANK4   BANK5   BANK6   BANK7   BANK8   BANK9  BANK10  BANK11  BANK12  BANK13  BANK14  BANK15  BANK16  BANK17  BANK18
      Params:         0       0       0       0       0       0       0       0       0       0       0       0       0       0       0       0       0       0       0       0
      Locals:         0       0       0       0       0       0       0       0       0       0       0       0       0       0       0       0       0       0       0       0
      Temps:          0       0       0       0       0       0       0       0       0       0       0       0       0       0       0       0       0       0       0       0
      Totals:         0       0       0       0       0       0       0       0       0       0       0       0       0       0       0       0       0       0       0       0
Total ram usage:        0 bytes
 Hardware stack levels used:    1
 Hardware stack levels required when called:    2
 This function calls:
		Nothing
 This function is called by:
		_main
 This function uses a non-reentrant model


 *************** function _isr *****************
 Defined at:
		line 23 in file "interrupts.c"
 Parameters:    Size  Location     Type
		None
 Auto vars:     Size  Location     Type
		None
 Return value:  Size  Location     Type
                  1    wreg      void 
 Registers used:
		wreg, fsr0l, fsr0h, status,2, status,0, pclath, cstack
 Tracked objects:
		On entry : 
		On exit  : 
		Unchanged: 
 Data sizes:     COMMON   BANK0   BANK1   BANK2   BANK3   BANK4   BANK5   BANK6   BANK7   BANK8   BANK9  BANK10  BANK11  BANK12  BANK13  BANK14  BANK15  BANK16  BANK17  BANK18
      Params:         0       0       0       0       0       0       0       0       0       0       0       0       0       0       0       0       0       0       0       0
      Locals:         0       0       0       0       0       0       0       0       0       0       0       0       0       0       0       0       0       0       0       0
      Temps:          5       0       0       0       0       0       0       0       0       0       0       0       0       0       0       0       0       0       0       0
      Totals:         5       0       0       0       0       0       0       0       0       0       0       0       0       0       0       0       0       0       0       0
Total ram usage:        5 bytes
 Hardware stack levels used:    1
 Hardware stack levels required when called:    1
 This function calls:
		i1_set_leds_top
 This function is called by:
		Interrupt level 1
 This function uses a non-reentrant model


 *************** function i1_set_leds_top *****************
 Defined at:
		line 16 in file "LEDs.c"
 Parameters:    Size  Location     Type
  x               2    0[COMMON] int 
  ledState        2    2[COMMON] int 
 Auto vars:     Size  Location     Type
		None
 Return value:  Size  Location     Type
                  1    wreg      void 
 Registers used:
		wreg, fsr0l, fsr0h, status,2, status,0
 Tracked objects:
		On entry : 
		On exit  : 
		Unchanged: 
 Data sizes:     COMMON   BANK0   BANK1   BANK2   BANK3   BANK4   BANK5   BANK6   BANK7   BANK8   BANK9  BANK10  BANK11  BANK12  BANK13  BANK14  BANK15  BANK16  BANK17  BANK18
      Params:         4       0       0       0       0       0       0       0       0       0       0       0       0       0       0       0       0       0       0       0
      Locals:         0       0       0       0       0       0       0       0       0       0       0       0       0       0       0       0       0       0       0       0
      Temps:          0       0       0       0       0       0       0       0       0       0       0       0       0       0       0       0       0       0       0       0
      Totals:         4       0       0       0       0       0       0       0       0       0       0       0       0       0       0       0       0       0       0       0
Total ram usage:        4 bytes
 Hardware stack levels used:    1
 This function calls:
		Nothing
 This function is called by:
		_isr
 This function uses a non-reentrant model



MODULE INFORMATION

Module		Function		Class		Link	Load	Size
C:\Program Files (x86)\Microchip\xc8\v1.37\sources\common\altoft.c
		___altoft      		CODE           	11FD	0000	62

C:\Program Files (x86)\Microchip\xc8\v1.37\sources\common\altoft.c estimated size: 62

C:\Program Files (x86)\Microchip\xc8\v1.37\sources\common\ftdiv.c
		___ftdiv       		CODE           	06F9	0000	170

C:\Program Files (x86)\Microchip\xc8\v1.37\sources\common\ftdiv.c estimated size: 170

tactiles.c
		_update_mode   		CODE           	13BD	0000	70
		_read_bottom_tactile		CODE           	1278	0000	64
		_read_top_tactile		CODE           	12B7	0000	65

tactiles.c estimated size: 199

state_manager.c
		_getCurrentLEDState		CODE           	1F32	0000	19
		_updateSwitchBypassState		CODE           	0801	0000	2
		_restoreLEDState		CODE           	1F69	0000	23
		_getSwitchBypassState		CODE           	1EEE	0000	5

state_manager.c estimated size: 49

interrupts.c
		_isr           		CODE           	0004	0000	288

interrupts.c estimated size: 288

C:\Program Files (x86)\Microchip\xc8\v1.37\sources\common\fttol.c
		___fttol       		CODE           	08A6	0000	160

C:\Program Files (x86)\Microchip\xc8\v1.37\sources\common\fttol.c estimated size: 160

C:\Program Files (x86)\Microchip\xc8\v1.37\sources\common\Umul16.c
		___wmul        		CODE           	1F7F	0000	29

C:\Program Files (x86)\Microchip\xc8\v1.37\sources\common\Umul16.c estimated size: 29

C:\Program Files (x86)\Microchip\xc8\v1.37\sources\common\awdiv.c
		___awdiv       		CODE           	157E	0000	83

C:\Program Files (x86)\Microchip\xc8\v1.37\sources\common\awdiv.c estimated size: 83

C:\Program Files (x86)\Microchip\xc8\v1.37\sources\common\ftadd.c
		___ftadd       		CODE           	054F	0000	247

C:\Program Files (x86)\Microchip\xc8\v1.37\sources\common\ftadd.c estimated size: 247

C:\Program Files (x86)\Microchip\xc8\v1.37\sources\common\aldiv.c
		___aldiv       		CODE           	177E	0000	131

C:\Program Files (x86)\Microchip\xc8\v1.37\sources\common\aldiv.c estimated size: 131

C:\Program Files (x86)\Microchip\xc8\v1.37\sources\common\Umul32.c
		___lmul        		CODE           	1079	0000	49

C:\Program Files (x86)\Microchip\xc8\v1.37\sources\common\Umul32.c estimated size: 49

C:\Program Files (x86)\Microchip\xc8\v1.37\sources\common\ftneg.c
		___ftneg       		CODE           	1F02	0000	10

C:\Program Files (x86)\Microchip\xc8\v1.37\sources\common\ftneg.c estimated size: 10

shared
		__initialization		CODE           	0125	0000	182
		i1_set_leds_top		CODE           	1402	0000	73

shared estimated size: 255

LEDs.c
		_set_leds_bottom		CODE           	11C2	0000	60
		_showBootSequence		CODE           	1FDB	0000	38
		_solidring_tactiles		CODE           	12F7	0000	65
		_set_leds_top  		CODE           	07A2	0000	85
		_star_tactiles 		CODE           	16A0	0000	112

LEDs.c estimated size: 360

C:\Program Files (x86)\Microchip\xc8\v1.37\sources\common\awtoft.c
		___awtoft      		CODE           	1001	0000	35

C:\Program Files (x86)\Microchip\xc8\v1.37\sources\common\awtoft.c estimated size: 35

SwitchBypass.c
		_setSwitchBypassState		CODE           	144A	0000	74
		_initSwitchBypass		CODE           	1F23	0000	16
		_updateSwitchBypass		CODE           	170F	0000	112

SwitchBypass.c estimated size: 202

user.c
		_ReadSavedSettings		CODE           	1493	0000	76
		_map           		CODE           	081B	0000	140
		_InitApp       		CODE           	1049	0000	49
		_init_timer0   		CODE           	1EF2	0000	8
		_init_timer2   		CODE           	1EF9	0000	10
		_init_adc      		CODE           	07F6	0000	11
		_adc_convert   		CODE           	0802	0000	26
		_set_subdivision		CODE           	0456	0000	250
		_InitializeTaps		CODE           	1023	0000	39
		_modulation    		CODE           	123A	0000	63
		_init_pwm      		CODE           	1337	0000	66

user.c estimated size: 738

C:\Program Files (x86)\Microchip\xc8\v1.37\sources\common\float.c
		___ftpack      		CODE           	15D0	0000	102

C:\Program Files (x86)\Microchip\xc8\v1.37\sources\common\float.c estimated size: 102

main.c
		_main          		CODE           	0945	0000	1724

main.c estimated size: 1724

memory.c
		_FLASH_EraseBlock		CODE           	1FBB	0000	33
		_FLASH_ReadWord		CODE           	1F9B	0000	33
		_FLASH_WriteBlock		CODE           	1635	0000	108
		_FLASH_WriteWord		CODE           	1378	0000	70

memory.c estimated size: 244

system.c
		_ConfigureOscillator		CODE           	1EEA	0000	5
		_wait_ms       		CODE           	10A9	0000	50

system.c estimated size: 55

C:\Program Files (x86)\Microchip\xc8\v1.37\sources\common\ftmul.c
		___ftmul       		CODE           	0645	0000	181

C:\Program Files (x86)\Microchip\xc8\v1.37\sources\common\ftmul.c estimated size: 181

