Microchip MPLAB XC8 Compiler V1.37 ()

Linker command line:

-W-3 --edf=C:\Program Files (x86)\Microchip\xc8\v1.37\dat\en_msgs.txt -cs \
  -h+dist/Todd/debug\Quiver.X.debug.sym \
  --cmf=dist/Todd/debug\Quiver.X.debug.cmf -z -Q16F1527 \
  -oC:\Users\Nancy\AppData\Local\Temp\svpo.2 \
  -Mdist/Todd/debug/Quiver.X.debug.map -E1 -ver=XC8 -ASTACK=02270h-02389h \
  -pstack=STACK -ACODE=00h-07FFhx8 -ASTRCODE=00h-03FFFh \
  -ASTRING=00h-0FFhx64 -ACONST=00h-0FFhx64 -AENTRY=00h-0FFhx64 \
  -ACOMMON=070h-07Fh -ABANK0=020h-06Fh -ABANK1=0A0h-0EFh \
  -ABANK2=0120h-016Fh -ABANK3=01A0h-01EFh -ABANK4=0220h-026Fh \
  -ABANK5=02A0h-02EFh -ABANK6=0320h-036Fh -ABANK7=03A0h-03EFh \
  -ABANK8=0420h-046Fh -ABANK9=04A0h-04EFh -ABANK10=0520h-056Fh \
  -ABANK11=05A0h-05EFh -ABANK12=0620h-066Fh -ABANK13=06A0h-06EFh \
  -ABANK14=0720h-076Fh -ABANK15=07A0h-07EFh -ABANK16=0820h-086Fh \
  -ABANK17=08A0h-08EFh -ABANK18=0920h-096Fh -ABIGRAM=02000h-025EFh \
  -ARAM=020h-06Fh,0A0h-0EFh,0120h-016Fh,01A0h-01EFh,0220h-026Fh,02A0h-02EFh,0320h-036Fh,03A0h-03EFh,0420h-046Fh,04A0h-04EFh,0520h-056Fh,05A0h-05EFh,0620h-066Fh,06A0h-06EFh,0720h-076Fh,07A0h-07EFh,0820h-086Fh,08A0h-08EFh,0920h-096Fh \
  -AABS1=020h-07Fh,0A0h-0EFh,0120h-016Fh,01A0h-01EFh,0220h-026Fh,02A0h-02EFh,0320h-036Fh,03A0h-03EFh,0420h-046Fh,04A0h-04EFh,0520h-056Fh,05A0h-05EFh,0620h-066Fh,06A0h-06EFh,0720h-076Fh,07A0h-07EFh,0820h-086Fh,08A0h-08EFh,0920h-096Fh \
  -ASFR0=00h-01Fh -ASFR1=080h-09Fh -ASFR2=0100h-011Fh -ASFR3=0180h-019Fh \
  -ASFR4=0200h-021Fh -ASFR5=0280h-029Fh -ASFR6=0300h-031Fh \
  -ASFR7=0380h-039Fh -ASFR8=0400h-041Fh -ASFR9=0480h-049Fh \
  -ASFR10=0500h-051Fh -ASFR11=0580h-059Fh -ASFR12=0600h-061Fh \
  -ASFR13=0680h-069Fh -ASFR14=0700h-071Fh -ASFR15=0780h-079Fh \
  -ASFR16=0800h-081Fh -ASFR17=0880h-089Fh -ASFR18=0900h-091Fh \
  -ASFR19=0980h-09EFh -ASFR20=0A00h-0A6Fh -ASFR21=0A80h-0AEFh \
  -ASFR22=0B00h-0B6Fh -ASFR23=0B80h-0BEFh -ASFR24=0C00h-0C6Fh \
  -ASFR25=0C80h-0CEFh -ASFR26=0D00h-0D6Fh -ASFR27=0D80h-0DEFh \
  -ASFR28=0E00h-0E6Fh -ASFR29=0E80h-0EEFh -ASFR30=0F00h-0F6Fh \
  -ASFR31=0F80h-0FEFh -preset_vec=00h,intentry=04h,init,end_init \
  -ppowerup=CODE -pcinit=CODE -pfunctab=CODE -ACONFIG=08007h-08008h \
  -pconfig=CONFIG -DCONFIG=2 -AIDLOC=08000h-08003h -pidloc=IDLOC -DIDLOC=2 \
  -DCODE=2 -DSTRCODE=2 -DSTRING=2 -DCONST=2 -DENTRY=2 -k \
  C:\Users\Nancy\AppData\Local\Temp\svpo.obj \
  dist/Todd/debug\Quiver.X.debug.obj 

Object code version is 3.11

Machine type is 16F1527



                Name                               Link     Load   Length Selector   Space Scale
C:\Users\Nancy\AppData\Local\Temp\svpo.obj
                end_init                            2DD      2DD        2        8       0
                reset_vec                             0        0        2        0       0
                config                             8007     8007        2    1000E       0
dist/Todd/debug\Quiver.X.debug.obj
                cinit                               2DF      2DF       7F        8       0
                intentry                              4        4      2D9        8       0
                text80                             18D1     18D1       82     31A2       0
                text79                             2FD1     2FD1       2F     5FA2       0
                text78                             22EE     22EE       41     45DC       0
                text77                             2494     2494       51     4928       0
                text76                             2F77     2F77       2C     5EEE       0
                text75                             23B4     23B4       48     4768       0
                text73                             2D7F     2D7F        4     5AFE       0
                text72                             2D9C     2D9C        A     5B38       0
                text71                             2D83     2D83        7     5B06       0
                text70                             2D8A     2D8A        9     5B14       0
                text69                             232F     232F       41     465E       0
                text68                             2006     2006       30     400C       0
                text67                             2F27     2F27       26     5E4E       0
                text66                             2EA2     2EA2       20     5D44       0
                text65                             2140     2140       3B     4280       0
                text64                             258A     258A       54     4B14       0
                text63                             270E     270E       76     4E1C       0
                text62                             2370     2370       44     46E0       0
                text61                             2DDB     2DDB       13     5BB6       0
                text60                             2637     2637       65     4C6E       0
                text59                             2EE2     2EE2       22     5DC4       0
                text58                             1D1F     1D1F       A9     3A3E       0
                text57                             2D93     2D93        9     5B26       0
                text56                             1031     1031       F6     2062       0
                text55                             2FA3     2FA3       2E     5F46       0
                text54                             1E7B     1E7B       B4     3CF6       0
                text53                             2E4E     2E4E       1C     5C9C       0
                text52                             269C     269C       72     4D38       0
                text51                             21B7     21B7       3D     436E       0
                text50                             217B     217B       3C     42F6       0
                text49                             1A5A     1A5A       87     34B4       0
                text48                             226E     226E       40     44DC       0
                text47                             1DC8     1DC8       B3     3B90       0
                text46                              821      821      1CF     1042       0
                text45                             2784     2784       7C     4F08       0
                text44                             1850     1850       81     30A0       0
                text43                             2036     2036       30     406C       0
                text42                             2537     2537       53     4A6E       0
                text41                             2002     2002        4     4004       0
                text40                                3        3        1        6       0
                text39                             1001     1001       30     2002       0
                text38                             2066     2066       32     40CC       0
                text37                             2098     2098       36     4130       0
                text36                             2E6A     2E6A       1C     5CD4       0
                text35                             2DCC     2DCC        F     5B98       0
                text34                             1AE1     1AE1       8B     35C2       0
                text33                             23FC     23FC       4A     47F8       0
                text32                             2446     2446       4E     488C       0
                text31                             2F4D     2F4D       2A     5E9A       0
                text30                             1C88     1C88       97     3910       0
                text29                             1363     1363      159     26C6       0
                text28                             1F2F     1F2F       D1     3E5E       0
                text27                             1127     1127      116     224E       0
                text26                             19D5     19D5       85     33AA       0
                text25                             1BF7     1BF7       91     37EE       0
                text24                              752      752       AB        8       0
                text23                             1B6C     1B6C       8B     36D8       0
                text22                             24E5     24E5       52     49CA       0
                text21                             14BC     14BC      198     2978       0
                text20                             2E86     2E86       1C     5D0C       0
                text19                             1654     1654      1AC     2CA8       0
                text18                             21F4     21F4       3D     43E8       0
                text17                              9F0      9F0      1E3     13E0       0
                text16                              DBA      DBA      246     1B74       0
                text15                             2E1A     2E1A       1A     5C34       0
                text14                             2E02     2E02       18     5C04       0
                text13                             2106     2106       3A     420C       0
                text12                             2F04     2F04       23     5E08       0
                text11                             1800     1800       50     2CA8       0
                text10                             22AE     22AE       40     455C       0
                text9                              2DEE     2DEE       14     5BDC       0
                text8                              2231     2231       3D     4462       0
                text7                               800      800       21     1000       0
                text6                              123D     123D      126     247A       0
                text5                              1953     1953       82     32A6       0
                text4                              2E34     2E34       1A     5C68       0
                text3                               BD3      BD3      1E7     17A6       0
                text2                              20CE     20CE       38     419C       0
                text1                              25DE     25DE       59     4BBC       0
                maintext                            35E      35E      3F4        8       0
                cstackBANK0                          20       20       20       20       1
                cstackCOMMON                         70       70        E       70       1
                cstackBANK1                          A0       A0       50       A0       1
                cstackBANK2                         120      120       4A      120       1
                cstackBANK3                         1E7      1E7        9      1A0       1
                cstackBANK4                         255      255        E      220       1
                inittext                           2DA6     2DA6        C     5B4C       0
                clrtext                            2DB2     2DB2        C     5B64       0
                bssBANK7                            3A0      3A0       40      3A0       1
                bssBANK6                            320      320       40      320       1
                bssBANK5                            2A0      2A0       2C      2A0       1
                dataBANK4                           263      263        2      220       1
                bssBANK4                            220      220       35      220       1
                dataBANK3                           1C7      1C7       20      1A0       1
                bssBANK3                            1A0      1A0       27      1A0       1
                dataBANK2                           16F      16F        1      120       1
                bssBANK2                            16A      16A        5      120       1
                dataBANK0                            52       52        E       20       1
                bssBANK0                             40       40       12       20       1
                stringtext                         2800     2800       54     5000       0
                idataBANK4                          7FD      7FD        2        8       0
                idataBANK3                         2EC2     2EC2       20     5D84       0
                idataBANK2                          7FF      7FF        1        8       0
                idataBANK0                         2DBE     2DBE        E     5B7C       0

TOTAL           Name                               Link     Load   Length     Space
        CLASS   STACK          

        CLASS   CODE           
                end_init                            2DD      2DD        2         0
                cinit                               2DF      2DF       7F         0
                intentry                              4        4      2D9         0
                reset_vec                             0        0        2         0
                text80                             18D1     18D1       82         0
                text79                             2FD1     2FD1       2F         0
                text78                             22EE     22EE       41         0
                text77                             2494     2494       51         0
                text76                             2F77     2F77       2C         0
                text75                             23B4     23B4       48         0
                text73                             2D7F     2D7F        4         0
                text72                             2D9C     2D9C        A         0
                text71                             2D83     2D83        7         0
                text70                             2D8A     2D8A        9         0
                text69                             232F     232F       41         0
                text68                             2006     2006       30         0
                text67                             2F27     2F27       26         0
                text66                             2EA2     2EA2       20         0
                text65                             2140     2140       3B         0
                text64                             258A     258A       54         0
                text63                             270E     270E       76         0
                text62                             2370     2370       44         0
                text61                             2DDB     2DDB       13         0
                text60                             2637     2637       65         0
                text59                             2EE2     2EE2       22         0
                text58                             1D1F     1D1F       A9         0
                text57                             2D93     2D93        9         0
                text56                             1031     1031       F6         0
                text55                             2FA3     2FA3       2E         0
                text54                             1E7B     1E7B       B4         0
                text53                             2E4E     2E4E       1C         0
                text52                             269C     269C       72         0
                text51                             21B7     21B7       3D         0
                text50                             217B     217B       3C         0
                text49                             1A5A     1A5A       87         0
                text48                             226E     226E       40         0
                text47                             1DC8     1DC8       B3         0
                text46                              821      821      1CF         0
                text45                             2784     2784       7C         0
                text44                             1850     1850       81         0
                text43                             2036     2036       30         0
                text42                             2537     2537       53         0
                text41                             2002     2002        4         0
                text40                                3        3        1         0
                text39                             1001     1001       30         0
                text38                             2066     2066       32         0
                text37                             2098     2098       36         0
                text36                             2E6A     2E6A       1C         0
                text35                             2DCC     2DCC        F         0
                text34                             1AE1     1AE1       8B         0
                text33                             23FC     23FC       4A         0
                text32                             2446     2446       4E         0
                text31                             2F4D     2F4D       2A         0
                text30                             1C88     1C88       97         0
                text29                             1363     1363      159         0
                text28                             1F2F     1F2F       D1         0
                text27                             1127     1127      116         0
                text26                             19D5     19D5       85         0
                text25                             1BF7     1BF7       91         0
                text24                              752      752       AB         0
                text23                             1B6C     1B6C       8B         0
                text22                             24E5     24E5       52         0
                text21                             14BC     14BC      198         0
                text20                             2E86     2E86       1C         0
                text19                             1654     1654      1AC         0
                text18                             21F4     21F4       3D         0
                text17                              9F0      9F0      1E3         0
                text16                              DBA      DBA      246         0
                text15                             2E1A     2E1A       1A         0
                text14                             2E02     2E02       18         0
                text13                             2106     2106       3A         0
                text12                             2F04     2F04       23         0
                text11                             1800     1800       50         0
                text10                             22AE     22AE       40         0
                text9                              2DEE     2DEE       14         0
                text8                              2231     2231       3D         0
                text7                               800      800       21         0
                text6                              123D     123D      126         0
                text5                              1953     1953       82         0
                text4                              2E34     2E34       1A         0
                text3                               BD3      BD3      1E7         0
                text2                              20CE     20CE       38         0
                text1                              25DE     25DE       59         0
                maintext                            35E      35E      3F4         0
                inittext                           2DA6     2DA6        C         0
                clrtext                            2DB2     2DB2        C         0
                idataBANK4                          7FD      7FD        2         0
                idataBANK3                         2EC2     2EC2       20         0
                idataBANK2                          7FF      7FF        1         0
                idataBANK0                         2DBE     2DBE        E         0

        CLASS   STRCODE        
                stringtext                         2800     2800       54         0

        CLASS   STRING         

        CLASS   CONST          

        CLASS   ENTRY          

        CLASS   COMMON         
                cstackCOMMON                         70       70        E         1

        CLASS   BANK0          
                cstackBANK0                          20       20       20         1
                dataBANK0                            52       52        E         1
                bssBANK0                             40       40       12         1

        CLASS   BANK1          
                cstackBANK1                          A0       A0       50         1

        CLASS   BANK2          
                cstackBANK2                         120      120       4A         1
                dataBANK2                           16F      16F        1         1
                bssBANK2                            16A      16A        5         1

        CLASS   BANK3          
                cstackBANK3                         1E7      1E7        9         1
                dataBANK3                           1C7      1C7       20         1
                bssBANK3                            1A0      1A0       27         1

        CLASS   BANK4          
                cstackBANK4                         255      255        E         1
                dataBANK4                           263      263        2         1
                bssBANK4                            220      220       35         1

        CLASS   BANK5          
                bssBANK5                            2A0      2A0       2C         1

        CLASS   BANK6          
                bssBANK6                            320      320       40         1

        CLASS   BANK7          
                bssBANK7                            3A0      3A0       40         1

        CLASS   BANK8          

        CLASS   BANK9          

        CLASS   BANK10         

        CLASS   BANK11         

        CLASS   BANK12         

        CLASS   BANK13         

        CLASS   BANK14         

        CLASS   BANK15         

        CLASS   BANK16         

        CLASS   BANK17         

        CLASS   BANK18         

        CLASS   BIGRAM         

        CLASS   RAM            

        CLASS   ABS1           
                abs_s1                               7E       7E        2         1
                abs_s1                              5BA      5BA       36         1
                abs_s1                              620      620       50         1
                abs_s1                              6A0      6A0       50         1
                abs_s1                              720      720       50         1
                abs_s1                              7A0      7A0       50         1
                abs_s1                              820      820       50         1
                abs_s1                              8A0      8A0       50         1
                abs_s1                              920      920       50         1
                abs_s1                             238A     238A        0         1
                abs_s1                             2482     2482        0         1

        CLASS   SFR0           

        CLASS   SFR1           

        CLASS   SFR2           

        CLASS   SFR3           

        CLASS   SFR4           

        CLASS   SFR5           

        CLASS   SFR6           

        CLASS   SFR7           

        CLASS   SFR8           

        CLASS   SFR9           

        CLASS   SFR10          

        CLASS   SFR11          

        CLASS   SFR12          

        CLASS   SFR13          

        CLASS   SFR14          

        CLASS   SFR15          

        CLASS   SFR16          

        CLASS   SFR17          

        CLASS   SFR18          

        CLASS   SFR19          

        CLASS   SFR20          

        CLASS   SFR21          

        CLASS   SFR22          

        CLASS   SFR23          

        CLASS   SFR24          

        CLASS   SFR25          

        CLASS   SFR26          

        CLASS   SFR27          

        CLASS   SFR28          

        CLASS   SFR29          

        CLASS   SFR30          

        CLASS   SFR31          

        CLASS   CONFIG         
                config                             8007     8007        2         0

        CLASS   IDLOC          

        CLASS   BANK31         

        CLASS   BANK30         

        CLASS   BANK29         

        CLASS   BANK28         

        CLASS   BANK27         

        CLASS   BANK26         

        CLASS   BANK25         

        CLASS   BANK24         

        CLASS   BANK23         

        CLASS   BANK22         

        CLASS   BANK21         

        CLASS   BANK20         

        CLASS   BANK19         

        CLASS   EEDATA         



SEGMENTS        Name                           Load    Length   Top    Selector   Space  Class     Delta

                reset_vec                      000000  000002  000002         0       0  CODE        2
                text40                         000003  000001  000004         6       0  CODE        2
                intentry                       000004  0007FC  000800         8       0  CODE        2
                cstackBANK0                    000020  000040  000060        20       1  BANK0       1
                cstackCOMMON                   000070  00000E  00007E        70       1  COMMON      1
                cstackBANK1                    0000A0  000050  0000F0        A0       1  BANK1       1
                cstackBANK2                    000120  000050  000170       120       1  BANK2       1
                bssBANK3                       0001A0  000050  0001F0       1A0       1  BANK3       1
                bssBANK4                       000220  000045  000265       220       1  BANK4       1
                bssBANK5                       0002A0  00002C  0002CC       2A0       1  BANK5       1
                bssBANK6                       000320  000040  000360       320       1  BANK6       1
                bssBANK7                       0003A0  000040  0003E0       3A0       1  BANK7       1
                text7                          000800  000021  000821      1000       0  CODE        2
                text46                         000821  0001CF  0009F0      1042       0  CODE        2
                text17                         0009F0  0001E3  000BD3      13E0       0  CODE        2
                text3                          000BD3  0001E7  000DBA      17A6       0  CODE        2
                text16                         000DBA  000246  001000      1B74       0  CODE        2
                text39                         001001  000030  001031      2002       0  CODE        2
                text56                         001031  0000F6  001127      2062       0  CODE        2
                text27                         001127  000116  00123D      224E       0  CODE        2
                text6                          00123D  000126  001363      247A       0  CODE        2
                text29                         001363  000159  0014BC      26C6       0  CODE        2
                text21                         0014BC  000198  001654      2978       0  CODE        2
                text19                         001654  0001FC  001850      2CA8       0  CODE        2
                text44                         001850  000081  0018D1      30A0       0  CODE        2
                text80                         0018D1  000082  001953      31A2       0  CODE        2
                text5                          001953  000082  0019D5      32A6       0  CODE        2
                text26                         0019D5  000085  001A5A      33AA       0  CODE        2
                text49                         001A5A  000087  001AE1      34B4       0  CODE        2
                text34                         001AE1  00008B  001B6C      35C2       0  CODE        2
                text23                         001B6C  00008B  001BF7      36D8       0  CODE        2
                text25                         001BF7  000091  001C88      37EE       0  CODE        2
                text30                         001C88  000097  001D1F      3910       0  CODE        2
                text58                         001D1F  0000A9  001DC8      3A3E       0  CODE        2
                text47                         001DC8  0000B3  001E7B      3B90       0  CODE        2
                text54                         001E7B  0000B4  001F2F      3CF6       0  CODE        2
                text28                         001F2F  0000D1  002000      3E5E       0  CODE        2
                text41                         002002  000004  002006      4004       0  CODE        2
                text68                         002006  000030  002036      400C       0  CODE        2
                text43                         002036  000030  002066      406C       0  CODE        2
                text38                         002066  000032  002098      40CC       0  CODE        2
                text37                         002098  000036  0020CE      4130       0  CODE        2
                text2                          0020CE  000038  002106      419C       0  CODE        2
                text13                         002106  00003A  002140      420C       0  CODE        2
                text65                         002140  00003B  00217B      4280       0  CODE        2
                text50                         00217B  00003C  0021B7      42F6       0  CODE        2
                text51                         0021B7  00003D  0021F4      436E       0  CODE        2
                text18                         0021F4  00003D  002231      43E8       0  CODE        2
                text8                          002231  00003D  00226E      4462       0  CODE        2
                text48                         00226E  000040  0022AE      44DC       0  CODE        2
                text10                         0022AE  000040  0022EE      455C       0  CODE        2
                text78                         0022EE  000041  00232F      45DC       0  CODE        2
                text69                         00232F  000041  002370      465E       0  CODE        2
                text62                         002370  000044  0023B4      46E0       0  CODE        2
                text75                         0023B4  000048  0023FC      4768       0  CODE        2
                text33                         0023FC  00004A  002446      47F8       0  CODE        2
                text32                         002446  00004E  002494      488C       0  CODE        2
                text77                         002494  000051  0024E5      4928       0  CODE        2
                text22                         0024E5  000052  002537      49CA       0  CODE        2
                text42                         002537  000053  00258A      4A6E       0  CODE        2
                text64                         00258A  000054  0025DE      4B14       0  CODE        2
                text1                          0025DE  000059  002637      4BBC       0  CODE        2
                text60                         002637  000065  00269C      4C6E       0  CODE        2
                text52                         00269C  000072  00270E      4D38       0  CODE        2
                text63                         00270E  000076  002784      4E1C       0  CODE        2
                text45                         002784  00007C  002800      4F08       0  CODE        2
                stringtext                     002800  000054  002854      5000       0  STRCODE     2
                text73                         002D7F  000004  002D83      5AFE       0  CODE        2
                text71                         002D83  000007  002D8A      5B06       0  CODE        2
                text70                         002D8A  000009  002D93      5B14       0  CODE        2
                text57                         002D93  000009  002D9C      5B26       0  CODE        2
                text72                         002D9C  00000A  002DA6      5B38       0  CODE        2
                inittext                       002DA6  00000C  002DB2      5B4C       0  CODE        2
                clrtext                        002DB2  00000C  002DBE      5B64       0  CODE        2
                idataBANK0                     002DBE  00000E  002DCC      5B7C       0  CODE        2
                text35                         002DCC  00000F  002DDB      5B98       0  CODE        2
                text61                         002DDB  000013  002DEE      5BB6       0  CODE        2
                text9                          002DEE  000014  002E02      5BDC       0  CODE        2
                text14                         002E02  000018  002E1A      5C04       0  CODE        2
                text15                         002E1A  00001A  002E34      5C34       0  CODE        2
                text4                          002E34  00001A  002E4E      5C68       0  CODE        2
                text53                         002E4E  00001C  002E6A      5C9C       0  CODE        2
                text36                         002E6A  00001C  002E86      5CD4       0  CODE        2
                text20                         002E86  00001C  002EA2      5D0C       0  CODE        2
                text66                         002EA2  000020  002EC2      5D44       0  CODE        2
                idataBANK3                     002EC2  000020  002EE2      5D84       0  CODE        2
                text59                         002EE2  000022  002F04      5DC4       0  CODE        2
                text12                         002F04  000023  002F27      5E08       0  CODE        2
                text67                         002F27  000026  002F4D      5E4E       0  CODE        2
                text31                         002F4D  00002A  002F77      5E9A       0  CODE        2
                text76                         002F77  00002C  002FA3      5EEE       0  CODE        2
                text55                         002FA3  00002E  002FD1      5F46       0  CODE        2
                text79                         002FD1  00002F  003000      5FA2       0  CODE        2
                config                         008007  000002  008009     1000E       0  CONFIG      2


UNUSED ADDRESS RANGES

        Name                Unused          Largest block    Delta
        BANK0            00060-0006F              10           1
        BANK10           00520-0056F              50           1
        BANK11           005A0-005B9              1A           1
        BANK4            00265-0026F               B           1
        BANK5            002CC-002EF              24           1
        BANK6            00360-0036F              10           1
        BANK7            003E0-003EF              10           1
        BANK8            00420-0046F              50           1
        BANK9            004A0-004EF              50           1
        BIGRAM           02000-025EF             5F0           1
        CODE             00002-00002               1           2
                         01000-01000               1
                         02000-02001               2
                         02854-02D7E             52B
                         03000-03FFF             800
        CONST            00002-00002               1           2
                         01000-01000               1
                         02000-02001               2
                         02854-02D7E             100
                         03000-03FFF             100
        ENTRY            00002-00002               1           2
                         01000-01000               1
                         02000-02001               2
                         02854-02D7E             100
                         03000-03FFF             100
        IDLOC            08000-08003               4           2
        RAM              00060-0006F              10           1
                         00265-0026F               B
                         002CC-002EF              24
                         00360-0036F              10
                         003E0-003EF              10
                         00420-0046F              50
                         004A0-004EF              50
                         00520-0056F              50
                         005A0-005B9              1A
        SFR0             00000-0001F              20           1
        SFR1             00080-0009F              20           1
        SFR10            00500-0051F              20           1
        SFR11            00580-0059F              20           1
        SFR12            00600-0061F              20           1
        SFR13            00680-0069F              20           1
        SFR14            00700-0071F              20           1
        SFR15            00780-0079F              20           1
        SFR16            00800-0081F              20           1
        SFR17            00880-0089F              20           1
        SFR18            00900-0091F              20           1
        SFR19            00980-009EF              70           1
        SFR2             00100-0011F              20           1
        SFR20            00A00-00A6F              70           1
        SFR21            00A80-00AEF              70           1
        SFR22            00B00-00B6F              70           1
        SFR23            00B80-00BEF              70           1
        SFR24            00C00-00C6F              70           1
        SFR25            00C80-00CEF              70           1
        SFR26            00D00-00D6F              70           1
        SFR27            00D80-00DEF              70           1
        SFR28            00E00-00E6F              70           1
        SFR29            00E80-00EEF              70           1
        SFR3             00180-0019F              20           1
        SFR30            00F00-00F6F              70           1
        SFR31            00F80-00FEF              70           1
        SFR4             00200-0021F              20           1
        SFR5             00280-0029F              20           1
        SFR6             00300-0031F              20           1
        SFR7             00380-0039F              20           1
        SFR8             00400-0041F              20           1
        SFR9             00480-0049F              20           1
        STACK            02270-02389             11A           1
        STRCODE          00002-00002               1           2
                         01000-01000               1
                         02000-02001               2
                         02854-02D7E             52B
                         03000-03FFF            1000
        STRING           00002-00002               1           2
                         01000-01000               1
                         02000-02001               2
                         02854-02D7E             100
                         03000-03FFF             100

                                  Symbol Table

?_FLASH_ReadWord                     cstackBANK1  000A0
?___aldiv                            cstackBANK1  000A0
?___altoft                           cstackBANK1  000A8
?___awdiv                            cstackBANK1  000A0
?___awtoft                           cstackBANK1  000A8
?___ftadd                            cstackBANK1  000C1
?___ftdiv                            cstackBANK1  000CE
?___ftmul                            cstackBANK1  000AE
?___ftneg                            cstackBANK1  000BE
?___ftpack                           cstackBANK1  000A0
?___ftsub                            cstackBANK2  00137
?___fttol                            cstackBANK2  00120
?___lltoft                           cstackBANK1  000A8
?___lmul                             cstackBANK1  000A0
?___wmul                             cstackBANK2  0012E
?_adc_convert                        cstackBANK1  000A0
?_cos                                cstackBANK2  0014C
?_eval_poly                          cstackBANK2  00134
?_exp                                cstackBANK2  00148
?_floor                              cstackBANK2  0012E
?_frexp                              cstackBANK1  000A0
?_getModulationSubdivision           cstackBANK1  000A0
?_getSwitchBypassState               cstackBANK1  000A0
?_ldexp                              cstackBANK2  0013E
?_log                                cstackBANK2  0013E
?_map                                cstackBANK1  000DE
?_modCos                             cstackBANK2  00134
?_modSaw                             cstackBANK2  0012E
?_modSawRev                          cstackBANK2  00142
?_modSquare                          cstackBANK2  00148
?_modTri                             cstackBANK2  0012E
?_modulation                         cstackBANK0  0002E
?_pow                                cstackBANK2  00155
?_scaleA100kPot                      cstackBANK2  00167
?_scaleA10kPot                       cstackBANK2  00167
?_scaleiA10kPot                      cstackBANK2  00167
?_set_subdivision                    cstackBANK2  0012E
?_sin                                cstackBANK2  0013E
?i1___aldiv                          cstackBANK0  00020
?i1___awdiv                          cstackCOMMON 00070
?i1___lmul                           cstackCOMMON 00070
?i1_getModulationSubdivision         cstackCOMMON 00070
FLASH_ReadWord@GIEBitValue           cstackBANK1  000A2
FLASH_ReadWord@flashAddr             cstackBANK1  000A0
InitializeTaps@itap                  cstackBANK1  000A1
USARTInit@baud_rate                  cstackBANK1  000A0
USARTWriteInt@F3536                  bssBANK4     00234
_ADCON0bits                          (abs)        0009D
_ADCON1bits                          (abs)        0009E
_ADRESH                              (abs)        0009C
_ADRESL                              (abs)        0009B
_ANSELEbits                          (abs)        00190
_ANSELFbits                          (abs)        0040C
_APFCONbits                          (abs)        0011D
_CCP10CONbits                        (abs)        0061F
_CCP1CONbits                         (abs)        00293
_CCP2CONbits                         (abs)        0029A
_CCP3CONbits                         (abs)        00313
_CCP4CONbits                         (abs)        0031A
_CCP5CONbits                         (abs)        0031E
_CCP6CONbits                         (abs)        00613
_CCP7CONbits                         (abs)        00616
_CCP8CONbits                         (abs)        00619
_CCP9CONbits                         (abs)        0061C
_CCPR1                               (abs)        00291
_CCPR2                               (abs)        00298
_CCPR3                               (abs)        00311
_CCPR4                               (abs)        00318
_CCPR5                               (abs)        0031C
_CCPTMRS0                            (abs)        0029D
_CCPTMRS1                            (abs)        0029E
_CCPTMRS2                            (abs)        0029F
_ConfigureOscillator                 text73       02D7F
_FLASH_ReadWord                      text66       02EA2
_GIE                                 (abs)        0005F
_INTCONbits                          (abs)        0000B
_InitApp                             text68       02006
_InitializeTaps                      text67       02F27
_LATBbits                            (abs)        0010D
_LATDbits                            (abs)        0010F
_LATFbits                            (abs)        0038C
_LATGbits                            (abs)        0038D
_OPTION_REGbits                      (abs)        00095
_OSCCONbits                          (abs)        00099
_PEIE                                (abs)        0005E
_PIR1bits                            (abs)        00011
_PMADRH                              (abs)        00192
_PMADRL                              (abs)        00191
_PMCON1bits                          (abs)        00195
_PMCON2                              (abs)        00196
_PMDATH                              (abs)        00194
_PMDATL                              (abs)        00193
_PORTAbits                           (abs)        0000C
_PORTCbits                           (abs)        0000E
_PORTDbits                           (abs)        0000F
_PORTEbits                           (abs)        00010
_PR2                                 (abs)        0001B
_RB1                                 (abs)        00069
_RCIE                                (abs)        0048D
_RCREG                               (abs)        00199
_RCSTAbits                           (abs)        0019D
_ReadSavedSettings                   text63       0270E
_SPBRG                               (abs)        0019B
_T2CONbits                           (abs)        0001C
_TRISBbits                           (abs)        0008D
_TRISCbits                           (abs)        0008E
_TRISDbits                           (abs)        0008F
_TRISEbits                           (abs)        00090
_TRISFbits                           (abs)        0030C
_TRISGbits                           (abs)        0030D
_TXREG                               (abs)        0019A
_TXSTAbits                           (abs)        0019E
_UQEnd                               bssBANK0     0004C
_UQFront                             bssBANK0     0004D
_URBuff                              bssBANK6     00320
_USARTInit                           text62       02370
__CFG_BOREN$ON                       (abs)        00000
__CFG_BORV$LO                        (abs)        00000
__CFG_CLKOUTEN$OFF                   (abs)        00000
__CFG_CP$OFF                         (abs)        00000
__CFG_FCMEN$ON                       (abs)        00000
__CFG_FOSC$HS                        (abs)        00000
__CFG_IESO$ON                        (abs)        00000
__CFG_LPBOR$OFF                      (abs)        00000
__CFG_LVP$OFF                        (abs)        00000
__CFG_MCLRE$ON                       (abs)        00000
__CFG_PWRTE$OFF                      (abs)        00000
__CFG_STVREN$ON                      (abs)        00000
__CFG_VCAPEN$OFF                     (abs)        00000
__CFG_WDTE$OFF                       (abs)        00000
__CFG_WRT$OFF                        (abs)        00000
__Habs1                              abs1         00000
__Hbank0                             bank0        00000
__Hbank1                             bank1        00000
__Hbank10                            bank10       00000
__Hbank11                            bank11       00000
__Hbank12                            bank12       00000
__Hbank13                            bank13       00000
__Hbank14                            bank14       00000
__Hbank15                            bank15       00000
__Hbank16                            bank16       00000
__Hbank17                            bank17       00000
__Hbank18                            bank18       00000
__Hbank19                            bank19       00000
__Hbank2                             bank2        00000
__Hbank20                            bank20       00000
__Hbank21                            bank21       00000
__Hbank22                            bank22       00000
__Hbank23                            bank23       00000
__Hbank24                            bank24       00000
__Hbank25                            bank25       00000
__Hbank26                            bank26       00000
__Hbank27                            bank27       00000
__Hbank28                            bank28       00000
__Hbank29                            bank29       00000
__Hbank3                             bank3        00000
__Hbank30                            bank30       00000
__Hbank31                            bank31       00000
__Hbank4                             bank4        00000
__Hbank5                             bank5        00000
__Hbank6                             bank6        00000
__Hbank7                             bank7        00000
__Hbank8                             bank8        00000
__Hbank9                             bank9        00000
__Hbigram                            bigram       00000
__HbssBANK0                          bssBANK0     00000
__HbssBANK2                          bssBANK2     00000
__HbssBANK3                          bssBANK3     00000
__HbssBANK4                          bssBANK4     00000
__HbssBANK5                          bssBANK5     00000
__HbssBANK6                          bssBANK6     00000
__HbssBANK7                          bssBANK7     00000
__Hcinit                             cinit        0035E
__Hclrtext                           clrtext      00000
__Hcode                              code         00000
__Hcommon                            common       00000
__Hconfig                            config       08009
__HcstackBANK0                       cstackBANK0  00000
__HcstackBANK1                       cstackBANK1  00000
__HcstackBANK2                       cstackBANK2  00000
__HcstackBANK3                       cstackBANK3  00000
__HcstackBANK4                       cstackBANK4  00000
__HcstackCOMMON                      cstackCOMMON 00000
__HdataBANK0                         dataBANK0    00000
__HdataBANK2                         dataBANK2    00000
__HdataBANK3                         dataBANK3    00000
__HdataBANK4                         dataBANK4    00000
__Heeprom_data                       eeprom_data  00000
__Hend_init                          end_init     002DF
__Hfunctab                           functab      00000
__HidataBANK0                        idataBANK0   00000
__HidataBANK2                        idataBANK2   00000
__HidataBANK3                        idataBANK3   00000
__HidataBANK4                        idataBANK4   00000
__Hidloc                             idloc        00000
__Hinit                              init         002DD
__Hinittext                          inittext     00000
__Hintentry                          intentry     002DD
__Hmaintext                          maintext     00000
__Hpowerup                           powerup      00000
__Hram                               ram          00000
__Hreset_vec                         reset_vec    00002
__Hsfr0                              sfr0         00000
__Hsfr1                              sfr1         00000
__Hsfr10                             sfr10        00000
__Hsfr11                             sfr11        00000
__Hsfr12                             sfr12        00000
__Hsfr13                             sfr13        00000
__Hsfr14                             sfr14        00000
__Hsfr15                             sfr15        00000
__Hsfr16                             sfr16        00000
__Hsfr17                             sfr17        00000
__Hsfr18                             sfr18        00000
__Hsfr19                             sfr19        00000
__Hsfr2                              sfr2         00000
__Hsfr20                             sfr20        00000
__Hsfr21                             sfr21        00000
__Hsfr22                             sfr22        00000
__Hsfr23                             sfr23        00000
__Hsfr24                             sfr24        00000
__Hsfr25                             sfr25        00000
__Hsfr26                             sfr26        00000
__Hsfr27                             sfr27        00000
__Hsfr28                             sfr28        00000
__Hsfr29                             sfr29        00000
__Hsfr3                              sfr3         00000
__Hsfr30                             sfr30        00000
__Hsfr31                             sfr31        00000
__Hsfr4                              sfr4         00000
__Hsfr5                              sfr5         00000
__Hsfr6                              sfr6         00000
__Hsfr7                              sfr7         00000
__Hsfr8                              sfr8         00000
__Hsfr9                              sfr9         00000
__Hspace_0                           (abs)        08009
__Hspace_1                           (abs)        003E0
__Hspace_2                           (abs)        00000
__Hspace_3                           (abs)        00000
__Hstack                             stack        00000
__Hstrings                           strings      00000
__Hstringtext                        stringtext   00000
__Htext                              text         00000
__Labs1                              abs1         00000
__Lbank0                             bank0        00000
__Lbank1                             bank1        00000
__Lbank10                            bank10       00000
__Lbank11                            bank11       00000
__Lbank12                            bank12       00000
__Lbank13                            bank13       00000
__Lbank14                            bank14       00000
__Lbank15                            bank15       00000
__Lbank16                            bank16       00000
__Lbank17                            bank17       00000
__Lbank18                            bank18       00000
__Lbank19                            bank19       00000
__Lbank2                             bank2        00000
__Lbank20                            bank20       00000
__Lbank21                            bank21       00000
__Lbank22                            bank22       00000
__Lbank23                            bank23       00000
__Lbank24                            bank24       00000
__Lbank25                            bank25       00000
__Lbank26                            bank26       00000
__Lbank27                            bank27       00000
__Lbank28                            bank28       00000
__Lbank29                            bank29       00000
__Lbank3                             bank3        00000
__Lbank30                            bank30       00000
__Lbank31                            bank31       00000
__Lbank4                             bank4        00000
__Lbank5                             bank5        00000
__Lbank6                             bank6        00000
__Lbank7                             bank7        00000
__Lbank8                             bank8        00000
__Lbank9                             bank9        00000
__Lbigram                            bigram       00000
__LbssBANK0                          bssBANK0     00000
__LbssBANK2                          bssBANK2     00000
__LbssBANK3                          bssBANK3     00000
__LbssBANK4                          bssBANK4     00000
__LbssBANK5                          bssBANK5     00000
__LbssBANK6                          bssBANK6     00000
__LbssBANK7                          bssBANK7     00000
__Lcinit                             cinit        002DF
__Lclrtext                           clrtext      00000
__Lcode                              code         00000
__Lcommon                            common       00000
__Lconfig                            config       08007
__LcstackBANK0                       cstackBANK0  00000
__LcstackBANK1                       cstackBANK1  00000
__LcstackBANK2                       cstackBANK2  00000
__LcstackBANK3                       cstackBANK3  00000
__LcstackBANK4                       cstackBANK4  00000
__LcstackCOMMON                      cstackCOMMON 00000
__LdataBANK0                         dataBANK0    00000
__LdataBANK2                         dataBANK2    00000
__LdataBANK3                         dataBANK3    00000
__LdataBANK4                         dataBANK4    00000
__Leeprom_data                       eeprom_data  00000
__Lend_init                          end_init     002DD
__Lfunctab                           functab      00000
__LidataBANK0                        idataBANK0   00000
__LidataBANK2                        idataBANK2   00000
__LidataBANK3                        idataBANK3   00000
__LidataBANK4                        idataBANK4   00000
__Lidloc                             idloc        00000
__Linit                              init         002DD
__Linittext                          inittext     00000
__Lintentry                          intentry     00004
__Lmaintext                          maintext     00000
__Lpowerup                           powerup      00000
__Lram                               ram          00000
__Lreset_vec                         reset_vec    00000
__Lsfr0                              sfr0         00000
__Lsfr1                              sfr1         00000
__Lsfr10                             sfr10        00000
__Lsfr11                             sfr11        00000
__Lsfr12                             sfr12        00000
__Lsfr13                             sfr13        00000
__Lsfr14                             sfr14        00000
__Lsfr15                             sfr15        00000
__Lsfr16                             sfr16        00000
__Lsfr17                             sfr17        00000
__Lsfr18                             sfr18        00000
__Lsfr19                             sfr19        00000
__Lsfr2                              sfr2         00000
__Lsfr20                             sfr20        00000
__Lsfr21                             sfr21        00000
__Lsfr22                             sfr22        00000
__Lsfr23                             sfr23        00000
__Lsfr24                             sfr24        00000
__Lsfr25                             sfr25        00000
__Lsfr26                             sfr26        00000
__Lsfr27                             sfr27        00000
__Lsfr28                             sfr28        00000
__Lsfr29                             sfr29        00000
__Lsfr3                              sfr3         00000
__Lsfr30                             sfr30        00000
__Lsfr31                             sfr31        00000
__Lsfr4                              sfr4         00000
__Lsfr5                              sfr5         00000
__Lsfr6                              sfr6         00000
__Lsfr7                              sfr7         00000
__Lsfr8                              sfr8         00000
__Lsfr9                              sfr9         00000
__Lspace_0                           (abs)        00000
__Lspace_1                           (abs)        00000
__Lspace_2                           (abs)        00000
__Lspace_3                           (abs)        00000
__Lstack                             stack        00000
__Lstrings                           strings      00000
__Lstringtext                        stringtext   00000
__Ltext                              text         00000
__S0                                 (abs)        08009
__S1                                 (abs)        003E0
__S2                                 (abs)        00000
___aldiv                             text5        01953
___aldiv@counter                     cstackBANK1  000A9
___aldiv@dividend                    cstackBANK1  000A4
___aldiv@divisor                     cstackBANK1  000A0
___aldiv@quotient                    cstackBANK1  000AB
___aldiv@sign                        cstackBANK1  000AA
___altoft                            text51       021B7
___altoft@c                          cstackBANK1  000A8
___altoft@exp                        cstackBANK1  000AE
___altoft@sign                       cstackBANK1  000AF
___awdiv                             text22       024E5
___awdiv@counter                     cstackBANK1  000A5
___awdiv@dividend                    cstackBANK1  000A2
___awdiv@divisor                     cstackBANK1  000A0
___awdiv@quotient                    cstackBANK1  000A7
___awdiv@sign                        cstackBANK1  000A6
___awtoft                            text59       02EE2
___awtoft@c                          cstackBANK1  000A8
___awtoft@sign                       cstackBANK1  000AD
___ftadd                             text56       01031
___ftadd@exp1                        cstackBANK1  000CD
___ftadd@exp2                        cstackBANK1  000CC
___ftadd@f1                          cstackBANK1  000C1
___ftadd@f2                          cstackBANK1  000C4
___ftadd@sign                        cstackBANK1  000CB
___ftdiv                             text58       01D1F
___ftdiv@cntr                        cstackBANK1  000D8
___ftdiv@exp                         cstackBANK1  000DC
___ftdiv@f1                          cstackBANK1  000D1
___ftdiv@f2                          cstackBANK1  000CE
___ftdiv@f3                          cstackBANK1  000D9
___ftdiv@sign                        cstackBANK1  000DD
___ftge                              text50       0217B
___ftge@ff1                          cstackBANK1  000A0
___ftge@ff2                          cstackBANK1  000A3
___ftmul                             text54       01E7B
___ftmul@cntr                        cstackBANK1  000BC
___ftmul@exp                         cstackBANK1  000B8
___ftmul@f1                          cstackBANK1  000AE
___ftmul@f2                          cstackBANK1  000B1
___ftmul@f3_as_product               cstackBANK1  000B9
___ftmul@sign                        cstackBANK1  000BD
___ftneg                             text57       02D93
___ftneg@f1                          cstackBANK1  000BE
___ftpack                            text60       02637
___ftpack@arg                        cstackBANK1  000A0
___ftpack@exp                        cstackBANK1  000A3
___ftpack@sign                       cstackBANK1  000A4
___ftsub                             text55       02FA3
___ftsub@f1                          cstackBANK2  0013A
___ftsub@f2                          cstackBANK2  00137
___fttol                             text49       01A5A
___fttol@exp1                        cstackBANK2  0012D
___fttol@f1                          cstackBANK2  00120
___fttol@lval                        cstackBANK2  00129
___fttol@sign1                       cstackBANK2  00128
___int_sp                            stack        00000
___latbits                           (abs)        00003
___lltoft                            text31       02F4D
___lltoft@c                          cstackBANK1  000A8
___lltoft@exp                        cstackBANK1  000AD
___lmul                              text39       01001
___lmul@multiplicand                 cstackBANK1  000A4
___lmul@multiplier                   cstackBANK1  000A0
___lmul@product                      cstackBANK1  000A8
___sp                                stack        00000
___wmul                              text53       02E4E
___wmul@multiplicand                 cstackBANK2  00130
___wmul@multiplier                   cstackBANK2  0012E
___wmul@product                      cstackBANK2  00132
__end_of_ConfigureOscillator         text73       02D83
__end_of_FLASH_ReadWord              text66       02EC2
__end_of_InitApp                     text68       02036
__end_of_InitializeTaps              text67       02F4D
__end_of_ReadSavedSettings           text63       02784
__end_of_USARTInit                   text62       023B4
__end_of___aldiv                     text5        019D5
__end_of___altoft                    text51       021F4
__end_of___awdiv                     text22       02537
__end_of___awtoft                    text59       02F04
__end_of___ftadd                     text56       01127
__end_of___ftdiv                     text58       01DC8
__end_of___ftge                      text50       021B7
__end_of___ftmul                     text54       01F2F
__end_of___ftneg                     text57       02D9C
__end_of___ftpack                    text60       0269C
__end_of___ftsub                     text55       02FD1
__end_of___fttol                     text49       01AE1
__end_of___lltoft                    text31       02F77
__end_of___lmul                      text39       01031
__end_of___wmul                      text53       02E6A
__end_of__initialization             cinit        0035A
__end_of_adc_convert                 text61       02DEE
__end_of_calcCosArray                text44       018D1
__end_of_cos                         text45       02800
__end_of_eval_poly                   text52       0270E
__end_of_exp                         text29       014BC
__end_of_floor                       text47       01E7B
__end_of_frexp                       text48       022AE
__end_of_getModulationDelayTime      text42       0258A
__end_of_getModulationSubdivision    text43       02066
__end_of_getSwitchBypassState        text41       02006
__end_of_initSwitchBypass            text35       02DDB
__end_of_init_adc                    text72       02DA6
__end_of_init_pwm                    text69       02370
__end_of_init_timer0                 text71       02D8A
__end_of_init_timer2                 text70       02D93
__end_of_isr                         intentry     002DD
__end_of_ldexp                       text30       01D1F
__end_of_log                         text28       02000
__end_of_main                        maintext     00752
__end_of_map                         text34       01B6C
__end_of_modCos                      text19       01800
__end_of_modSaw                      text21       01654
__end_of_modSawRev                   text20       02EA2
__end_of_modSquare                   text18       02231
__end_of_modTri                      text17       00BD3
__end_of_modulation                  text78       0232F
__end_of_pow                         text27       0123D
__end_of_read_bottom_tactile         text33       02446
__end_of_read_top_tactile            text32       02494
__end_of_resetRingLEDs               text15       02E34
__end_of_ring_tactiles               text11       01850
__end_of_scaleA100kPot               text26       01A5A
__end_of_scaleA10kPot                text25       01C88
__end_of_scaleiA10kPot               text24       007FD
__end_of_setDoublePressState         text8        0226E
__end_of_setExpressionDisplay        text14       02E1A
__end_of_setLongBypassState          text7        00821
__end_of_setLongTapState             text4        02E4E
__end_of_setPedalMode                text12       02F27
__end_of_setPresetDisplay            text13       02140
__end_of_setSwitchBypassRelays       text37       020CE
__end_of_setSwitchBypassState        text36       02E86
__end_of_set_leds_bottom             text65       0217B
__end_of_set_leds_top                text64       025DE
__end_of_set_subdivision             text23       01BF7
__end_of_showSave                    text9        02E02
__end_of_sin                         text46       009F0
__end_of_solidring_tactiles          text10       022EE
__end_of_updateModulationArray       text16       01000
__end_of_updateSwitchBypass          text6        01363
__end_of_updateSwitchBypassState     text40       00004
__end_of_updateSwitchTap             text3        00DBA
__end_of_update_mode                 text2        02106
__end_of_update_selectMode           text1        02637
__end_of_wait_ms                     text38       02098
__end_ofexp@coeff                    stringtext   0281E
__end_ofi1___aldiv                   text80       01953
__end_ofi1___awdiv                   text77       024E5
__end_ofi1___lmul                    text79       03000
__end_ofi1_getModulationSubdivision  text76       02FA3
__end_ofi1_set_leds_top              text75       023FC
__end_oflog@coeff                    stringtext   02839
__end_ofsin@coeff_a                  stringtext   02848
__end_ofsin@coeff_b                  stringtext   02854
__initialization                     cinit        002DF
__pbssBANK0                          bssBANK0     00040
__pbssBANK2                          bssBANK2     0016A
__pbssBANK3                          bssBANK3     001A0
__pbssBANK4                          bssBANK4     00220
__pbssBANK5                          bssBANK5     002A0
__pbssBANK6                          bssBANK6     00320
__pbssBANK7                          bssBANK7     003A0
__pbssBIGRAM                         (abs)        0238A
__pcstackBANK0                       cstackBANK0  00020
__pcstackBANK1                       cstackBANK1  000A0
__pcstackBANK2                       cstackBANK2  00120
__pcstackBANK3                       cstackBANK3  001E7
__pcstackBANK4                       cstackBANK4  00255
__pcstackCOMMON                      cstackCOMMON 00070
__pdataBANK0                         dataBANK0    00052
__pdataBANK2                         dataBANK2    0016F
__pdataBANK3                         dataBANK3    001C7
__pdataBANK4                         dataBANK4    00263
__pidataBANK0                        idataBANK0   02DBE
__pidataBANK2                        idataBANK2   007FF
__pidataBANK3                        idataBANK3   02EC2
__pidataBANK4                        idataBANK4   007FD
__pintentry                          intentry     00004
__pmaintext                          maintext     0035E
__pstringtext                        stringtext   02800
__ptext1                             text1        025DE
__ptext10                            text10       022AE
__ptext11                            text11       01800
__ptext12                            text12       02F04
__ptext13                            text13       02106
__ptext14                            text14       02E02
__ptext15                            text15       02E1A
__ptext16                            text16       00DBA
__ptext17                            text17       009F0
__ptext18                            text18       021F4
__ptext19                            text19       01654
__ptext2                             text2        020CE
__ptext20                            text20       02E86
__ptext21                            text21       014BC
__ptext22                            text22       024E5
__ptext23                            text23       01B6C
__ptext24                            text24       00752
__ptext25                            text25       01BF7
__ptext26                            text26       019D5
__ptext27                            text27       01127
__ptext28                            text28       01F2F
__ptext29                            text29       01363
__ptext3                             text3        00BD3
__ptext30                            text30       01C88
__ptext31                            text31       02F4D
__ptext32                            text32       02446
__ptext33                            text33       023FC
__ptext34                            text34       01AE1
__ptext35                            text35       02DCC
__ptext36                            text36       02E6A
__ptext37                            text37       02098
__ptext38                            text38       02066
__ptext39                            text39       01001
__ptext4                             text4        02E34
__ptext40                            text40       00003
__ptext41                            text41       02002
__ptext42                            text42       02537
__ptext43                            text43       02036
__ptext44                            text44       01850
__ptext45                            text45       02784
__ptext46                            text46       00821
__ptext47                            text47       01DC8
__ptext48                            text48       0226E
__ptext49                            text49       01A5A
__ptext5                             text5        01953
__ptext50                            text50       0217B
__ptext51                            text51       021B7
__ptext52                            text52       0269C
__ptext53                            text53       02E4E
__ptext54                            text54       01E7B
__ptext55                            text55       02FA3
__ptext56                            text56       01031
__ptext57                            text57       02D93
__ptext58                            text58       01D1F
__ptext59                            text59       02EE2
__ptext6                             text6        0123D
__ptext60                            text60       02637
__ptext61                            text61       02DDB
__ptext62                            text62       02370
__ptext63                            text63       0270E
__ptext64                            text64       0258A
__ptext65                            text65       02140
__ptext66                            text66       02EA2
__ptext67                            text67       02F27
__ptext68                            text68       02006
__ptext69                            text69       0232F
__ptext7                             text7        00800
__ptext70                            text70       02D8A
__ptext71                            text71       02D83
__ptext72                            text72       02D9C
__ptext73                            text73       02D7F
__ptext75                            text75       023B4
__ptext76                            text76       02F77
__ptext77                            text77       02494
__ptext78                            text78       022EE
__ptext79                            text79       02FD1
__ptext8                             text8        02231
__ptext80                            text80       018D1
__ptext9                             text9        02DEE
__size_of_ConfigureOscillator        (abs)        00000
__size_of_FLASH_ReadWord             (abs)        00000
__size_of_InitApp                    (abs)        00000
__size_of_InitializeTaps             (abs)        00000
__size_of_ReadSavedSettings          (abs)        00000
__size_of_USARTInit                  (abs)        00000
__size_of___aldiv                    (abs)        00000
__size_of___altoft                   (abs)        00000
__size_of___awdiv                    (abs)        00000
__size_of___awtoft                   (abs)        00000
__size_of___ftadd                    (abs)        00000
__size_of___ftdiv                    (abs)        00000
__size_of___ftge                     (abs)        00000
__size_of___ftmul                    (abs)        00000
__size_of___ftneg                    (abs)        00000
__size_of___ftpack                   (abs)        00000
__size_of___ftsub                    (abs)        00000
__size_of___fttol                    (abs)        00000
__size_of___lltoft                   (abs)        00000
__size_of___lmul                     (abs)        00000
__size_of___wmul                     (abs)        00000
__size_of_adc_convert                (abs)        00000
__size_of_calcCosArray               (abs)        00000
__size_of_cos                        (abs)        00000
__size_of_eval_poly                  (abs)        00000
__size_of_exp                        (abs)        00000
__size_of_floor                      (abs)        00000
__size_of_frexp                      (abs)        00000
__size_of_getModulationDelayTime     (abs)        00000
__size_of_getModulationSubdivision   (abs)        00000
__size_of_getSwitchBypassState       (abs)        00000
__size_of_initSwitchBypass           (abs)        00000
__size_of_init_adc                   (abs)        00000
__size_of_init_pwm                   (abs)        00000
__size_of_init_timer0                (abs)        00000
__size_of_init_timer2                (abs)        00000
__size_of_isr                        (abs)        00000
__size_of_ldexp                      (abs)        00000
__size_of_log                        (abs)        00000
__size_of_main                       (abs)        00000
__size_of_map                        (abs)        00000
__size_of_modCos                     (abs)        00000
__size_of_modSaw                     (abs)        00000
__size_of_modSawRev                  (abs)        00000
__size_of_modSquare                  (abs)        00000
__size_of_modTri                     (abs)        00000
__size_of_modulation                 (abs)        00000
__size_of_pow                        (abs)        00000
__size_of_read_bottom_tactile        (abs)        00000
__size_of_read_top_tactile           (abs)        00000
__size_of_resetRingLEDs              (abs)        00000
__size_of_ring_tactiles              (abs)        00000
__size_of_scaleA100kPot              (abs)        00000
__size_of_scaleA10kPot               (abs)        00000
__size_of_scaleiA10kPot              (abs)        00000
__size_of_setDoublePressState        (abs)        00000
__size_of_setExpressionDisplay       (abs)        00000
__size_of_setLongBypassState         (abs)        00000
__size_of_setLongTapState            (abs)        00000
__size_of_setPedalMode               (abs)        00000
__size_of_setPresetDisplay           (abs)        00000
__size_of_setSwitchBypassRelays      (abs)        00000
__size_of_setSwitchBypassState       (abs)        00000
__size_of_set_leds_bottom            (abs)        00000
__size_of_set_leds_top               (abs)        00000
__size_of_set_subdivision            (abs)        00000
__size_of_showSave                   (abs)        00000
__size_of_sin                        (abs)        00000
__size_of_solidring_tactiles         (abs)        00000
__size_of_updateModulationArray      (abs)        00000
__size_of_updateSwitchBypass         (abs)        00000
__size_of_updateSwitchBypassState    (abs)        00000
__size_of_updateSwitchTap            (abs)        00000
__size_of_update_mode                (abs)        00000
__size_of_update_selectMode          (abs)        00000
[...]
  subDiv          1   13[COMMON] unsigned char 
 Return value:  Size  Location     Type
                  1    wreg      void 
 Registers used:
		wreg, fsr0l, fsr0h, fsr1l, fsr1h, status,2, status,0, pclath, cstack
 Tracked objects:
		On entry : 
		On exit  : 
		Unchanged: 
 Data sizes:     COMMON   BANK0   BANK1   BANK2   BANK3   BANK4   BANK5   BANK6   BANK7   BANK8   BANK9  BANK10  BANK11  BANK12  BANK13  BANK14  BANK15  BANK16  BANK17  BANK18
      Params:         0       0       0       0       0       0       0       0       0       0       0       0       0       0       0       0       0       0       0       0
      Locals:         1       0       0       0       0       0       0       0       0       0       0       0       0       0       0       0       0       0       0       0
      Temps:          0       6       0       0       0       0       0       0       0       0       0       0       0       0       0       0       0       0       0       0
      Totals:         1       6       0       0       0       0       0       0       0       0       0       0       0       0       0       0       0       0       0       0
Total ram usage:        7 bytes
 Hardware stack levels used:    1
 Hardware stack levels required when called:    2
 This function calls:
		_modulation
		i1___awdiv
		i1_getModulationSubdivision
		i1_set_leds_top
 This function is called by:
		Interrupt level 1
 This function uses a non-reentrant model


 *************** function i1_set_leds_top *****************
 Defined at:
		line 16 in file "LEDs.c"
 Parameters:    Size  Location     Type
  x               2    0[COMMON] int 
  ledState        2    2[COMMON] int 
 Auto vars:     Size  Location     Type
		None
 Return value:  Size  Location     Type
                  1    wreg      void 
 Registers used:
		wreg, fsr0l, fsr0h, status,2, status,0
 Tracked objects:
		On entry : 
		On exit  : 
		Unchanged: 
 Data sizes:     COMMON   BANK0   BANK1   BANK2   BANK3   BANK4   BANK5   BANK6   BANK7   BANK8   BANK9  BANK10  BANK11  BANK12  BANK13  BANK14  BANK15  BANK16  BANK17  BANK18
      Params:         4       0       0       0       0       0       0       0       0       0       0       0       0       0       0       0       0       0       0       0
      Locals:         0       0       0       0       0       0       0       0       0       0       0       0       0       0       0       0       0       0       0       0
      Temps:          0       0       0       0       0       0       0       0       0       0       0       0       0       0       0       0       0       0       0       0
      Totals:         4       0       0       0       0       0       0       0       0       0       0       0       0       0       0       0       0       0       0       0
Total ram usage:        4 bytes
 Hardware stack levels used:    1
 This function calls:
		Nothing
 This function is called by:
		_isr
 This function uses a non-reentrant model


 *************** function i1_getModulationSubdivision *****************
 Defined at:
		line 26 in file "modulation.c"
 Parameters:    Size  Location     Type
		None
 Auto vars:     Size  Location     Type
		None
 Return value:  Size  Location     Type
                  2    0[COMMON] int 
 Registers used:
		wreg, status,2, status,0
 Tracked objects:
		On entry : 
		On exit  : 
		Unchanged: 
 Data sizes:     COMMON   BANK0   BANK1   BANK2   BANK3   BANK4   BANK5   BANK6   BANK7   BANK8   BANK9  BANK10  BANK11  BANK12  BANK13  BANK14  BANK15  BANK16  BANK17  BANK18
      Params:         2       0       0       0       0       0       0       0       0       0       0       0       0       0       0       0       0       0       0       0
      Locals:         0       0       0       0       0       0       0       0       0       0       0       0       0       0       0       0       0       0       0       0
      Temps:          0       0       0       0       0       0       0       0       0       0       0       0       0       0       0       0       0       0       0       0
      Totals:         2       0       0       0       0       0       0       0       0       0       0       0       0       0       0       0       0       0       0       0
Total ram usage:        2 bytes
 Hardware stack levels used:    1
 This function calls:
		Nothing
 This function is called by:
		_isr
 This function uses a non-reentrant model


 *************** function i1___awdiv *****************
 Defined at:
		line 6 in file "C:\Program Files (x86)\Microchip\xc8\v1.37\sources\common\awdiv.c"
 Parameters:    Size  Location     Type
  divisor         2    0[COMMON] int 
  dividend        2    2[COMMON] int 
 Auto vars:     Size  Location     Type
  __awdiv         2    7[COMMON] int 
  __awdiv         1    6[COMMON] unsigned char 
  __awdiv         1    5[COMMON] unsigned char 
 Return value:  Size  Location     Type
                  2    0[COMMON] int 
 Registers used:
		wreg, status,2, status,0
 Tracked objects:
		On entry : 
		On exit  : 
		Unchanged: 
 Data sizes:     COMMON   BANK0   BANK1   BANK2   BANK3   BANK4   BANK5   BANK6   BANK7   BANK8   BANK9  BANK10  BANK11  BANK12  BANK13  BANK14  BANK15  BANK16  BANK17  BANK18
      Params:         4       0       0       0       0       0       0       0       0       0       0       0       0       0       0       0       0       0       0       0
      Locals:         4       0       0       0       0       0       0       0       0       0       0       0       0       0       0       0       0       0       0       0
      Temps:          1       0       0       0       0       0       0       0       0       0       0       0       0       0       0       0       0       0       0       0
      Totals:         9       0       0       0       0       0       0       0       0       0       0       0       0       0       0       0       0       0       0       0
Total ram usage:        9 bytes
 Hardware stack levels used:    1
 This function calls:
		Nothing
 This function is called by:
		_isr
 This function uses a non-reentrant model


 *************** function _modulation *****************
 Defined at:
		line 222 in file "user.c"
 Parameters:    Size  Location     Type
  x               4   14[BANK0 ] long 
  y               4   18[BANK0 ] long 
 Auto vars:     Size  Location     Type
		None
 Return value:  Size  Location     Type
                  4   14[BANK0 ] long 
 Registers used:
		wreg, status,2, status,0, pclath, cstack
 Tracked objects:
		On entry : 
		On exit  : 
		Unchanged: 
 Data sizes:     COMMON   BANK0   BANK1   BANK2   BANK3   BANK4   BANK5   BANK6   BANK7   BANK8   BANK9  BANK10  BANK11  BANK12  BANK13  BANK14  BANK15  BANK16  BANK17  BANK18
      Params:         0       8       0       0       0       0       0       0       0       0       0       0       0       0       0       0       0       0       0       0
      Locals:         0       0       0       0       0       0       0       0       0       0       0       0       0       0       0       0       0       0       0       0
      Temps:          0       4       0       0       0       0       0       0       0       0       0       0       0       0       0       0       0       0       0       0
      Totals:         0      12       0       0       0       0       0       0       0       0       0       0       0       0       0       0       0       0       0       0
Total ram usage:       12 bytes
 Hardware stack levels used:    1
 Hardware stack levels required when called:    1
 This function calls:
		i1___aldiv
		i1___lmul
 This function is called by:
		_isr
 This function uses a non-reentrant model


 *************** function i1___lmul *****************
 Defined at:
		line 15 in file "C:\Program Files (x86)\Microchip\xc8\v1.37\sources\common\Umul32.c"
 Parameters:    Size  Location     Type
  multiplier      4    0[COMMON] unsigned long 
  multiplicand    4    4[COMMON] unsigned long 
 Auto vars:     Size  Location     Type
  __lmul          4    8[COMMON] unsigned long 
 Return value:  Size  Location     Type
                  4    0[COMMON] unsigned long 
 Registers used:
		wreg, status,2, status,0
 Tracked objects:
		On entry : 
		On exit  : 
		Unchanged: 
 Data sizes:     COMMON   BANK0   BANK1   BANK2   BANK3   BANK4   BANK5   BANK6   BANK7   BANK8   BANK9  BANK10  BANK11  BANK12  BANK13  BANK14  BANK15  BANK16  BANK17  BANK18
      Params:         8       0       0       0       0       0       0       0       0       0       0       0       0       0       0       0       0       0       0       0
      Locals:         4       0       0       0       0       0       0       0       0       0       0       0       0       0       0       0       0       0       0       0
      Temps:          0       0       0       0       0       0       0       0       0       0       0       0       0       0       0       0       0       0       0       0
      Totals:        12       0       0       0       0       0       0       0       0       0       0       0       0       0       0       0       0       0       0       0
Total ram usage:       12 bytes
 Hardware stack levels used:    1
 This function calls:
		Nothing
 This function is called by:
		_modulation
 This function uses a non-reentrant model


 *************** function i1___aldiv *****************
 Defined at:
		line 6 in file "C:\Program Files (x86)\Microchip\xc8\v1.37\sources\common\aldiv.c"
 Parameters:    Size  Location     Type
  divisor         4    0[BANK0 ] long 
  dividend        4    4[BANK0 ] long 
 Auto vars:     Size  Location     Type
  __aldiv         4   10[BANK0 ] long 
  __aldiv         1    9[BANK0 ] unsigned char 
  __aldiv         1    8[BANK0 ] unsigned char 
 Return value:  Size  Location     Type
                  4    0[BANK0 ] long 
 Registers used:
		wreg, status,2, status,0
 Tracked objects:
		On entry : 
		On exit  : 
		Unchanged: 
 Data sizes:     COMMON   BANK0   BANK1   BANK2   BANK3   BANK4   BANK5   BANK6   BANK7   BANK8   BANK9  BANK10  BANK11  BANK12  BANK13  BANK14  BANK15  BANK16  BANK17  BANK18
      Params:         0       8       0       0       0       0       0       0       0       0       0       0       0       0       0       0       0       0       0       0
      Locals:         0       6       0       0       0       0       0       0       0       0       0       0       0       0       0       0       0       0       0       0
      Temps:          1       0       0       0       0       0       0       0       0       0       0       0       0       0       0       0       0       0       0       0
      Totals:         1      14       0       0       0       0       0       0       0       0       0       0       0       0       0       0       0       0       0       0
Total ram usage:       15 bytes
 Hardware stack levels used:    1
 This function calls:
		Nothing
 This function is called by:
		_modulation
 This function uses a non-reentrant model



MODULE INFORMATION

Module		Function		Class		Link	Load	Size
C:\Program Files (x86)\Microchip\xc8\v1.37\sources\common\altoft.c
		___altoft      		CODE           	21B7	0000	62

C:\Program Files (x86)\Microchip\xc8\v1.37\sources\common\altoft.c estimated size: 62

C:\Program Files (x86)\Microchip\xc8\v1.37\sources\common\ftdiv.c
		___ftdiv       		CODE           	1D1F	0000	170

C:\Program Files (x86)\Microchip\xc8\v1.37\sources\common\ftdiv.c estimated size: 170

tactiles.c
		_update_mode   		CODE           	20CE	0000	57
		_update_selectMode		CODE           	25DE	0000	90
		_read_bottom_tactile		CODE           	23FC	0000	75
		_setPedalMode  		CODE           	2F04	0000	36
		_read_top_tactile		CODE           	2446	0000	79

tactiles.c estimated size: 337

C:\Program Files (x86)\Microchip\xc8\v1.37\sources\common\ftge.c
		___ftge        		CODE           	217B	0000	61

C:\Program Files (x86)\Microchip\xc8\v1.37\sources\common\ftge.c estimated size: 61

C:\Program Files (x86)\Microchip\xc8\v1.37\sources\common\exp.c
		_exp           		CODE           	1363	0000	346

C:\Program Files (x86)\Microchip\xc8\v1.37\sources\common\exp.c estimated size: 346

state_manager.c
		_updateSwitchBypassState		CODE           	0003	0000	2
		_getSwitchBypassState		CODE           	2002	0000	5

state_manager.c estimated size: 7

C:\Program Files (x86)\Microchip\xc8\v1.37\sources\common\floor.c
		_floor         		CODE           	1DC8	0000	180

C:\Program Files (x86)\Microchip\xc8\v1.37\sources\common\floor.c estimated size: 180

interrupts.c
		_isr           		CODE           	0004	0000	730

interrupts.c estimated size: 730

usart_pic16.c
		_USARTInit     		CODE           	2370	0000	69

usart_pic16.c estimated size: 69

C:\Program Files (x86)\Microchip\xc8\v1.37\sources\common\fttol.c
		___fttol       		CODE           	1A5A	0000	136

C:\Program Files (x86)\Microchip\xc8\v1.37\sources\common\fttol.c estimated size: 136

C:\Program Files (x86)\Microchip\xc8\v1.37\sources\common\Umul16.c
		___wmul        		CODE           	2E4E	0000	29

C:\Program Files (x86)\Microchip\xc8\v1.37\sources\common\Umul16.c estimated size: 29

SwitchTap.c
		_setLongTapState		CODE           	2E34	0000	27
		_updateSwitchTap		CODE           	0BD3	0000	488

SwitchTap.c estimated size: 515

C:\Program Files (x86)\Microchip\xc8\v1.37\sources\common\awdiv.c
		___awdiv       		CODE           	24E5	0000	83

C:\Program Files (x86)\Microchip\xc8\v1.37\sources\common\awdiv.c estimated size: 83

C:\Program Files (x86)\Microchip\xc8\v1.37\sources\common\log.c
		_log           		CODE           	1F2F	0000	210

C:\Program Files (x86)\Microchip\xc8\v1.37\sources\common\log.c estimated size: 210

C:\Program Files (x86)\Microchip\xc8\v1.37\sources\common\ftadd.c
		___ftadd       		CODE           	1031	0000	247

C:\Program Files (x86)\Microchip\xc8\v1.37\sources\common\ftadd.c estimated size: 247

C:\Program Files (x86)\Microchip\xc8\v1.37\sources\common\aldiv.c
		___aldiv       		CODE           	1953	0000	131

C:\Program Files (x86)\Microchip\xc8\v1.37\sources\common\aldiv.c estimated size: 131

preset_programming.c
		_setPresetDisplay		CODE           	2106	0000	59
		_setDoublePressState		CODE           	2231	0000	62
		_setExpressionDisplay		CODE           	2E02	0000	25
		_resetRingLEDs 		CODE           	2E1A	0000	27

preset_programming.c estimated size: 173

C:\Program Files (x86)\Microchip\xc8\v1.37\sources\common\cos.c
		_cos           		CODE           	2784	0000	125

C:\Program Files (x86)\Microchip\xc8\v1.37\sources\common\cos.c estimated size: 125

C:\Program Files (x86)\Microchip\xc8\v1.37\sources\common\pow.c
		_pow           		CODE           	1127	0000	279

C:\Program Files (x86)\Microchip\xc8\v1.37\sources\common\pow.c estimated size: 279

C:\Program Files (x86)\Microchip\xc8\v1.37\sources\common\Umul32.c
		___lmul        		CODE           	1001	0000	49

C:\Program Files (x86)\Microchip\xc8\v1.37\sources\common\Umul32.c estimated size: 49

C:\Program Files (x86)\Microchip\xc8\v1.37\sources\common\ftneg.c
		___ftneg       		CODE           	2D93	0000	10

C:\Program Files (x86)\Microchip\xc8\v1.37\sources\common\ftneg.c estimated size: 10

shared
		exp@coeff      		STRCODE        	2800	0000	31
		i1___awdiv     		CODE           	2494	0000	82
		__initialization		CODE           	02DF	0000	124
		i1___lmul      		CODE           	2FD1	0000	48
		i1_set_leds_top		CODE           	23B4	0000	73
		i1___aldiv     		CODE           	18D1	0000	131
		log@coeff      		STRCODE        	281E	0000	28
		i1_getModulationSubdivision		CODE           	2F77	0000	45
		sin@coeff_a    		STRCODE        	2839	0000	16
		sin@coeff_b    		STRCODE        	2848	0000	13

shared estimated size: 591

modulation.c
		_modSawRev     		CODE           	2E86	0000	29
		_calcCosArray  		CODE           	1850	0000	130
		_modCos        		CODE           	1654	0000	429
		_updateModulationArray		CODE           	0DBA	0000	583
		_modSquare     		CODE           	21F4	0000	62
		_modSaw        		CODE           	14BC	0000	409
		_getModulationSubdivision		CODE           	2036	0000	49
		_getModulationDelayTime		CODE           	2537	0000	84
		_modTri        		CODE           	09F0	0000	484

modulation.c estimated size: 2259

C:\Program Files (x86)\Microchip\xc8\v1.37\sources\common\ftsub.c
		___ftsub       		CODE           	2FA3	0000	47

C:\Program Files (x86)\Microchip\xc8\v1.37\sources\common\ftsub.c estimated size: 47

LEDs.c
		_ring_tactiles 		CODE           	1800	0000	81
		_set_leds_bottom		CODE           	2140	0000	60
		_showSave      		CODE           	2DEE	0000	21
		_solidring_tactiles		CODE           	22AE	0000	65
		_set_leds_top  		CODE           	258A	0000	85

LEDs.c estimated size: 312

C:\Program Files (x86)\Microchip\xc8\v1.37\sources\common\awtoft.c
		___awtoft      		CODE           	2EE2	0000	35

C:\Program Files (x86)\Microchip\xc8\v1.37\sources\common\awtoft.c estimated size: 35

SwitchBypass.c
		_setSwitchBypassState		CODE           	2E6A	0000	29
		_setLongBypassState		CODE           	0800	0000	34
		_initSwitchBypass		CODE           	2DCC	0000	16
		_setSwitchBypassRelays		CODE           	2098	0000	55
		_updateSwitchBypass		CODE           	123D	0000	295

SwitchBypass.c estimated size: 429

user.c
		_ReadSavedSettings		CODE           	270E	0000	119
		_map           		CODE           	1AE1	0000	140
		_scaleiA10kPot 		CODE           	0752	0000	172
		_scaleA10kPot  		CODE           	1BF7	0000	146
		_InitApp       		CODE           	2006	0000	49
		_scaleA100kPot 		CODE           	19D5	0000	134
		_init_timer0   		CODE           	2D83	0000	8
		_init_timer2   		CODE           	2D8A	0000	10
		_init_adc      		CODE           	2D9C	0000	11
		_adc_convert   		CODE           	2DDB	0000	20
		_set_subdivision		CODE           	1B6C	0000	140
		_InitializeTaps		CODE           	2F27	0000	39
		_modulation    		CODE           	22EE	0000	66
		_init_pwm      		CODE           	232F	0000	66

user.c estimated size: 1120

C:\Program Files (x86)\Microchip\xc8\v1.37\sources\common\frexp.c
		_ldexp         		CODE           	1C88	0000	152
		_frexp         		CODE           	226E	0000	65

C:\Program Files (x86)\Microchip\xc8\v1.37\sources\common\frexp.c estimated size: 217

C:\Program Files (x86)\Microchip\xc8\v1.37\sources\common\evalpoly.c
		_eval_poly     		CODE           	269C	0000	115

C:\Program Files (x86)\Microchip\xc8\v1.37\sources\common\evalpoly.c estimated size: 115

C:\Program Files (x86)\Microchip\xc8\v1.37\sources\common\float.c
		___ftpack      		CODE           	2637	0000	102

C:\Program Files (x86)\Microchip\xc8\v1.37\sources\common\float.c estimated size: 102

main.c
		_main          		CODE           	035E	0000	1013

main.c estimated size: 1013

memory.c
		_FLASH_ReadWord		CODE           	2EA2	0000	33

memory.c estimated size: 33

system.c
		_ConfigureOscillator		CODE           	2D7F	0000	5
		_wait_ms       		CODE           	2066	0000	51

system.c estimated size: 56

C:\Program Files (x86)\Microchip\xc8\v1.37\sources\common\sin.c
		_sin           		CODE           	0821	0000	464

C:\Program Files (x86)\Microchip\xc8\v1.37\sources\common\sin.c estimated size: 464

C:\Program Files (x86)\Microchip\xc8\v1.37\sources\common\lltoft.c
		___lltoft      		CODE           	2F4D	0000	43

C:\Program Files (x86)\Microchip\xc8\v1.37\sources\common\lltoft.c estimated size: 43

C:\Program Files (x86)\Microchip\xc8\v1.37\sources\common\ftmul.c
		___ftmul       		CODE           	1E7B	0000	181

C:\Program Files (x86)\Microchip\xc8\v1.37\sources\common\ftmul.c estimated size: 181

