Microchip MPLAB XC8 Compiler V1.37 ()

Linker command line:

-W-3 --edf=C:\Program Files (x86)\Microchip\xc8\v1.37\dat\en_msgs.txt -cs \
  -h+dist/Todd/production\Novaplex_V2.X.production.sym \
  --cmf=dist/Todd/production\Novaplex_V2.X.production.cmf -z -Q16F1527 \
  -oC:\Users\Nancy\AppData\Local\Temp\sgs.2 \
  -Mdist/Todd/production/Novaplex_V2.X.production.map -E1 -ver=XC8 \
  -ASTACK=02310h-023e7h -pstack=STACK -ACODE=00h-07FFhx8 \
  -ASTRCODE=00h-03FFFh -ASTRING=00h-0FFhx64 -ACONST=00h-0FFhx64 \
  -AENTRY=00h-0FFhx64 -ACOMMON=070h-07Fh -ABANK0=020h-06Fh \
  -ABANK1=0A0h-0EFh -ABANK2=0120h-016Fh -ABANK3=01A0h-01EFh \
  -ABANK4=0220h-026Fh -ABANK5=02A0h-02EFh -ABANK6=0320h-036Fh \
  -ABANK7=03A0h-03EFh -ABANK8=0420h-046Fh -ABANK9=04A0h-04EFh \
  -ABANK10=0520h-056Fh -ABANK11=05A0h-05EFh -ABANK12=0620h-066Fh \
  -ABANK13=06A0h-06EFh -ABANK14=0720h-076Fh -ABANK15=07A0h-07EFh \
  -ABANK16=0820h-086Fh -ABANK17=08A0h-08EFh -ABANK18=0920h-096Fh \
  -ABIGRAM=02000h-025EFh \
  -ARAM=020h-06Fh,0A0h-0EFh,0120h-016Fh,01A0h-01EFh,0220h-026Fh,02A0h-02EFh,0320h-036Fh,03A0h-03EFh,0420h-046Fh,04A0h-04EFh,0520h-056Fh,05A0h-05EFh,0620h-066Fh,06A0h-06EFh,0720h-076Fh,07A0h-07EFh,0820h-086Fh,08A0h-08EFh,0920h-096Fh \
  -AABS1=020h-07Fh,0A0h-0EFh,0120h-016Fh,01A0h-01EFh,0220h-026Fh,02A0h-02EFh,0320h-036Fh,03A0h-03EFh,0420h-046Fh,04A0h-04EFh,0520h-056Fh,05A0h-05EFh,0620h-066Fh,06A0h-06EFh,0720h-076Fh,07A0h-07EFh,0820h-086Fh,08A0h-08EFh,0920h-096Fh \
  -ASFR0=00h-01Fh -ASFR1=080h-09Fh -ASFR2=0100h-011Fh -ASFR3=0180h-019Fh \
  -ASFR4=0200h-021Fh -ASFR5=0280h-029Fh -ASFR6=0300h-031Fh \
  -ASFR7=0380h-039Fh -ASFR8=0400h-041Fh -ASFR9=0480h-049Fh \
  -ASFR10=0500h-051Fh -ASFR11=0580h-059Fh -ASFR12=0600h-061Fh \
  -ASFR13=0680h-069Fh -ASFR14=0700h-071Fh -ASFR15=0780h-079Fh \
  -ASFR16=0800h-081Fh -ASFR17=0880h-089Fh -ASFR18=0900h-091Fh \
  -ASFR19=0980h-09EFh -ASFR20=0A00h-0A6Fh -ASFR21=0A80h-0AEFh \
  -ASFR22=0B00h-0B6Fh -ASFR23=0B80h-0BEFh -ASFR24=0C00h-0C6Fh \
  -ASFR25=0C80h-0CEFh -ASFR26=0D00h-0D6Fh -ASFR27=0D80h-0DEFh \
  -ASFR28=0E00h-0E6Fh -ASFR29=0E80h-0EEFh -ASFR30=0F00h-0F6Fh \
  -ASFR31=0F80h-0FEFh -preset_vec=00h,intentry=04h,init,end_init \
  -ppowerup=CODE -pcinit=CODE -pfunctab=CODE -ACONFIG=08007h-08008h \
  -pconfig=CONFIG -DCONFIG=2 -AIDLOC=08000h-08003h -pidloc=IDLOC -DIDLOC=2 \
  -DCODE=2 -DSTRCODE=2 -DSTRING=2 -DCONST=2 -DENTRY=2 -k \
  C:\Users\Nancy\AppData\Local\Temp\sgs.obj \
  dist/Todd/production\Novaplex_V2.X.production.obj 

Object code version is 3.11

Machine type is 16F1527



                Name                               Link     Load   Length Selector   Space Scale
C:\Users\Nancy\AppData\Local\Temp\sgs.obj
                end_init                            2E1      2E1        2        8       0
                reset_vec                             0        0        2        0       0
                config                             8007     8007        2    1000E       0
dist/Todd/production\Novaplex_V2.X.production.obj
                cinit                               2E3      2E3       AE        8       0
                intentry                              4        4      2DD        8       0
                text50                             13E5     13E5       51     27CA       0
                text49                             15D2     15D2       82     2BA4       0
                text48                             1F3F     1F3F       2F     3E7E       0
                text47                             11AE     11AE       41     235C       0
                text46                             12B8     12B8       48     2570       0
                text44                             1DB2     1DB2        4     3B64       0
                text43                             1DD3     1DD3        A     3BA6       0
                text42                             1DBA     1DBA        7     3B74       0
                text41                             1DC1     1DC1        9     3B82       0
                text40                             11EF     11EF       41     23DE       0
                text39                             1F6E     1F6E       30     3EDC       0
                text38                             1EC6     1EC6       26     3D8C       0
                text37                             1E84     1E84       20     3D08       0
                text36                             107C     107C       3B     20F8       0
                text35                              7AA      7AA       54        8       0
                text34                             155C     155C       76     2AB8       0
                text33                             1E21     1E21       13     3C42       0
                text32                             1DB6     1DB6        4     3B6C       0
                text31                              7FF      7FF        1        8       0
                text30                             1F9E     1F9E       30     3F3C       0
                text29                             1FCE     1FCE       32     3F9C       0
                text28                             1300     1300       4A     2600       0
                text27                             1E00     1E00        F     3C00       0
                text26                             1488     1488       65     2910       0
                text25                              B1E      B1E       F6     163C       0
                text24                              81C      81C       A9     1038       0
                text23                              8C5      8C5       B4     118A       0
                text22                             1DCA     1DCA        9     3B94       0
                text21                             16D6     16D6       8B     2DAC       0
                text20                             1271     1271       47     24E2       0
                text19                             1395     1395       50     272A       0
                text18                             1EA4     1EA4       22     3D48       0
                text17                             134A     134A       4B     2694       0
                text16                             1761     1761       9F     2EC2       0
                text15                             1042     1042       3A     2084       0
                text14                             1436     1436       52     286C       0
                text13                              979      979       BA     12F2       0
                text12                             1E34     1E34       19     3C68       0
                text11                             1E67     1E67       1D     3CCE       0
                text10                             116E     116E       40     22DC       0
                text9                              14ED     14ED       6F     29DA       0
                text8                              1F14     1F14       2B     3E28       0
                text7                              100D     100D       35     201A       0
                text6                              1E4D     1E4D       1A     3C9A       0
                text5                               A33      A33       EB     1466       0
                text4                              1654     1654       82     2CA8       0
                text3                               802      802       1A     1004       0
                text2                               C14      C14      1E4     1828       0
                text1                              1230     1230       41     2460       0
                maintext                            391      391      419        8       0
                cstackBANK0                          20       20       25       20       1
                cstackCOMMON                         70       70        D       70       1
                cstackBANK1                          A0       A0       50       A0       1
                cstackBANK2                         120      120       26      120       1
                cstackBANK4                         248      248        F      220       1
                inittext                           1DE8     1DE8        C     3BD0       0
                clrtext                            1DF4     1DF4        C     3BE8       0
                bssBANK9                            4A0      4A0       40      4A0       1
                dataBANK8                           420      420       3D      420       1
                dataBANK7                           3A0      3A0       3D      3A0       1
                dataBANK6                           320      320       3D      320       1
                bssBANK5                            2A0      2A0       2C      2A0       1
                dataBANK4                           220      220       28      220       1
                dataBANK3                           1E1      1E1        B      1A0       1
                bssBANK3                            1A0      1A0       41      1A0       1
                dataBANK2                           15A      15A        C      120       1
                bssBANK2                            146      146       14      120       1
                dataBANK0                            58       58       12       20       1
                bssBANK0                             45       45       13       20       1
                dataCOMMON                           7D       7D        1       70       1
                nvBANK3                             1EC      1EC        2      1A0       1
                idataBIGRAM                         DF8      DF8      208     1BF0       0
                idataBANK8                         10B7     10B7       3D     216E       0
                idataBANK7                         10F4     10F4       3D     21E8       0
                idataBANK6                         1131     1131       3D     2262       0
                idataBANK4                         1EEC     1EEC       28     3DD8       0
                idataBANK3                         1DDD     1DDD        B     3BBA       0
                idataBANK2                         1001     1001        C     2002       0
                idataBANK0                         1E0F     1E0F       12     3C1E       0
                idataCOMMON                         7FE      7FE        1        8       0

TOTAL           Name                               Link     Load   Length     Space
        CLASS   STACK          

        CLASS   CODE           
                end_init                            2E1      2E1        2         0
                cinit                               2E3      2E3       AE         0
                intentry                              4        4      2DD         0
                reset_vec                             0        0        2         0
                text50                             13E5     13E5       51         0
                text49                             15D2     15D2       82         0
                text48                             1F3F     1F3F       2F         0
                text47                             11AE     11AE       41         0
                text46                             12B8     12B8       48         0
                text44                             1DB2     1DB2        4         0
                text43                             1DD3     1DD3        A         0
                text42                             1DBA     1DBA        7         0
                text41                             1DC1     1DC1        9         0
                text40                             11EF     11EF       41         0
                text39                             1F6E     1F6E       30         0
                text38                             1EC6     1EC6       26         0
                text37                             1E84     1E84       20         0
                text36                             107C     107C       3B         0
                text35                              7AA      7AA       54         0
                text34                             155C     155C       76         0
                text33                             1E21     1E21       13         0
                text32                             1DB6     1DB6        4         0
                text31                              7FF      7FF        1         0
                text30                             1F9E     1F9E       30         0
                text29                             1FCE     1FCE       32         0
                text28                             1300     1300       4A         0
                text27                             1E00     1E00        F         0
                text26                             1488     1488       65         0
                text25                              B1E      B1E       F6         0
                text24                              81C      81C       A9         0
                text23                              8C5      8C5       B4         0
                text22                             1DCA     1DCA        9         0
                text21                             16D6     16D6       8B         0
                text20                             1271     1271       47         0
                text19                             1395     1395       50         0
                text18                             1EA4     1EA4       22         0
                text17                             134A     134A       4B         0
                text16                             1761     1761       9F         0
                text15                             1042     1042       3A         0
                text14                             1436     1436       52         0
                text13                              979      979       BA         0
                text12                             1E34     1E34       19         0
                text11                             1E67     1E67       1D         0
                text10                             116E     116E       40         0
                text9                              14ED     14ED       6F         0
                text8                              1F14     1F14       2B         0
                text7                              100D     100D       35         0
                text6                              1E4D     1E4D       1A         0
                text5                               A33      A33       EB         0
                text4                              1654     1654       82         0
                text3                               802      802       1A         0
                text2                               C14      C14      1E4         0
                text1                              1230     1230       41         0
                maintext                            391      391      419         0
                inittext                           1DE8     1DE8        C         0
                clrtext                            1DF4     1DF4        C         0
                idataBIGRAM                         DF8      DF8      208         0
                idataBANK8                         10B7     10B7       3D         0
                idataBANK7                         10F4     10F4       3D         0
                idataBANK6                         1131     1131       3D         0
                idataBANK4                         1EEC     1EEC       28         0
                idataBANK3                         1DDD     1DDD        B         0
                idataBANK2                         1001     1001        C         0
                idataBANK0                         1E0F     1E0F       12         0
                idataCOMMON                         7FE      7FE        1         0

        CLASS   STRCODE        

        CLASS   STRING         

        CLASS   CONST          

        CLASS   ENTRY          

        CLASS   COMMON         
                cstackCOMMON                         70       70        D         1
                dataCOMMON                           7D       7D        1         1

        CLASS   BANK0          
                cstackBANK0                          20       20       25         1
                dataBANK0                            58       58       12         1
                bssBANK0                             45       45       13         1

        CLASS   BANK1          
                cstackBANK1                          A0       A0       50         1

        CLASS   BANK2          
                cstackBANK2                         120      120       26         1
                dataBANK2                           15A      15A        C         1
                bssBANK2                            146      146       14         1

        CLASS   BANK3          
                dataBANK3                           1E1      1E1        B         1
                bssBANK3                            1A0      1A0       41         1
                nvBANK3                             1EC      1EC        2         1

        CLASS   BANK4          
                cstackBANK4                         248      248        F         1
                dataBANK4                           220      220       28         1

        CLASS   BANK5          
                bssBANK5                            2A0      2A0       2C         1

        CLASS   BANK6          
                dataBANK6                           320      320       3D         1

        CLASS   BANK7          
                dataBANK7                           3A0      3A0       3D         1

        CLASS   BANK8          
                dataBANK8                           420      420       3D         1

        CLASS   BANK9          
                bssBANK9                            4A0      4A0       40         1

        CLASS   BANK10         

        CLASS   BANK11         

        CLASS   BANK12         

        CLASS   BANK13         

        CLASS   BANK14         

        CLASS   BANK15         

        CLASS   BANK16         

        CLASS   BANK17         

        CLASS   BANK18         

        CLASS   BIGRAM         

        CLASS   RAM            

        CLASS   ABS1           
                abs_s1                               7E       7E        2         1
                abs_s1                              648      648       28         1
                abs_s1                              6A0      6A0       50         1
                abs_s1                              720      720       50         1
                abs_s1                              7A0      7A0       50         1
                abs_s1                              820      820       50         1
                abs_s1                              8A0      8A0       50         1
                abs_s1                              920      920       50         1
                abs_s1                             23E8     23E8        0         1

        CLASS   SFR0           

        CLASS   SFR1           

        CLASS   SFR2           

        CLASS   SFR3           

        CLASS   SFR4           

        CLASS   SFR5           

        CLASS   SFR6           

        CLASS   SFR7           

        CLASS   SFR8           

        CLASS   SFR9           

        CLASS   SFR10          

        CLASS   SFR11          

        CLASS   SFR12          

        CLASS   SFR13          

        CLASS   SFR14          

        CLASS   SFR15          

        CLASS   SFR16          

        CLASS   SFR17          

        CLASS   SFR18          

        CLASS   SFR19          

        CLASS   SFR20          

        CLASS   SFR21          

        CLASS   SFR22          

        CLASS   SFR23          

        CLASS   SFR24          

        CLASS   SFR25          

        CLASS   SFR26          

        CLASS   SFR27          

        CLASS   SFR28          

        CLASS   SFR29          

        CLASS   SFR30          

        CLASS   SFR31          

        CLASS   CONFIG         
                config                             8007     8007        2         0

        CLASS   IDLOC          

        CLASS   BANK31         

        CLASS   BANK30         

        CLASS   BANK29         

        CLASS   BANK28         

        CLASS   BANK27         

        CLASS   BANK26         

        CLASS   BANK25         

        CLASS   BANK24         

        CLASS   BANK23         

        CLASS   BANK22         

        CLASS   BANK21         

        CLASS   BANK20         

        CLASS   BANK19         

        CLASS   EEDATA         



SEGMENTS        Name                           Load    Length   Top    Selector   Space  Class     Delta

                reset_vec                      000000  000002  000002         0       0  CODE        2
                intentry                       000004  0007FC  000800         8       0  CODE        2
                cstackBANK0                    000020  00004A  00006A        20       1  BANK0       1
                cstackCOMMON                   000070  00000E  00007E        70       1  COMMON      1
                cstackBANK1                    0000A0  000050  0000F0        A0       1  BANK1       1
                cstackBANK2                    000120  000046  000166       120       1  BANK2       1
                bssBANK3                       0001A0  00004E  0001EE       1A0       1  BANK3       1
                dataBANK4                      000220  000037  000257       220       1  BANK4       1
                bssBANK5                       0002A0  00002C  0002CC       2A0       1  BANK5       1
                dataBANK6                      000320  00003D  00035D       320       1  BANK6       1
                dataBANK7                      0003A0  00003D  0003DD       3A0       1  BANK7       1
                dataBANK8                      000420  00003D  00045D       420       1  BANK8       1
                bssBANK9                       0004A0  000040  0004E0       4A0       1  BANK9       1
                text3                          000802  00001A  00081C      1004       0  CODE        2
                text24                         00081C  0000A9  0008C5      1038       0  CODE        2
                text23                         0008C5  0000B4  000979      118A       0  CODE        2
                text13                         000979  0000BA  000A33      12F2       0  CODE        2
                text5                          000A33  0000EB  000B1E      1466       0  CODE        2
                text25                         000B1E  0000F6  000C14      163C       0  CODE        2
                text2                          000C14  0001E4  000DF8      1828       0  CODE        2
                idataBIGRAM                    000DF8  000208  001000      1BF0       0  CODE        2
                idataBANK2                     001001  00000C  00100D      2002       0  CODE        2
                text7                          00100D  000035  001042      201A       0  CODE        2
                text15                         001042  00003A  00107C      2084       0  CODE        2
                text36                         00107C  00003B  0010B7      20F8       0  CODE        2
                idataBANK8                     0010B7  00003D  0010F4      216E       0  CODE        2
                idataBANK7                     0010F4  00003D  001131      21E8       0  CODE        2
                idataBANK6                     001131  00003D  00116E      2262       0  CODE        2
                text10                         00116E  000040  0011AE      22DC       0  CODE        2
                text47                         0011AE  000041  0011EF      235C       0  CODE        2
                text40                         0011EF  000041  001230      23DE       0  CODE        2
                text1                          001230  000041  001271      2460       0  CODE        2
                text20                         001271  000047  0012B8      24E2       0  CODE        2
                text46                         0012B8  000048  001300      2570       0  CODE        2
                text28                         001300  00004A  00134A      2600       0  CODE        2
                text17                         00134A  00004B  001395      2694       0  CODE        2
                text19                         001395  000050  0013E5      272A       0  CODE        2
                text50                         0013E5  000051  001436      27CA       0  CODE        2
                text14                         001436  000052  001488      286C       0  CODE        2
                text26                         001488  000065  0014ED      2910       0  CODE        2
                text9                          0014ED  00006F  00155C      29DA       0  CODE        2
                text34                         00155C  000076  0015D2      2AB8       0  CODE        2
                text49                         0015D2  000082  001654      2BA4       0  CODE        2
                text4                          001654  000082  0016D6      2CA8       0  CODE        2
                text21                         0016D6  00008B  001761      2DAC       0  CODE        2
                text16                         001761  00009F  001800      2EC2       0  CODE        2
                text44                         001DB2  000004  001DB6      3B64       0  CODE        2
                text32                         001DB6  000004  001DBA      3B6C       0  CODE        2
                text42                         001DBA  000007  001DC1      3B74       0  CODE        2
                text41                         001DC1  000009  001DCA      3B82       0  CODE        2
                text22                         001DCA  000009  001DD3      3B94       0  CODE        2
                text43                         001DD3  00000A  001DDD      3BA6       0  CODE        2
                idataBANK3                     001DDD  00000B  001DE8      3BBA       0  CODE        2
                inittext                       001DE8  00000C  001DF4      3BD0       0  CODE        2
                clrtext                        001DF4  00000C  001E00      3BE8       0  CODE        2
                text27                         001E00  00000F  001E0F      3C00       0  CODE        2
                idataBANK0                     001E0F  000012  001E21      3C1E       0  CODE        2
                text33                         001E21  000013  001E34      3C42       0  CODE        2
                text12                         001E34  000019  001E4D      3C68       0  CODE        2
                text6                          001E4D  00001A  001E67      3C9A       0  CODE        2
                text11                         001E67  00001D  001E84      3CCE       0  CODE        2
                text37                         001E84  000020  001EA4      3D08       0  CODE        2
                text18                         001EA4  000022  001EC6      3D48       0  CODE        2
                text38                         001EC6  000026  001EEC      3D8C       0  CODE        2
                idataBANK4                     001EEC  000028  001F14      3DD8       0  CODE        2
                text8                          001F14  00002B  001F3F      3E28       0  CODE        2
                text48                         001F3F  00002F  001F6E      3E7E       0  CODE        2
                text39                         001F6E  000030  001F9E      3EDC       0  CODE        2
                text30                         001F9E  000030  001FCE      3F3C       0  CODE        2
                text29                         001FCE  000032  002000      3F9C       0  CODE        2
                config                         008007  000002  008009     1000E       0  CONFIG      2


UNUSED ADDRESS RANGES

        Name                Unused          Largest block    Delta
        BANK0            0006A-0006F               6           1
        BANK10           00520-0056F              50           1
        BANK11           005A0-005EF              50           1
        BANK12           00620-00647              28           1
        BANK2            00166-0016F               A           1
        BANK3            001EE-001EF               2           1
        BANK4            00257-0026F              19           1
        BANK5            002CC-002EF              24           1
        BANK6            0035D-0036F              13           1
        BANK7            003DD-003EF              13           1
        BANK8            0045D-0046F              13           1
        BANK9            004E0-004EF              10           1
        BIGRAM           02000-025EF             5F0           1
        CODE             00002-00003               2           2
                         00800-00801               2
                         01000-01000               1
                         01800-01DB1             5B2
                         02000-03FFF             800
        CONST            00002-00003               2           2
                         00800-00801               2
                         01000-01000               1
                         01800-01DB1             100
                         02000-03FFF             100
        ENTRY            00002-00003               2           2
                         00800-00801               2
                         01000-01000               1
                         01800-01DB1             100
                         02000-03FFF             100
        IDLOC            08000-08003               4           2
        RAM              0006A-0006F               6           1
                         00166-0016F               A
                         001EE-001EF               2
                         00257-0026F              19
                         002CC-002EF              24
                         0035D-0036F              13
                         003DD-003EF              13
                         0045D-0046F              13
                         004E0-004EF              10
                         00520-0056F              50
                         005A0-005EF              50
                         00620-00647              28
        SFR0             00000-0001F              20           1
        SFR1             00080-0009F              20           1
        SFR10            00500-0051F              20           1
        SFR11            00580-0059F              20           1
        SFR12            00600-0061F              20           1
        SFR13            00680-0069F              20           1
        SFR14            00700-0071F              20           1
        SFR15            00780-0079F              20           1
        SFR16            00800-0081F              20           1
        SFR17            00880-0089F              20           1
        SFR18            00900-0091F              20           1
        SFR19            00980-009EF              70           1
        SFR2             00100-0011F              20           1
        SFR20            00A00-00A6F              70           1
        SFR21            00A80-00AEF              70           1
        SFR22            00B00-00B6F              70           1
        SFR23            00B80-00BEF              70           1
        SFR24            00C00-00C6F              70           1
        SFR25            00C80-00CEF              70           1
        SFR26            00D00-00D6F              70           1
        SFR27            00D80-00DEF              70           1
        SFR28            00E00-00E6F              70           1
        SFR29            00E80-00EEF              70           1
        SFR3             00180-0019F              20           1
        SFR30            00F00-00F6F              70           1
        SFR31            00F80-00FEF              70           1
        SFR4             00200-0021F              20           1
        SFR5             00280-0029F              20           1
        SFR6             00300-0031F              20           1
        SFR7             00380-0039F              20           1
        SFR8             00400-0041F              20           1
        SFR9             00480-0049F              20           1
        STACK            02310-023E7              D8           1
        STRCODE          00002-00003               2           2
                         00800-00801               2
                         01000-01000               1
                         01800-01DB1             5B2
                         02000-03FFF            2000
        STRING           00002-00003               2           2
                         00800-00801               2
                         01000-01000               1
                         01800-01DB1             100
                         02000-03FFF             100

                                  Symbol Table

?_FLASH_ReadWord                  cstackBANK1  000A0
?___aldiv                         cstackBANK1  000A0
?___altoft                        cstackBANK2  00126
?___awdiv                         cstackCOMMON 00070
?___awtoft                        cstackBANK1  000A8
?___ftadd                         cstackBANK1  000A8
?___ftdiv                         cstackBANK1  000C5
?___ftmul                         cstackBANK1  000B5
?___ftneg                         cstackBANK1  000A0
?___ftpack                        cstackBANK1  000A0
?___fttol                         cstackBANK1  000E7
?___lmul                          cstackBANK1  000A0
?_adc_convert                     cstackBANK1  000A0
?_getSwitchBypassState            cstackBANK1  000A0
?_map                             cstackBANK1  000D5
?_modulation                      cstackBANK0  0002E
?_set_subdivision                 cstackBANK2  00136
?_trunc                           cstackBANK2  0012E
?i1___aldiv                       cstackBANK0  00020
?i1___lmul                        cstackCOMMON 00070
FLASH_ReadWord@GIEBitValue        cstackBANK1  000A2
FLASH_ReadWord@flashAddr          cstackBANK1  000A0
InitializeTaps@itap               cstackBANK1  000A1
_ADCON0bits                       (abs)        0009D
_ADCON1bits                       (abs)        0009E
_ADRESH                           (abs)        0009C
_ADRESL                           (abs)        0009B
_ANSELEbits                       (abs)        00190
_ANSELFbits                       (abs)        0040C
_APFCONbits                       (abs)        0011D
_B25k                             dataBANK4    00220
_B25kLength                       nvBANK3      001EC
_CCP10CONbits                     (abs)        0061F
_CCP1CONbits                      (abs)        00293
_CCP2CONbits                      (abs)        0029A
_CCP3CONbits                      (abs)        00313
_CCP4CONbits                      (abs)        0031A
_CCP5CONbits                      (abs)        0031E
_CCP6CONbits                      (abs)        00613
_CCP7CONbits                      (abs)        00616
_CCP8CONbits                      (abs)        00619
_CCP9CONbits                      (abs)        0061C
_CCPR1                            (abs)        00291
_CCPR2                            (abs)        00298
_CCPR3                            (abs)        00311
_CCPR4                            (abs)        00318
_CCPR5                            (abs)        0031C
_CCPR9                            (abs)        0061A
_CCPTMRS0                         (abs)        0029D
_CCPTMRS1                         (abs)        0029E
_CCPTMRS2                         (abs)        0029F
_ConfigureOscillator              text44       01DB2
_FLASH_ReadWord                   text37       01E84
_INTCONbits                       (abs)        0000B
_InitApp                          text39       01F6E
_InitializeTaps                   text38       01EC6
_LATBbits                         (abs)        0010D
_LATDbits                         (abs)        0010F
_LATFbits                         (abs)        0038C
_LATGbits                         (abs)        0038D
_OPTION_REGbits                   (abs)        00095
_OSCCONbits                       (abs)        00099
_PMADRH                           (abs)        00192
_PMADRL                           (abs)        00191
_PMCON1bits                       (abs)        00195
_PMCON2                           (abs)        00196
_PMDATH                           (abs)        00194
_PMDATL                           (abs)        00193
_PORTCbits                        (abs)        0000E
_PORTDbits                        (abs)        0000F
_PORTEbits                        (abs)        00010
_PR2                              (abs)        0001B
_ReadSavedSettings                text34       0155C
_T2CONbits                        (abs)        0001C
_TRISBbits                        (abs)        0008D
_TRISCbits                        (abs)        0008E
_TRISDbits                        (abs)        0008F
_TRISEbits                        (abs)        00090
_TRISFbits                        (abs)        0030C
_TRISGbits                        (abs)        0030D
__CFG_BOREN$ON                    (abs)        00000
__CFG_BORV$LO                     (abs)        00000
__CFG_CLKOUTEN$OFF                (abs)        00000
__CFG_CP$OFF                      (abs)        00000
__CFG_FCMEN$ON                    (abs)        00000
__CFG_FOSC$HS                     (abs)        00000
__CFG_IESO$ON                     (abs)        00000
__CFG_LPBOR$OFF                   (abs)        00000
__CFG_LVP$OFF                     (abs)        00000
__CFG_MCLRE$ON                    (abs)        00000
__CFG_PWRTE$OFF                   (abs)        00000
__CFG_STVREN$ON                   (abs)        00000
__CFG_VCAPEN$OFF                  (abs)        00000
__CFG_WDTE$OFF                    (abs)        00000
__CFG_WRT$OFF                     (abs)        00000
__Habs1                           abs1         00000
__Hbank0                          bank0        00000
__Hbank1                          bank1        00000
__Hbank10                         bank10       00000
__Hbank11                         bank11       00000
__Hbank12                         bank12       00000
__Hbank13                         bank13       00000
__Hbank14                         bank14       00000
__Hbank15                         bank15       00000
__Hbank16                         bank16       00000
__Hbank17                         bank17       00000
__Hbank18                         bank18       00000
__Hbank19                         bank19       00000
__Hbank2                          bank2        00000
__Hbank20                         bank20       00000
__Hbank21                         bank21       00000
__Hbank22                         bank22       00000
__Hbank23                         bank23       00000
__Hbank24                         bank24       00000
__Hbank25                         bank25       00000
__Hbank26                         bank26       00000
__Hbank27                         bank27       00000
__Hbank28                         bank28       00000
__Hbank29                         bank29       00000
__Hbank3                          bank3        00000
__Hbank30                         bank30       00000
__Hbank31                         bank31       00000
__Hbank4                          bank4        00000
__Hbank5                          bank5        00000
__Hbank6                          bank6        00000
__Hbank7                          bank7        00000
__Hbank8                          bank8        00000
__Hbank9                          bank9        00000
__Hbigram                         bigram       00000
__HbssBANK0                       bssBANK0     00000
__HbssBANK2                       bssBANK2     00000
__HbssBANK3                       bssBANK3     00000
__HbssBANK5                       bssBANK5     00000
__HbssBANK9                       bssBANK9     00000
__Hcinit                          cinit        00391
__Hclrtext                        clrtext      00000
__Hcode                           code         00000
__Hcommon                         common       00000
__Hconfig                         config       08009
__HcstackBANK0                    cstackBANK0  00000
__HcstackBANK1                    cstackBANK1  00000
__HcstackBANK2                    cstackBANK2  00000
__HcstackBANK4                    cstackBANK4  00000
__HcstackCOMMON                   cstackCOMMON 00000
__HdataBANK0                      dataBANK0    00000
__HdataBANK2                      dataBANK2    00000
__HdataBANK3                      dataBANK3    00000
__HdataBANK4                      dataBANK4    00000
__HdataBANK6                      dataBANK6    00000
__HdataBANK7                      dataBANK7    00000
__HdataBANK8                      dataBANK8    00000
__HdataCOMMON                     dataCOMMON   00000
__Heeprom_data                    eeprom_data  00000
__Hend_init                       end_init     002E3
__Hfunctab                        functab      00000
__HidataBANK0                     idataBANK0   00000
__HidataBANK2                     idataBANK2   00000
__HidataBANK3                     idataBANK3   00000
__HidataBANK4                     idataBANK4   00000
__HidataBANK6                     idataBANK6   00000
__HidataBANK7                     idataBANK7   00000
__HidataBANK8                     idataBANK8   00000
__HidataBIGRAM                    idataBIGRAM  00000
__HidataCOMMON                    idataCOMMON  00000
__Hidloc                          idloc        00000
__Hinit                           init         002E1
__Hinittext                       inittext     00000
__Hintentry                       intentry     002E1
__Hmaintext                       maintext     00000
__HnvBANK3                        nvBANK3      00000
__Hpowerup                        powerup      00000
__Hram                            ram          00000
__Hreset_vec                      reset_vec    00002
__Hsfr0                           sfr0         00000
__Hsfr1                           sfr1         00000
__Hsfr10                          sfr10        00000
__Hsfr11                          sfr11        00000
__Hsfr12                          sfr12        00000
__Hsfr13                          sfr13        00000
__Hsfr14                          sfr14        00000
__Hsfr15                          sfr15        00000
__Hsfr16                          sfr16        00000
__Hsfr17                          sfr17        00000
__Hsfr18                          sfr18        00000
__Hsfr19                          sfr19        00000
__Hsfr2                           sfr2         00000
__Hsfr20                          sfr20        00000
__Hsfr21                          sfr21        00000
__Hsfr22                          sfr22        00000
__Hsfr23                          sfr23        00000
__Hsfr24                          sfr24        00000
__Hsfr25                          sfr25        00000
__Hsfr26                          sfr26        00000
__Hsfr27                          sfr27        00000
__Hsfr28                          sfr28        00000
__Hsfr29                          sfr29        00000
__Hsfr3                           sfr3         00000
__Hsfr30                          sfr30        00000
__Hsfr31                          sfr31        00000
__Hsfr4                           sfr4         00000
__Hsfr5                           sfr5         00000
__Hsfr6                           sfr6         00000
__Hsfr7                           sfr7         00000
__Hsfr8                           sfr8         00000
__Hsfr9                           sfr9         00000
__Hspace_0                        (abs)        08009
__Hspace_1                        (abs)        004E0
__Hspace_2                        (abs)        00000
__Hspace_3                        (abs)        00000
__Hstack                          stack        00000
__Hstrings                        strings      00000
__Htext                           text         00000
__Labs1                           abs1         00000
__Lbank0                          bank0        00000
__Lbank1                          bank1        00000
__Lbank10                         bank10       00000
__Lbank11                         bank11       00000
__Lbank12                         bank12       00000
__Lbank13                         bank13       00000
__Lbank14                         bank14       00000
__Lbank15                         bank15       00000
__Lbank16                         bank16       00000
__Lbank17                         bank17       00000
__Lbank18                         bank18       00000
__Lbank19                         bank19       00000
__Lbank2                          bank2        00000
__Lbank20                         bank20       00000
__Lbank21                         bank21       00000
__Lbank22                         bank22       00000
__Lbank23                         bank23       00000
__Lbank24                         bank24       00000
__Lbank25                         bank25       00000
__Lbank26                         bank26       00000
__Lbank27                         bank27       00000
__Lbank28                         bank28       00000
__Lbank29                         bank29       00000
__Lbank3                          bank3        00000
__Lbank30                         bank30       00000
__Lbank31                         bank31       00000
__Lbank4                          bank4        00000
__Lbank5                          bank5        00000
__Lbank6                          bank6        00000
__Lbank7                          bank7        00000
__Lbank8                          bank8        00000
__Lbank9                          bank9        00000
__Lbigram                         bigram       00000
__LbssBANK0                       bssBANK0     00000
__LbssBANK2                       bssBANK2     00000
__LbssBANK3                       bssBANK3     00000
__LbssBANK5                       bssBANK5     00000
__LbssBANK9                       bssBANK9     00000
__Lcinit                          cinit        002E3
__Lclrtext                        clrtext      00000
__Lcode                           code         00000
__Lcommon                         common       00000
__Lconfig                         config       08007
__LcstackBANK0                    cstackBANK0  00000
__LcstackBANK1                    cstackBANK1  00000
__LcstackBANK2                    cstackBANK2  00000
__LcstackBANK4                    cstackBANK4  00000
__LcstackCOMMON                   cstackCOMMON 00000
__LdataBANK0                      dataBANK0    00000
__LdataBANK2                      dataBANK2    00000
__LdataBANK3                      dataBANK3    00000
__LdataBANK4                      dataBANK4    00000
__LdataBANK6                      dataBANK6    00000
__LdataBANK7                      dataBANK7    00000
__LdataBANK8                      dataBANK8    00000
__LdataCOMMON                     dataCOMMON   00000
__Leeprom_data                    eeprom_data  00000
__Lend_init                       end_init     002E1
__Lfunctab                        functab      00000
__LidataBANK0                     idataBANK0   00000
__LidataBANK2                     idataBANK2   00000
__LidataBANK3                     idataBANK3   00000
__LidataBANK4                     idataBANK4   00000
__LidataBANK6                     idataBANK6   00000
__LidataBANK7                     idataBANK7   00000
__LidataBANK8                     idataBANK8   00000
__LidataBIGRAM                    idataBIGRAM  00000
__LidataCOMMON                    idataCOMMON  00000
__Lidloc                          idloc        00000
__Linit                           init         002E1
__Linittext                       inittext     00000
__Lintentry                       intentry     00004
__Lmaintext                       maintext     00000
__LnvBANK3                        nvBANK3      00000
__Lpowerup                        powerup      00000
__Lram                            ram          00000
__Lreset_vec                      reset_vec    00000
__Lsfr0                           sfr0         00000
__Lsfr1                           sfr1         00000
__Lsfr10                          sfr10        00000
__Lsfr11                          sfr11        00000
__Lsfr12                          sfr12        00000
__Lsfr13                          sfr13        00000
__Lsfr14                          sfr14        00000
__Lsfr15                          sfr15        00000
__Lsfr16                          sfr16        00000
__Lsfr17                          sfr17        00000
__Lsfr18                          sfr18        00000
__Lsfr19                          sfr19        00000
__Lsfr2                           sfr2         00000
__Lsfr20                          sfr20        00000
__Lsfr21                          sfr21        00000
__Lsfr22                          sfr22        00000
__Lsfr23                          sfr23        00000
__Lsfr24                          sfr24        00000
__Lsfr25                          sfr25        00000
__Lsfr26                          sfr26        00000
__Lsfr27                          sfr27        00000
__Lsfr28                          sfr28        00000
__Lsfr29                          sfr29        00000
__Lsfr3                           sfr3         00000
__Lsfr30                          sfr30        00000
__Lsfr31                          sfr31        00000
__Lsfr4                           sfr4         00000
__Lsfr5                           sfr5         00000
__Lsfr6                           sfr6         00000
__Lsfr7                           sfr7         00000
__Lsfr8                           sfr8         00000
__Lsfr9                           sfr9         00000
__Lspace_0                        (abs)        00000
__Lspace_1                        (abs)        00000
__Lspace_2                        (abs)        00000
__Lspace_3                        (abs)        00000
__Lstack                          stack        00000
__Lstrings                        strings      00000
__Ltext                           text         00000
__S0                              (abs)        08009
__S1                              (abs)        004E0
__S2                              (abs)        00000
___aldiv                          text4        01654
___aldiv@counter                  cstackBANK1  000A9
___aldiv@dividend                 cstackBANK1  000A4
___aldiv@divisor                  cstackBANK1  000A0
___aldiv@quotient                 cstackBANK1  000AB
___aldiv@sign                     cstackBANK1  000AA
___altoft                         text17       0134A
___altoft@c                       cstackBANK2  00126
___altoft@exp                     cstackBANK2  0012C
___altoft@sign                    cstackBANK2  0012D
___awdiv                          text50       013E5
___awdiv@counter                  cstackCOMMON 00075
___awdiv@dividend                 cstackCOMMON 00072
___awdiv@divisor                  cstackCOMMON 00070
___awdiv@quotient                 cstackCOMMON 00077
___awdiv@sign                     cstackCOMMON 00076
___awtoft                         text18       01EA4
___awtoft@c                       cstackBANK1  000A8
___awtoft@sign                    cstackBANK1  000AD
___ftadd                          text25       00B1E
___ftadd@exp1                     cstackBANK1  000B4
___ftadd@exp2                     cstackBANK1  000B3
___ftadd@f1                       cstackBANK1  000A8
___ftadd@f2                       cstackBANK1  000AB
___ftadd@sign                     cstackBANK1  000B2
___ftdiv                          text24       0081C
___ftdiv@cntr                     cstackBANK1  000CF
___ftdiv@exp                      cstackBANK1  000D3
___ftdiv@f1                       cstackBANK1  000C8
___ftdiv@f2                       cstackBANK1  000C5
___ftdiv@f3                       cstackBANK1  000D0
___ftdiv@sign                     cstackBANK1  000D4
___ftmul                          text23       008C5
___ftmul@cntr                     cstackBANK1  000C3
___ftmul@exp                      cstackBANK1  000BF
___ftmul@f1                       cstackBANK1  000B5
___ftmul@f2                       cstackBANK1  000B8
___ftmul@f3_as_product            cstackBANK1  000C0
___ftmul@sign                     cstackBANK1  000C4
___ftneg                          text22       01DCA
___ftneg@f1                       cstackBANK1  000A0
___ftpack                         text26       01488
___ftpack@arg                     cstackBANK1  000A0
___ftpack@exp                     cstackBANK1  000A3
___ftpack@sign                    cstackBANK1  000A4
___fttol                          text16       01761
___fttol@exp1                     cstackBANK2  00125
___fttol@f1                       cstackBANK1  000E7
___fttol@lval                     cstackBANK2  00121
___fttol@sign1                    cstackBANK2  00120
___int_sp                         stack        00000
___latbits                        (abs)        00003
___lmul                           text30       01F9E
___lmul@multiplicand              cstackBANK1  000A4
___lmul@multiplier                cstackBANK1  000A0
___lmul@product                   cstackBANK1  000A8
___sp                             stack        00000
__end_of_ConfigureOscillator      text44       01DB6
__end_of_FLASH_ReadWord           text37       01EA4
__end_of_InitApp                  text39       01F9E
__end_of_InitializeTaps           text38       01EEC
__end_of_ReadSavedSettings        text34       015D2
__end_of___aldiv                  text4        016D6
__end_of___altoft                 text17       01395
__end_of___awdiv                  text50       01436
__end_of___awtoft                 text18       01EC6
__end_of___ftadd                  text25       00C14
__end_of___ftdiv                  text24       008C5
__end_of___ftmul                  text23       00979
__end_of___ftneg                  text22       01DD3
__end_of___ftpack                 text26       014ED
__end_of___fttol                  text16       01800
__end_of___lmul                   text30       01FCE
__end_of__initialization          cinit        0038D
__end_of_adc_convert              text33       01E34
__end_of_frexp                    text15       0107C
__end_of_getCurrentLEDState       text12       01E4D
__end_of_getSwitchBypassState     text32       01DBA
__end_of_initSwitchBypass         text27       01E0F
__end_of_init_adc                 text43       01DDD
__end_of_init_pwm                 text40       01230
__end_of_init_timer0              text42       01DC1
__end_of_init_timer2              text41       01DCA
__end_of_isr                      intentry     002E1
__end_of_main                     maintext     007AA
__end_of_map                      text21       01761
__end_of_modulation               text47       011EF
__end_of_read_bottom_tactile      text20       012B8
__end_of_read_top_tactile         text19       013E5
__end_of_restoreLEDState          text11       01E84
__end_of_setDoublePressState      text7        01042
__end_of_setFeedbackState         text6        01E67
__end_of_setLongTapState          text3        0081C
__end_of_setSwitchBypassState     text28       0134A
__end_of_set_leds_bottom          text36       010B7
__end_of_set_leds_top             text35       007FE
__end_of_set_subdivision          text13       00A33
__end_of_showBootSequence         text8        01F3F
__end_of_solidring_tactiles       text10       011AE
__end_of_star_tactiles            text9        0155C
__end_of_trunc                    text14       01488
__end_of_updateSwitchBypass       text5        00B1E
__end_of_updateSwitchBypassState  text31       00800
__end_of_updateSwitchTap          text2        00DF8
__end_of_update_mode              text1        01271
__end_of_wait_ms                  text29       02000
__end_ofi1___aldiv                text49       01654
__end_ofi1___lmul                 text48       01F6E
__end_ofi1_set_leds_top           text46       01300
__initialization                  cinit        002E3
__pbssBANK0                       bssBANK0     00045
__pbssBANK2                       bssBANK2     00146
__pbssBANK3                       bssBANK3     001A0
__pbssBANK5                       bssBANK5     002A0
__pbssBANK9                       bssBANK9     004A0
__pcstackBANK0                    cstackBANK0  00020
__pcstackBANK1                    cstackBANK1  000A0
__pcstackBANK2                    cstackBANK2  00120
__pcstackBANK4                    cstackBANK4  00248
__pcstackCOMMON                   cstackCOMMON 00070
__pdataBANK0                      dataBANK0    00058
__pdataBANK2                      dataBANK2    0015A
__pdataBANK3                      dataBANK3    001E1
__pdataBANK4                      dataBANK4    00220
__pdataBANK6                      dataBANK6    00320
__pdataBANK7                      dataBANK7    003A0
__pdataBANK8                      dataBANK8    00420
__pdataBIGRAM                     (abs)        023E8
__pdataCOMMON                     dataCOMMON   0007D
__pidataBANK0                     idataBANK0   01E0F
__pidataBANK2                     idataBANK2   01001
__pidataBANK3                     idataBANK3   01DDD
__pidataBANK4                     idataBANK4   01EEC
__pidataBANK6                     idataBANK6   01131
__pidataBANK7                     idataBANK7   010F4
__pidataBANK8                     idataBANK8   010B7
__pidataBIGRAM                    idataBIGRAM  00DF8
__pidataCOMMON                    idataCOMMON  007FE
__pintentry                       intentry     00004
__pmaintext                       maintext     00391
__pnvBANK3                        nvBANK3      001EC
__ptext1                          text1        01230
__ptext10                         text10       0116E
__ptext11                         text11       01E67
__ptext12                         text12       01E34
__ptext13                         text13       00979
__ptext14                         text14       01436
__ptext15                         text15       01042
__ptext16                         text16       01761
__ptext17                         text17       0134A
__ptext18                         text18       01EA4
__ptext19                         text19       01395
__ptext2                          text2        00C14
__ptext20                         text20       01271
__ptext21                         text21       016D6
__ptext22                         text22       01DCA
__ptext23                         text23       008C5
__ptext24                         text24       0081C
__ptext25                         text25       00B1E
__ptext26                         text26       01488
__ptext27                         text27       01E00
__ptext28                         text28       01300
__ptext29                         text29       01FCE
__ptext3                          text3        00802
__ptext30                         text30       01F9E
__ptext31                         text31       007FF
__ptext32                         text32       01DB6
__ptext33                         text33       01E21
__ptext34                         text34       0155C
__ptext35                         text35       007AA
__ptext36                         text36       0107C
__ptext37                         text37       01E84
__ptext38                         text38       01EC6
__ptext39                         text39       01F6E
__ptext4                          text4        01654
__ptext40                         text40       011EF
__ptext41                         text41       01DC1
__ptext42                         text42       01DBA
__ptext43                         text43       01DD3
__ptext44                         text44       01DB2
__ptext46                         text46       012B8
__ptext47                         text47       011AE
__ptext48                         text48       01F3F
__ptext49                         text49       015D2
__ptext5                          text5        00A33
__ptext50                         text50       013E5
__ptext6                          text6        01E4D
__ptext7                          text7        0100D
__ptext8                          text8        01F14
__ptext9                          text9        014ED
__size_of_ConfigureOscillator     (abs)        00000
__size_of_FLASH_ReadWord          (abs)        00000
__size_of_InitApp                 (abs)        00000
__size_of_InitializeTaps          (abs)        00000
__size_of_ReadSavedSettings       (abs)        00000
__size_of___aldiv                 (abs)        00000
__size_of___altoft                (abs)        00000
__size_of___awdiv                 (abs)        00000
__size_of___awtoft                (abs)        00000
__size_of___ftadd                 (abs)        00000
__size_of___ftdiv                 (abs)        00000
__size_of___ftmul                 (abs)        00000
__size_of___ftneg                 (abs)        00000
__size_of___ftpack                (abs)        00000
__size_of___fttol                 (abs)        00000
__size_of___lmul                  (abs)        00000
__size_of_adc_convert             (abs)        00000
__size_of_frexp                   (abs)        00000
__size_of_getCurrentLEDState      (abs)        00000
__size_of_getSwitchBypassState    (abs)        00000
__size_of_initSwitchBypass        (abs)        00000
__size_of_init_adc                (abs)        00000
__size_of_init_pwm                (abs)        00000
__size_of_init_timer0             (abs)        00000
__size_of_init_timer2             (abs)        00000
__size_of_isr                     (abs)        00000
__size_of_main                    (abs)        00000
__size_of_map                     (abs)        00000
__size_of_modulation              (abs)        00000
__size_of_read_bottom_tactile     (abs)        00000
__size_of_read_top_tactile        (abs)        00000
__size_of_restoreLEDState         (abs)        00000
__size_of_setDoublePressState     (abs)        00000
__size_of_setFeedbackState        (abs)        00000
__size_of_setLongTapState         (abs)        00000
__size_of_setSwitchBypassState    (abs)        00000
__size_of_set_leds_bottom         (abs)        00000
__size_of_set_leds_top            (abs)        00000
__size_of_set_subdivision         (abs)        00000
__size_of_showBootSequence        (abs)        00000
__size_of_solidring_tactiles      (abs)        00000
__size_of_star_tactiles           (abs)        00000
__size_of_trunc                   (abs)        00000
__size_of_updateSwitchBypass      (abs)        00000
__size_of_updateSwitchBypassState (abs)        00000
__size_of_updateSwitchTap         (abs)        00000
__size_of_update_mode             (abs)        00000
__size_of_wait_ms                 (abs)        00000
__size_ofi1___aldiv               (abs)        00000
__size_ofi1___lmul                (abs)        00000
__size_ofi1_set_leds_top          (abs)        00000
_adc_convert                      text33       01E21
_adjust_sub_delay                 bssBANK3     001C4
_adjusted_pot_value               bssBANK3     001C6
_baseline_delay_time              dataBANK0    00058
_blink_delay                      dataBANK3    001E1
_blink_rate                       dataCOMMON   0007D
_bottomTactile_pressed            bssBANK2     00152
_bottom_push_state                dataBANK0    00060
_bypass_turning_on                bssBANK2     00153
_currentBypassState               dataBANK2    00164
_debounce_mode1                   bssBANK3     001CC
_debounce_mode2                   bssBANK3     001CE
_delayArray                       (abs)        023E8
_delay_counter                    bssBANK2     00146
_delay_time                       dataBANK0    0005C
_delay_time_changed               dataBANK3    001E3
_delayfound                       bssBANK3     001D0
_doubleTap_state                  bssBANK0     00053
_feedback_start                   bssBANK0     00054
_feedback_state                   dataBANK0    00066
_feedback_timer                   bssBANK2     00148
_frexp                            text15       01042
_getCurrentLEDState               text12       01E34
_getSwitchBypassState             text32       01DB6
_initSwitchBypass                 text27       01E00
_init_adc                         text43       01DD3
_init_pwm                         text40       011EF
_init_timer0                      text42       01DBA
_init_timer2                      text41       01DC1
_isr                              intentry     00004
_knob1_prev                       dataBANK2    0015A
_knob2_prev                       dataBANK2    0015C
_knob3_prev                       dataBANK2    0015E
_knob4_prev                       dataBANK2    00160
_knob5_prev                       dataBANK2    00162
_knob_1_pos                       bssBANK2     0014A
_knob_2_pos                       bssBANK2     0014C
_knob_3_pos                       bssBANK3     001D4
_knob_4_pos                       bssBANK3     001D6
_knob_5_pos                       bssBANK3     001D8
_ledState                         bssBANK3     001B4
_longTap_start                    bssBANK0     00055
_longTap_state                    dataBANK0    00067
_longTap_timer                    bssBANK2     0014E
_long_press_limit                 dataBANK0    00062
_main                             maintext     00391
_map                              text21       016D6
_map$2189                         cstackBANK1  000E4
_mod1                             dataBANK6    00320
_mod2                             dataBANK7    003A0
_mod3                             dataBANK8    00420
_mod_counter                      bssBANK0     00051
_mod_delay_time                   dataBANK3    001E5
_mod_timer                        bssBANK3     001B8
_mod_value                        bssBANK3     001DA
_mode2_state                      bssBANK2     00155
_modulation                       text47       011AE
_num_taps                         dataBANK0    00068
_preset_blink                     bssBANK2     00156
_preset_programmning_on           bssBANK2     00157
_read_bottom_tactile              text20       01271
_read_top_tactile                 text19       01395
_reset_sub_delay                  bssBANK3     001DC
_restoreLEDState                  text11       01E67
_setDoublePressState              text7        0100D
_setFeedbackState                 text6        01E4D
_setLongTapState                  text3        00802
_setSwitchBypassState             text28       01300
_set_leds_bottom                  text36       0107C
_set_leds_top                     text35       007AA
_set_subdivision                  text13       00979
_showBootSequence                 text8        01F14
_solidring_tactiles               text10       0116E
_star_tactiles                    text9        014ED
_sub_timer                        bssBANK0     00045
_suspend_blink                    bssBANK0     00056
_switchBypass_pressed             bssBANK2     00150
_switchBypass_state               dataBANK0    00069
_switchBypass_toggle              bssBANK3     001DE
_switchBypass_up                  dataBANK3    001E7
_switchTap_down                   bssBANK2     00158
_switchTap_pressed                bssBANK0     00057
_switchTap_state                  dataBANK2    00165
_tap                              bssBANK5     002A0
_tap_history                      bssBANK3     001A0
_tap_iteration                    dataBANK3    001E9
_tap_timer                        bssBANK0     00049
_tap_total                        bssBANK3     001BC
_test_timer                       bssBANK3     001C0
_timer                            bssBANK0     0004D
_topTactile_pressed               bssBANK2     00159
_top_push_state                   dataBANK0    00064
_trunc                            text14       01436
_updateSwitchBypass               text5        00A33
_updateSwitchBypassState          text31       007FF
_updateSwitchTap                  text2        00C14
_update_mode                      text1        01230
_wait_ms                          text29       01FCE
adc_convert@channel               cstackBANK1  000A3
btemp                             (abs)        0007E
clear_ram0                        clrtext      01DF4
end_of_initialization             cinit        0038D
frexp@eptr                        cstackBANK1  000A3
frexp@value                       cstackBANK1  000A0
i1___aldiv                        text49       015D2
i1___aldiv@counter                cstackBANK0  00028
i1___aldiv@dividend               cstackBANK0  00024
i1___aldiv@divisor                cstackBANK0  00020
i1___aldiv@quotient               cstackBANK0  0002A
i1___aldiv@sign                   cstackBANK0  00029
i1___lmul                         text48       01F3F
i1___lmul@multiplicand            cstackCOMMON 00074
i1___lmul@multiplier              cstackCOMMON 00070
i1___lmul@product                 cstackCOMMON 00078
i1_set_leds_top                   text46       012B8
i1set_leds_top@ledState           cstackCOMMON 00072
i1set_leds_top@x                  cstackCOMMON 00070
initSwitchBypass@initState        cstackBANK1  000B6
init_ram                          inittext     01DE8
int$flags                         (abs)        0007E
intlevel0                         functab      00000
intlevel1                         functab      00000
intlevel2                         functab      00000
intlevel3                         functab      00000
intlevel4                         functab      00000
intlevel5                         functab      00000
isr@tmpSubDelay                   cstackBANK0  00043
ltemp                             (abs)        0007E
ltemp0                            (abs)        0007E
ltemp1                            (abs)        00082
ltemp2                            (abs)        00086
ltemp3                            (abs)        00080
main@i                            cstackBANK2  00142
main@i_377                        cstackBANK2  00144
map@in_max                        cstackBANK1  000DB
map@in_min                        cstackBANK1  000D8
map@out_max                       cstackBANK1  000E1
map@out_min                       cstackBANK1  000DE
map@x                             cstackBANK1  000D5
modulation@x                      cstackBANK0  0002E
modulation@y                      cstackBANK0  00032
reset_vec                         reset_vec    00000
setDoublePressState@f_state       cstackBANK1  000B2
setFeedbackState@f_state          cstackBANK1  000A0
setLongTapState@f_state           cstackBANK1  000A0
setSwitchBypassState@f_state      cstackBANK1  000B2
set_leds_bottom@x                 cstackBANK1  000A0
set_leds_top@ledState             cstackBANK1  000A2
set_leds_top@x                    cstackBANK1  000A0
set_subdivision@scalar            cstackBANK2  0013D
set_subdivision@tmpX              cstackBANK2  00140
set_subdivision@x                 cstackBANK2  00136
set_subdivision@y                 cstackBANK2  00138
solidring_tactiles@ring_delay     cstackBANK1  000B4
stackhi                           (abs)        023E7
stacklo                           (abs)        02310
star_tactiles@iLed                cstackBANK1  000B5
star_tactiles@iLed_1444           cstackBANK1  000B7
star_tactiles@reverse             cstackBANK1  000B4
start                             init         002E1
start_initialization              cinit        002E3
trunc@expon                       cstackBANK2  00134
trunc@i                           cstackBANK2  00131
trunc@x                           cstackBANK2  0012E
ttemp                             (abs)        0007E
ttemp0                            (abs)        0007E
ttemp1                            (abs)        00081
ttemp2                            (abs)        00084
ttemp3                            (abs)        00087
ttemp4                            (abs)        0007F
updateSwitchBypassState@state     cstackBANK1  000A0
updateSwitchTap@iCnt              cstackBANK1  000BE
updateSwitchTap@tapCntDivisor     cstackBANK1  000BC
wait_ms@timeSec                   cstackBANK1  000AC
wait_ms@timemsl                   cstackBANK1  000AE
wtemp                             (abs)        0007E
wtemp0                            (abs)        0007E
wtemp1                            (abs)        00080
wtemp2                            (abs)        00082
wtemp3                            (abs)        00084
wtemp4                            (abs)        00086
wtemp5                            (abs)        00088
wtemp6                            (abs)        0007F


FUNCTION INFORMATION:

 *************** function _main *****************
 Defined at:
		line 83 in file "main.c"
 Parameters:    Size  Location     Type
		None
 Auto vars:     Size  Location     Type
  i               2   36[BANK2 ] int 
  i               2   34[BANK2 ] int 
 Return value:  Size  Location     Type
                  1    wreg      void 
 Registers used:
		wreg, fsr0l, fsr0h, fsr1l, fsr1h, status,2, status,0, pclath, cstack
 Tracked objects:
		On entry : 
		On exit  : 
		Unchanged: 
 Data sizes:     COMMON   BANK0   BANK1   BANK2   BANK3   BANK4   BANK5   BANK6   BANK7   BANK8   BANK9  BANK10  BANK11  BANK12  BANK13  BANK14  BANK15  BANK16  BANK17  BANK18
      Params:         0       0       0       0       0       0       0       0       0       0       0       0       0       0       0       0       0       0       0       0
      Locals:         0       0       0       4       0       0       0       0       0       0       0       0       0       0       0       0       0       0       0       0
      Temps:          0       0       0       0       0      15       0       0       0       0       0       0       0       0       0       0       0       0       0       0
      Totals:         0       0       0       4       0      15       0       0       0       0       0       0       0       0       0       0       0       0       0       0
Total ram usage:       19 bytes
 Hardware stack levels required when called:    7
 This function calls:
		_ConfigureOscillator
		_InitApp
		_InitializeTaps
		_ReadSavedSettings
		___awtoft
		___fttol
		_adc_convert
		_initSwitchBypass
		_map
		_read_bottom_tactile
		_read_top_tactile
		_set_subdivision
		_showBootSequence
		_updateSwitchBypass
		_updateSwitchTap
		_update_mode
 This function is called by:
		Startup code after reset
 This function uses a non-reentrant model


 *************** function _update_mode *****************
 Defined at:
		line 82 in file "tactiles.c"
 Parameters:    Size  Location     Type
		None
 Auto vars:     Size  Location     Type
		None
 Return value:  Size  Location     Type
                  1    wreg      void 
 Registers used:
		wreg, fsr0l, fsr0h, status,2, status,0
 Tracked objects:
		On entry : 
		On exit  : 
		Unchanged: 
 Data sizes:     COMMON   BANK0   BANK1   BANK2   BANK3   BANK4   BANK5   BANK6   BANK7   BANK8   BANK9  BANK10  BANK11  BANK12  BANK13  BANK14  BANK15  BANK16  BANK17  BANK18
      Params:         0       0       0       0       0       0       0       0       0       0       0       0       0       0       0       0       0       0       0       0
      Locals:         0       0       0       0       0       0       0       0       0       0       0       0       0       0       0       0       0       0       0       0
      Temps:          0       0       1       0       0       0       0       0       0       0       0       0       0       0       0       0       0       0       0       0
      Totals:         0       0       1       0       0       0       0       0       0       0       0       0       0       0       0       0       0       0       0       0
Total ram usage:        1 bytes
 Hardware stack levels used:    1
 Hardware stack levels required when called:    3
 This function calls:
		Nothing
 This function is called by:
		_main
 This function uses a non-reentrant model


 *************** function _updateSwitchTap *****************
 Defined at:
		line 48 in file "SwitchTap.c"
 Parameters:    Size  Location     Type
		None
 Auto vars:     Size  Location     Type
  tapCntDiviso    2   28[BANK1 ] int 
  iCnt            1   30[BANK1 ] unsigned char 
 Return value:  Size  Location     Type
                  1    wreg      void 
 Registers used:
		wreg, fsr1l, fsr1h, status,2, status,0, pclath, cstack
 Tracked objects:
		On entry : 
		On exit  : 
		Unchanged: 
 Data sizes:     COMMON   BANK0   BANK1   BANK2   BANK3   BANK4   BANK5   BANK6   BANK7   BANK8   BANK9  BANK10  BANK11  BANK12  BANK13  BANK14  BANK15  BANK16  BANK17  BANK18
      Params:         0       0       0       0       0       0       0       0       0       0       0       0       0       0       0       0       0       0       0       0
      Locals:         0       0       3       0       0       0       0       0       0       0       0       0       0       0       0       0       0       0       0       0
      Temps:          0       0       6       0       0       0       0       0       0       0       0       0       0       0       0       0       0       0       0       0
      Totals:         0       0       9       0       0       0       0       0       0       0       0       0       0       0       0       0       0       0       0       0
Total ram usage:        9 bytes
 Hardware stack levels used:    1
 Hardware stack levels required when called:    6
 This function calls:
		___aldiv
[...]
 Hardware stack levels used:    1
 Hardware stack levels required when called:    3
 This function calls:
		Nothing
 This function is called by:
		_init_pwm
 This function uses a non-reentrant model


 *************** function _init_timer0 *****************
 Defined at:
		line 169 in file "user.c"
 Parameters:    Size  Location     Type
		None
 Auto vars:     Size  Location     Type
		None
 Return value:  Size  Location     Type
                  1    wreg      void 
 Registers used:
		None
 Tracked objects:
		On entry : 
		On exit  : 
		Unchanged: 
 Data sizes:     COMMON   BANK0   BANK1   BANK2   BANK3   BANK4   BANK5   BANK6   BANK7   BANK8   BANK9  BANK10  BANK11  BANK12  BANK13  BANK14  BANK15  BANK16  BANK17  BANK18
      Params:         0       0       0       0       0       0       0       0       0       0       0       0       0       0       0       0       0       0       0       0
      Locals:         0       0       0       0       0       0       0       0       0       0       0       0       0       0       0       0       0       0       0       0
      Temps:          0       0       0       0       0       0       0       0       0       0       0       0       0       0       0       0       0       0       0       0
      Totals:         0       0       0       0       0       0       0       0       0       0       0       0       0       0       0       0       0       0       0       0
Total ram usage:        0 bytes
 Hardware stack levels used:    1
 Hardware stack levels required when called:    3
 This function calls:
		Nothing
 This function is called by:
		_init_pwm
 This function uses a non-reentrant model


 *************** function _init_adc *****************
 Defined at:
		line 115 in file "user.c"
 Parameters:    Size  Location     Type
		None
 Auto vars:     Size  Location     Type
		None
 Return value:  Size  Location     Type
                  1    wreg      void 
 Registers used:
		wreg, status,2, status,0
 Tracked objects:
		On entry : 
		On exit  : 
		Unchanged: 
 Data sizes:     COMMON   BANK0   BANK1   BANK2   BANK3   BANK4   BANK5   BANK6   BANK7   BANK8   BANK9  BANK10  BANK11  BANK12  BANK13  BANK14  BANK15  BANK16  BANK17  BANK18
      Params:         0       0       0       0       0       0       0       0       0       0       0       0       0       0       0       0       0       0       0       0
      Locals:         0       0       0       0       0       0       0       0       0       0       0       0       0       0       0       0       0       0       0       0
      Temps:          0       0       0       0       0       0       0       0       0       0       0       0       0       0       0       0       0       0       0       0
      Totals:         0       0       0       0       0       0       0       0       0       0       0       0       0       0       0       0       0       0       0       0
Total ram usage:        0 bytes
 Hardware stack levels used:    1
 Hardware stack levels required when called:    3
 This function calls:
		Nothing
 This function is called by:
		_InitApp
 This function uses a non-reentrant model


 *************** function _ConfigureOscillator *****************
 Defined at:
		line 18 in file "system.c"
 Parameters:    Size  Location     Type
		None
 Auto vars:     Size  Location     Type
		None
 Return value:  Size  Location     Type
                  1    wreg      void 
 Registers used:
		wreg, status,2, status,0
 Tracked objects:
		On entry : 
		On exit  : 
		Unchanged: 
 Data sizes:     COMMON   BANK0   BANK1   BANK2   BANK3   BANK4   BANK5   BANK6   BANK7   BANK8   BANK9  BANK10  BANK11  BANK12  BANK13  BANK14  BANK15  BANK16  BANK17  BANK18
      Params:         0       0       0       0       0       0       0       0       0       0       0       0       0       0       0       0       0       0       0       0
      Locals:         0       0       0       0       0       0       0       0       0       0       0       0       0       0       0       0       0       0       0       0
      Temps:          0       0       0       0       0       0       0       0       0       0       0       0       0       0       0       0       0       0       0       0
      Totals:         0       0       0       0       0       0       0       0       0       0       0       0       0       0       0       0       0       0       0       0
Total ram usage:        0 bytes
 Hardware stack levels used:    1
 Hardware stack levels required when called:    3
 This function calls:
		Nothing
 This function is called by:
		_main
 This function uses a non-reentrant model


 *************** function _isr *****************
 Defined at:
		line 25 in file "interrupts.c"
 Parameters:    Size  Location     Type
		None
 Auto vars:     Size  Location     Type
  tmpSubDelay     2   35[BANK0 ] int 
 Return value:  Size  Location     Type
                  1    wreg      void 
 Registers used:
		wreg, fsr0l, fsr0h, fsr1l, fsr1h, status,2, status,0, pclath, cstack
 Tracked objects:
		On entry : 
		On exit  : 
		Unchanged: 
 Data sizes:     COMMON   BANK0   BANK1   BANK2   BANK3   BANK4   BANK5   BANK6   BANK7   BANK8   BANK9  BANK10  BANK11  BANK12  BANK13  BANK14  BANK15  BANK16  BANK17  BANK18
      Params:         0       0       0       0       0       0       0       0       0       0       0       0       0       0       0       0       0       0       0       0
      Locals:         0       2       0       0       0       0       0       0       0       0       0       0       0       0       0       0       0       0       0       0
      Temps:          0       9       0       0       0       0       0       0       0       0       0       0       0       0       0       0       0       0       0       0
      Totals:         0      11       0       0       0       0       0       0       0       0       0       0       0       0       0       0       0       0       0       0
Total ram usage:       11 bytes
 Hardware stack levels used:    1
 Hardware stack levels required when called:    2
 This function calls:
		___awdiv
		_modulation
		i1_set_leds_top
 This function is called by:
		Interrupt level 1
 This function uses a non-reentrant model


 *************** function i1_set_leds_top *****************
 Defined at:
		line 16 in file "LEDs.c"
 Parameters:    Size  Location     Type
  x               2    0[COMMON] int 
  ledState        2    2[COMMON] int 
 Auto vars:     Size  Location     Type
		None
 Return value:  Size  Location     Type
                  1    wreg      void 
 Registers used:
		wreg, fsr0l, fsr0h, status,2, status,0
 Tracked objects:
		On entry : 
		On exit  : 
		Unchanged: 
 Data sizes:     COMMON   BANK0   BANK1   BANK2   BANK3   BANK4   BANK5   BANK6   BANK7   BANK8   BANK9  BANK10  BANK11  BANK12  BANK13  BANK14  BANK15  BANK16  BANK17  BANK18
      Params:         4       0       0       0       0       0       0       0       0       0       0       0       0       0       0       0       0       0       0       0
      Locals:         0       0       0       0       0       0       0       0       0       0       0       0       0       0       0       0       0       0       0       0
      Temps:          0       0       0       0       0       0       0       0       0       0       0       0       0       0       0       0       0       0       0       0
      Totals:         4       0       0       0       0       0       0       0       0       0       0       0       0       0       0       0       0       0       0       0
Total ram usage:        4 bytes
 Hardware stack levels used:    1
 This function calls:
		Nothing
 This function is called by:
		_isr
 This function uses a non-reentrant model


 *************** function _modulation *****************
 Defined at:
		line 187 in file "user.c"
 Parameters:    Size  Location     Type
  x               4   14[BANK0 ] long 
  y               4   18[BANK0 ] long 
 Auto vars:     Size  Location     Type
		None
 Return value:  Size  Location     Type
                  4   14[BANK0 ] long 
 Registers used:
		wreg, status,2, status,0, pclath, cstack
 Tracked objects:
		On entry : 
		On exit  : 
		Unchanged: 
 Data sizes:     COMMON   BANK0   BANK1   BANK2   BANK3   BANK4   BANK5   BANK6   BANK7   BANK8   BANK9  BANK10  BANK11  BANK12  BANK13  BANK14  BANK15  BANK16  BANK17  BANK18
      Params:         0       8       0       0       0       0       0       0       0       0       0       0       0       0       0       0       0       0       0       0
      Locals:         0       0       0       0       0       0       0       0       0       0       0       0       0       0       0       0       0       0       0       0
      Temps:          0       4       0       0       0       0       0       0       0       0       0       0       0       0       0       0       0       0       0       0
      Totals:         0      12       0       0       0       0       0       0       0       0       0       0       0       0       0       0       0       0       0       0
Total ram usage:       12 bytes
 Hardware stack levels used:    1
 Hardware stack levels required when called:    1
 This function calls:
		i1___aldiv
		i1___lmul
 This function is called by:
		_isr
 This function uses a non-reentrant model


 *************** function i1___lmul *****************
 Defined at:
		line 15 in file "C:\Program Files (x86)\Microchip\xc8\v1.37\sources\common\Umul32.c"
 Parameters:    Size  Location     Type
  multiplier      4    0[COMMON] unsigned long 
  multiplicand    4    4[COMMON] unsigned long 
 Auto vars:     Size  Location     Type
  __lmul          4    8[COMMON] unsigned long 
 Return value:  Size  Location     Type
                  4    0[COMMON] unsigned long 
 Registers used:
		wreg, status,2, status,0
 Tracked objects:
		On entry : 
		On exit  : 
		Unchanged: 
 Data sizes:     COMMON   BANK0   BANK1   BANK2   BANK3   BANK4   BANK5   BANK6   BANK7   BANK8   BANK9  BANK10  BANK11  BANK12  BANK13  BANK14  BANK15  BANK16  BANK17  BANK18
      Params:         8       0       0       0       0       0       0       0       0       0       0       0       0       0       0       0       0       0       0       0
      Locals:         4       0       0       0       0       0       0       0       0       0       0       0       0       0       0       0       0       0       0       0
      Temps:          0       0       0       0       0       0       0       0       0       0       0       0       0       0       0       0       0       0       0       0
      Totals:        12       0       0       0       0       0       0       0       0       0       0       0       0       0       0       0       0       0       0       0
Total ram usage:       12 bytes
 Hardware stack levels used:    1
 This function calls:
		Nothing
 This function is called by:
		_modulation
 This function uses a non-reentrant model


 *************** function i1___aldiv *****************
 Defined at:
		line 6 in file "C:\Program Files (x86)\Microchip\xc8\v1.37\sources\common\aldiv.c"
 Parameters:    Size  Location     Type
  divisor         4    0[BANK0 ] long 
  dividend        4    4[BANK0 ] long 
 Auto vars:     Size  Location     Type
  __aldiv         4   10[BANK0 ] long 
  __aldiv         1    9[BANK0 ] unsigned char 
  __aldiv         1    8[BANK0 ] unsigned char 
 Return value:  Size  Location     Type
                  4    0[BANK0 ] long 
 Registers used:
		wreg, status,2, status,0
 Tracked objects:
		On entry : 
		On exit  : 
		Unchanged: 
 Data sizes:     COMMON   BANK0   BANK1   BANK2   BANK3   BANK4   BANK5   BANK6   BANK7   BANK8   BANK9  BANK10  BANK11  BANK12  BANK13  BANK14  BANK15  BANK16  BANK17  BANK18
      Params:         0       8       0       0       0       0       0       0       0       0       0       0       0       0       0       0       0       0       0       0
      Locals:         0       6       0       0       0       0       0       0       0       0       0       0       0       0       0       0       0       0       0       0
      Temps:          1       0       0       0       0       0       0       0       0       0       0       0       0       0       0       0       0       0       0       0
      Totals:         1      14       0       0       0       0       0       0       0       0       0       0       0       0       0       0       0       0       0       0
Total ram usage:       15 bytes
 Hardware stack levels used:    1
 This function calls:
		Nothing
 This function is called by:
		_modulation
 This function uses a non-reentrant model


 *************** function ___awdiv *****************
 Defined at:
		line 6 in file "C:\Program Files (x86)\Microchip\xc8\v1.37\sources\common\awdiv.c"
 Parameters:    Size  Location     Type
  divisor         2    0[COMMON] int 
  dividend        2    2[COMMON] int 
 Auto vars:     Size  Location     Type
  quotient        2    7[COMMON] int 
  sign            1    6[COMMON] unsigned char 
  counter         1    5[COMMON] unsigned char 
 Return value:  Size  Location     Type
                  2    0[COMMON] int 
 Registers used:
		wreg, status,2, status,0
 Tracked objects:
		On entry : 
		On exit  : 
		Unchanged: 
 Data sizes:     COMMON   BANK0   BANK1   BANK2   BANK3   BANK4   BANK5   BANK6   BANK7   BANK8   BANK9  BANK10  BANK11  BANK12  BANK13  BANK14  BANK15  BANK16  BANK17  BANK18
      Params:         4       0       0       0       0       0       0       0       0       0       0       0       0       0       0       0       0       0       0       0
      Locals:         4       0       0       0       0       0       0       0       0       0       0       0       0       0       0       0       0       0       0       0
      Temps:          1       0       0       0       0       0       0       0       0       0       0       0       0       0       0       0       0       0       0       0
      Totals:         9       0       0       0       0       0       0       0       0       0       0       0       0       0       0       0       0       0       0       0
Total ram usage:        9 bytes
 Hardware stack levels used:    1
 This function calls:
		Nothing
 This function is called by:
		_isr
 This function uses a non-reentrant model



MODULE INFORMATION

Module		Function		Class		Link	Load	Size
C:\Program Files (x86)\Microchip\xc8\v1.37\sources\common\altoft.c
		___altoft      		CODE           	134A	0000	76

C:\Program Files (x86)\Microchip\xc8\v1.37\sources\common\altoft.c estimated size: 76

C:\Program Files (x86)\Microchip\xc8\v1.37\sources\common\ftdiv.c
		___ftdiv       		CODE           	081C	0000	170

C:\Program Files (x86)\Microchip\xc8\v1.37\sources\common\ftdiv.c estimated size: 170

tactiles.c
		_update_mode   		CODE           	1230	0000	66
		_read_bottom_tactile		CODE           	1271	0000	72
		_read_top_tactile		CODE           	1395	0000	81

tactiles.c estimated size: 219

state_manager.c
		_getCurrentLEDState		CODE           	1E34	0000	26
		_updateSwitchBypassState		CODE           	07FF	0000	2
		_restoreLEDState		CODE           	1E67	0000	30
		_getSwitchBypassState		CODE           	1DB6	0000	5

state_manager.c estimated size: 63

interrupts.c
		_isr           		CODE           	0004	0000	734

interrupts.c estimated size: 734

C:\Program Files (x86)\Microchip\xc8\v1.37\sources\common\fttol.c
		___fttol       		CODE           	1761	0000	160

C:\Program Files (x86)\Microchip\xc8\v1.37\sources\common\fttol.c estimated size: 160

SwitchTap.c
		_setLongTapState		CODE           	0802	0000	27
		_updateSwitchTap		CODE           	0C14	0000	485

SwitchTap.c estimated size: 512

C:\Program Files (x86)\Microchip\xc8\v1.37\sources\common\awdiv.c
		___awdiv       		CODE           	13E5	0000	82

C:\Program Files (x86)\Microchip\xc8\v1.37\sources\common\awdiv.c estimated size: 82

C:\Program Files (x86)\Microchip\xc8\v1.37\sources\common\ftadd.c
		___ftadd       		CODE           	0B1E	0000	247

C:\Program Files (x86)\Microchip\xc8\v1.37\sources\common\ftadd.c estimated size: 247

C:\Program Files (x86)\Microchip\xc8\v1.37\sources\common\aldiv.c
		___aldiv       		CODE           	1654	0000	131

C:\Program Files (x86)\Microchip\xc8\v1.37\sources\common\aldiv.c estimated size: 131

C:\Program Files (x86)\Microchip\xc8\v1.37\sources\common\trunc.c
		_trunc         		CODE           	1436	0000	83

C:\Program Files (x86)\Microchip\xc8\v1.37\sources\common\trunc.c estimated size: 83

preset_programming.c
		_setDoublePressState		CODE           	100D	0000	54

preset_programming.c estimated size: 54

C:\Program Files (x86)\Microchip\xc8\v1.37\sources\common\Umul32.c
		___lmul        		CODE           	1F9E	0000	49

C:\Program Files (x86)\Microchip\xc8\v1.37\sources\common\Umul32.c estimated size: 49

C:\Program Files (x86)\Microchip\xc8\v1.37\sources\common\ftneg.c
		___ftneg       		CODE           	1DCA	0000	10

C:\Program Files (x86)\Microchip\xc8\v1.37\sources\common\ftneg.c estimated size: 10

shared
		__initialization		CODE           	02E3	0000	171
		i1___lmul      		CODE           	1F3F	0000	48
		i1_set_leds_top		CODE           	12B8	0000	73
		i1___aldiv     		CODE           	15D2	0000	131

shared estimated size: 423

LEDs.c
		_set_leds_bottom		CODE           	107C	0000	60
		_showBootSequence		CODE           	1F14	0000	44
		_solidring_tactiles		CODE           	116E	0000	65
		_set_leds_top  		CODE           	07AA	0000	85
		_star_tactiles 		CODE           	14ED	0000	112

LEDs.c estimated size: 366

C:\Program Files (x86)\Microchip\xc8\v1.37\sources\common\awtoft.c
		___awtoft      		CODE           	1EA4	0000	35

C:\Program Files (x86)\Microchip\xc8\v1.37\sources\common\awtoft.c estimated size: 35

SwitchBypass.c
		_setSwitchBypassState		CODE           	1300	0000	75
		_setFeedbackState		CODE           	1E4D	0000	27
		_initSwitchBypass		CODE           	1E00	0000	16
		_updateSwitchBypass		CODE           	0A33	0000	236

SwitchBypass.c estimated size: 354

user.c
		_ReadSavedSettings		CODE           	155C	0000	119
		_map           		CODE           	16D6	0000	140
		_InitApp       		CODE           	1F6E	0000	49
		_init_timer0   		CODE           	1DBA	0000	8
		_init_timer2   		CODE           	1DC1	0000	10
		_init_adc      		CODE           	1DD3	0000	11
		_adc_convert   		CODE           	1E21	0000	20
		_set_subdivision		CODE           	0979	0000	187
		_InitializeTaps		CODE           	1EC6	0000	39
		_modulation    		CODE           	11AE	0000	66
		_init_pwm      		CODE           	11EF	0000	66

user.c estimated size: 715

C:\Program Files (x86)\Microchip\xc8\v1.37\sources\common\frexp.c
		_frexp         		CODE           	1042	0000	59

C:\Program Files (x86)\Microchip\xc8\v1.37\sources\common\frexp.c estimated size: 59

C:\Program Files (x86)\Microchip\xc8\v1.37\sources\common\float.c
		___ftpack      		CODE           	1488	0000	102

C:\Program Files (x86)\Microchip\xc8\v1.37\sources\common\float.c estimated size: 102

main.c
		_main          		CODE           	0391	0000	1050

main.c estimated size: 1050

memory.c
		_FLASH_ReadWord		CODE           	1E84	0000	33

memory.c estimated size: 33

system.c
		_ConfigureOscillator		CODE           	1DB2	0000	5
		_wait_ms       		CODE           	1FCE	0000	51

system.c estimated size: 56

C:\Program Files (x86)\Microchip\xc8\v1.37\sources\common\ftmul.c
		___ftmul       		CODE           	08C5	0000	181

C:\Program Files (x86)\Microchip\xc8\v1.37\sources\common\ftmul.c estimated size: 181

