Microchip MPLAB XC8 Compiler V1.37 ()

Linker command line:

-W-3 --edf=C:\Program Files (x86)\Microchip\xc8\v1.37\dat\en_msgs.txt -cs \
  -h+dist/Todd/production\Novaplex_V2.X.production.sym \
  --cmf=dist/Todd/production\Novaplex_V2.X.production.cmf -z -Q16F1527 \
  -oC:\Users\Nancy\AppData\Local\Temp\s9m8.2 \
  -Mdist/Todd/production/Novaplex_V2.X.production.map -E1 -ver=XC8 \
  -ASTACK=0216Ch-0218fh -pstack=STACK -ACODE=00h-07FFhx8 \
  -ASTRCODE=00h-03FFFh -ASTRING=00h-0FFhx64 -ACONST=00h-0FFhx64 \
  -AENTRY=00h-0FFhx64 -ACOMMON=070h-07Fh -ABANK0=020h-06Fh \
  -ABANK1=0A0h-0EFh -ABANK2=0120h-016Fh -ABANK3=01A0h-01EFh \
  -ABANK4=0220h-026Fh -ABANK5=02A0h-02EFh -ABANK6=0320h-036Fh \
  -ABANK7=03A0h-03EFh -ABANK8=0420h-046Fh -ABANK9=04A0h-04EFh \
  -ABANK10=0520h-056Fh -ABANK11=05A0h-05EFh -ABANK12=0620h-066Fh \
  -ABANK13=06A0h-06EFh -ABANK14=0720h-076Fh -ABANK15=07A0h-07EFh \
  -ABANK16=0820h-086Fh -ABANK17=08A0h-08EFh -ABANK18=0920h-096Fh \
  -ABIGRAM=02000h-025EFh \
  -ARAM=020h-06Fh,0A0h-0EFh,0120h-016Fh,01A0h-01EFh,0220h-026Fh,02A0h-02EFh,0320h-036Fh,03A0h-03EFh,0420h-046Fh,04A0h-04EFh,0520h-056Fh,05A0h-05EFh,0620h-066Fh,06A0h-06EFh,0720h-076Fh,07A0h-07EFh,0820h-086Fh,08A0h-08EFh,0920h-096Fh \
  -AABS1=020h-07Fh,0A0h-0EFh,0120h-016Fh,01A0h-01EFh,0220h-026Fh,02A0h-02EFh,0320h-036Fh,03A0h-03EFh,0420h-046Fh,04A0h-04EFh,0520h-056Fh,05A0h-05EFh,0620h-066Fh,06A0h-06EFh,0720h-076Fh,07A0h-07EFh,0820h-086Fh,08A0h-08EFh,0920h-096Fh \
  -ASFR0=00h-01Fh -ASFR1=080h-09Fh -ASFR2=0100h-011Fh -ASFR3=0180h-019Fh \
  -ASFR4=0200h-021Fh -ASFR5=0280h-029Fh -ASFR6=0300h-031Fh \
  -ASFR7=0380h-039Fh -ASFR8=0400h-041Fh -ASFR9=0480h-049Fh \
  -ASFR10=0500h-051Fh -ASFR11=0580h-059Fh -ASFR12=0600h-061Fh \
  -ASFR13=0680h-069Fh -ASFR14=0700h-071Fh -ASFR15=0780h-079Fh \
  -ASFR16=0800h-081Fh -ASFR17=0880h-089Fh -ASFR18=0900h-091Fh \
  -ASFR19=0980h-09EFh -ASFR20=0A00h-0A6Fh -ASFR21=0A80h-0AEFh \
  -ASFR22=0B00h-0B6Fh -ASFR23=0B80h-0BEFh -ASFR24=0C00h-0C6Fh \
  -ASFR25=0C80h-0CEFh -ASFR26=0D00h-0D6Fh -ASFR27=0D80h-0DEFh \
  -ASFR28=0E00h-0E6Fh -ASFR29=0E80h-0EEFh -ASFR30=0F00h-0F6Fh \
  -ASFR31=0F80h-0FEFh -preset_vec=00h,intentry=04h,init,end_init \
  -ppowerup=CODE -pcinit=CODE -pfunctab=CODE -ACONFIG=08007h-08008h \
  -pconfig=CONFIG -DCONFIG=2 -AIDLOC=08000h-08003h -pidloc=IDLOC -DIDLOC=2 \
  -DCODE=2 -DSTRCODE=2 -DSTRING=2 -DCONST=2 -DENTRY=2 -k \
  C:\Users\Nancy\AppData\Local\Temp\s9m8.obj \
  dist/Todd/production\Novaplex_V2.X.production.obj 

Object code version is 3.11

Machine type is 16F1527



                Name                               Link     Load   Length Selector   Space Scale
C:\Users\Nancy\AppData\Local\Temp\s9m8.obj
                end_init                            311      311        2        8       0
                reset_vec                             0        0        2        0       0
                config                             8007     8007        2    1000E       0
dist/Todd/production\Novaplex_V2.X.production.obj
                cinit                               313      313       BC        8       0
                intentry                              4        4      30D        8       0
                text48                             133A     133A       51     2674       0
                text47                             1529     1529       82     2A52       0
                text46                             1E97     1E97       2F     3D2E       0
                text45                             10FE     10FE       41     21FC       0
                text44                             1208     1208       48     2410       0
                text42                             1D10     1D10        4     3A20       0
                text41                             1D33     1D33        A     3A66       0
                text40                             1D1A     1D1A        7     3A34       0
                text39                             1D21     1D21        9     3A42       0
                text38                             113F     113F       41     227E       0
                text37                             1EC6     1EC6       30     3D8C       0
                text36                             1E46     1E46       26     3C8C       0
                text35                             1E04     1E04       20     3C08       0
                text34                             1F88     1F88       3B     3F10       0
                text33                             138B     138B       54     2716       0
                text32                             14B3     14B3       76     2966       0
                text31                             13DF     13DF       65     27BE       0
                text30                             1FC3     1FC3       3D     3F86       0
                text29                             1D87     1D87       13     3B0E       0
                text28                             1000     1000        4     1AFC       0
                text27                                2        2        1        0       0
                text26                             1EF6     1EF6       30     3DEC       0
                text25                             1F56     1F56       32     3EAC       0
                text24                             1250     1250       4A     24A0       0
                text23                             1D55     1D55        F     3AAA       0
                text22                              AA3      AA3       F6     1546       0
                text21                             1757     1757       A9     2EAE       0
                text20                              83E      83E       B4     107C       0
                text19                             1D2A     1D2A        9     3A54       0
                text18                             162D     162D       8B     2C5A       0
                text17                             11C1     11C1       47     2382       0
                text16                             129A     129A       50     2534       0
                text15                             1E24     1E24       22     3C48       0
                text14                             16B8     16B8       9F     2D70       0
                text13                              8F2      8F2       C6     11E4       0
                text12                             1D9A     1D9A       19     3B34       0
                text11                             1DE7     1DE7       1D     3BCE       0
                text10                             10BE     10BE       40     217C       0
                text9                              1444     1444       6F     2888       0
                text8                              1E6C     1E6C       2B     3CD8       0
                text7                              1F26     1F26       30     3E4C       0
                text6                              1DB3     1DB3       1A     3B66       0
                text5                               9B8      9B8       EB     1370       0
                text4                              15AB     15AB       82     2B56       0
                text3                              1DCD     1DCD       1A     3B9A       0
                text2                               B99      B99      1E5     1732       0
                text1                              1180     1180       41     2300       0
                maintext                            3CF      3CF      431        8       0
                cstackBANK0                          20       20       25       20       1
                cstackCOMMON                         70       70        D       70       1
                cstackBANK1                          A0       A0       4F       A0       1
                cstackBANK2                         13F      13F       16      120       1
                cstackBANK3                         1D4      1D4        F      1A0       1
                inittext                           1D3D     1D3D        C     3A7A       0
                clrtext                            1D49     1D49        C     3A92       0
                dataBANK10                          520      520       3E      520       1
                bssBANK9                            4A0      4A0       40      4A0       1
                dataBANK8                           420      420       3E      420       1
                dataBANK7                           3A0      3A0       3E      3A0       1
                dataBANK6                           320      320       3E      320       1
                dataBANK5                           2A0      2A0       50      2A0       1
                bssBANK4                            220      220       2C      220       1
                dataBANK3                           1E3      1E3        6      1A0       1
                bssBANK3                            1A0      1A0       34      1A0       1
                dataBANK2                           155      155       11      120       1
                bssBANK2                            120      120       1F      120       1
                dataBANK0                            58       58       12       20       1
                bssBANK0                             45       45       13       20       1
                dataCOMMON                           7D       7D        1       70       1
                nvBANK3                             1E9      1E9        2      1A0       1
                idataBIGRAM                         D7E      D7E      282     1AFC       0
                idataBANK10                        1004     1004       3E     2008       0
                idataBANK8                         1042     1042       3E     2084       0
                idataBANK7                         1080     1080       3E     2100       0
                idataBANK6                          800      800       3E        8       0
                idataBANK5                         12EA     12EA       50     25D4       0
                idataBANK3                         1D14     1D14        6     3A28       0
                idataBANK2                         1D64     1D64       11     3AC8       0
                idataBANK0                         1D75     1D75       12     3AEA       0
                idataCOMMON                           3        3        1        6       0

TOTAL           Name                               Link     Load   Length     Space
        CLASS   STACK          

        CLASS   CODE           
                end_init                            311      311        2         0
                cinit                               313      313       BC         0
                intentry                              4        4      30D         0
                reset_vec                             0        0        2         0
                text48                             133A     133A       51         0
                text47                             1529     1529       82         0
                text46                             1E97     1E97       2F         0
                text45                             10FE     10FE       41         0
                text44                             1208     1208       48         0
                text42                             1D10     1D10        4         0
                text41                             1D33     1D33        A         0
                text40                             1D1A     1D1A        7         0
                text39                             1D21     1D21        9         0
                text38                             113F     113F       41         0
                text37                             1EC6     1EC6       30         0
                text36                             1E46     1E46       26         0
                text35                             1E04     1E04       20         0
                text34                             1F88     1F88       3B         0
                text33                             138B     138B       54         0
                text32                             14B3     14B3       76         0
                text31                             13DF     13DF       65         0
                text30                             1FC3     1FC3       3D         0
                text29                             1D87     1D87       13         0
                text28                             1000     1000        4         0
                text27                                2        2        1         0
                text26                             1EF6     1EF6       30         0
                text25                             1F56     1F56       32         0
                text24                             1250     1250       4A         0
                text23                             1D55     1D55        F         0
                text22                              AA3      AA3       F6         0
                text21                             1757     1757       A9         0
                text20                              83E      83E       B4         0
                text19                             1D2A     1D2A        9         0
                text18                             162D     162D       8B         0
                text17                             11C1     11C1       47         0
                text16                             129A     129A       50         0
                text15                             1E24     1E24       22         0
                text14                             16B8     16B8       9F         0
                text13                              8F2      8F2       C6         0
                text12                             1D9A     1D9A       19         0
                text11                             1DE7     1DE7       1D         0
                text10                             10BE     10BE       40         0
                text9                              1444     1444       6F         0
                text8                              1E6C     1E6C       2B         0
                text7                              1F26     1F26       30         0
                text6                              1DB3     1DB3       1A         0
                text5                               9B8      9B8       EB         0
                text4                              15AB     15AB       82         0
                text3                              1DCD     1DCD       1A         0
                text2                               B99      B99      1E5         0
                text1                              1180     1180       41         0
                maintext                            3CF      3CF      431         0
                inittext                           1D3D     1D3D        C         0
                clrtext                            1D49     1D49        C         0
                idataBIGRAM                         D7E      D7E      282         0
                idataBANK10                        1004     1004       3E         0
                idataBANK8                         1042     1042       3E         0
                idataBANK7                         1080     1080       3E         0
                idataBANK6                          800      800       3E         0
                idataBANK5                         12EA     12EA       50         0
                idataBANK3                         1D14     1D14        6         0
                idataBANK2                         1D64     1D64       11         0
                idataBANK0                         1D75     1D75       12         0
                idataCOMMON                           3        3        1         0

        CLASS   STRCODE        

        CLASS   STRING         

        CLASS   CONST          

        CLASS   ENTRY          

        CLASS   COMMON         
                cstackCOMMON                         70       70        D         1
                dataCOMMON                           7D       7D        1         1

        CLASS   BANK0          
                cstackBANK0                          20       20       25         1
                dataBANK0                            58       58       12         1
                bssBANK0                             45       45       13         1

        CLASS   BANK1          
                cstackBANK1                          A0       A0       4F         1

        CLASS   BANK2          
                cstackBANK2                         13F      13F       16         1
                dataBANK2                           155      155       11         1
                bssBANK2                            120      120       1F         1

        CLASS   BANK3          
                cstackBANK3                         1D4      1D4        F         1
                dataBANK3                           1E3      1E3        6         1
                bssBANK3                            1A0      1A0       34         1
                nvBANK3                             1E9      1E9        2         1

        CLASS   BANK4          
                bssBANK4                            220      220       2C         1

        CLASS   BANK5          
                dataBANK5                           2A0      2A0       50         1

        CLASS   BANK6          
                dataBANK6                           320      320       3E         1

        CLASS   BANK7          
                dataBANK7                           3A0      3A0       3E         1

        CLASS   BANK8          
                dataBANK8                           420      420       3E         1

        CLASS   BANK9          
                bssBANK9                            4A0      4A0       40         1

        CLASS   BANK10         
                dataBANK10                          520      520       3E         1

        CLASS   BANK11         

        CLASS   BANK12         

        CLASS   BANK13         

        CLASS   BANK14         

        CLASS   BANK15         

        CLASS   BANK16         

        CLASS   BANK17         

        CLASS   BANK18         

        CLASS   BIGRAM         

        CLASS   RAM            

        CLASS   ABS1           
                abs_s1                               7E       7E        2         1
                abs_s1                              56E      56E        2         1
                abs_s1                              5A0      5A0       50         1
                abs_s1                              620      620       50         1
                abs_s1                              6A0      6A0       50         1
                abs_s1                              720      720       50         1
                abs_s1                              7A0      7A0       50         1
                abs_s1                              820      820       50         1
                abs_s1                              8A0      8A0       50         1
                abs_s1                              920      920       50         1
                abs_s1                             236E     236E        0         1
                abs_s1                             2576     2576        0         1

        CLASS   SFR0           

        CLASS   SFR1           

        CLASS   SFR2           

        CLASS   SFR3           

        CLASS   SFR4           

        CLASS   SFR5           

        CLASS   SFR6           

        CLASS   SFR7           

        CLASS   SFR8           

        CLASS   SFR9           

        CLASS   SFR10          

        CLASS   SFR11          

        CLASS   SFR12          

        CLASS   SFR13          

        CLASS   SFR14          

        CLASS   SFR15          

        CLASS   SFR16          

        CLASS   SFR17          

        CLASS   SFR18          

        CLASS   SFR19          

        CLASS   SFR20          

        CLASS   SFR21          

        CLASS   SFR22          

        CLASS   SFR23          

        CLASS   SFR24          

        CLASS   SFR25          

        CLASS   SFR26          

        CLASS   SFR27          

        CLASS   SFR28          

        CLASS   SFR29          

        CLASS   SFR30          

        CLASS   SFR31          

        CLASS   CONFIG         
                config                             8007     8007        2         0

        CLASS   IDLOC          

        CLASS   BANK31         

        CLASS   BANK30         

        CLASS   BANK29         

        CLASS   BANK28         

        CLASS   BANK27         

        CLASS   BANK26         

        CLASS   BANK25         

        CLASS   BANK24         

        CLASS   BANK23         

        CLASS   BANK22         

        CLASS   BANK21         

        CLASS   BANK20         

        CLASS   BANK19         

        CLASS   EEDATA         



SEGMENTS        Name                           Load    Length   Top    Selector   Space  Class     Delta

                reset_vec                      000000  000003  000003         0       0  CODE        2
                idataCOMMON                    000003  000001  000004         6       0  CODE        2
                intentry                       000004  00083A  00083E         8       0  CODE        2
                cstackBANK0                    000020  00004A  00006A        20       1  BANK0       1
                cstackCOMMON                   000070  00000E  00007E        70       1  COMMON      1
                cstackBANK1                    0000A0  00004F  0000EF        A0       1  BANK1       1
                bssBANK2                       000120  000046  000166       120       1  BANK2       1
                bssBANK3                       0001A0  00004B  0001EB       1A0       1  BANK3       1
                bssBANK4                       000220  00002C  00024C       220       1  BANK4       1
                dataBANK5                      0002A0  000050  0002F0       2A0       1  BANK5       1
                dataBANK6                      000320  00003E  00035E       320       1  BANK6       1
                dataBANK7                      0003A0  00003E  0003DE       3A0       1  BANK7       1
                dataBANK8                      000420  00003E  00045E       420       1  BANK8       1
                bssBANK9                       0004A0  000040  0004E0       4A0       1  BANK9       1
                dataBANK10                     000520  00003E  00055E       520       1  BANK10      1
                text20                         00083E  0000B4  0008F2      107C       0  CODE        2
                text13                         0008F2  0000C6  0009B8      11E4       0  CODE        2
                text5                          0009B8  0000EB  000AA3      1370       0  CODE        2
                text22                         000AA3  0000F6  000B99      1546       0  CODE        2
                text2                          000B99  0001E5  000D7E      1732       0  CODE        2
                idataBIGRAM                    000D7E  000286  001004      1AFC       0  CODE        2
                idataBANK10                    001004  00003E  001042      2008       0  CODE        2
                idataBANK8                     001042  00003E  001080      2084       0  CODE        2
                idataBANK7                     001080  00003E  0010BE      2100       0  CODE        2
                text10                         0010BE  000040  0010FE      217C       0  CODE        2
                text45                         0010FE  000041  00113F      21FC       0  CODE        2
                text38                         00113F  000041  001180      227E       0  CODE        2
                text1                          001180  000041  0011C1      2300       0  CODE        2
                text17                         0011C1  000047  001208      2382       0  CODE        2
                text44                         001208  000048  001250      2410       0  CODE        2
                text24                         001250  00004A  00129A      24A0       0  CODE        2
                text16                         00129A  000050  0012EA      2534       0  CODE        2
                idataBANK5                     0012EA  000050  00133A      25D4       0  CODE        2
                text48                         00133A  000051  00138B      2674       0  CODE        2
                text33                         00138B  000054  0013DF      2716       0  CODE        2
                text31                         0013DF  000065  001444      27BE       0  CODE        2
                text9                          001444  00006F  0014B3      2888       0  CODE        2
                text32                         0014B3  000076  001529      2966       0  CODE        2
                text47                         001529  000082  0015AB      2A52       0  CODE        2
                text4                          0015AB  000082  00162D      2B56       0  CODE        2
                text18                         00162D  00008B  0016B8      2C5A       0  CODE        2
                text14                         0016B8  00009F  001757      2D70       0  CODE        2
                text21                         001757  0000A9  001800      2EAE       0  CODE        2
                text42                         001D10  000004  001D14      3A20       0  CODE        2
                idataBANK3                     001D14  000006  001D1A      3A28       0  CODE        2
                text40                         001D1A  000007  001D21      3A34       0  CODE        2
                text39                         001D21  000009  001D2A      3A42       0  CODE        2
                text19                         001D2A  000009  001D33      3A54       0  CODE        2
                text41                         001D33  00000A  001D3D      3A66       0  CODE        2
                inittext                       001D3D  00000C  001D49      3A7A       0  CODE        2
                clrtext                        001D49  00000C  001D55      3A92       0  CODE        2
                text23                         001D55  00000F  001D64      3AAA       0  CODE        2
                idataBANK2                     001D64  000011  001D75      3AC8       0  CODE        2
                idataBANK0                     001D75  000012  001D87      3AEA       0  CODE        2
                text29                         001D87  000013  001D9A      3B0E       0  CODE        2
                text12                         001D9A  000019  001DB3      3B34       0  CODE        2
                text6                          001DB3  00001A  001DCD      3B66       0  CODE        2
                text3                          001DCD  00001A  001DE7      3B9A       0  CODE        2
                text11                         001DE7  00001D  001E04      3BCE       0  CODE        2
                text35                         001E04  000020  001E24      3C08       0  CODE        2
                text15                         001E24  000022  001E46      3C48       0  CODE        2
                text36                         001E46  000026  001E6C      3C8C       0  CODE        2
                text8                          001E6C  00002B  001E97      3CD8       0  CODE        2
                text46                         001E97  00002F  001EC6      3D2E       0  CODE        2
                text37                         001EC6  000030  001EF6      3D8C       0  CODE        2
                text26                         001EF6  000030  001F26      3DEC       0  CODE        2
                text7                          001F26  000030  001F56      3E4C       0  CODE        2
                text25                         001F56  000032  001F88      3EAC       0  CODE        2
                text34                         001F88  00003B  001FC3      3F10       0  CODE        2
                text30                         001FC3  00003D  002000      3F86       0  CODE        2
                config                         008007  000002  008009     1000E       0  CONFIG      2


UNUSED ADDRESS RANGES

        Name                Unused          Largest block    Delta
        BANK0            0006A-0006F               6           1
        BANK1            000EF-000EF               1           1
        BANK10           0055E-0056D              10           1
        BANK2            00166-0016F               A           1
        BANK3            001EB-001EF               5           1
        BANK4            0024C-0026F              24           1
        BANK6            0035E-0036F              12           1
        BANK7            003DE-003EF              12           1
        BANK8            0045E-0046F              12           1
        BANK9            004E0-004EF              10           1
        BIGRAM           02000-025EF             5F0           1
        CODE             01800-01D0F             510           2
                         02000-03FFF             800
        CONST            01800-01D0F             100           2
                         02000-03FFF             100
        ENTRY            01800-01D0F             100           2
                         02000-03FFF             100
        IDLOC            08000-08003               4           2
        RAM              0006A-0006F               6           1
                         000EF-000EF               1
                         00166-0016F               A
                         001EB-001EF               5
                         0024C-0026F              24
                         0035E-0036F              12
                         003DE-003EF              12
                         0045E-0046F              12
                         004E0-004EF              10
                         0055E-0056D              10
        SFR0             00000-0001F              20           1
        SFR1             00080-0009F              20           1
        SFR10            00500-0051F              20           1
        SFR11            00580-0059F              20           1
        SFR12            00600-0061F              20           1
        SFR13            00680-0069F              20           1
        SFR14            00700-0071F              20           1
        SFR15            00780-0079F              20           1
        SFR16            00800-0081F              20           1
        SFR17            00880-0089F              20           1
        SFR18            00900-0091F              20           1
        SFR19            00980-009EF              70           1
        SFR2             00100-0011F              20           1
        SFR20            00A00-00A6F              70           1
        SFR21            00A80-00AEF              70           1
        SFR22            00B00-00B6F              70           1
        SFR23            00B80-00BEF              70           1
        SFR24            00C00-00C6F              70           1
        SFR25            00C80-00CEF              70           1
        SFR26            00D00-00D6F              70           1
        SFR27            00D80-00DEF              70           1
        SFR28            00E00-00E6F              70           1
        SFR29            00E80-00EEF              70           1
        SFR3             00180-0019F              20           1
        SFR30            00F00-00F6F              70           1
        SFR31            00F80-00FEF              70           1
        SFR4             00200-0021F              20           1
        SFR5             00280-0029F              20           1
        SFR6             00300-0031F              20           1
        SFR7             00380-0039F              20           1
        SFR8             00400-0041F              20           1
        SFR9             00480-0049F              20           1
        STACK            0216C-0218F              24           1
        STRCODE          01800-01D0F             510           2
                         02000-03FFF            2000
        STRING           01800-01D0F             100           2
                         02000-03FFF             100

                                  Symbol Table

?_FLASH_ReadWord                  cstackBANK1  000A0
?___aldiv                         cstackBANK1  000A0
?___altoft                        cstackBANK1  000A8
?___awdiv                         cstackCOMMON 00070
?___awtoft                        cstackBANK1  000A8
?___ftadd                         cstackBANK1  000A8
?___ftdiv                         cstackBANK1  000C5
?___ftmul                         cstackBANK1  000B5
?___ftneg                         cstackBANK1  000A0
?___ftpack                        cstackBANK1  000A0
?___fttol                         cstackBANK1  000E7
?___lmul                          cstackBANK1  000A0
?_adc_convert                     cstackBANK1  000A0
?_getSwitchBypassState            cstackBANK1  000A0
?_map                             cstackBANK1  000D5
?_modulation                      cstackBANK0  0002E
?_set_subdivision                 cstackBANK2  00145
?i1___aldiv                       cstackBANK0  00020
?i1___lmul                        cstackCOMMON 00070
FLASH_ReadWord@GIEBitValue        cstackBANK1  000A2
FLASH_ReadWord@flashAddr          cstackBANK1  000A0
InitializeTaps@itap               cstackBANK1  000A1
_ADCON0bits                       (abs)        0009D
_ADCON1bits                       (abs)        0009E
_ADRESH                           (abs)        0009C
_ADRESL                           (abs)        0009B
_ANSELEbits                       (abs)        00190
_ANSELFbits                       (abs)        0040C
_APFCONbits                       (abs)        0011D
_B25k                             dataBANK5    002A0
_B25kLength                       nvBANK3      001E9
_CCP10CONbits                     (abs)        0061F
_CCP1CONbits                      (abs)        00293
_CCP2CONbits                      (abs)        0029A
_CCP3CONbits                      (abs)        00313
_CCP4CONbits                      (abs)        0031A
_CCP5CONbits                      (abs)        0031E
_CCP6CONbits                      (abs)        00613
_CCP7CONbits                      (abs)        00616
_CCP8CONbits                      (abs)        00619
_CCP9CONbits                      (abs)        0061C
_CCPR1                            (abs)        00291
_CCPR2                            (abs)        00298
_CCPR3                            (abs)        00311
_CCPR4                            (abs)        00318
_CCPR5                            (abs)        0031C
_CCPR9                            (abs)        0061A
_CCPTMRS0                         (abs)        0029D
_CCPTMRS1                         (abs)        0029E
_CCPTMRS2                         (abs)        0029F
_ConfigureOscillator              text42       01D10
_FLASH_ReadWord                   text35       01E04
_INTCONbits                       (abs)        0000B
_InitApp                          text37       01EC6
_InitializeTaps                   text36       01E46
_LATBbits                         (abs)        0010D
_LATDbits                         (abs)        0010F
_LATFbits                         (abs)        0038C
_LATGbits                         (abs)        0038D
_OPTION_REGbits                   (abs)        00095
_OSCCONbits                       (abs)        00099
_PMADRH                           (abs)        00192
_PMADRL                           (abs)        00191
_PMCON1bits                       (abs)        00195
_PMCON2                           (abs)        00196
_PMDATH                           (abs)        00194
_PMDATL                           (abs)        00193
_PORTCbits                        (abs)        0000E
_PORTDbits                        (abs)        0000F
_PORTEbits                        (abs)        00010
_PR2                              (abs)        0001B
_ReadSavedSettings                text32       014B3
_T2CONbits                        (abs)        0001C
_TRISBbits                        (abs)        0008D
_TRISCbits                        (abs)        0008E
_TRISDbits                        (abs)        0008F
_TRISEbits                        (abs)        00090
_TRISFbits                        (abs)        0030C
_TRISGbits                        (abs)        0030D
__CFG_BOREN$ON                    (abs)        00000
__CFG_BORV$LO                     (abs)        00000
__CFG_CLKOUTEN$OFF                (abs)        00000
__CFG_CP$OFF                      (abs)        00000
__CFG_FCMEN$ON                    (abs)        00000
__CFG_FOSC$HS                     (abs)        00000
__CFG_IESO$ON                     (abs)        00000
__CFG_LPBOR$OFF                   (abs)        00000
__CFG_LVP$OFF                     (abs)        00000
__CFG_MCLRE$ON                    (abs)        00000
__CFG_PWRTE$OFF                   (abs)        00000
__CFG_STVREN$ON                   (abs)        00000
__CFG_VCAPEN$OFF                  (abs)        00000
__CFG_WDTE$OFF                    (abs)        00000
__CFG_WRT$OFF                     (abs)        00000
__Habs1                           abs1         00000
__Hbank0                          bank0        00000
__Hbank1                          bank1        00000
__Hbank10                         bank10       00000
__Hbank11                         bank11       00000
__Hbank12                         bank12       00000
__Hbank13                         bank13       00000
__Hbank14                         bank14       00000
__Hbank15                         bank15       00000
__Hbank16                         bank16       00000
__Hbank17                         bank17       00000
__Hbank18                         bank18       00000
__Hbank19                         bank19       00000
__Hbank2                          bank2        00000
__Hbank20                         bank20       00000
__Hbank21                         bank21       00000
__Hbank22                         bank22       00000
__Hbank23                         bank23       00000
__Hbank24                         bank24       00000
__Hbank25                         bank25       00000
__Hbank26                         bank26       00000
__Hbank27                         bank27       00000
__Hbank28                         bank28       00000
__Hbank29                         bank29       00000
__Hbank3                          bank3        00000
__Hbank30                         bank30       00000
__Hbank31                         bank31       00000
__Hbank4                          bank4        00000
__Hbank5                          bank5        00000
__Hbank6                          bank6        00000
__Hbank7                          bank7        00000
__Hbank8                          bank8        00000
__Hbank9                          bank9        00000
__Hbigram                         bigram       00000
__HbssBANK0                       bssBANK0     00000
__HbssBANK2                       bssBANK2     00000
__HbssBANK3                       bssBANK3     00000
__HbssBANK4                       bssBANK4     00000
__HbssBANK9                       bssBANK9     00000
__Hcinit                          cinit        003CF
__Hclrtext                        clrtext      00000
__Hcode                           code         00000
__Hcommon                         common       00000
__Hconfig                         config       08009
__HcstackBANK0                    cstackBANK0  00000
__HcstackBANK1                    cstackBANK1  00000
__HcstackBANK2                    cstackBANK2  00000
__HcstackBANK3                    cstackBANK3  00000
__HcstackCOMMON                   cstackCOMMON 00000
__HdataBANK0                      dataBANK0    00000
__HdataBANK10                     dataBANK10   00000
__HdataBANK2                      dataBANK2    00000
__HdataBANK3                      dataBANK3    00000
__HdataBANK5                      dataBANK5    00000
__HdataBANK6                      dataBANK6    00000
__HdataBANK7                      dataBANK7    00000
__HdataBANK8                      dataBANK8    00000
__HdataBIGRAM                     dataBIGRAM   00000
__HdataCOMMON                     dataCOMMON   00000
__Heeprom_data                    eeprom_data  00000
__Hend_init                       end_init     00313
__Hfunctab                        functab      00000
__HidataBANK0                     idataBANK0   00000
__HidataBANK10                    idataBANK10  00000
__HidataBANK2                     idataBANK2   00000
__HidataBANK3                     idataBANK3   00000
__HidataBANK5                     idataBANK5   00000
__HidataBANK6                     idataBANK6   00000
__HidataBANK7                     idataBANK7   00000
__HidataBANK8                     idataBANK8   00000
__HidataBIGRAM                    idataBIGRAM  00000
__HidataCOMMON                    idataCOMMON  00000
__Hidloc                          idloc        00000
__Hinit                           init         00311
__Hinittext                       inittext     00000
__Hintentry                       intentry     00311
__Hmaintext                       maintext     00000
__HnvBANK3                        nvBANK3      00000
__Hpowerup                        powerup      00000
__Hram                            ram          00000
__Hreset_vec                      reset_vec    00002
__Hsfr0                           sfr0         00000
__Hsfr1                           sfr1         00000
__Hsfr10                          sfr10        00000
__Hsfr11                          sfr11        00000
__Hsfr12                          sfr12        00000
__Hsfr13                          sfr13        00000
__Hsfr14                          sfr14        00000
__Hsfr15                          sfr15        00000
__Hsfr16                          sfr16        00000
__Hsfr17                          sfr17        00000
__Hsfr18                          sfr18        00000
__Hsfr19                          sfr19        00000
__Hsfr2                           sfr2         00000
__Hsfr20                          sfr20        00000
__Hsfr21                          sfr21        00000
__Hsfr22                          sfr22        00000
__Hsfr23                          sfr23        00000
__Hsfr24                          sfr24        00000
__Hsfr25                          sfr25        00000
__Hsfr26                          sfr26        00000
__Hsfr27                          sfr27        00000
__Hsfr28                          sfr28        00000
__Hsfr29                          sfr29        00000
__Hsfr3                           sfr3         00000
__Hsfr30                          sfr30        00000
__Hsfr31                          sfr31        00000
__Hsfr4                           sfr4         00000
__Hsfr5                           sfr5         00000
__Hsfr6                           sfr6         00000
__Hsfr7                           sfr7         00000
__Hsfr8                           sfr8         00000
__Hsfr9                           sfr9         00000
__Hspace_0                        (abs)        08009
__Hspace_1                        (abs)        0055E
__Hspace_2                        (abs)        00000
__Hspace_3                        (abs)        00000
__Hstack                          stack        00000
__Hstrings                        strings      00000
__Htext                           text         00000
__Labs1                           abs1         00000
__Lbank0                          bank0        00000
__Lbank1                          bank1        00000
__Lbank10                         bank10       00000
__Lbank11                         bank11       00000
__Lbank12                         bank12       00000
__Lbank13                         bank13       00000
__Lbank14                         bank14       00000
__Lbank15                         bank15       00000
__Lbank16                         bank16       00000
__Lbank17                         bank17       00000
__Lbank18                         bank18       00000
__Lbank19                         bank19       00000
__Lbank2                          bank2        00000
__Lbank20                         bank20       00000
__Lbank21                         bank21       00000
__Lbank22                         bank22       00000
__Lbank23                         bank23       00000
__Lbank24                         bank24       00000
__Lbank25                         bank25       00000
__Lbank26                         bank26       00000
__Lbank27                         bank27       00000
__Lbank28                         bank28       00000
__Lbank29                         bank29       00000
__Lbank3                          bank3        00000
__Lbank30                         bank30       00000
__Lbank31                         bank31       00000
__Lbank4                          bank4        00000
__Lbank5                          bank5        00000
__Lbank6                          bank6        00000
__Lbank7                          bank7        00000
__Lbank8                          bank8        00000
__Lbank9                          bank9        00000
__Lbigram                         bigram       00000
__LbssBANK0                       bssBANK0     00000
__LbssBANK2                       bssBANK2     00000
__LbssBANK3                       bssBANK3     00000
__LbssBANK4                       bssBANK4     00000
__LbssBANK9                       bssBANK9     00000
__Lcinit                          cinit        00313
__Lclrtext                        clrtext      00000
__Lcode                           code         00000
__Lcommon                         common       00000
__Lconfig                         config       08007
__LcstackBANK0                    cstackBANK0  00000
__LcstackBANK1                    cstackBANK1  00000
__LcstackBANK2                    cstackBANK2  00000
__LcstackBANK3                    cstackBANK3  00000
__LcstackCOMMON                   cstackCOMMON 00000
__LdataBANK0                      dataBANK0    00000
__LdataBANK10                     dataBANK10   00000
__LdataBANK2                      dataBANK2    00000
__LdataBANK3                      dataBANK3    00000
__LdataBANK5                      dataBANK5    00000
__LdataBANK6                      dataBANK6    00000
__LdataBANK7                      dataBANK7    00000
__LdataBANK8                      dataBANK8    00000
__LdataBIGRAM                     dataBIGRAM   00000
__LdataCOMMON                     dataCOMMON   00000
__Leeprom_data                    eeprom_data  00000
__Lend_init                       end_init     00311
__Lfunctab                        functab      00000
__LidataBANK0                     idataBANK0   00000
__LidataBANK10                    idataBANK10  00000
__LidataBANK2                     idataBANK2   00000
__LidataBANK3                     idataBANK3   00000
__LidataBANK5                     idataBANK5   00000
__LidataBANK6                     idataBANK6   00000
__LidataBANK7                     idataBANK7   00000
__LidataBANK8                     idataBANK8   00000
__LidataBIGRAM                    idataBIGRAM  00000
__LidataCOMMON                    idataCOMMON  00000
__Lidloc                          idloc        00000
__Linit                           init         00311
__Linittext                       inittext     00000
__Lintentry                       intentry     00004
__Lmaintext                       maintext     00000
__LnvBANK3                        nvBANK3      00000
__Lpowerup                        powerup      00000
__Lram                            ram          00000
__Lreset_vec                      reset_vec    00000
__Lsfr0                           sfr0         00000
__Lsfr1                           sfr1         00000
__Lsfr10                          sfr10        00000
__Lsfr11                          sfr11        00000
__Lsfr12                          sfr12        00000
__Lsfr13                          sfr13        00000
__Lsfr14                          sfr14        00000
__Lsfr15                          sfr15        00000
__Lsfr16                          sfr16        00000
__Lsfr17                          sfr17        00000
__Lsfr18                          sfr18        00000
__Lsfr19                          sfr19        00000
__Lsfr2                           sfr2         00000
__Lsfr20                          sfr20        00000
__Lsfr21                          sfr21        00000
__Lsfr22                          sfr22        00000
__Lsfr23                          sfr23        00000
__Lsfr24                          sfr24        00000
__Lsfr25                          sfr25        00000
__Lsfr26                          sfr26        00000
__Lsfr27                          sfr27        00000
__Lsfr28                          sfr28        00000
__Lsfr29                          sfr29        00000
__Lsfr3                           sfr3         00000
__Lsfr30                          sfr30        00000
__Lsfr31                          sfr31        00000
__Lsfr4                           sfr4         00000
__Lsfr5                           sfr5         00000
__Lsfr6                           sfr6         00000
__Lsfr7                           sfr7         00000
__Lsfr8                           sfr8         00000
__Lsfr9                           sfr9         00000
__Lspace_0                        (abs)        00000
__Lspace_1                        (abs)        00000
__Lspace_2                        (abs)        00000
__Lspace_3                        (abs)        00000
__Lstack                          stack        00000
__Lstrings                        strings      00000
__Ltext                           text         00000
__S0                              (abs)        08009
__S1                              (abs)        0055E
__S2                              (abs)        00000
___aldiv                          text4        015AB
___aldiv@counter                  cstackBANK1  000A9
___aldiv@dividend                 cstackBANK1  000A4
___aldiv@divisor                  cstackBANK1  000A0
___aldiv@quotient                 cstackBANK1  000AB
___aldiv@sign                     cstackBANK1  000AA
___altoft                         text30       01FC3
___altoft@c                       cstackBANK1  000A8
___altoft@exp                     cstackBANK1  000AE
___altoft@sign                    cstackBANK1  000AF
___awdiv                          text48       0133A
___awdiv@counter                  cstackCOMMON 00075
___awdiv@dividend                 cstackCOMMON 00072
___awdiv@divisor                  cstackCOMMON 00070
___awdiv@quotient                 cstackCOMMON 00077
___awdiv@sign                     cstackCOMMON 00076
___awtoft                         text15       01E24
___awtoft@c                       cstackBANK1  000A8
___awtoft@sign                    cstackBANK1  000AD
___ftadd                          text22       00AA3
___ftadd@exp1                     cstackBANK1  000B4
___ftadd@exp2                     cstackBANK1  000B3
___ftadd@f1                       cstackBANK1  000A8
___ftadd@f2                       cstackBANK1  000AB
___ftadd@sign                     cstackBANK1  000B2
___ftdiv                          text21       01757
___ftdiv@cntr                     cstackBANK1  000CF
___ftdiv@exp                      cstackBANK1  000D3
___ftdiv@f1                       cstackBANK1  000C8
___ftdiv@f2                       cstackBANK1  000C5
___ftdiv@f3                       cstackBANK1  000D0
___ftdiv@sign                     cstackBANK1  000D4
___ftmul                          text20       0083E
___ftmul@cntr                     cstackBANK1  000C3
___ftmul@exp                      cstackBANK1  000BF
___ftmul@f1                       cstackBANK1  000B5
___ftmul@f2                       cstackBANK1  000B8
___ftmul@f3_as_product            cstackBANK1  000C0
___ftmul@sign                     cstackBANK1  000C4
___ftneg                          text19       01D2A
___ftneg@f1                       cstackBANK1  000A0
___ftpack                         text31       013DF
___ftpack@arg                     cstackBANK1  000A0
___ftpack@exp                     cstackBANK1  000A3
___ftpack@sign                    cstackBANK1  000A4
___fttol                          text14       016B8
___fttol@exp1                     cstackBANK2  00144
___fttol@f1                       cstackBANK1  000E7
___fttol@lval                     cstackBANK2  00140
___fttol@sign1                    cstackBANK2  0013F
___int_sp                         stack        00000
___latbits                        (abs)        00003
___lmul                           text26       01EF6
___lmul@multiplicand              cstackBANK1  000A4
___lmul@multiplier                cstackBANK1  000A0
___lmul@product                   cstackBANK1  000A8
___sp                             stack        00000
__end_of_ConfigureOscillator      text42       01D14
__end_of_FLASH_ReadWord           text35       01E24
__end_of_InitApp                  text37       01EF6
__end_of_InitializeTaps           text36       01E6C
__end_of_ReadSavedSettings        text32       01529
__end_of___aldiv                  text4        0162D
__end_of___altoft                 text30       02000
__end_of___awdiv                  text48       0138B
__end_of___awtoft                 text15       01E46
__end_of___ftadd                  text22       00B99
__end_of___ftdiv                  text21       01800
__end_of___ftmul                  text20       008F2
__end_of___ftneg                  text19       01D33
__end_of___ftpack                 text31       01444
__end_of___fttol                  text14       01757
__end_of___lmul                   text26       01F26
__end_of__initialization          cinit        003CB
__end_of_adc_convert              text29       01D9A
__end_of_getCurrentLEDState       text12       01DB3
__end_of_getSwitchBypassState     text28       01004
__end_of_initSwitchBypass         text23       01D64
__end_of_init_adc                 text41       01D3D
__end_of_init_pwm                 text38       01180
__end_of_init_timer0              text40       01D21
__end_of_init_timer2              text39       01D2A
__end_of_isr                      intentry     00311
__end_of_main                     maintext     00800
__end_of_map                      text18       016B8
__end_of_modulation               text45       0113F
__end_of_read_bottom_tactile      text17       01208
__end_of_read_top_tactile         text16       012EA
__end_of_restoreLEDState          text11       01E04
__end_of_setDoublePressState      text7        01F56
__end_of_setFeedbackState         text6        01DCD
__end_of_setLongTapState          text3        01DE7
__end_of_setSwitchBypassState     text24       0129A
__end_of_set_leds_bottom          text34       01FC3
__end_of_set_leds_top             text33       013DF
__end_of_set_subdivision          text13       009B8
__end_of_showBootSequence         text8        01E97
__end_of_solidring_tactiles       text10       010FE
__end_of_star_tactiles            text9        014B3
__end_of_updateSwitchBypass       text5        00AA3
__end_of_updateSwitchBypassState  text27       00003
__end_of_updateSwitchTap          text2        00D7E
__end_of_update_mode              text1        011C1
__end_of_wait_ms                  text25       01F88
__end_ofi1___aldiv                text47       015AB
__end_ofi1___lmul                 text46       01EC6
__end_ofi1_set_leds_top           text44       01250
__initialization                  cinit        00313
__pbssBANK0                       bssBANK0     00045
__pbssBANK2                       bssBANK2     00120
__pbssBANK3                       bssBANK3     001A0
__pbssBANK4                       bssBANK4     00220
__pbssBANK9                       bssBANK9     004A0
__pcstackBANK0                    cstackBANK0  00020
__pcstackBANK1                    cstackBANK1  000A0
__pcstackBANK2                    cstackBANK2  0013F
__pcstackBANK3                    cstackBANK3  001D4
__pcstackCOMMON                   cstackCOMMON 00070
__pdataBANK0                      dataBANK0    00058
__pdataBANK10                     dataBANK10   00520
__pdataBANK2                      dataBANK2    00155
__pdataBANK3                      dataBANK3    001E3
__pdataBANK5                      dataBANK5    002A0
__pdataBANK6                      dataBANK6    00320
__pdataBANK7                      dataBANK7    003A0
__pdataBANK8                      dataBANK8    00420
__pdataBIGRAM                     (abs)        0236E
__pdataCOMMON                     dataCOMMON   0007D
__pidataBANK0                     idataBANK0   01D75
__pidataBANK10                    idataBANK10  01004
__pidataBANK2                     idataBANK2   01D64
__pidataBANK3                     idataBANK3   01D14
__pidataBANK5                     idataBANK5   012EA
__pidataBANK6                     idataBANK6   00800
__pidataBANK7                     idataBANK7   01080
__pidataBANK8                     idataBANK8   01042
__pidataBIGRAM                    idataBIGRAM  00D7E
__pidataCOMMON                    idataCOMMON  00003
__pintentry                       intentry     00004
__pmaintext                       maintext     003CF
__pnvBANK3                        nvBANK3      001E9
__ptext1                          text1        01180
__ptext10                         text10       010BE
__ptext11                         text11       01DE7
__ptext12                         text12       01D9A
__ptext13                         text13       008F2
__ptext14                         text14       016B8
__ptext15                         text15       01E24
__ptext16                         text16       0129A
__ptext17                         text17       011C1
__ptext18                         text18       0162D
__ptext19                         text19       01D2A
__ptext2                          text2        00B99
__ptext20                         text20       0083E
__ptext21                         text21       01757
__ptext22                         text22       00AA3
__ptext23                         text23       01D55
__ptext24                         text24       01250
__ptext25                         text25       01F56
__ptext26                         text26       01EF6
__ptext27                         text27       00002
__ptext28                         text28       01000
__ptext29                         text29       01D87
__ptext3                          text3        01DCD
__ptext30                         text30       01FC3
__ptext31                         text31       013DF
__ptext32                         text32       014B3
__ptext33                         text33       0138B
__ptext34                         text34       01F88
__ptext35                         text35       01E04
__ptext36                         text36       01E46
__ptext37                         text37       01EC6
__ptext38                         text38       0113F
__ptext39                         text39       01D21
__ptext4                          text4        015AB
__ptext40                         text40       01D1A
__ptext41                         text41       01D33
__ptext42                         text42       01D10
__ptext44                         text44       01208
__ptext45                         text45       010FE
__ptext46                         text46       01E97
__ptext47                         text47       01529
__ptext48                         text48       0133A
__ptext5                          text5        009B8
__ptext6                          text6        01DB3
__ptext7                          text7        01F26
__ptext8                          text8        01E6C
__ptext9                          text9        01444
__size_of_ConfigureOscillator     (abs)        00000
__size_of_FLASH_ReadWord          (abs)        00000
__size_of_InitApp                 (abs)        00000
__size_of_InitializeTaps          (abs)        00000
__size_of_ReadSavedSettings       (abs)        00000
__size_of___aldiv                 (abs)        00000
__size_of___altoft                (abs)        00000
__size_of___awdiv                 (abs)        00000
__size_of___awtoft                (abs)        00000
__size_of___ftadd                 (abs)        00000
__size_of___ftdiv                 (abs)        00000
__size_of___ftmul                 (abs)        00000
__size_of___ftneg                 (abs)        00000
__size_of___ftpack                (abs)        00000
__size_of___fttol                 (abs)        00000
__size_of___lmul                  (abs)        00000
__size_of_adc_convert             (abs)        00000
__size_of_getCurrentLEDState      (abs)        00000
__size_of_getSwitchBypassState    (abs)        00000
__size_of_initSwitchBypass        (abs)        00000
__size_of_init_adc                (abs)        00000
__size_of_init_pwm                (abs)        00000
__size_of_init_timer0             (abs)        00000
__size_of_init_timer2             (abs)        00000
__size_of_isr                     (abs)        00000
__size_of_main                    (abs)        00000
__size_of_map                     (abs)        00000
__size_of_modulation              (abs)        00000
__size_of_read_bottom_tactile     (abs)        00000
__size_of_read_top_tactile        (abs)        00000
__size_of_restoreLEDState         (abs)        00000
__size_of_setDoublePressState     (abs)        00000
__size_of_setFeedbackState        (abs)        00000
__size_of_setLongTapState         (abs)        00000
__size_of_setSwitchBypassState    (abs)        00000
__size_of_set_leds_bottom         (abs)        00000
__size_of_set_leds_top            (abs)        00000
__size_of_set_subdivision         (abs)        00000
__size_of_showBootSequence        (abs)        00000
__size_of_solidring_tactiles      (abs)        00000
__size_of_star_tactiles           (abs)        00000
__size_of_updateSwitchBypass      (abs)        00000
__size_of_updateSwitchBypassState (abs)        00000
__size_of_updateSwitchTap         (abs)        00000
__size_of_update_mode             (abs)        00000
__size_of_wait_ms                 (abs)        00000
__size_ofi1___aldiv               (abs)        00000
__size_ofi1___lmul                (abs)        00000
__size_ofi1_set_leds_top          (abs)        00000
_adc_convert                      text29       01D87
_adjust_sub_delay                 bssBANK3     001C0
_adjusted_pot_value               bssBANK3     001C2
_baseline_delay_time              dataBANK0    00058
_blink_delay                      dataBANK2    00155
_blink_rate                       dataCOMMON   0007D
_bottomTactile_pressed            bssBANK2     00136
_bottom_push_state                dataBANK0    00060
_bypass_turning_on                bssBANK2     00137
_currentBypassState               dataBANK2    00164
_debounce_mode1                   bssBANK3     001C8
_debounce_mode2                   bssBANK3     001CA
_delayArray                       (abs)        0236E
_delay_counter                    bssBANK2     00124
_delay_time                       dataBANK0    0005C
_delay_time_changed               dataBANK3    001E3
_delayfound                       bssBANK3     001CC
_doubleTap_state                  bssBANK0     00053
_feedback_start                   bssBANK0     00054
_feedback_state                   dataBANK0    00066
_feedback_timer                   bssBANK2     00126
_getCurrentLEDState               text12       01D9A
_getSwitchBypassState             text28       01000
_initSwitchBypass                 text23       01D55
_init_adc                         text41       01D33
_init_pwm                         text38       0113F
_init_timer0                      text40       01D1A
_init_timer2                      text39       01D21
_isr                              intentry     00004
_knob1_prev                       dataBANK2    00157
_knob2_prev                       dataBANK2    00159
_knob3_prev                       dataBANK2    0015B
_knob4_prev                       dataBANK2    0015D
_knob5_prev                       dataBANK2    0015F
_knob_1_pos                       bssBANK2     00128
_knob_2_pos                       bssBANK2     0012A
_knob_3_pos                       bssBANK2     0012C
_knob_4_pos                       bssBANK2     0012E
_knob_5_pos                       bssBANK2     00130
_ledState                         bssBANK3     001B4
_longTap_start                    bssBANK0     00055
_longTap_state                    dataBANK0    00067
_longTap_timer                    bssBANK2     00132
_long_press_limit                 dataBANK0    00062
_main                             maintext     003CF
_map                              text18       0162D
_map$2172                         cstackBANK1  000E4
_mod2                             dataBANK6    00320
_mod3                             dataBANK7    003A0
_mod4                             dataBANK8    00420
_mod5                             (abs)        02576
_mod_counter                      bssBANK0     00051
_mod_delay_time                   dataBANK3    001E5
_mod_timer                        bssBANK2     00120
_mod_value                        bssBANK3     001CE
_mode2_state                      bssBANK2     0013A
_modulation                       text45       010FE
_num_taps                         dataBANK0    00068
_preset_blink                     bssBANK2     0013B
_preset_programmning_on           bssBANK2     0013C
_read_bottom_tactile              text17       011C1
_read_top_tactile                 text16       0129A
_reset_sub_delay                  bssBANK3     001D0
_restoreLEDState                  text11       01DE7
_setDoublePressState              text7        01F26
_setFeedbackState                 text6        01DB3
_setLongTapState                  text3        01DCD
_setSwitchBypassState             text24       01250
_set_leds_bottom                  text34       01F88
_set_leds_top                     text33       0138B
_set_subdivision                  text13       008F2
_showBootSequence                 text8        01E6C
_solidring_tactiles               text10       010BE
_star_tactiles                    text9        01444
_sub_timer                        bssBANK0     00045
_suspend_blink                    bssBANK0     00056
_switchBypass_pressed             bssBANK2     00134
_switchBypass_state               dataBANK0    00069
_switchBypass_toggle              bssBANK3     001D2
_switchBypass_up                  dataBANK3    001E7
_switchTap_down                   bssBANK2     0013D
_switchTap_pressed                bssBANK0     00057
_switchTap_state                  dataBANK2    00165
_tap                              bssBANK4     00220
_tap_history                      bssBANK3     001A0
_tap_iteration                    dataBANK2    00161
_tap_timer                        bssBANK0     00049
_tap_total                        bssBANK3     001B8
_test_timer                       bssBANK3     001BC
_timer                            bssBANK0     0004D
_topTactile_pressed               bssBANK2     0013E
_top_push_state                   dataBANK0    00064
_updateSwitchBypass               text5        009B8
_updateSwitchBypassState          text27       00002
_updateSwitchTap                  text2        00B99
_update_mode                      text1        01180
_wait_ms                          text25       01F56
adc_convert@channel               cstackBANK1  000A3
btemp                             (abs)        0007E
clear_ram0                        clrtext      01D49
end_of_initialization             cinit        003CB
i1___aldiv                        text47       01529
i1___aldiv@counter                cstackBANK0  00028
i1___aldiv@dividend               cstackBANK0  00024
i1___aldiv@divisor                cstackBANK0  00020
i1___aldiv@quotient               cstackBANK0  0002A
i1___aldiv@sign                   cstackBANK0  00029
i1___lmul                         text46       01E97
i1___lmul@multiplicand            cstackCOMMON 00074
i1___lmul@multiplier              cstackCOMMON 00070
i1___lmul@product                 cstackCOMMON 00078
i1_set_leds_top                   text44       01208
i1set_leds_top@ledState           cstackCOMMON 00072
i1set_leds_top@x                  cstackCOMMON 00070
initSwitchBypass@initState        cstackBANK1  000B6
init_ram                          inittext     01D3D
int$flags                         (abs)        0007E
intlevel0                         functab      00000
intlevel1                         functab      00000
intlevel2                         functab      00000
intlevel3                         functab      00000
intlevel4                         functab      00000
intlevel5                         functab      00000
isr@tmpSubDelay                   cstackBANK0  00043
ltemp                             (abs)        0007E
ltemp0                            (abs)        0007E
ltemp1                            (abs)        00082
ltemp2                            (abs)        00086
ltemp3                            (abs)        00080
main@i                            cstackBANK2  00151
main@i_391                        cstackBANK2  00153
map@in_max                        cstackBANK1  000DB
map@in_min                        cstackBANK1  000D8
map@out_max                       cstackBANK1  000E1
map@out_min                       cstackBANK1  000DE
map@x                             cstackBANK1  000D5
modulation@x                      cstackBANK0  0002E
modulation@y                      cstackBANK0  00032
reset_vec                         reset_vec    00000
setDoublePressState@f_state       cstackBANK1  000B2
setFeedbackState@f_state          cstackBANK1  000A0
setLongTapState@f_state           cstackBANK1  000A0
setSwitchBypassState@f_state      cstackBANK1  000B2
set_leds_bottom@x                 cstackBANK1  000A0
set_leds_top@ledState             cstackBANK1  000A2
set_leds_top@x                    cstackBANK1  000A0
set_subdivision@scalar            cstackBANK2  0014E
set_subdivision@tmpX              cstackBANK2  0014C
set_subdivision@x                 cstackBANK2  00145
set_subdivision@y                 cstackBANK2  00147
solidring_tactiles@ring_delay     cstackBANK1  000B4
stackhi                           (abs)        0218F
stacklo                           (abs)        0216C
star_tactiles@iLed                cstackBANK1  000B5
star_tactiles@iLed_1453           cstackBANK1  000B7
star_tactiles@reverse             cstackBANK1  000B4
start                             init         00311
start_initialization              cinit        00313
ttemp                             (abs)        0007E
ttemp0                            (abs)        0007E
ttemp1                            (abs)        00081
ttemp2                            (abs)        00084
ttemp3                            (abs)        00087
ttemp4                            (abs)        0007F
updateSwitchBypassState@state     cstackBANK1  000A0
updateSwitchTap@iCnt              cstackBANK1  000BE
updateSwitchTap@tapCntDivisor     cstackBANK1  000BC
wait_ms@timeSec                   cstackBANK1  000AC
wait_ms@timemsl                   cstackBANK1  000AE
wtemp                             (abs)        0007E
wtemp0                            (abs)        0007E
wtemp1                            (abs)        00080
wtemp2                            (abs)        00082
wtemp3                            (abs)        00084
wtemp4                            (abs)        00086
wtemp5                            (abs)        00088
wtemp6                            (abs)        0007F


FUNCTION INFORMATION:

 *************** function _main *****************
 Defined at:
		line 81 in file "main.c"
 Parameters:    Size  Location     Type
		None
 Auto vars:     Size  Location     Type
  i               2   20[BANK2 ] int 
  i               2   18[BANK2 ] int 
 Return value:  Size  Location     Type
                  1    wreg      void 
 Registers used:
		wreg, fsr0l, fsr0h, fsr1l, fsr1h, status,2, status,0, pclath, cstack
 Tracked objects:
		On entry : 
		On exit  : 
		Unchanged: 
 Data sizes:     COMMON   BANK0   BANK1   BANK2   BANK3   BANK4   BANK5   BANK6   BANK7   BANK8   BANK9  BANK10  BANK11  BANK12  BANK13  BANK14  BANK15  BANK16  BANK17  BANK18
      Params:         0       0       0       0       0       0       0       0       0       0       0       0       0       0       0       0       0       0       0       0
      Locals:         0       0       0       4       0       0       0       0       0       0       0       0       0       0       0       0       0       0       0       0
      Temps:          0       0       0       0      15       0       0       0       0       0       0       0       0       0       0       0       0       0       0       0
      Totals:         0       0       0       4      15       0       0       0       0       0       0       0       0       0       0       0       0       0       0       0
Total ram usage:       19 bytes
 Hardware stack levels required when called:    7
 This function calls:
		_ConfigureOscillator
		_InitApp
		_InitializeTaps
		_ReadSavedSettings
		___altoft
		___awtoft
		___ftdiv
		___fttol
		_adc_convert
		_initSwitchBypass
		_map
		_read_bottom_tactile
		_read_top_tactile
		_set_subdivision
		_showBootSequence
		_updateSwitchBypass
		_updateSwitchTap
		_update_mode
 This function is called by:
		Startup code after reset
 This function uses a non-reentrant model


 *************** function _update_mode *****************
 Defined at:
		line 82 in file "tactiles.c"
 Parameters:    Size  Location     Type
		None
 Auto vars:     Size  Location     Type
		None
 Return value:  Size  Location     Type
                  1    wreg      void 
 Registers used:
		wreg, fsr0l, fsr0h, status,2, status,0
 Tracked objects:
		On entry : 
		On exit  : 
		Unchanged: 
 Data sizes:     COMMON   BANK0   BANK1   BANK2   BANK3   BANK4   BANK5   BANK6   BANK7   BANK8   BANK9  BANK10  BANK11  BANK12  BANK13  BANK14  BANK15  BANK16  BANK17  BANK18
      Params:         0       0       0       0       0       0       0       0       0       0       0       0       0       0       0       0       0       0       0       0
      Locals:         0       0       0       0       0       0       0       0       0       0       0       0       0       0       0       0       0       0       0       0
      Temps:          0       0       1       0       0       0       0       0       0       0       0       0       0       0       0       0       0       0       0       0
      Totals:         0       0       1       0       0       0       0       0       0       0       0       0       0       0       0       0       0       0       0       0
Total ram usage:        1 bytes
 Hardware stack levels used:    1
 Hardware stack levels required when called:    3
 This function calls:
		Nothing
 This function is called by:
		_main
 This function uses a non-reentrant model


 *************** function _updateSwitchTap *****************
 Defined at:
		line 48 in file "SwitchTap.c"
 Parameters:    Size  Location     Type
		None
 Auto vars:     Size  Location     Type
  tapCntDiviso    2   28[BANK1 ] int 
  iCnt            1   30[BANK1 ] unsigned char 
 Return value:  Size  Location     Type
                  1    wreg      void 
 Registers used:
		wreg, fsr1l, fsr1h, status,2, status,0, pclath, cstack
 Tracked objects:
		On entry : 
		On exit  : 
		Unchanged: 
 Data sizes:     COMMON   BANK0   BANK1   BANK2   BANK3   BANK4   BANK5   BANK6   BANK7   BANK8   BANK9  BANK10  BANK11  BANK12  BANK13  BANK14  BANK15  BANK16  BANK17  BANK18
      Params:         0       0       0       0       0       0       0       0       0       0       0       0       0       0       0       0       0       0       0       0
      Locals:         0       0       3       0       0       0       0       0       0       0       0       0       0       0       0       0       0       0       0       0
      Temps:          0       0       6       0       0       0       0       0       0       0       0       0       0       0       0       0       0       0       0       0
      Totals:         0       0       9       0       0       0       0       0       0       0       0       0       0       0       0       0       0       0       0       0
Total ram usage:        9 bytes
 Hardware stack levels used:    1
 Hardware stack levels required when called:    6
 This function calls:
		___aldiv
		_setDoublePressState
		_setLongTapState
 This function is called by:
		_main
 This function uses a non-reentrant model


 *************** function _setLongTapState *****************
 Defined at:
		line 168 in file "SwitchTap.c"
 Parameters:    Size  Location     Type
  f_state         2    0[BANK1 ] int 
 Auto vars:     Size  Location     Type
		None
 Return value:  Size  Location     Type
                  1    wreg      void 
 Registers used:
		wreg, status,0
 Tracked objects:
		On entry : 
		On exit  : 
		Unchanged: 
 Data sizes:     COMMON   BANK0   BANK1   BANK2   BANK3   BANK4   BANK5   BANK6   BANK7   BANK8   BANK9  BANK10  BANK11  BANK12  BANK13  BANK14  BANK15  BANK16  BANK17  BANK18
      Params:         0       0       2       0       0       0       0       0       0       0       0       0       0       0       0       0       0       0       0       0
[...]
      Temps:          0       0       0       0       0       0       0       0       0       0       0       0       0       0       0       0       0       0       0       0
      Totals:         0       0       0       0       0       0       0       0       0       0       0       0       0       0       0       0       0       0       0       0
Total ram usage:        0 bytes
 Hardware stack levels used:    1
 Hardware stack levels required when called:    3
 This function calls:
		Nothing
 This function is called by:
		_init_pwm
 This function uses a non-reentrant model


 *************** function _init_timer0 *****************
 Defined at:
		line 163 in file "user.c"
 Parameters:    Size  Location     Type
		None
 Auto vars:     Size  Location     Type
		None
 Return value:  Size  Location     Type
                  1    wreg      void 
 Registers used:
		None
 Tracked objects:
		On entry : 
		On exit  : 
		Unchanged: 
 Data sizes:     COMMON   BANK0   BANK1   BANK2   BANK3   BANK4   BANK5   BANK6   BANK7   BANK8   BANK9  BANK10  BANK11  BANK12  BANK13  BANK14  BANK15  BANK16  BANK17  BANK18
      Params:         0       0       0       0       0       0       0       0       0       0       0       0       0       0       0       0       0       0       0       0
      Locals:         0       0       0       0       0       0       0       0       0       0       0       0       0       0       0       0       0       0       0       0
      Temps:          0       0       0       0       0       0       0       0       0       0       0       0       0       0       0       0       0       0       0       0
      Totals:         0       0       0       0       0       0       0       0       0       0       0       0       0       0       0       0       0       0       0       0
Total ram usage:        0 bytes
 Hardware stack levels used:    1
 Hardware stack levels required when called:    3
 This function calls:
		Nothing
 This function is called by:
		_init_pwm
 This function uses a non-reentrant model


 *************** function _init_adc *****************
 Defined at:
		line 109 in file "user.c"
 Parameters:    Size  Location     Type
		None
 Auto vars:     Size  Location     Type
		None
 Return value:  Size  Location     Type
                  1    wreg      void 
 Registers used:
		wreg, status,2, status,0
 Tracked objects:
		On entry : 
		On exit  : 
		Unchanged: 
 Data sizes:     COMMON   BANK0   BANK1   BANK2   BANK3   BANK4   BANK5   BANK6   BANK7   BANK8   BANK9  BANK10  BANK11  BANK12  BANK13  BANK14  BANK15  BANK16  BANK17  BANK18
      Params:         0       0       0       0       0       0       0       0       0       0       0       0       0       0       0       0       0       0       0       0
      Locals:         0       0       0       0       0       0       0       0       0       0       0       0       0       0       0       0       0       0       0       0
      Temps:          0       0       0       0       0       0       0       0       0       0       0       0       0       0       0       0       0       0       0       0
      Totals:         0       0       0       0       0       0       0       0       0       0       0       0       0       0       0       0       0       0       0       0
Total ram usage:        0 bytes
 Hardware stack levels used:    1
 Hardware stack levels required when called:    3
 This function calls:
		Nothing
 This function is called by:
		_InitApp
 This function uses a non-reentrant model


 *************** function _ConfigureOscillator *****************
 Defined at:
		line 18 in file "system.c"
 Parameters:    Size  Location     Type
		None
 Auto vars:     Size  Location     Type
		None
 Return value:  Size  Location     Type
                  1    wreg      void 
 Registers used:
		wreg, status,2, status,0
 Tracked objects:
		On entry : 
		On exit  : 
		Unchanged: 
 Data sizes:     COMMON   BANK0   BANK1   BANK2   BANK3   BANK4   BANK5   BANK6   BANK7   BANK8   BANK9  BANK10  BANK11  BANK12  BANK13  BANK14  BANK15  BANK16  BANK17  BANK18
      Params:         0       0       0       0       0       0       0       0       0       0       0       0       0       0       0       0       0       0       0       0
      Locals:         0       0       0       0       0       0       0       0       0       0       0       0       0       0       0       0       0       0       0       0
      Temps:          0       0       0       0       0       0       0       0       0       0       0       0       0       0       0       0       0       0       0       0
      Totals:         0       0       0       0       0       0       0       0       0       0       0       0       0       0       0       0       0       0       0       0
Total ram usage:        0 bytes
 Hardware stack levels used:    1
 Hardware stack levels required when called:    3
 This function calls:
		Nothing
 This function is called by:
		_main
 This function uses a non-reentrant model


 *************** function _isr *****************
 Defined at:
		line 25 in file "interrupts.c"
 Parameters:    Size  Location     Type
		None
 Auto vars:     Size  Location     Type
  tmpSubDelay     2   35[BANK0 ] int 
 Return value:  Size  Location     Type
                  1    wreg      void 
 Registers used:
		wreg, fsr0l, fsr0h, fsr1l, fsr1h, status,2, status,0, pclath, cstack
 Tracked objects:
		On entry : 
		On exit  : 
		Unchanged: 
 Data sizes:     COMMON   BANK0   BANK1   BANK2   BANK3   BANK4   BANK5   BANK6   BANK7   BANK8   BANK9  BANK10  BANK11  BANK12  BANK13  BANK14  BANK15  BANK16  BANK17  BANK18
      Params:         0       0       0       0       0       0       0       0       0       0       0       0       0       0       0       0       0       0       0       0
      Locals:         0       2       0       0       0       0       0       0       0       0       0       0       0       0       0       0       0       0       0       0
      Temps:          0       9       0       0       0       0       0       0       0       0       0       0       0       0       0       0       0       0       0       0
      Totals:         0      11       0       0       0       0       0       0       0       0       0       0       0       0       0       0       0       0       0       0
Total ram usage:       11 bytes
 Hardware stack levels used:    1
 Hardware stack levels required when called:    2
 This function calls:
		___awdiv
		_modulation
		i1_set_leds_top
 This function is called by:
		Interrupt level 1
 This function uses a non-reentrant model


 *************** function i1_set_leds_top *****************
 Defined at:
		line 16 in file "LEDs.c"
 Parameters:    Size  Location     Type
  x               2    0[COMMON] int 
  ledState        2    2[COMMON] int 
 Auto vars:     Size  Location     Type
		None
 Return value:  Size  Location     Type
                  1    wreg      void 
 Registers used:
		wreg, fsr0l, fsr0h, status,2, status,0
 Tracked objects:
		On entry : 
		On exit  : 
		Unchanged: 
 Data sizes:     COMMON   BANK0   BANK1   BANK2   BANK3   BANK4   BANK5   BANK6   BANK7   BANK8   BANK9  BANK10  BANK11  BANK12  BANK13  BANK14  BANK15  BANK16  BANK17  BANK18
      Params:         4       0       0       0       0       0       0       0       0       0       0       0       0       0       0       0       0       0       0       0
      Locals:         0       0       0       0       0       0       0       0       0       0       0       0       0       0       0       0       0       0       0       0
      Temps:          0       0       0       0       0       0       0       0       0       0       0       0       0       0       0       0       0       0       0       0
      Totals:         4       0       0       0       0       0       0       0       0       0       0       0       0       0       0       0       0       0       0       0
Total ram usage:        4 bytes
 Hardware stack levels used:    1
 This function calls:
		Nothing
 This function is called by:
		_isr
 This function uses a non-reentrant model


 *************** function _modulation *****************
 Defined at:
		line 181 in file "user.c"
 Parameters:    Size  Location     Type
  x               4   14[BANK0 ] long 
  y               4   18[BANK0 ] long 
 Auto vars:     Size  Location     Type
		None
 Return value:  Size  Location     Type
                  4   14[BANK0 ] long 
 Registers used:
		wreg, status,2, status,0, pclath, cstack
 Tracked objects:
		On entry : 
		On exit  : 
		Unchanged: 
 Data sizes:     COMMON   BANK0   BANK1   BANK2   BANK3   BANK4   BANK5   BANK6   BANK7   BANK8   BANK9  BANK10  BANK11  BANK12  BANK13  BANK14  BANK15  BANK16  BANK17  BANK18
      Params:         0       8       0       0       0       0       0       0       0       0       0       0       0       0       0       0       0       0       0       0
      Locals:         0       0       0       0       0       0       0       0       0       0       0       0       0       0       0       0       0       0       0       0
      Temps:          0       4       0       0       0       0       0       0       0       0       0       0       0       0       0       0       0       0       0       0
      Totals:         0      12       0       0       0       0       0       0       0       0       0       0       0       0       0       0       0       0       0       0
Total ram usage:       12 bytes
 Hardware stack levels used:    1
 Hardware stack levels required when called:    1
 This function calls:
		i1___aldiv
		i1___lmul
 This function is called by:
		_isr
 This function uses a non-reentrant model


 *************** function i1___lmul *****************
 Defined at:
		line 15 in file "C:\Program Files (x86)\Microchip\xc8\v1.37\sources\common\Umul32.c"
 Parameters:    Size  Location     Type
  multiplier      4    0[COMMON] unsigned long 
  multiplicand    4    4[COMMON] unsigned long 
 Auto vars:     Size  Location     Type
  __lmul          4    8[COMMON] unsigned long 
 Return value:  Size  Location     Type
                  4    0[COMMON] unsigned long 
 Registers used:
		wreg, status,2, status,0
 Tracked objects:
		On entry : 
		On exit  : 
		Unchanged: 
 Data sizes:     COMMON   BANK0   BANK1   BANK2   BANK3   BANK4   BANK5   BANK6   BANK7   BANK8   BANK9  BANK10  BANK11  BANK12  BANK13  BANK14  BANK15  BANK16  BANK17  BANK18
      Params:         8       0       0       0       0       0       0       0       0       0       0       0       0       0       0       0       0       0       0       0
      Locals:         4       0       0       0       0       0       0       0       0       0       0       0       0       0       0       0       0       0       0       0
      Temps:          0       0       0       0       0       0       0       0       0       0       0       0       0       0       0       0       0       0       0       0
      Totals:        12       0       0       0       0       0       0       0       0       0       0       0       0       0       0       0       0       0       0       0
Total ram usage:       12 bytes
 Hardware stack levels used:    1
 This function calls:
		Nothing
 This function is called by:
		_modulation
 This function uses a non-reentrant model


 *************** function i1___aldiv *****************
 Defined at:
		line 6 in file "C:\Program Files (x86)\Microchip\xc8\v1.37\sources\common\aldiv.c"
 Parameters:    Size  Location     Type
  divisor         4    0[BANK0 ] long 
  dividend        4    4[BANK0 ] long 
 Auto vars:     Size  Location     Type
  __aldiv         4   10[BANK0 ] long 
  __aldiv         1    9[BANK0 ] unsigned char 
  __aldiv         1    8[BANK0 ] unsigned char 
 Return value:  Size  Location     Type
                  4    0[BANK0 ] long 
 Registers used:
		wreg, status,2, status,0
 Tracked objects:
		On entry : 
		On exit  : 
		Unchanged: 
 Data sizes:     COMMON   BANK0   BANK1   BANK2   BANK3   BANK4   BANK5   BANK6   BANK7   BANK8   BANK9  BANK10  BANK11  BANK12  BANK13  BANK14  BANK15  BANK16  BANK17  BANK18
      Params:         0       8       0       0       0       0       0       0       0       0       0       0       0       0       0       0       0       0       0       0
      Locals:         0       6       0       0       0       0       0       0       0       0       0       0       0       0       0       0       0       0       0       0
      Temps:          1       0       0       0       0       0       0       0       0       0       0       0       0       0       0       0       0       0       0       0
      Totals:         1      14       0       0       0       0       0       0       0       0       0       0       0       0       0       0       0       0       0       0
Total ram usage:       15 bytes
 Hardware stack levels used:    1
 This function calls:
		Nothing
 This function is called by:
		_modulation
 This function uses a non-reentrant model


 *************** function ___awdiv *****************
 Defined at:
		line 6 in file "C:\Program Files (x86)\Microchip\xc8\v1.37\sources\common\awdiv.c"
 Parameters:    Size  Location     Type
  divisor         2    0[COMMON] int 
  dividend        2    2[COMMON] int 
 Auto vars:     Size  Location     Type
  quotient        2    7[COMMON] int 
  sign            1    6[COMMON] unsigned char 
  counter         1    5[COMMON] unsigned char 
 Return value:  Size  Location     Type
                  2    0[COMMON] int 
 Registers used:
		wreg, status,2, status,0
 Tracked objects:
		On entry : 
		On exit  : 
		Unchanged: 
 Data sizes:     COMMON   BANK0   BANK1   BANK2   BANK3   BANK4   BANK5   BANK6   BANK7   BANK8   BANK9  BANK10  BANK11  BANK12  BANK13  BANK14  BANK15  BANK16  BANK17  BANK18
      Params:         4       0       0       0       0       0       0       0       0       0       0       0       0       0       0       0       0       0       0       0
      Locals:         4       0       0       0       0       0       0       0       0       0       0       0       0       0       0       0       0       0       0       0
      Temps:          1       0       0       0       0       0       0       0       0       0       0       0       0       0       0       0       0       0       0       0
      Totals:         9       0       0       0       0       0       0       0       0       0       0       0       0       0       0       0       0       0       0       0
Total ram usage:        9 bytes
 Hardware stack levels used:    1
 This function calls:
		Nothing
 This function is called by:
		_isr
 This function uses a non-reentrant model



MODULE INFORMATION

Module		Function		Class		Link	Load	Size
C:\Program Files (x86)\Microchip\xc8\v1.37\sources\common\altoft.c
		___altoft      		CODE           	1FC3	0000	62

C:\Program Files (x86)\Microchip\xc8\v1.37\sources\common\altoft.c estimated size: 62

C:\Program Files (x86)\Microchip\xc8\v1.37\sources\common\ftdiv.c
		___ftdiv       		CODE           	1757	0000	170

C:\Program Files (x86)\Microchip\xc8\v1.37\sources\common\ftdiv.c estimated size: 170

tactiles.c
		_update_mode   		CODE           	1180	0000	66
		_read_bottom_tactile		CODE           	11C1	0000	72
		_read_top_tactile		CODE           	129A	0000	81

tactiles.c estimated size: 219

state_manager.c
		_getCurrentLEDState		CODE           	1D9A	0000	26
		_updateSwitchBypassState		CODE           	0002	0000	2
		_restoreLEDState		CODE           	1DE7	0000	30
		_getSwitchBypassState		CODE           	1000	0000	5

state_manager.c estimated size: 63

interrupts.c
		_isr           		CODE           	0004	0000	782

interrupts.c estimated size: 782

C:\Program Files (x86)\Microchip\xc8\v1.37\sources\common\fttol.c
		___fttol       		CODE           	16B8	0000	160

C:\Program Files (x86)\Microchip\xc8\v1.37\sources\common\fttol.c estimated size: 160

SwitchTap.c
		_setLongTapState		CODE           	1DCD	0000	27
		_updateSwitchTap		CODE           	0B99	0000	486

SwitchTap.c estimated size: 513

C:\Program Files (x86)\Microchip\xc8\v1.37\sources\common\awdiv.c
		___awdiv       		CODE           	133A	0000	82

C:\Program Files (x86)\Microchip\xc8\v1.37\sources\common\awdiv.c estimated size: 82

C:\Program Files (x86)\Microchip\xc8\v1.37\sources\common\ftadd.c
		___ftadd       		CODE           	0AA3	0000	247

C:\Program Files (x86)\Microchip\xc8\v1.37\sources\common\ftadd.c estimated size: 247

C:\Program Files (x86)\Microchip\xc8\v1.37\sources\common\aldiv.c
		___aldiv       		CODE           	15AB	0000	131

C:\Program Files (x86)\Microchip\xc8\v1.37\sources\common\aldiv.c estimated size: 131

preset_programming.c
		_setDoublePressState		CODE           	1F26	0000	49

preset_programming.c estimated size: 49

C:\Program Files (x86)\Microchip\xc8\v1.37\sources\common\Umul32.c
		___lmul        		CODE           	1EF6	0000	49

C:\Program Files (x86)\Microchip\xc8\v1.37\sources\common\Umul32.c estimated size: 49

C:\Program Files (x86)\Microchip\xc8\v1.37\sources\common\ftneg.c
		___ftneg       		CODE           	1D2A	0000	10

C:\Program Files (x86)\Microchip\xc8\v1.37\sources\common\ftneg.c estimated size: 10

shared
		__initialization		CODE           	0313	0000	185
		i1___lmul      		CODE           	1E97	0000	48
		i1_set_leds_top		CODE           	1208	0000	73
		i1___aldiv     		CODE           	1529	0000	131

shared estimated size: 437

LEDs.c
		_set_leds_bottom		CODE           	1F88	0000	60
		_showBootSequence		CODE           	1E6C	0000	44
		_solidring_tactiles		CODE           	10BE	0000	65
		_set_leds_top  		CODE           	138B	0000	85
		_star_tactiles 		CODE           	1444	0000	112

LEDs.c estimated size: 366

C:\Program Files (x86)\Microchip\xc8\v1.37\sources\common\awtoft.c
		___awtoft      		CODE           	1E24	0000	35

C:\Program Files (x86)\Microchip\xc8\v1.37\sources\common\awtoft.c estimated size: 35

SwitchBypass.c
		_setSwitchBypassState		CODE           	1250	0000	75
		_setFeedbackState		CODE           	1DB3	0000	27
		_initSwitchBypass		CODE           	1D55	0000	16
		_updateSwitchBypass		CODE           	09B8	0000	236

SwitchBypass.c estimated size: 354

user.c
		_ReadSavedSettings		CODE           	14B3	0000	119
		_map           		CODE           	162D	0000	140
		_InitApp       		CODE           	1EC6	0000	49
		_init_timer0   		CODE           	1D1A	0000	8
		_init_timer2   		CODE           	1D21	0000	10
		_init_adc      		CODE           	1D33	0000	11
		_adc_convert   		CODE           	1D87	0000	20
		_set_subdivision		CODE           	08F2	0000	199
		_InitializeTaps		CODE           	1E46	0000	39
		_modulation    		CODE           	10FE	0000	66
		_init_pwm      		CODE           	113F	0000	66

user.c estimated size: 727

C:\Program Files (x86)\Microchip\xc8\v1.37\sources\common\float.c
		___ftpack      		CODE           	13DF	0000	102

C:\Program Files (x86)\Microchip\xc8\v1.37\sources\common\float.c estimated size: 102

main.c
		_main          		CODE           	03CF	0000	1074

main.c estimated size: 1074

memory.c
		_FLASH_ReadWord		CODE           	1E04	0000	33

memory.c estimated size: 33

system.c
		_ConfigureOscillator		CODE           	1D10	0000	5
		_wait_ms       		CODE           	1F56	0000	51

system.c estimated size: 56

C:\Program Files (x86)\Microchip\xc8\v1.37\sources\common\ftmul.c
		___ftmul       		CODE           	083E	0000	181

C:\Program Files (x86)\Microchip\xc8\v1.37\sources\common\ftmul.c estimated size: 181

