Microchip MPLAB XC8 Compiler V1.37 ()

Linker command line:

-W-3 --edf=C:\Program Files (x86)\Microchip\xc8\v1.37\dat\en_msgs.txt -cs \
  -h+dist/Todd/production\Novaplex_V2.X.production.sym \
  --cmf=dist/Todd/production\Novaplex_V2.X.production.cmf -z -Q16F1527 \
  -oC:\Users\Nancy\AppData\Local\Temp\s59c.2 \
  -Mdist/Todd/production/Novaplex_V2.X.production.map -E1 -ver=XC8 \
  -ASTACK=02124h-0213fh -pstack=STACK -ACODE=00h-07FFhx8 \
  -ASTRCODE=00h-03FFFh -ASTRING=00h-0FFhx64 -ACONST=00h-0FFhx64 \
  -AENTRY=00h-0FFhx64 -ACOMMON=070h-07Fh -ABANK0=020h-06Fh \
  -ABANK1=0A0h-0EFh -ABANK2=0120h-016Fh -ABANK3=01A0h-01EFh \
  -ABANK4=0220h-026Fh -ABANK5=02A0h-02EFh -ABANK6=0320h-036Fh \
  -ABANK7=03A0h-03EFh -ABANK8=0420h-046Fh -ABANK9=04A0h-04EFh \
  -ABANK10=0520h-056Fh -ABANK11=05A0h-05EFh -ABANK12=0620h-066Fh \
  -ABANK13=06A0h-06EFh -ABANK14=0720h-076Fh -ABANK15=07A0h-07EFh \
  -ABANK16=0820h-086Fh -ABANK17=08A0h-08EFh -ABANK18=0920h-096Fh \
  -ABIGRAM=02000h-025EFh \
  -ARAM=020h-06Fh,0A0h-0EFh,0120h-016Fh,01A0h-01EFh,0220h-026Fh,02A0h-02EFh,0320h-036Fh,03A0h-03EFh,0420h-046Fh,04A0h-04EFh,0520h-056Fh,05A0h-05EFh,0620h-066Fh,06A0h-06EFh,0720h-076Fh,07A0h-07EFh,0820h-086Fh,08A0h-08EFh,0920h-096Fh \
  -AABS1=020h-07Fh,0A0h-0EFh,0120h-016Fh,01A0h-01EFh,0220h-026Fh,02A0h-02EFh,0320h-036Fh,03A0h-03EFh,0420h-046Fh,04A0h-04EFh,0520h-056Fh,05A0h-05EFh,0620h-066Fh,06A0h-06EFh,0720h-076Fh,07A0h-07EFh,0820h-086Fh,08A0h-08EFh,0920h-096Fh \
  -ASFR0=00h-01Fh -ASFR1=080h-09Fh -ASFR2=0100h-011Fh -ASFR3=0180h-019Fh \
  -ASFR4=0200h-021Fh -ASFR5=0280h-029Fh -ASFR6=0300h-031Fh \
  -ASFR7=0380h-039Fh -ASFR8=0400h-041Fh -ASFR9=0480h-049Fh \
  -ASFR10=0500h-051Fh -ASFR11=0580h-059Fh -ASFR12=0600h-061Fh \
  -ASFR13=0680h-069Fh -ASFR14=0700h-071Fh -ASFR15=0780h-079Fh \
  -ASFR16=0800h-081Fh -ASFR17=0880h-089Fh -ASFR18=0900h-091Fh \
  -ASFR19=0980h-09EFh -ASFR20=0A00h-0A6Fh -ASFR21=0A80h-0AEFh \
  -ASFR22=0B00h-0B6Fh -ASFR23=0B80h-0BEFh -ASFR24=0C00h-0C6Fh \
  -ASFR25=0C80h-0CEFh -ASFR26=0D00h-0D6Fh -ASFR27=0D80h-0DEFh \
  -ASFR28=0E00h-0E6Fh -ASFR29=0E80h-0EEFh -ASFR30=0F00h-0F6Fh \
  -ASFR31=0F80h-0FEFh -preset_vec=00h,intentry=04h,init,end_init \
  -ppowerup=CODE -pcinit=CODE -pfunctab=CODE -ACONFIG=08007h-08008h \
  -pconfig=CONFIG -DCONFIG=2 -AIDLOC=08000h-08003h -pidloc=IDLOC -DIDLOC=2 \
  -DCODE=2 -DSTRCODE=2 -DSTRING=2 -DCONST=2 -DENTRY=2 -k \
  C:\Users\Nancy\AppData\Local\Temp\s59c.obj \
  dist/Todd/production\Novaplex_V2.X.production.obj 

Object code version is 3.11

Machine type is 16F1527



                Name                               Link     Load   Length Selector   Space Scale
C:\Users\Nancy\AppData\Local\Temp\s59c.obj
                end_init                            131      131        2        8       0
                reset_vec                             0        0        2        0       0
                config                             8007     8007        2    1000E       0
dist/Todd/production\Novaplex_V2.X.production.obj
                cinit                               133      133       B9        8       0
                intentry                              4        4      12D        8       0
                text44                              7B7      7B7       48        8       0
                text42                             1F13     1F13        4     3E26       0
                text41                             1F34     1F34        A     3E68       0
                text40                             1F1B     1F1B        7     3E36       0
                text39                             1F22     1F22        9     3E44       0
                text38                             138C     138C       41     2718       0
                text37                             1073     1073       30     20E6       0
                text36                             1022     1022       26     2044       0
                text35                             1FE0     1FE0       20     3FC0       0
                text34                             1257     1257       3B     24AE       0
                text33                             159B     159B       54     2B36       0
                text32                             14F8     14F8       51     29F0       0
                text31                             15EF     15EF       65     2BDE       0
                text30                             1292     1292       3D     2524       0
                text29                             1549     1549       52     2A92       0
                text28                             1FAB     1FAB       19     3F56       0
                text27                             1F17     1F17        4     3E2E       0
                text26                                2        2        1        0       0
                text25                             10A3     10A3       30     2146       0
                text24                             10D3     10D3       31     21A6       0
                text23                             1412     1412       46     2824       0
                text22                             1F4A     1F4A        F     3E94       0
                text21                              55D      55D       F6        8       0
                text20                              87D      87D       A9     10FA       0
                text19                              653      653       B4        8       0
                text18                             1F2B     1F2B        9     3E56       0
                text17                             16D6     16D6       8B     2DAC       0
                text16                             1654     1654       82     2CA8       0
                text15                             1FC4     1FC4       1C     3F88       0
                text14                             12CF     12CF       3E     259E       0
                text13                             1104     1104       31     2208       0
                text12                             1135     1135       3A     226A       0
                text11                             1000     1000       22     124C       0
                text10                             1761     1761       9F     2EC2       0
                text9                               464      464       F9        8       0
                text8                              1F59     1F59       12     3EB2       0
                text7                              1F95     1F95       16     3F2A       0
                text6                              134C     134C       40     2698       0
                text5                               80E      80E       6F     101C       0
                text4                              1048     1048       2B     2090       0
                text3                              130D     130D       3F     261A       0
                text2                               707      707       B0        8       0
                text1                              13CD     13CD       45     279A       0
                maintext                            926      926      6DA     124C       0
                cstackBANK0                          20       20       4F       20       1
                cstackCOMMON                         70       70        9       70       1
                cstackBANK1                          A0       A0       23       A0       1
                inittext                           1F3E     1F3E        C     3E7C       0
                clrtext                             802      802        C     1004       0
                bssBANK10                           520      520       40      520       1
                dataBANK9                           4A0      4A0       3A      4A0       1
                dataBANK8                           420      420       50      420       1
                dataBANK7                           3A0      3A0       50      3A0       1
                dataBANK6                           320      320       3A      320       1
                dataBANK5                           2A0      2A0       3A      2A0       1
                dataBANK4                           220      220       3A      220       1
                bssBANK3                            1A0      1A0       34      1A0       1
                dataBANK2                           15A      15A       15      120       1
                bssBANK2                            120      120       3A      120       1
                dataBANK1                            DB       DB       15       A0       1
                bssBANK1                             C3       C3       18       A0       1
                dataBANK0                            6F       6F        1       20       1
                dataCOMMON                           7D       7D        1       70       1
                bssCOMMON                            79       79        4       70       1
                idataBIGRAM                         1EC      1EC      278        8       0
                idataBANK9                         116F     116F       3A     22DE       0
                idataBANK8                         1458     1458       50     28B0       0
                idataBANK7                         14A8     14A8       50     2950       0
                idataBANK6                         11A9     11A9       3A     2352       0
                idataBANK5                         11E3     11E3       3A     23C6       0
                idataBANK4                         121D     121D       3A     243A       0
                idataBANK2                         1F6B     1F6B       15     3ED6       0
                idataBANK1                         1F80     1F80       15     3F00       0
                idataBANK0                            3        3        1        6       0
                idataCOMMON                         7FF      7FF        1        8       0

TOTAL           Name                               Link     Load   Length     Space
        CLASS   STACK          

        CLASS   CODE           
                end_init                            131      131        2         0
                cinit                               133      133       B9         0
                intentry                              4        4      12D         0
                reset_vec                             0        0        2         0
                text44                              7B7      7B7       48         0
                text42                             1F13     1F13        4         0
                text41                             1F34     1F34        A         0
                text40                             1F1B     1F1B        7         0
                text39                             1F22     1F22        9         0
                text38                             138C     138C       41         0
                text37                             1073     1073       30         0
                text36                             1022     1022       26         0
                text35                             1FE0     1FE0       20         0
                text34                             1257     1257       3B         0
                text33                             159B     159B       54         0
                text32                             14F8     14F8       51         0
                text31                             15EF     15EF       65         0
                text30                             1292     1292       3D         0
                text29                             1549     1549       52         0
                text28                             1FAB     1FAB       19         0
                text27                             1F17     1F17        4         0
                text26                                2        2        1         0
                text25                             10A3     10A3       30         0
                text24                             10D3     10D3       31         0
                text23                             1412     1412       46         0
                text22                             1F4A     1F4A        F         0
                text21                              55D      55D       F6         0
                text20                              87D      87D       A9         0
                text19                              653      653       B4         0
                text18                             1F2B     1F2B        9         0
                text17                             16D6     16D6       8B         0
                text16                             1654     1654       82         0
                text15                             1FC4     1FC4       1C         0
                text14                             12CF     12CF       3E         0
                text13                             1104     1104       31         0
                text12                             1135     1135       3A         0
                text11                             1000     1000       22         0
                text10                             1761     1761       9F         0
                text9                               464      464       F9         0
                text8                              1F59     1F59       12         0
                text7                              1F95     1F95       16         0
                text6                              134C     134C       40         0
                text5                               80E      80E       6F         0
                text4                              1048     1048       2B         0
                text3                              130D     130D       3F         0
                text2                               707      707       B0         0
                text1                              13CD     13CD       45         0
                maintext                            926      926      6DA         0
                inittext                           1F3E     1F3E        C         0
                clrtext                             802      802        C         0
                idataBIGRAM                         1EC      1EC      278         0
                idataBANK9                         116F     116F       3A         0
                idataBANK8                         1458     1458       50         0
                idataBANK7                         14A8     14A8       50         0
                idataBANK6                         11A9     11A9       3A         0
                idataBANK5                         11E3     11E3       3A         0
                idataBANK4                         121D     121D       3A         0
                idataBANK2                         1F6B     1F6B       15         0
                idataBANK1                         1F80     1F80       15         0
                idataBANK0                            3        3        1         0
                idataCOMMON                         7FF      7FF        1         0

        CLASS   STRCODE        

        CLASS   STRING         

        CLASS   CONST          

        CLASS   ENTRY          

        CLASS   COMMON         
                cstackCOMMON                         70       70        9         1
                dataCOMMON                           7D       7D        1         1
                bssCOMMON                            79       79        4         1

        CLASS   BANK0          
                cstackBANK0                          20       20       4F         1
                dataBANK0                            6F       6F        1         1

        CLASS   BANK1          
                cstackBANK1                          A0       A0       23         1
                dataBANK1                            DB       DB       15         1
                bssBANK1                             C3       C3       18         1

        CLASS   BANK2          
                dataBANK2                           15A      15A       15         1
                bssBANK2                            120      120       3A         1

        CLASS   BANK3          
                bssBANK3                            1A0      1A0       34         1

        CLASS   BANK4          
                dataBANK4                           220      220       3A         1

        CLASS   BANK5          
                dataBANK5                           2A0      2A0       3A         1

        CLASS   BANK6          
                dataBANK6                           320      320       3A         1

        CLASS   BANK7          
                dataBANK7                           3A0      3A0       50         1

        CLASS   BANK8          
                dataBANK8                           420      420       50         1

        CLASS   BANK9          
                dataBANK9                           4A0      4A0       3A         1

        CLASS   BANK10         
                bssBANK10                           520      520       40         1

        CLASS   BANK11         

        CLASS   BANK12         

        CLASS   BANK13         

        CLASS   BANK14         

        CLASS   BANK15         

        CLASS   BANK16         

        CLASS   BANK17         

        CLASS   BANK18         

        CLASS   BIGRAM         

        CLASS   RAM            

        CLASS   ABS1           
                abs_s1                               7E       7E        2         1
                abs_s1                              5A8      5A8       48         1
                abs_s1                              620      620       50         1
                abs_s1                              6A0      6A0       50         1
                abs_s1                              720      720       50         1
                abs_s1                              7A0      7A0       50         1
                abs_s1                              820      820       50         1
                abs_s1                              8A0      8A0       50         1
                abs_s1                              920      920       50         1
                abs_s1                             2378     2378        0         1
                abs_s1                             23F2     23F2        0         1

        CLASS   SFR0           

        CLASS   SFR1           

        CLASS   SFR2           

        CLASS   SFR3           

        CLASS   SFR4           

        CLASS   SFR5           

        CLASS   SFR6           

        CLASS   SFR7           

        CLASS   SFR8           

        CLASS   SFR9           

        CLASS   SFR10          

        CLASS   SFR11          

        CLASS   SFR12          

        CLASS   SFR13          

        CLASS   SFR14          

        CLASS   SFR15          

        CLASS   SFR16          

        CLASS   SFR17          

        CLASS   SFR18          

        CLASS   SFR19          

        CLASS   SFR20          

        CLASS   SFR21          

        CLASS   SFR22          

        CLASS   SFR23          

        CLASS   SFR24          

        CLASS   SFR25          

        CLASS   SFR26          

        CLASS   SFR27          

        CLASS   SFR28          

        CLASS   SFR29          

        CLASS   SFR30          

        CLASS   SFR31          

        CLASS   CONFIG         
                config                             8007     8007        2         0

        CLASS   IDLOC          

        CLASS   BANK31         

        CLASS   BANK30         

        CLASS   BANK29         

        CLASS   BANK28         

        CLASS   BANK27         

        CLASS   BANK26         

        CLASS   BANK25         

        CLASS   BANK24         

        CLASS   BANK23         

        CLASS   BANK22         

        CLASS   BANK21         

        CLASS   BANK20         

        CLASS   BANK19         

        CLASS   EEDATA         



SEGMENTS        Name                           Load    Length   Top    Selector   Space  Class     Delta

                reset_vec                      000000  000003  000003         0       0  CODE        2
                idataBANK0                     000003  000001  000004         6       0  CODE        2
                intentry                       000004  0007FC  000800         8       0  CODE        2
                cstackBANK0                    000020  000050  000070        20       1  BANK0       1
                cstackCOMMON                   000070  00000E  00007E        70       1  COMMON      1
                cstackBANK1                    0000A0  000050  0000F0        A0       1  BANK1       1
                bssBANK2                       000120  00004F  00016F       120       1  BANK2       1
                bssBANK3                       0001A0  000034  0001D4       1A0       1  BANK3       1
                dataBANK4                      000220  00003A  00025A       220       1  BANK4       1
                dataBANK5                      0002A0  00003A  0002DA       2A0       1  BANK5       1
                dataBANK6                      000320  00003A  00035A       320       1  BANK6       1
                dataBANK7                      0003A0  000050  0003F0       3A0       1  BANK7       1
                dataBANK8                      000420  000050  000470       420       1  BANK8       1
                dataBANK9                      0004A0  00003A  0004DA       4A0       1  BANK9       1
                bssBANK10                      000520  000040  000560       520       1  BANK10      1
                clrtext                        000802  00000C  00080E      1004       0  CODE        2
                text5                          00080E  00006F  00087D      101C       0  CODE        2
                text20                         00087D  0000A9  000926      10FA       0  CODE        2
                maintext                       000926  0006FC  001022      124C       0  CODE        2
                text36                         001022  000026  001048      2044       0  CODE        2
                text4                          001048  00002B  001073      2090       0  CODE        2
                text37                         001073  000030  0010A3      20E6       0  CODE        2
                text25                         0010A3  000030  0010D3      2146       0  CODE        2
                text24                         0010D3  000031  001104      21A6       0  CODE        2
                text13                         001104  000031  001135      2208       0  CODE        2
                text12                         001135  00003A  00116F      226A       0  CODE        2
                idataBANK9                     00116F  00003A  0011A9      22DE       0  CODE        2
                idataBANK6                     0011A9  00003A  0011E3      2352       0  CODE        2
                idataBANK5                     0011E3  00003A  00121D      23C6       0  CODE        2
                idataBANK4                     00121D  00003A  001257      243A       0  CODE        2
                text34                         001257  00003B  001292      24AE       0  CODE        2
                text30                         001292  00003D  0012CF      2524       0  CODE        2
                text14                         0012CF  00003E  00130D      259E       0  CODE        2
                text3                          00130D  00003F  00134C      261A       0  CODE        2
                text6                          00134C  000040  00138C      2698       0  CODE        2
                text38                         00138C  000041  0013CD      2718       0  CODE        2
                text1                          0013CD  000045  001412      279A       0  CODE        2
                text23                         001412  000046  001458      2824       0  CODE        2
                idataBANK8                     001458  000050  0014A8      28B0       0  CODE        2
                idataBANK7                     0014A8  000050  0014F8      2950       0  CODE        2
                text32                         0014F8  000051  001549      29F0       0  CODE        2
                text29                         001549  000052  00159B      2A92       0  CODE        2
                text33                         00159B  000054  0015EF      2B36       0  CODE        2
                text31                         0015EF  000065  001654      2BDE       0  CODE        2
                text16                         001654  000082  0016D6      2CA8       0  CODE        2
                text17                         0016D6  00008B  001761      2DAC       0  CODE        2
                text10                         001761  00009F  001800      2EC2       0  CODE        2
                text42                         001F13  000004  001F17      3E26       0  CODE        2
                text27                         001F17  000004  001F1B      3E2E       0  CODE        2
                text40                         001F1B  000007  001F22      3E36       0  CODE        2
                text39                         001F22  000009  001F2B      3E44       0  CODE        2
                text18                         001F2B  000009  001F34      3E56       0  CODE        2
                text41                         001F34  00000A  001F3E      3E68       0  CODE        2
                inittext                       001F3E  00000C  001F4A      3E7C       0  CODE        2
                text22                         001F4A  00000F  001F59      3E94       0  CODE        2
                text8                          001F59  000012  001F6B      3EB2       0  CODE        2
                idataBANK2                     001F6B  000015  001F80      3ED6       0  CODE        2
                idataBANK1                     001F80  000015  001F95      3F00       0  CODE        2
                text7                          001F95  000016  001FAB      3F2A       0  CODE        2
                text28                         001FAB  000019  001FC4      3F56       0  CODE        2
                text15                         001FC4  00001C  001FE0      3F88       0  CODE        2
                text35                         001FE0  000020  002000      3FC0       0  CODE        2
                config                         008007  000002  008009     1000E       0  CONFIG      2


UNUSED ADDRESS RANGES

        Name                Unused          Largest block    Delta
        BANK10           00560-0056F              10           1
        BANK11           005A0-005A7               8           1
        BANK2            0016F-0016F               1           1
        BANK3            001D4-001EF              1C           1
        BANK4            0025A-0026F              16           1
        BANK5            002DA-002EF              16           1
        BANK6            0035A-0036F              16           1
        BANK9            004DA-004EF              16           1
        BIGRAM           02000-025EF             5F0           1
        CODE             00800-00801               2           2
                         01800-01F12             713
                         02000-03FFF             800
        CONST            00800-00801               2           2
                         01800-01F12             100
                         02000-03FFF             100
        ENTRY            00800-00801               2           2
                         01800-01F12             100
                         02000-03FFF             100
        IDLOC            08000-08003               4           2
        RAM              0016F-0016F               1           1
                         001D4-001EF              1C
                         0025A-0026F              16
                         002DA-002EF              16
                         0035A-0036F              16
                         004DA-004EF              16
                         00560-0056F              10
                         005A0-005A7               8
        SFR0             00000-0001F              20           1
        SFR1             00080-0009F              20           1
        SFR10            00500-0051F              20           1
        SFR11            00580-0059F              20           1
        SFR12            00600-0061F              20           1
        SFR13            00680-0069F              20           1
        SFR14            00700-0071F              20           1
        SFR15            00780-0079F              20           1
        SFR16            00800-0081F              20           1
        SFR17            00880-0089F              20           1
        SFR18            00900-0091F              20           1
        SFR19            00980-009EF              70           1
        SFR2             00100-0011F              20           1
        SFR20            00A00-00A6F              70           1
        SFR21            00A80-00AEF              70           1
        SFR22            00B00-00B6F              70           1
        SFR23            00B80-00BEF              70           1
        SFR24            00C00-00C6F              70           1
        SFR25            00C80-00CEF              70           1
        SFR26            00D00-00D6F              70           1
        SFR27            00D80-00DEF              70           1
        SFR28            00E00-00E6F              70           1
        SFR29            00E80-00EEF              70           1
        SFR3             00180-0019F              20           1
        SFR30            00F00-00F6F              70           1
        SFR31            00F80-00FEF              70           1
        SFR4             00200-0021F              20           1
        SFR5             00280-0029F              20           1
        SFR6             00300-0031F              20           1
        SFR7             00380-0039F              20           1
        SFR8             00400-0041F              20           1
        SFR9             00480-0049F              20           1
        STACK            02124-0213F              1C           1
        STRCODE          00800-00801               2           2
                         01800-01F12             713
                         02000-03FFF            2000
        STRING           00800-00801               2           2
                         01800-01F12             100
                         02000-03FFF             100

                                  Symbol Table

?_FLASH_ReadWord                  cstackBANK0  00020
?___aldiv                         cstackBANK0  00026
?___altoft                        cstackBANK0  00028
?___awdiv                         cstackBANK0  00020
?___awtoft                        cstackBANK0  00028
?___ftadd                         cstackBANK0  00028
?___ftdiv                         cstackBANK0  00045
?___ftmul                         cstackBANK0  00035
?___ftneg                         cstackBANK0  00020
?___ftpack                        cstackBANK0  00020
?___fttol                         cstackBANK0  00067
?___lmul                          cstackBANK0  00020
?___wmul                          cstackBANK0  00020
?_adc_convert                     cstackBANK0  00020
?_getSwitchBypassState            cstackBANK0  00020
?_map                             cstackBANK0  00055
?_modulation                      cstackBANK0  00035
?_set_subdivision                 cstackBANK1  000A6
FLASH_ReadWord@GIEBitValue        cstackBANK0  00022
FLASH_ReadWord@flashAddr          cstackBANK0  00020
InitializeTaps@itap               cstackBANK0  00021
_ADCON0bits                       (abs)        0009D
_ADCON1bits                       (abs)        0009E
_ADRESH                           (abs)        0009C
_ADRESL                           (abs)        0009B
_ANSELEbits                       (abs)        00190
_ANSELFbits                       (abs)        0040C
_APFCONbits                       (abs)        0011D
_B25k                             dataBANK7    003A0
_CCP10CONbits                     (abs)        0061F
_CCP1CONbits                      (abs)        00293
_CCP2CONbits                      (abs)        0029A
_CCP3CONbits                      (abs)        00313
_CCP4CONbits                      (abs)        0031A
_CCP5CONbits                      (abs)        0031E
_CCP6CONbits                      (abs)        00613
_CCP7CONbits                      (abs)        00616
_CCP8CONbits                      (abs)        00619
_CCP9CONbits                      (abs)        0061C
_CCPR1                            (abs)        00291
_CCPR2                            (abs)        00298
_CCPR3                            (abs)        00311
_CCPR4                            (abs)        00318
_CCPR5                            (abs)        0031C
_CCPR9                            (abs)        0061A
_CCPTMRS0                         (abs)        0029D
_CCPTMRS1                         (abs)        0029E
_CCPTMRS2                         (abs)        0029F
_ConfigureOscillator              text42       01F13
_FLASH_ReadWord                   text35       01FE0
_INTCONbits                       (abs)        0000B
_InitApp                          text37       01073
_InitializeTaps                   text36       01022
_LATBbits                         (abs)        0010D
_LATDbits                         (abs)        0010F
_LATFbits                         (abs)        0038C
_LATGbits                         (abs)        0038D
_OPTION_REGbits                   (abs)        00095
_OSCCONbits                       (abs)        00099
_PMADRH                           (abs)        00192
_PMADRL                           (abs)        00191
_PMCON1bits                       (abs)        00195
_PMCON2                           (abs)        00196
_PMDATH                           (abs)        00194
_PMDATL                           (abs)        00193
_PORTCbits                        (abs)        0000E
_PORTDbits                        (abs)        0000F
_PORTEbits                        (abs)        00010
_PR2                              (abs)        0001B
_ReadSavedSettings                text32       014F8
_T2CONbits                        (abs)        0001C
_TRISBbits                        (abs)        0008D
_TRISCbits                        (abs)        0008E
_TRISDbits                        (abs)        0008F
_TRISEbits                        (abs)        00090
_TRISFbits                        (abs)        0030C
_TRISGbits                        (abs)        0030D
__CFG_BOREN$ON                    (abs)        00000
__CFG_BORV$LO                     (abs)        00000
__CFG_CLKOUTEN$OFF                (abs)        00000
__CFG_CP$OFF                      (abs)        00000
__CFG_FCMEN$ON                    (abs)        00000
__CFG_FOSC$HS                     (abs)        00000
__CFG_IESO$ON                     (abs)        00000
__CFG_LPBOR$OFF                   (abs)        00000
__CFG_LVP$OFF                     (abs)        00000
__CFG_MCLRE$ON                    (abs)        00000
__CFG_PWRTE$OFF                   (abs)        00000
__CFG_STVREN$ON                   (abs)        00000
__CFG_VCAPEN$OFF                  (abs)        00000
__CFG_WDTE$OFF                    (abs)        00000
__CFG_WRT$OFF                     (abs)        00000
__Habs1                           abs1         00000
__Hbank0                          bank0        00000
__Hbank1                          bank1        00000
__Hbank10                         bank10       00000
__Hbank11                         bank11       00000
__Hbank12                         bank12       00000
__Hbank13                         bank13       00000
__Hbank14                         bank14       00000
__Hbank15                         bank15       00000
__Hbank16                         bank16       00000
__Hbank17                         bank17       00000
__Hbank18                         bank18       00000
__Hbank19                         bank19       00000
__Hbank2                          bank2        00000
__Hbank20                         bank20       00000
__Hbank21                         bank21       00000
__Hbank22                         bank22       00000
__Hbank23                         bank23       00000
__Hbank24                         bank24       00000
__Hbank25                         bank25       00000
__Hbank26                         bank26       00000
__Hbank27                         bank27       00000
__Hbank28                         bank28       00000
__Hbank29                         bank29       00000
__Hbank3                          bank3        00000
__Hbank30                         bank30       00000
__Hbank31                         bank31       00000
__Hbank4                          bank4        00000
__Hbank5                          bank5        00000
__Hbank6                          bank6        00000
__Hbank7                          bank7        00000
__Hbank8                          bank8        00000
__Hbank9                          bank9        00000
__Hbigram                         bigram       00000
__HbssBANK1                       bssBANK1     00000
__HbssBANK10                      bssBANK10    00000
__HbssBANK2                       bssBANK2     00000
__HbssBANK3                       bssBANK3     00000
__HbssCOMMON                      bssCOMMON    00000
__Hcinit                          cinit        001EC
__Hclrtext                        clrtext      00000
__Hcode                           code         00000
__Hcommon                         common       00000
__Hconfig                         config       08009
__HcstackBANK0                    cstackBANK0  00000
__HcstackBANK1                    cstackBANK1  00000
__HcstackCOMMON                   cstackCOMMON 00000
__HdataBANK0                      dataBANK0    00000
__HdataBANK1                      dataBANK1    00000
__HdataBANK2                      dataBANK2    00000
__HdataBANK4                      dataBANK4    00000
__HdataBANK5                      dataBANK5    00000
__HdataBANK6                      dataBANK6    00000
__HdataBANK7                      dataBANK7    00000
__HdataBANK8                      dataBANK8    00000
__HdataBANK9                      dataBANK9    00000
__HdataBIGRAM                     dataBIGRAM   00000
__HdataCOMMON                     dataCOMMON   00000
__Heeprom_data                    eeprom_data  00000
__Hend_init                       end_init     00133
__Hfunctab                        functab      00000
__HidataBANK0                     idataBANK0   00000
__HidataBANK1                     idataBANK1   00000
__HidataBANK2                     idataBANK2   00000
__HidataBANK4                     idataBANK4   00000
__HidataBANK5                     idataBANK5   00000
__HidataBANK6                     idataBANK6   00000
__HidataBANK7                     idataBANK7   00000
__HidataBANK8                     idataBANK8   00000
__HidataBANK9                     idataBANK9   00000
__HidataBIGRAM                    idataBIGRAM  00000
__HidataCOMMON                    idataCOMMON  00000
__Hidloc                          idloc        00000
__Hinit                           init         00131
__Hinittext                       inittext     00000
__Hintentry                       intentry     00131
__Hmaintext                       maintext     00000
__Hpowerup                        powerup      00000
__Hram                            ram          00000
__Hreset_vec                      reset_vec    00002
__Hsfr0                           sfr0         00000
__Hsfr1                           sfr1         00000
__Hsfr10                          sfr10        00000
__Hsfr11                          sfr11        00000
__Hsfr12                          sfr12        00000
__Hsfr13                          sfr13        00000
__Hsfr14                          sfr14        00000
__Hsfr15                          sfr15        00000
__Hsfr16                          sfr16        00000
__Hsfr17                          sfr17        00000
__Hsfr18                          sfr18        00000
__Hsfr19                          sfr19        00000
__Hsfr2                           sfr2         00000
__Hsfr20                          sfr20        00000
__Hsfr21                          sfr21        00000
__Hsfr22                          sfr22        00000
__Hsfr23                          sfr23        00000
__Hsfr24                          sfr24        00000
__Hsfr25                          sfr25        00000
__Hsfr26                          sfr26        00000
__Hsfr27                          sfr27        00000
__Hsfr28                          sfr28        00000
__Hsfr29                          sfr29        00000
__Hsfr3                           sfr3         00000
__Hsfr30                          sfr30        00000
__Hsfr31                          sfr31        00000
__Hsfr4                           sfr4         00000
__Hsfr5                           sfr5         00000
__Hsfr6                           sfr6         00000
__Hsfr7                           sfr7         00000
__Hsfr8                           sfr8         00000
__Hsfr9                           sfr9         00000
__Hspace_0                        (abs)        08009
__Hspace_1                        (abs)        00560
__Hspace_2                        (abs)        00000
__Hspace_3                        (abs)        00000
__Hstack                          stack        00000
__Hstrings                        strings      00000
__Htext                           text         00000
__Labs1                           abs1         00000
__Lbank0                          bank0        00000
__Lbank1                          bank1        00000
__Lbank10                         bank10       00000
__Lbank11                         bank11       00000
__Lbank12                         bank12       00000
__Lbank13                         bank13       00000
__Lbank14                         bank14       00000
__Lbank15                         bank15       00000
__Lbank16                         bank16       00000
__Lbank17                         bank17       00000
__Lbank18                         bank18       00000
__Lbank19                         bank19       00000
__Lbank2                          bank2        00000
__Lbank20                         bank20       00000
__Lbank21                         bank21       00000
__Lbank22                         bank22       00000
__Lbank23                         bank23       00000
__Lbank24                         bank24       00000
__Lbank25                         bank25       00000
__Lbank26                         bank26       00000
__Lbank27                         bank27       00000
__Lbank28                         bank28       00000
__Lbank29                         bank29       00000
__Lbank3                          bank3        00000
__Lbank30                         bank30       00000
__Lbank31                         bank31       00000
__Lbank4                          bank4        00000
__Lbank5                          bank5        00000
__Lbank6                          bank6        00000
__Lbank7                          bank7        00000
__Lbank8                          bank8        00000
__Lbank9                          bank9        00000
__Lbigram                         bigram       00000
__LbssBANK1                       bssBANK1     00000
__LbssBANK10                      bssBANK10    00000
__LbssBANK2                       bssBANK2     00000
__LbssBANK3                       bssBANK3     00000
__LbssCOMMON                      bssCOMMON    00000
__Lcinit                          cinit        00133
__Lclrtext                        clrtext      00000
__Lcode                           code         00000
__Lcommon                         common       00000
__Lconfig                         config       08007
__LcstackBANK0                    cstackBANK0  00000
__LcstackBANK1                    cstackBANK1  00000
__LcstackCOMMON                   cstackCOMMON 00000
__LdataBANK0                      dataBANK0    00000
__LdataBANK1                      dataBANK1    00000
__LdataBANK2                      dataBANK2    00000
__LdataBANK4                      dataBANK4    00000
__LdataBANK5                      dataBANK5    00000
__LdataBANK6                      dataBANK6    00000
__LdataBANK7                      dataBANK7    00000
__LdataBANK8                      dataBANK8    00000
__LdataBANK9                      dataBANK9    00000
__LdataBIGRAM                     dataBIGRAM   00000
__LdataCOMMON                     dataCOMMON   00000
__Leeprom_data                    eeprom_data  00000
__Lend_init                       end_init     00131
__Lfunctab                        functab      00000
__LidataBANK0                     idataBANK0   00000
__LidataBANK1                     idataBANK1   00000
__LidataBANK2                     idataBANK2   00000
__LidataBANK4                     idataBANK4   00000
__LidataBANK5                     idataBANK5   00000
__LidataBANK6                     idataBANK6   00000
__LidataBANK7                     idataBANK7   00000
__LidataBANK8                     idataBANK8   00000
__LidataBANK9                     idataBANK9   00000
__LidataBIGRAM                    idataBIGRAM  00000
__LidataCOMMON                    idataCOMMON  00000
__Lidloc                          idloc        00000
__Linit                           init         00131
__Linittext                       inittext     00000
__Lintentry                       intentry     00004
__Lmaintext                       maintext     00000
__Lpowerup                        powerup      00000
__Lram                            ram          00000
__Lreset_vec                      reset_vec    00000
__Lsfr0                           sfr0         00000
__Lsfr1                           sfr1         00000
__Lsfr10                          sfr10        00000
__Lsfr11                          sfr11        00000
__Lsfr12                          sfr12        00000
__Lsfr13                          sfr13        00000
__Lsfr14                          sfr14        00000
__Lsfr15                          sfr15        00000
__Lsfr16                          sfr16        00000
__Lsfr17                          sfr17        00000
__Lsfr18                          sfr18        00000
__Lsfr19                          sfr19        00000
__Lsfr2                           sfr2         00000
__Lsfr20                          sfr20        00000
__Lsfr21                          sfr21        00000
__Lsfr22                          sfr22        00000
__Lsfr23                          sfr23        00000
__Lsfr24                          sfr24        00000
__Lsfr25                          sfr25        00000
__Lsfr26                          sfr26        00000
__Lsfr27                          sfr27        00000
__Lsfr28                          sfr28        00000
__Lsfr29                          sfr29        00000
__Lsfr3                           sfr3         00000
__Lsfr30                          sfr30        00000
__Lsfr31                          sfr31        00000
__Lsfr4                           sfr4         00000
__Lsfr5                           sfr5         00000
__Lsfr6                           sfr6         00000
__Lsfr7                           sfr7         00000
__Lsfr8                           sfr8         00000
__Lsfr9                           sfr9         00000
__Lspace_0                        (abs)        00000
__Lspace_1                        (abs)        00000
__Lspace_2                        (abs)        00000
__Lspace_3                        (abs)        00000
__Lstack                          stack        00000
__Lstrings                        strings      00000
__Ltext                           text         00000
__S0                              (abs)        08009
__S1                              (abs)        00560
__S2                              (abs)        00000
___aldiv                          text16       01654
___aldiv@counter                  cstackBANK0  0002F
___aldiv@dividend                 cstackBANK0  0002A
___aldiv@divisor                  cstackBANK0  00026
___aldiv@quotient                 cstackBANK0  00031
___aldiv@sign                     cstackBANK0  00030
___altoft                         text30       01292
___altoft@c                       cstackBANK0  00028
___altoft@exp                     cstackBANK0  0002E
___altoft@sign                    cstackBANK0  0002F
___awdiv                          text29       01549
___awdiv@counter                  cstackBANK0  00025
___awdiv@dividend                 cstackBANK0  00022
___awdiv@divisor                  cstackBANK0  00020
___awdiv@quotient                 cstackBANK0  00027
___awdiv@sign                     cstackBANK0  00026
___awtoft                         text11       01000
___awtoft@c                       cstackBANK0  00028
___awtoft@sign                    cstackBANK0  0002D
___ftadd                          text21       0055D
___ftadd@exp1                     cstackBANK0  00034
___ftadd@exp2                     cstackBANK0  00033
___ftadd@f1                       cstackBANK0  00028
___ftadd@f2                       cstackBANK0  0002B
___ftadd@sign                     cstackBANK0  00032
___ftdiv                          text20       0087D
___ftdiv@cntr                     cstackBANK0  0004F
___ftdiv@exp                      cstackBANK0  00053
___ftdiv@f1                       cstackBANK0  00048
___ftdiv@f2                       cstackBANK0  00045
___ftdiv@f3                       cstackBANK0  00050
___ftdiv@sign                     cstackBANK0  00054
___ftmul                          text19       00653
___ftmul@cntr                     cstackBANK0  00043
___ftmul@exp                      cstackBANK0  0003F
___ftmul@f1                       cstackBANK0  00035
___ftmul@f2                       cstackBANK0  00038
___ftmul@f3_as_product            cstackBANK0  00040
___ftmul@sign                     cstackBANK0  00044
___ftneg                          text18       01F2B
___ftneg@f1                       cstackBANK0  00020
___ftpack                         text31       015EF
___ftpack@arg                     cstackBANK0  00020
___ftpack@exp                     cstackBANK0  00023
___ftpack@sign                    cstackBANK0  00024
___fttol                          text10       01761
___fttol@exp1                     cstackBANK1  000A5
___fttol@f1                       cstackBANK0  00067
___fttol@lval                     cstackBANK1  000A1
___fttol@sign1                    cstackBANK1  000A0
___int_sp                         stack        00000
___latbits                        (abs)        00003
___lmul                           text25       010A3
___lmul@multiplicand              cstackBANK0  00024
___lmul@multiplier                cstackBANK0  00020
___lmul@product                   cstackBANK0  00028
___sp                             stack        00000
___wmul                           text15       01FC4
___wmul@multiplicand              cstackBANK0  00022
___wmul@multiplier                cstackBANK0  00020
___wmul@product                   cstackBANK0  00024
__end_of_ConfigureOscillator      text42       01F17
__end_of_FLASH_ReadWord           text35       02000
__end_of_InitApp                  text37       010A3
__end_of_InitializeTaps           text36       01048
__end_of_ReadSavedSettings        text32       01549
__end_of___aldiv                  text16       016D6
__end_of___altoft                 text30       012CF
__end_of___awdiv                  text29       0159B
__end_of___awtoft                 text11       01022
__end_of___ftadd                  text21       00653
__end_of___ftdiv                  text20       00926
__end_of___ftmul                  text19       00707
__end_of___ftneg                  text18       01F34
__end_of___ftpack                 text31       01654
__end_of___fttol                  text10       01800
__end_of___lmul                   text25       010D3
__end_of___wmul                   text15       01FE0
__end_of__initialization          cinit        001E8
__end_of_adc_convert              text28       01FC4
__end_of_getCurrentLEDState       text8        01F6B
__end_of_getSwitchBypassState     text27       01F1B
__end_of_initSwitchBypass         text22       01F59
__end_of_init_adc                 text41       01F3E
__end_of_init_pwm                 text38       013CD
__end_of_init_timer0              text40       01F22
__end_of_init_timer2              text39       01F2B
__end_of_isr                      intentry     00131
__end_of_main                     maintext     01000
__end_of_map                      text17       01761
__end_of_modulation               text14       0130D
__end_of_read_bottom_tactile      text13       01135
__end_of_read_top_tactile         text12       0116F
__end_of_restoreLEDState          text7        01FAB
__end_of_setFeedbackState         text3        0134C
__end_of_setSwitchBypassState     text23       01458
__end_of_set_leds_bottom          text34       01292
__end_of_set_leds_top             text33       015EF
__end_of_set_subdivision          text9        0055D
__end_of_showBootSequence         text4        01073
__end_of_solidring_tactiles       text6        0138C
__end_of_star_tactiles            text5        0087D
__end_of_updateSwitchBypass       text2        007B7
__end_of_updateSwitchBypassState  text26       00003
__end_of_update_mode              text1        01412
__end_of_wait_ms                  text24       01104
__end_ofi1_set_leds_top           text44       007FF
__initialization                  cinit        00133
__pbssBANK1                       bssBANK1     000C3
__pbssBANK10                      bssBANK10    00520
__pbssBANK2                       bssBANK2     00120
__pbssBANK3                       bssBANK3     001A0
__pbssCOMMON                      bssCOMMON    00079
__pcstackBANK0                    cstackBANK0  00020
__pcstackBANK1                    cstackBANK1  000A0
__pcstackCOMMON                   cstackCOMMON 00070
__pdataBANK0                      dataBANK0    0006F
__pdataBANK1                      dataBANK1    000DB
__pdataBANK2                      dataBANK2    0015A
__pdataBANK4                      dataBANK4    00220
__pdataBANK5                      dataBANK5    002A0
__pdataBANK6                      dataBANK6    00320
__pdataBANK7                      dataBANK7    003A0
__pdataBANK8                      dataBANK8    00420
__pdataBANK9                      dataBANK9    004A0
__pdataBIGRAM                     (abs)        02378
__pdataCOMMON                     dataCOMMON   0007D
__pidataBANK0                     idataBANK0   00003
__pidataBANK1                     idataBANK1   01F80
__pidataBANK2                     idataBANK2   01F6B
__pidataBANK4                     idataBANK4   0121D
__pidataBANK5                     idataBANK5   011E3
__pidataBANK6                     idataBANK6   011A9
__pidataBANK7                     idataBANK7   014A8
__pidataBANK8                     idataBANK8   01458
__pidataBANK9                     idataBANK9   0116F
__pidataBIGRAM                    idataBIGRAM  001EC
__pidataCOMMON                    idataCOMMON  007FF
__pintentry                       intentry     00004
__pmaintext                       maintext     00926
__ptext1                          text1        013CD
__ptext10                         text10       01761
__ptext11                         text11       01000
__ptext12                         text12       01135
__ptext13                         text13       01104
__ptext14                         text14       012CF
__ptext15                         text15       01FC4
__ptext16                         text16       01654
__ptext17                         text17       016D6
__ptext18                         text18       01F2B
__ptext19                         text19       00653
__ptext2                          text2        00707
__ptext20                         text20       0087D
__ptext21                         text21       0055D
__ptext22                         text22       01F4A
__ptext23                         text23       01412
__ptext24                         text24       010D3
__ptext25                         text25       010A3
__ptext26                         text26       00002
__ptext27                         text27       01F17
__ptext28                         text28       01FAB
__ptext29                         text29       01549
__ptext3                          text3        0130D
__ptext30                         text30       01292
__ptext31                         text31       015EF
__ptext32                         text32       014F8
__ptext33                         text33       0159B
__ptext34                         text34       01257
__ptext35                         text35       01FE0
__ptext36                         text36       01022
__ptext37                         text37       01073
__ptext38                         text38       0138C
__ptext39                         text39       01F22
__ptext4                          text4        01048
__ptext40                         text40       01F1B
__ptext41                         text41       01F34
__ptext42                         text42       01F13
__ptext44                         text44       007B7
__ptext5                          text5        0080E
__ptext6                          text6        0134C
__ptext7                          text7        01F95
__ptext8                          text8        01F59
__ptext9                          text9        00464
__size_of_ConfigureOscillator     (abs)        00000
__size_of_FLASH_ReadWord          (abs)        00000
__size_of_InitApp                 (abs)        00000
__size_of_InitializeTaps          (abs)        00000
__size_of_ReadSavedSettings       (abs)        00000
__size_of___aldiv                 (abs)        00000
__size_of___altoft                (abs)        00000
__size_of___awdiv                 (abs)        00000
__size_of___awtoft                (abs)        00000
__size_of___ftadd                 (abs)        00000
__size_of___ftdiv                 (abs)        00000
__size_of___ftmul                 (abs)        00000
__size_of___ftneg                 (abs)        00000
__size_of___ftpack                (abs)        00000
__size_of___fttol                 (abs)        00000
__size_of___lmul                  (abs)        00000
__size_of___wmul                  (abs)        00000
__size_of_adc_convert             (abs)        00000
__size_of_getCurrentLEDState      (abs)        00000
__size_of_getSwitchBypassState    (abs)        00000
__size_of_initSwitchBypass        (abs)        00000
__size_of_init_adc                (abs)        00000
__size_of_init_pwm                (abs)        00000
__size_of_init_timer0             (abs)        00000
__size_of_init_timer2             (abs)        00000
__size_of_isr                     (abs)        00000
__size_of_main                    (abs)        00000
__size_of_map                     (abs)        00000
__size_of_modulation              (abs)        00000
__size_of_read_bottom_tactile     (abs)        00000
__size_of_read_top_tactile        (abs)        00000
__size_of_restoreLEDState         (abs)        00000
__size_of_setFeedbackState        (abs)        00000
__size_of_setSwitchBypassState    (abs)        00000
__size_of_set_leds_bottom         (abs)        00000
__size_of_set_leds_top            (abs)        00000
__size_of_set_subdivision         (abs)        00000
__size_of_showBootSequence        (abs)        00000
__size_of_solidring_tactiles      (abs)        00000
__size_of_star_tactiles           (abs)        00000
__size_of_updateSwitchBypass      (abs)        00000
__size_of_updateSwitchBypassState (abs)        00000
__size_of_update_mode             (abs)        00000
__size_of_wait_ms                 (abs)        00000
__size_ofi1_set_leds_top          (abs)        00000
_adc_convert                      text28       01FAB
_baseline_delay_time              dataBANK1    000DB
_blink_delay                      dataBANK2    0015A
_blink_rate                       dataCOMMON   0007D
_bottom_push_state                dataBANK1    000E3
_bypass_turning_on                bssBANK1     000D3
_debounce_count                   bssBANK2     00140
_debounce_mode1                   bssBANK2     00142
_debounce_mode2                   bssBANK2     00144
_delay                            (abs)        023F2
_delay_counter                    bssBANK2     00146
_delay_time                       dataBANK1    000DF
_delay_time_changed               dataBANK2    0015C
_delayfound                       bssBANK2     00148
_feedback_start                   bssBANK1     000D4
_feedback_state                   dataBANK2    0015E
_feedback_timer                   bssBANK1     000CB
_getCurrentLEDState               text8        01F59
_getSwitchBypassState             text27       01F17
_iB25k                            dataBANK8    00420
_iCnt                             bssBANK1     000D5
_initSwitchBypass                 text22       01F4A
_init_adc                         text41       01F34
_init_pwm                         text38       0138C
_init_timer0                      text40       01F1B
_init_timer2                      text39       01F22
_isr                              intentry     00004
_knob1_prev                       dataBANK1    000E5
_knob2_prev                       dataBANK2    00160
_knob3_prev                       dataBANK2    00162
_knob4_prev                       dataBANK2    00164
_knob5_prev                       dataBANK2    00166
_knob_1_pos                       bssBANK2     0014A
_knob_2_pos                       bssBANK2     0014C
_knob_3_pos                       bssBANK2     0014E
_knob_4_pos                       bssBANK2     00150
_knob_5_pos                       bssBANK2     00152
_ledState                         bssBANK2     00134
_long_press_limit                 dataBANK1    000E7
_main                             maintext     00926
_map                              text17       016D6
_map$1988                         cstackBANK0  00064
_mod2                             dataBANK4    00220
_mod3                             dataBANK5    002A0
_mod4                             dataBANK6    00320
_mod5                             (abs)        02378
_mod_counter                      bssBANK1     000CD
_mod_delay_time                   dataBANK2    00168
_mod_timer                        bssBANK2     00138
_mod_value                        bssBANK2     00154
_mode2_state                      bssBANK1     000D7
_modulation                       text14       012CF
_num_taps                         dataBANK1    000E9
_preset_blink                     bssBANK1     000D8
_preset_programmning_on           bssBANK1     000D9
_read_bottom_tactile              text13       01104
_read_top_tactile                 text12       01135
_restoreLEDState                  text7        01F95
_setFeedbackState                 text3        0130D
_setSwitchBypassState             text23       01412
_set_leds_bottom                  text34       01257
_set_leds_top                     text33       0159B
_set_subdivision                  text9        00464
_showBootSequence                 text4        01048
_solidring_tactiles               text6        0134C
_star_tactiles                    text5        0080E
_sub_timer                        bssBANK1     000C3
_suspend_blink                    bssBANK1     000DA
_switchBypass_pressed             bssBANK1     000CF
_switchBypass_state               dataBANK0    0006F
_switchBypass_toggle              bssBANK2     00156
_switchBypass_up                  dataBANK2    0016A
_switchTap_pressed                bssBANK1     000D1
_switchTap_state                  dataBANK1    000EF
_switchTap_toggle                 bssBANK2     00158
_switchTap_up                     dataBANK2    0016C
_tap                              bssBANK3     001A0
_tap_history                      bssBANK2     00120
_tap_iteration                    dataBANK1    000EB
_tap_timer                        bssCOMMON    00079
_tap_total                        bssBANK3     001CC
_timer                            bssBANK1     000C7
_top_push_state                   dataBANK1    000ED
_updateSwitchBypass               text2        00707
_updateSwitchBypassState          text26       00002
_update_mode                      text1        013CD
_wait_ms                          text24       010D3
adc_convert@channel               cstackBANK0  00023
btemp                             (abs)        0007E
clear_ram0                        clrtext      00802
end_of_initialization             cinit        001E8
i1_set_leds_top                   text44       007B7
i1set_leds_top@ledState           cstackCOMMON 00072
i1set_leds_top@x                  cstackCOMMON 00070
initSwitchBypass@initState        cstackBANK0  00032
init_ram                          inittext     01F3E
int$flags                         (abs)        0007E
intlevel0                         functab      00000
intlevel1                         functab      00000
intlevel2                         functab      00000
intlevel3                         functab      00000
intlevel4                         functab      00000
intlevel5                         functab      00000
ltemp                             (abs)        0007E
ltemp0                            (abs)        0007E
ltemp1                            (abs)        00082
ltemp2                            (abs)        00086
ltemp3                            (abs)        00080
main@adjusted_pot_value           cstackBANK1  000BD
main@i                            cstackBANK1  000B9
main@i_342                        cstackBANK1  000BF
main@i_343                        cstackBANK1  000C1
main@tapCntDivisor                cstackBANK1  000BB
map@in_max                        cstackBANK0  0005B
map@in_min                        cstackBANK0  00058
map@out_max                       cstackBANK0  00061
map@out_min                       cstackBANK0  0005E
map@x                             cstackBANK0  00055
modulation@x                      cstackBANK0  00035
modulation@y                      cstackBANK0  00037
reset_vec                         reset_vec    00000
setFeedbackState@f_state          cstackBANK0  0002E
setSwitchBypassState@f_state      cstackBANK0  0002E
set_leds_bottom@x                 cstackBANK0  00020
set_leds_top@ledState             cstackBANK0  00022
set_leds_top@x                    cstackBANK0  00020
set_subdivision@x                 cstackBANK1  000A6
set_subdivision@y                 cstackBANK1  000A8
solidring_tactiles@ring_delay     cstackBANK0  00030
stackhi                           (abs)        0213F
stacklo                           (abs)        02124
star_tactiles@iLed                cstackBANK0  00031
star_tactiles@iLed_1388           cstackBANK0  00033
star_tactiles@reverse             cstackBANK0  00030
start                             init         00131
start_initialization              cinit        00133
ttemp                             (abs)        0007E
ttemp0                            (abs)        0007E
ttemp1                            (abs)        00081
ttemp2                            (abs)        00084
ttemp3                            (abs)        00087
ttemp4                            (abs)        0007F
updateSwitchBypassState@state     cstackBANK0  00020
wait_ms@time                      cstackBANK0  0002C
wait_ms@timel                     bssBANK3     001D0
wtemp                             (abs)        0007E
wtemp0                            (abs)        0007E
wtemp1                            (abs)        00080
wtemp2                            (abs)        00082
wtemp3                            (abs)        00084
wtemp4                            (abs)        00086
wtemp5                            (abs)        00088
wtemp6                            (abs)        0007F


FUNCTION INFORMATION:

 *************** function _main *****************
 Defined at:
		line 82 in file "main.c"
 Parameters:    Size  Location     Type
		None
 Auto vars:     Size  Location     Type
  tapCntDiviso    2   27[BANK1 ] int 
  adjusted_pot    2   29[BANK1 ] int 
  i               2   33[BANK1 ] int 
  i               2   31[BANK1 ] int 
  i               2   25[BANK1 ] int 
 Return value:  Size  Location     Type
                  1    wreg      void 
 Registers used:
		wreg, fsr0l, fsr0h, fsr1l, fsr1h, status,2, status,0, pclath, cstack
 Tracked objects:
		On entry : 
		On exit  : 
		Unchanged: 
 Data sizes:     COMMON   BANK0   BANK1   BANK2   BANK3   BANK4   BANK5   BANK6   BANK7   BANK8   BANK9  BANK10  BANK11  BANK12  BANK13  BANK14  BANK15  BANK16  BANK17  BANK18
      Params:         0       0       0       0       0       0       0       0       0       0       0       0       0       0       0       0       0       0       0       0
      Locals:         0       0      10       0       0       0       0       0       0       0       0       0       0       0       0       0       0       0       0       0
      Temps:          0       0      15       0       0       0       0       0       0       0       0       0       0       0       0       0       0       0       0       0
      Totals:         0       0      25       0       0       0       0       0       0       0       0       0       0       0       0       0       0       0       0       0
Total ram usage:       25 bytes
 Hardware stack levels required when called:    6
 This function calls:
		_ConfigureOscillator
		_InitApp
		_InitializeTaps
		_ReadSavedSettings
		___aldiv
		___altoft
		___awdiv
		___awtoft
		___ftdiv
		___fttol
		_adc_convert
		_initSwitchBypass
		_map
		_modulation
		_read_bottom_tactile
		_read_top_tactile
		_set_subdivision
		_showBootSequence
		_updateSwitchBypass
		_update_mode
 This function is called by:
		Startup code after reset
 This function uses a non-reentrant model


 *************** function _update_mode *****************
 Defined at:
		line 58 in file "tactiles.c"
 Parameters:    Size  Location     Type
		None
 Auto vars:     Size  Location     Type
		None
 Return value:  Size  Location     Type
                  1    wreg      void 
 Registers used:
		wreg, fsr0l, fsr0h, status,2, status,0
 Tracked objects:
		On entry : 
		On exit  : 
		Unchanged: 
 Data sizes:     COMMON   BANK0   BANK1   BANK2   BANK3   BANK4   BANK5   BANK6   BANK7   BANK8   BANK9  BANK10  BANK11  BANK12  BANK13  BANK14  BANK15  BANK16  BANK17  BANK18
      Params:         0       0       0       0       0       0       0       0       0       0       0       0       0       0       0       0       0       0       0       0
      Locals:         0       0       0       0       0       0       0       0       0       0       0       0       0       0       0       0       0       0       0       0
      Temps:          0       1       0       0       0       0       0       0       0       0       0       0       0       0       0       0       0       0       0       0
      Totals:         0       1       0       0       0       0       0       0       0       0       0       0       0       0       0       0       0       0       0       0
Total ram usage:        1 bytes
 Hardware stack levels used:    1
 Hardware stack levels required when called:    2
 This function calls:
		Nothing
 This function is called by:
		_main
 This function uses a non-reentrant model


 *************** function _updateSwitchBypass *****************
 Defined at:
		line 34 in file "SwitchBypass.c"
 Parameters:    Size  Location     Type
		None
 Auto vars:     Size  Location     Type
		None
 Return value:  Size  Location     Type
                  1    wreg      void 
 Registers used:
		wreg, status,2, status,0, pclath, cstack
 Tracked objects:
		On entry : 
		On exit  : 
		Unchanged: 
 Data sizes:     COMMON   BANK0   BANK1   BANK2   BANK3   BANK4   BANK5   BANK6   BANK7   BANK8   BANK9  BANK10  BANK11  BANK12  BANK13  BANK14  BANK15  BANK16  BANK17  BANK18
      Params:         0       0       0       0       0       0       0       0       0       0       0       0       0       0       0       0       0       0       0       0
      Locals:         0       0       0       0       0       0       0       0       0       0       0       0       0       0       0       0       0       0       0       0
      Temps:          0       1       0       0       0       0       0       0       0       0       0       0       0       0       0       0       0       0       0       0
      Totals:         0       1       0       0       0       0       0       0       0       0       0       0       0       0       0       0       0       0       0       0
Total ram usage:        1 bytes
 Hardware stack levels used:    1
 Hardware stack levels required when called:    5
 This function calls:
		_setFeedbackState
		_setSwitchBypassState
 This function is called by:
		_main
 This function uses a non-reentrant model


 *************** function _setFeedbackState *****************
 Defined at:
		line 121 in file "SwitchBypass.c"
 Parameters:    Size  Location     Type
  f_state         2   14[BANK0 ] int 
 Auto vars:     Size  Location     Type
		None
 Return value:  Size  Location     Type
                  1    wreg      void 
 Registers used:
		wreg, status,2, status,0, pclath, cstack
 Tracked objects:
		On entry : 
		On exit  : 
		Unchanged: 
 Data sizes:     COMMON   BANK0   BANK1   BANK2   BANK3   BANK4   BANK5   BANK6   BANK7   BANK8   BANK9  BANK10  BANK11  BANK12  BANK13  BANK14  BANK15  BANK16  BANK17  BANK18
      Params:         0       2       0       0       0       0       0       0       0       0       0       0       0       0       0       0       0       0       0       0
      Locals:         0       0       0       0       0       0       0       0       0       0       0       0       0       0       0       0       0       0       0       0
      Temps:          0       0       0       0       0       0       0       0       0       0       0       0       0       0       0       0       0       0       0       0
      Totals:         0       2       0       0       0       0       0       0       0       0       0       0       0       0       0       0       0       0       0       0
Total ram usage:        2 bytes
 Hardware stack levels used:    1
 Hardware stack levels required when called:    4
 This function calls:
		_wait_ms
 This function is called by:
		_updateSwitchBypass
 This function uses a non-reentrant model


 *************** function _showBootSequence *****************
 Defined at:
		line 86 in file "LEDs.c"
 Parameters:    Size  Location     Type
		None
 Auto vars:     Size  Location     Type
		None
 Return value:  Size  Location     Type
                  1    wreg      void 
 Registers used:
		wreg, fsr0l, fsr0h, status,2, status,0, pclath, cstack
 Tracked objects:
		On entry : 
		On exit  : 
		Unchanged: 
 Data sizes:     COMMON   BANK0   BANK1   BANK2   BANK3   BANK4   BANK5   BANK6   BANK7   BANK8   BANK9  BANK10  BANK11  BANK12  BANK13  BANK14  BANK15  BANK16  BANK17  BANK18
      Params:         0       0       0       0       0       0       0       0       0       0       0       0       0       0       0       0       0       0       0       0
      Locals:         0       0       0       0       0       0       0       0       0       0       0       0       0       0       0       0       0       0       0       0
      Temps:          0       1       0       0       0       0       0       0       0       0       0       0       0       0       0       0       0       0       0       0
      Totals:         0       1       0       0       0       0       0       0       0       0       0       0       0       0       0       0       0       0       0       0
Total ram usage:        1 bytes
 Hardware stack levels used:    1
 Hardware stack levels required when called:    5
 This function calls:
		_getCurrentLEDState
		_restoreLEDState
		_solidring_tactiles
		_star_tactiles
 This function is called by:
		_main
 This function uses a non-reentrant model


 *************** function _star_tactiles *****************
 Defined at:
		line 194 in file "LEDs.c"
 Parameters:    Size  Location     Type
  reverse         1    wreg     unsigned char 
 Auto vars:     Size  Location     Type
  reverse         1   16[BANK0 ] unsigned char 
  iLed            2   19[BANK0 ] int 
  iLed            2   17[BANK0 ] int 
 Return value:  Size  Location     Type
                  1    wreg      void 
 Registers used:
		wreg, fsr0l, fsr0h, status,2, status,0, pclath, cstack
 Tracked objects:
		On entry : 
		On exit  : 
		Unchanged: 
 Data sizes:     COMMON   BANK0   BANK1   BANK2   BANK3   BANK4   BANK5   BANK6   BANK7   BANK8   BANK9  BANK10  BANK11  BANK12  BANK13  BANK14  BANK15  BANK16  BANK17  BANK18
      Params:         0       0       0       0       0       0       0       0       0       0       0       0       0       0       0       0       0       0       0       0
      Locals:         0       5       0       0       0       0       0       0       0       0       0       0       0       0       0       0       0       0       0       0
      Temps:          0       2       0       0       0       0       0       0       0       0       0       0       0       0       0       0       0       0       0       0
[...]
  GIEBitValue     1    2[BANK0 ] unsigned char 
 Return value:  Size  Location     Type
                  2    0[BANK0 ] unsigned int 
 Registers used:
		wreg, status,2, status,0
 Tracked objects:
		On entry : 
		On exit  : 
		Unchanged: 
 Data sizes:     COMMON   BANK0   BANK1   BANK2   BANK3   BANK4   BANK5   BANK6   BANK7   BANK8   BANK9  BANK10  BANK11  BANK12  BANK13  BANK14  BANK15  BANK16  BANK17  BANK18
      Params:         0       2       0       0       0       0       0       0       0       0       0       0       0       0       0       0       0       0       0       0
      Locals:         0       1       0       0       0       0       0       0       0       0       0       0       0       0       0       0       0       0       0       0
      Temps:          0       0       0       0       0       0       0       0       0       0       0       0       0       0       0       0       0       0       0       0
      Totals:         0       3       0       0       0       0       0       0       0       0       0       0       0       0       0       0       0       0       0       0
Total ram usage:        3 bytes
 Hardware stack levels used:    1
 Hardware stack levels required when called:    2
 This function calls:
		Nothing
 This function is called by:
		_ReadSavedSettings
		_FLASH_WriteWord
 This function uses a non-reentrant model


 *************** function _InitializeTaps *****************
 Defined at:
		line 175 in file "user.c"
 Parameters:    Size  Location     Type
		None
 Auto vars:     Size  Location     Type
  itap            2    1[BANK0 ] int 
 Return value:  Size  Location     Type
                  1    wreg      void 
 Registers used:
		wreg, fsr1l, fsr1h, status,2, status,0
 Tracked objects:
		On entry : 
		On exit  : 
		Unchanged: 
 Data sizes:     COMMON   BANK0   BANK1   BANK2   BANK3   BANK4   BANK5   BANK6   BANK7   BANK8   BANK9  BANK10  BANK11  BANK12  BANK13  BANK14  BANK15  BANK16  BANK17  BANK18
      Params:         0       0       0       0       0       0       0       0       0       0       0       0       0       0       0       0       0       0       0       0
      Locals:         0       2       0       0       0       0       0       0       0       0       0       0       0       0       0       0       0       0       0       0
      Temps:          0       1       0       0       0       0       0       0       0       0       0       0       0       0       0       0       0       0       0       0
      Totals:         0       3       0       0       0       0       0       0       0       0       0       0       0       0       0       0       0       0       0       0
Total ram usage:        3 bytes
 Hardware stack levels used:    1
 Hardware stack levels required when called:    2
 This function calls:
		Nothing
 This function is called by:
		_main
 This function uses a non-reentrant model


 *************** function _InitApp *****************
 Defined at:
		line 23 in file "user.c"
 Parameters:    Size  Location     Type
		None
 Auto vars:     Size  Location     Type
		None
 Return value:  Size  Location     Type
                  1    wreg      void 
 Registers used:
		wreg, status,2, status,0, pclath, cstack
 Tracked objects:
		On entry : 
		On exit  : 
		Unchanged: 
 Data sizes:     COMMON   BANK0   BANK1   BANK2   BANK3   BANK4   BANK5   BANK6   BANK7   BANK8   BANK9  BANK10  BANK11  BANK12  BANK13  BANK14  BANK15  BANK16  BANK17  BANK18
      Params:         0       0       0       0       0       0       0       0       0       0       0       0       0       0       0       0       0       0       0       0
      Locals:         0       0       0       0       0       0       0       0       0       0       0       0       0       0       0       0       0       0       0       0
      Temps:          0       0       0       0       0       0       0       0       0       0       0       0       0       0       0       0       0       0       0       0
      Totals:         0       0       0       0       0       0       0       0       0       0       0       0       0       0       0       0       0       0       0       0
Total ram usage:        0 bytes
 Hardware stack levels used:    1
 Hardware stack levels required when called:    4
 This function calls:
		_init_adc
		_init_pwm
 This function is called by:
		_main
 This function uses a non-reentrant model


 *************** function _init_pwm *****************
 Defined at:
		line 117 in file "user.c"
 Parameters:    Size  Location     Type
		None
 Auto vars:     Size  Location     Type
		None
 Return value:  Size  Location     Type
                  1    wreg      void 
 Registers used:
		wreg, status,2, status,0, pclath, cstack
 Tracked objects:
		On entry : 
		On exit  : 
		Unchanged: 
 Data sizes:     COMMON   BANK0   BANK1   BANK2   BANK3   BANK4   BANK5   BANK6   BANK7   BANK8   BANK9  BANK10  BANK11  BANK12  BANK13  BANK14  BANK15  BANK16  BANK17  BANK18
      Params:         0       0       0       0       0       0       0       0       0       0       0       0       0       0       0       0       0       0       0       0
      Locals:         0       0       0       0       0       0       0       0       0       0       0       0       0       0       0       0       0       0       0       0
      Temps:          0       0       0       0       0       0       0       0       0       0       0       0       0       0       0       0       0       0       0       0
      Totals:         0       0       0       0       0       0       0       0       0       0       0       0       0       0       0       0       0       0       0       0
Total ram usage:        0 bytes
 Hardware stack levels used:    1
 Hardware stack levels required when called:    3
 This function calls:
		_init_timer0
		_init_timer2
 This function is called by:
		_InitApp
 This function uses a non-reentrant model


 *************** function _init_timer2 *****************
 Defined at:
		line 150 in file "user.c"
 Parameters:    Size  Location     Type
		None
 Auto vars:     Size  Location     Type
		None
 Return value:  Size  Location     Type
                  1    wreg      void 
 Registers used:
		wreg, status,2, status,0
 Tracked objects:
		On entry : 
		On exit  : 
		Unchanged: 
 Data sizes:     COMMON   BANK0   BANK1   BANK2   BANK3   BANK4   BANK5   BANK6   BANK7   BANK8   BANK9  BANK10  BANK11  BANK12  BANK13  BANK14  BANK15  BANK16  BANK17  BANK18
      Params:         0       0       0       0       0       0       0       0       0       0       0       0       0       0       0       0       0       0       0       0
      Locals:         0       0       0       0       0       0       0       0       0       0       0       0       0       0       0       0       0       0       0       0
      Temps:          0       0       0       0       0       0       0       0       0       0       0       0       0       0       0       0       0       0       0       0
      Totals:         0       0       0       0       0       0       0       0       0       0       0       0       0       0       0       0       0       0       0       0
Total ram usage:        0 bytes
 Hardware stack levels used:    1
 Hardware stack levels required when called:    2
 This function calls:
		Nothing
 This function is called by:
		_init_pwm
 This function uses a non-reentrant model


 *************** function _init_timer0 *****************
 Defined at:
		line 157 in file "user.c"
 Parameters:    Size  Location     Type
		None
 Auto vars:     Size  Location     Type
		None
 Return value:  Size  Location     Type
                  1    wreg      void 
 Registers used:
		None
 Tracked objects:
		On entry : 
		On exit  : 
		Unchanged: 
 Data sizes:     COMMON   BANK0   BANK1   BANK2   BANK3   BANK4   BANK5   BANK6   BANK7   BANK8   BANK9  BANK10  BANK11  BANK12  BANK13  BANK14  BANK15  BANK16  BANK17  BANK18
      Params:         0       0       0       0       0       0       0       0       0       0       0       0       0       0       0       0       0       0       0       0
      Locals:         0       0       0       0       0       0       0       0       0       0       0       0       0       0       0       0       0       0       0       0
      Temps:          0       0       0       0       0       0       0       0       0       0       0       0       0       0       0       0       0       0       0       0
      Totals:         0       0       0       0       0       0       0       0       0       0       0       0       0       0       0       0       0       0       0       0
Total ram usage:        0 bytes
 Hardware stack levels used:    1
 Hardware stack levels required when called:    2
 This function calls:
		Nothing
 This function is called by:
		_init_pwm
 This function uses a non-reentrant model


 *************** function _init_adc *****************
 Defined at:
		line 103 in file "user.c"
 Parameters:    Size  Location     Type
		None
 Auto vars:     Size  Location     Type
		None
 Return value:  Size  Location     Type
                  1    wreg      void 
 Registers used:
		wreg, status,2, status,0
 Tracked objects:
		On entry : 
		On exit  : 
		Unchanged: 
 Data sizes:     COMMON   BANK0   BANK1   BANK2   BANK3   BANK4   BANK5   BANK6   BANK7   BANK8   BANK9  BANK10  BANK11  BANK12  BANK13  BANK14  BANK15  BANK16  BANK17  BANK18
      Params:         0       0       0       0       0       0       0       0       0       0       0       0       0       0       0       0       0       0       0       0
      Locals:         0       0       0       0       0       0       0       0       0       0       0       0       0       0       0       0       0       0       0       0
      Temps:          0       0       0       0       0       0       0       0       0       0       0       0       0       0       0       0       0       0       0       0
      Totals:         0       0       0       0       0       0       0       0       0       0       0       0       0       0       0       0       0       0       0       0
Total ram usage:        0 bytes
 Hardware stack levels used:    1
 Hardware stack levels required when called:    2
 This function calls:
		Nothing
 This function is called by:
		_InitApp
 This function uses a non-reentrant model


 *************** function _ConfigureOscillator *****************
 Defined at:
		line 18 in file "system.c"
 Parameters:    Size  Location     Type
		None
 Auto vars:     Size  Location     Type
		None
 Return value:  Size  Location     Type
                  1    wreg      void 
 Registers used:
		wreg, status,2, status,0
 Tracked objects:
		On entry : 
		On exit  : 
		Unchanged: 
 Data sizes:     COMMON   BANK0   BANK1   BANK2   BANK3   BANK4   BANK5   BANK6   BANK7   BANK8   BANK9  BANK10  BANK11  BANK12  BANK13  BANK14  BANK15  BANK16  BANK17  BANK18
      Params:         0       0       0       0       0       0       0       0       0       0       0       0       0       0       0       0       0       0       0       0
      Locals:         0       0       0       0       0       0       0       0       0       0       0       0       0       0       0       0       0       0       0       0
      Temps:          0       0       0       0       0       0       0       0       0       0       0       0       0       0       0       0       0       0       0       0
      Totals:         0       0       0       0       0       0       0       0       0       0       0       0       0       0       0       0       0       0       0       0
Total ram usage:        0 bytes
 Hardware stack levels used:    1
 Hardware stack levels required when called:    2
 This function calls:
		Nothing
 This function is called by:
		_main
 This function uses a non-reentrant model


 *************** function _isr *****************
 Defined at:
		line 23 in file "interrupts.c"
 Parameters:    Size  Location     Type
		None
 Auto vars:     Size  Location     Type
		None
 Return value:  Size  Location     Type
                  1    wreg      void 
 Registers used:
		wreg, fsr0l, fsr0h, status,2, status,0, pclath, cstack
 Tracked objects:
		On entry : 
		On exit  : 
		Unchanged: 
 Data sizes:     COMMON   BANK0   BANK1   BANK2   BANK3   BANK4   BANK5   BANK6   BANK7   BANK8   BANK9  BANK10  BANK11  BANK12  BANK13  BANK14  BANK15  BANK16  BANK17  BANK18
      Params:         0       0       0       0       0       0       0       0       0       0       0       0       0       0       0       0       0       0       0       0
      Locals:         0       0       0       0       0       0       0       0       0       0       0       0       0       0       0       0       0       0       0       0
      Temps:          5       0       0       0       0       0       0       0       0       0       0       0       0       0       0       0       0       0       0       0
      Totals:         5       0       0       0       0       0       0       0       0       0       0       0       0       0       0       0       0       0       0       0
Total ram usage:        5 bytes
 Hardware stack levels used:    1
 Hardware stack levels required when called:    1
 This function calls:
		i1_set_leds_top
 This function is called by:
		Interrupt level 1
 This function uses a non-reentrant model


 *************** function i1_set_leds_top *****************
 Defined at:
		line 16 in file "LEDs.c"
 Parameters:    Size  Location     Type
  x               2    0[COMMON] int 
  ledState        2    2[COMMON] int 
 Auto vars:     Size  Location     Type
		None
 Return value:  Size  Location     Type
                  1    wreg      void 
 Registers used:
		wreg, fsr0l, fsr0h, status,2, status,0
 Tracked objects:
		On entry : 
		On exit  : 
		Unchanged: 
 Data sizes:     COMMON   BANK0   BANK1   BANK2   BANK3   BANK4   BANK5   BANK6   BANK7   BANK8   BANK9  BANK10  BANK11  BANK12  BANK13  BANK14  BANK15  BANK16  BANK17  BANK18
      Params:         4       0       0       0       0       0       0       0       0       0       0       0       0       0       0       0       0       0       0       0
      Locals:         0       0       0       0       0       0       0       0       0       0       0       0       0       0       0       0       0       0       0       0
      Temps:          0       0       0       0       0       0       0       0       0       0       0       0       0       0       0       0       0       0       0       0
      Totals:         4       0       0       0       0       0       0       0       0       0       0       0       0       0       0       0       0       0       0       0
Total ram usage:        4 bytes
 Hardware stack levels used:    1
 This function calls:
		Nothing
 This function is called by:
		_isr
 This function uses a non-reentrant model



MODULE INFORMATION

Module		Function		Class		Link	Load	Size
C:\Program Files (x86)\Microchip\xc8\v1.37\sources\common\altoft.c
		___altoft      		CODE           	1292	0000	62

C:\Program Files (x86)\Microchip\xc8\v1.37\sources\common\altoft.c estimated size: 62

C:\Program Files (x86)\Microchip\xc8\v1.37\sources\common\ftdiv.c
		___ftdiv       		CODE           	087D	0000	170

C:\Program Files (x86)\Microchip\xc8\v1.37\sources\common\ftdiv.c estimated size: 170

tactiles.c
		_update_mode   		CODE           	13CD	0000	70
		_read_bottom_tactile		CODE           	1104	0000	50
		_read_top_tactile		CODE           	1135	0000	59

tactiles.c estimated size: 179

state_manager.c
		_getCurrentLEDState		CODE           	1F59	0000	19
		_updateSwitchBypassState		CODE           	0002	0000	2
		_restoreLEDState		CODE           	1F95	0000	23
		_getSwitchBypassState		CODE           	1F17	0000	5

state_manager.c estimated size: 49

interrupts.c
		_isr           		CODE           	0004	0000	302

interrupts.c estimated size: 302

C:\Program Files (x86)\Microchip\xc8\v1.37\sources\common\fttol.c
		___fttol       		CODE           	1761	0000	160

C:\Program Files (x86)\Microchip\xc8\v1.37\sources\common\fttol.c estimated size: 160

C:\Program Files (x86)\Microchip\xc8\v1.37\sources\common\Umul16.c
		___wmul        		CODE           	1FC4	0000	29

C:\Program Files (x86)\Microchip\xc8\v1.37\sources\common\Umul16.c estimated size: 29

C:\Program Files (x86)\Microchip\xc8\v1.37\sources\common\awdiv.c
		___awdiv       		CODE           	1549	0000	83

C:\Program Files (x86)\Microchip\xc8\v1.37\sources\common\awdiv.c estimated size: 83

C:\Program Files (x86)\Microchip\xc8\v1.37\sources\common\ftadd.c
		___ftadd       		CODE           	055D	0000	247

C:\Program Files (x86)\Microchip\xc8\v1.37\sources\common\ftadd.c estimated size: 247

C:\Program Files (x86)\Microchip\xc8\v1.37\sources\common\aldiv.c
		___aldiv       		CODE           	1654	0000	131

C:\Program Files (x86)\Microchip\xc8\v1.37\sources\common\aldiv.c estimated size: 131

C:\Program Files (x86)\Microchip\xc8\v1.37\sources\common\Umul32.c
		___lmul        		CODE           	10A3	0000	49

C:\Program Files (x86)\Microchip\xc8\v1.37\sources\common\Umul32.c estimated size: 49

C:\Program Files (x86)\Microchip\xc8\v1.37\sources\common\ftneg.c
		___ftneg       		CODE           	1F2B	0000	10

C:\Program Files (x86)\Microchip\xc8\v1.37\sources\common\ftneg.c estimated size: 10

shared
		__initialization		CODE           	0133	0000	182
		i1_set_leds_top		CODE           	07B7	0000	73

shared estimated size: 255

LEDs.c
		_set_leds_bottom		CODE           	1257	0000	60
		_showBootSequence		CODE           	1048	0000	44
		_solidring_tactiles		CODE           	134C	0000	65
		_set_leds_top  		CODE           	159B	0000	85
		_star_tactiles 		CODE           	080E	0000	112

LEDs.c estimated size: 366

C:\Program Files (x86)\Microchip\xc8\v1.37\sources\common\awtoft.c
		___awtoft      		CODE           	1000	0000	35

C:\Program Files (x86)\Microchip\xc8\v1.37\sources\common\awtoft.c estimated size: 35

SwitchBypass.c
		_setSwitchBypassState		CODE           	1412	0000	71
		_setFeedbackState		CODE           	130D	0000	64
		_initSwitchBypass		CODE           	1F4A	0000	16
		_updateSwitchBypass		CODE           	0707	0000	177

SwitchBypass.c estimated size: 328

user.c
		_ReadSavedSettings		CODE           	14F8	0000	82
		_map           		CODE           	16D6	0000	140
		_InitApp       		CODE           	1073	0000	49
		_init_timer0   		CODE           	1F1B	0000	8
		_init_timer2   		CODE           	1F22	0000	10
		_init_adc      		CODE           	1F34	0000	11
		_adc_convert   		CODE           	1FAB	0000	26
		_set_subdivision		CODE           	0464	0000	250
		_InitializeTaps		CODE           	1022	0000	39
		_modulation    		CODE           	12CF	0000	63
		_init_pwm      		CODE           	138C	0000	66

user.c estimated size: 744

C:\Program Files (x86)\Microchip\xc8\v1.37\sources\common\float.c
		___ftpack      		CODE           	15EF	0000	102

C:\Program Files (x86)\Microchip\xc8\v1.37\sources\common\float.c estimated size: 102

main.c
		_main          		CODE           	0926	0000	1755

main.c estimated size: 1755

memory.c
		_FLASH_ReadWord		CODE           	1FE0	0000	33

memory.c estimated size: 33

system.c
		_ConfigureOscillator		CODE           	1F13	0000	5
		_wait_ms       		CODE           	10D3	0000	50

system.c estimated size: 55

C:\Program Files (x86)\Microchip\xc8\v1.37\sources\common\ftmul.c
		___ftmul       		CODE           	0653	0000	181

C:\Program Files (x86)\Microchip\xc8\v1.37\sources\common\ftmul.c estimated size: 181

