Microchip MPLAB XC8 Compiler V1.37 ()

Linker command line:

-W-3 --edf=C:\Program Files (x86)\Microchip\xc8\v1.37\dat\en_msgs.txt -cs \
  -h+dist/Todd/production\Novaplex_V2.X.production.sym \
  --cmf=dist/Todd/production\Novaplex_V2.X.production.cmf -z -Q16F1527 \
  -oC:\Users\Nancy\AppData\Local\Temp\s750.2 \
  -Mdist/Todd/production/Novaplex_V2.X.production.map -E1 -ver=XC8 \
  -ASTACK=02360h-023e7h -pstack=STACK -ACODE=00h-07FFhx8 \
  -ASTRCODE=00h-03FFFh -ASTRING=00h-0FFhx64 -ACONST=00h-0FFhx64 \
  -AENTRY=00h-0FFhx64 -ACOMMON=070h-07Fh -ABANK0=020h-06Fh \
  -ABANK1=0A0h-0EFh -ABANK2=0120h-016Fh -ABANK3=01A0h-01EFh \
  -ABANK4=0220h-026Fh -ABANK5=02A0h-02EFh -ABANK6=0320h-036Fh \
  -ABANK7=03A0h-03EFh -ABANK8=0420h-046Fh -ABANK9=04A0h-04EFh \
  -ABANK10=0520h-056Fh -ABANK11=05A0h-05EFh -ABANK12=0620h-066Fh \
  -ABANK13=06A0h-06EFh -ABANK14=0720h-076Fh -ABANK15=07A0h-07EFh \
  -ABANK16=0820h-086Fh -ABANK17=08A0h-08EFh -ABANK18=0920h-096Fh \
  -ABIGRAM=02000h-025EFh \
  -ARAM=020h-06Fh,0A0h-0EFh,0120h-016Fh,01A0h-01EFh,0220h-026Fh,02A0h-02EFh,0320h-036Fh,03A0h-03EFh,0420h-046Fh,04A0h-04EFh,0520h-056Fh,05A0h-05EFh,0620h-066Fh,06A0h-06EFh,0720h-076Fh,07A0h-07EFh,0820h-086Fh,08A0h-08EFh,0920h-096Fh \
  -AABS1=020h-07Fh,0A0h-0EFh,0120h-016Fh,01A0h-01EFh,0220h-026Fh,02A0h-02EFh,0320h-036Fh,03A0h-03EFh,0420h-046Fh,04A0h-04EFh,0520h-056Fh,05A0h-05EFh,0620h-066Fh,06A0h-06EFh,0720h-076Fh,07A0h-07EFh,0820h-086Fh,08A0h-08EFh,0920h-096Fh \
  -ASFR0=00h-01Fh -ASFR1=080h-09Fh -ASFR2=0100h-011Fh -ASFR3=0180h-019Fh \
  -ASFR4=0200h-021Fh -ASFR5=0280h-029Fh -ASFR6=0300h-031Fh \
  -ASFR7=0380h-039Fh -ASFR8=0400h-041Fh -ASFR9=0480h-049Fh \
  -ASFR10=0500h-051Fh -ASFR11=0580h-059Fh -ASFR12=0600h-061Fh \
  -ASFR13=0680h-069Fh -ASFR14=0700h-071Fh -ASFR15=0780h-079Fh \
  -ASFR16=0800h-081Fh -ASFR17=0880h-089Fh -ASFR18=0900h-091Fh \
  -ASFR19=0980h-09EFh -ASFR20=0A00h-0A6Fh -ASFR21=0A80h-0AEFh \
  -ASFR22=0B00h-0B6Fh -ASFR23=0B80h-0BEFh -ASFR24=0C00h-0C6Fh \
  -ASFR25=0C80h-0CEFh -ASFR26=0D00h-0D6Fh -ASFR27=0D80h-0DEFh \
  -ASFR28=0E00h-0E6Fh -ASFR29=0E80h-0EEFh -ASFR30=0F00h-0F6Fh \
  -ASFR31=0F80h-0FEFh -preset_vec=00h,intentry=04h,init,end_init \
  -ppowerup=CODE -pcinit=CODE -pfunctab=CODE -ACONFIG=08007h-08008h \
  -pconfig=CONFIG -DCONFIG=2 -AIDLOC=08000h-08003h -pidloc=IDLOC -DIDLOC=2 \
  -DCODE=2 -DSTRCODE=2 -DSTRING=2 -DCONST=2 -DENTRY=2 -k \
  C:\Users\Nancy\AppData\Local\Temp\s750.obj \
  dist/Todd/production\Novaplex_V2.X.production.obj 

Object code version is 3.11

Machine type is 16F1527



                Name                               Link     Load   Length Selector   Space Scale
C:\Users\Nancy\AppData\Local\Temp\s750.obj
                end_init                            334      334        2        8       0
                reset_vec                             0        0        2        0       0
                config                             8007     8007        2    1000E       0
dist/Todd/production\Novaplex_V2.X.production.obj
                cinit                               336      336       C0        8       0
                intentry                              4        4      330        8       0
                text38                             15A6     15A6       48     2B4C       0
                text37                             1680     1680       51     2D00       0
                text36                              84C      84C       82     1098       0
                text35                             12F4     12F4       2F     25E8       0
                text34                             14E1     14E1       41     29C2       0
                text33                             15EE     15EE       48     2BDC       0
                text31                             11D0     11D0        4     23A0       0
                text30                             11F1     11F1        A     23E2       0
                text29                             11D8     11D8        7     23B0       0
                text28                             11DF     11DF        9     23BE       0
                text27                             1522     1522       41     2A44       0
                text26                             1323     1323       30     2646       0
                text25                             12A6     12A6       26     254C       0
                text24                             1264     1264       20     24C8       0
                text23                             13EF     13EF       3B     27DE       0
                text22                             16D1     16D1       54     2DA2       0
                text21                             178A     178A       76     2F14       0
                text20                             1563     1563       43     2AC6       0
                text19                             123E     123E       13     247C       0
                text18                             11D4     11D4        4     23A8       0
                text17                                3        3        1        6       0
                text16                             1353     1353       30     26A6       0
                text15                             1383     1383       32     2706       0
                text14                             1636     1636       4A     2C6C       0
                text13                             1220     1220        F     2440       0
                text12                             1725     1725       65     2E4A       0
                text11                              5FE      5FE       F6        8       0
                text10                              9F8      9F8       A9     13F0       0
                text9                               AA1      AA1       B4     1542       0
                text8                              11E8     11E8        9     23D0       0
                text7                               8CE      8CE       8B     119C       0
                text6                              1284     1284       22     2508       0
                text5                               801      801       4B     1002       0
                text4                               959      959       9F     12B2       0
                text3                              13B5     13B5       3A     276A       0
                text2                               7AE      7AE       52        8       0
                text1                               6F4      6F4       BA        8       0
                maintext                            B55      B55      4AB     16AA       0
                cstackBANK0                          20       20       25       20       1
                cstackCOMMON                         70       70        D       70       1
                cstackBANK1                          A0       A0       50       A0       1
                cstackBANK2                         120      120       31      120       1
                cstackBANK4                         25C      25C        8      220       1
                inittext                           11FB     11FB        C     23F6       0
                clrtext                            1207     1207        C     240E       0
                bssBANK10                           520      520       40      520       1
                dataBANK9                           4A0      4A0       3D      4A0       1
                dataBANK8                           420      420       3D      420       1
                dataBANK7                           3A0      3A0       3D      3A0       1
                bssBANK6                            320      320       40      320       1
                bssBANK5                            2A0      2A0       2C      2A0       1
                dataBANK4                           220      220       28      220       1
                bssBANK4                            248      248       14      220       1
                dataBANK3                           1DF      1DF        F      1A0       1
                bssBANK3                            1A0      1A0       3F      1A0       1
                dataBANK2                           160      160        D      120       1
                bssBANK2                            151      151        F      120       1
                dataBANK0                            45       45       13       20       1
                bssBANK0                             58       58       11       20       1
                nvBANK3                             1EE      1EE        2      1A0       1
                nvBANK0                              69       69        1       20       1
                nvCOMMON                             7D       7D        1       70       1
                idataBIGRAM                         3F6      3F6      208        8       0
                idataBANK9                         142A     142A       3D     2854       0
                idataBANK8                         1467     1467       3D     28CE       0
                idataBANK7                         14A4     14A4       3D     2948       0
                idataBANK4                         12CC     12CC       28     2598       0
                idataBANK3                         122F     122F        F     245E       0
                idataBANK2                         1213     1213        D     2426       0
                idataBANK0                         1251     1251       13     24A2       0

TOTAL           Name                               Link     Load   Length     Space
        CLASS   STACK          

        CLASS   CODE           
                end_init                            334      334        2         0
                cinit                               336      336       C0         0
                intentry                              4        4      330         0
                reset_vec                             0        0        2         0
                text38                             15A6     15A6       48         0
                text37                             1680     1680       51         0
                text36                              84C      84C       82         0
                text35                             12F4     12F4       2F         0
                text34                             14E1     14E1       41         0
                text33                             15EE     15EE       48         0
                text31                             11D0     11D0        4         0
                text30                             11F1     11F1        A         0
                text29                             11D8     11D8        7         0
                text28                             11DF     11DF        9         0
                text27                             1522     1522       41         0
                text26                             1323     1323       30         0
                text25                             12A6     12A6       26         0
                text24                             1264     1264       20         0
                text23                             13EF     13EF       3B         0
                text22                             16D1     16D1       54         0
                text21                             178A     178A       76         0
                text20                             1563     1563       43         0
                text19                             123E     123E       13         0
                text18                             11D4     11D4        4         0
                text17                                3        3        1         0
                text16                             1353     1353       30         0
                text15                             1383     1383       32         0
                text14                             1636     1636       4A         0
                text13                             1220     1220        F         0
                text12                             1725     1725       65         0
                text11                              5FE      5FE       F6         0
                text10                              9F8      9F8       A9         0
                text9                               AA1      AA1       B4         0
                text8                              11E8     11E8        9         0
                text7                               8CE      8CE       8B         0
                text6                              1284     1284       22         0
                text5                               801      801       4B         0
                text4                               959      959       9F         0
                text3                              13B5     13B5       3A         0
                text2                               7AE      7AE       52         0
                text1                               6F4      6F4       BA         0
                maintext                            B55      B55      4AB         0
                inittext                           11FB     11FB        C         0
                clrtext                            1207     1207        C         0
                idataBIGRAM                         3F6      3F6      208         0
                idataBANK9                         142A     142A       3D         0
                idataBANK8                         1467     1467       3D         0
                idataBANK7                         14A4     14A4       3D         0
                idataBANK4                         12CC     12CC       28         0
                idataBANK3                         122F     122F        F         0
                idataBANK2                         1213     1213        D         0
                idataBANK0                         1251     1251       13         0

        CLASS   STRCODE        

        CLASS   STRING         

        CLASS   CONST          

        CLASS   ENTRY          

        CLASS   COMMON         
                cstackCOMMON                         70       70        D         1
                nvCOMMON                             7D       7D        1         1

        CLASS   BANK0          
                cstackBANK0                          20       20       25         1
                dataBANK0                            45       45       13         1
                bssBANK0                             58       58       11         1
                nvBANK0                              69       69        1         1

        CLASS   BANK1          
                cstackBANK1                          A0       A0       50         1

        CLASS   BANK2          
                cstackBANK2                         120      120       31         1
                dataBANK2                           160      160        D         1
                bssBANK2                            151      151        F         1

        CLASS   BANK3          
                dataBANK3                           1DF      1DF        F         1
                bssBANK3                            1A0      1A0       3F         1
                nvBANK3                             1EE      1EE        2         1

        CLASS   BANK4          
                cstackBANK4                         25C      25C        8         1
                dataBANK4                           220      220       28         1
                bssBANK4                            248      248       14         1

        CLASS   BANK5          
                bssBANK5                            2A0      2A0       2C         1

        CLASS   BANK6          
                bssBANK6                            320      320       40         1

        CLASS   BANK7          
                dataBANK7                           3A0      3A0       3D         1

        CLASS   BANK8          
                dataBANK8                           420      420       3D         1

        CLASS   BANK9          
                dataBANK9                           4A0      4A0       3D         1

        CLASS   BANK10         
                bssBANK10                           520      520       40         1

        CLASS   BANK11         

        CLASS   BANK12         

        CLASS   BANK13         

        CLASS   BANK14         

        CLASS   BANK15         

        CLASS   BANK16         

        CLASS   BANK17         

        CLASS   BANK18         

        CLASS   BIGRAM         

        CLASS   RAM            

        CLASS   ABS1           
                abs_s1                               7E       7E        2         1
                abs_s1                              648      648       28         1
                abs_s1                              6A0      6A0       50         1
                abs_s1                              720      720       50         1
                abs_s1                              7A0      7A0       50         1
                abs_s1                              820      820       50         1
                abs_s1                              8A0      8A0       50         1
                abs_s1                              920      920       50         1
                abs_s1                             23E8     23E8        0         1

        CLASS   SFR0           

        CLASS   SFR1           

        CLASS   SFR2           

        CLASS   SFR3           

        CLASS   SFR4           

        CLASS   SFR5           

        CLASS   SFR6           

        CLASS   SFR7           

        CLASS   SFR8           

        CLASS   SFR9           

        CLASS   SFR10          

        CLASS   SFR11          

        CLASS   SFR12          

        CLASS   SFR13          

        CLASS   SFR14          

        CLASS   SFR15          

        CLASS   SFR16          

        CLASS   SFR17          

        CLASS   SFR18          

        CLASS   SFR19          

        CLASS   SFR20          

        CLASS   SFR21          

        CLASS   SFR22          

        CLASS   SFR23          

        CLASS   SFR24          

        CLASS   SFR25          

        CLASS   SFR26          

        CLASS   SFR27          

        CLASS   SFR28          

        CLASS   SFR29          

        CLASS   SFR30          

        CLASS   SFR31          

        CLASS   CONFIG         
                config                             8007     8007        2         0

        CLASS   IDLOC          

        CLASS   BANK31         

        CLASS   BANK30         

        CLASS   BANK29         

        CLASS   BANK28         

        CLASS   BANK27         

        CLASS   BANK26         

        CLASS   BANK25         

        CLASS   BANK24         

        CLASS   BANK23         

        CLASS   BANK22         

        CLASS   BANK21         

        CLASS   BANK20         

        CLASS   BANK19         

        CLASS   EEDATA         



SEGMENTS        Name                           Load    Length   Top    Selector   Space  Class     Delta

                reset_vec                      000000  000002  000002         0       0  CODE        2
                text17                         000003  000001  000004         6       0  CODE        2
                intentry                       000004  0007FC  000800         8       0  CODE        2
                cstackBANK0                    000020  00004A  00006A        20       1  BANK0       1
                cstackCOMMON                   000070  00000E  00007E        70       1  COMMON      1
                cstackBANK1                    0000A0  000050  0000F0        A0       1  BANK1       1
                cstackBANK2                    000120  00004D  00016D       120       1  BANK2       1
                bssBANK3                       0001A0  000050  0001F0       1A0       1  BANK3       1
                dataBANK4                      000220  000044  000264       220       1  BANK4       1
                bssBANK5                       0002A0  00002C  0002CC       2A0       1  BANK5       1
                bssBANK6                       000320  000040  000360       320       1  BANK6       1
                dataBANK7                      0003A0  00003D  0003DD       3A0       1  BANK7       1
                dataBANK8                      000420  00003D  00045D       420       1  BANK8       1
                dataBANK9                      0004A0  00003D  0004DD       4A0       1  BANK9       1
                bssBANK10                      000520  000040  000560       520       1  BANK10      1
                text5                          000801  00004B  00084C      1002       0  CODE        2
                text36                         00084C  000082  0008CE      1098       0  CODE        2
                text7                          0008CE  00008B  000959      119C       0  CODE        2
                text4                          000959  00009F  0009F8      12B2       0  CODE        2
                text10                         0009F8  0000A9  000AA1      13F0       0  CODE        2
                text9                          000AA1  0000B4  000B55      1542       0  CODE        2
                maintext                       000B55  0004AB  001000      16AA       0  CODE        2
                text31                         0011D0  000004  0011D4      23A0       0  CODE        2
                text18                         0011D4  000004  0011D8      23A8       0  CODE        2
                text29                         0011D8  000007  0011DF      23B0       0  CODE        2
                text28                         0011DF  000009  0011E8      23BE       0  CODE        2
                text8                          0011E8  000009  0011F1      23D0       0  CODE        2
                text30                         0011F1  00000A  0011FB      23E2       0  CODE        2
                inittext                       0011FB  00000C  001207      23F6       0  CODE        2
                clrtext                        001207  00000C  001213      240E       0  CODE        2
                idataBANK2                     001213  00000D  001220      2426       0  CODE        2
                text13                         001220  00000F  00122F      2440       0  CODE        2
                idataBANK3                     00122F  00000F  00123E      245E       0  CODE        2
                text19                         00123E  000013  001251      247C       0  CODE        2
                idataBANK0                     001251  000013  001264      24A2       0  CODE        2
                text24                         001264  000020  001284      24C8       0  CODE        2
                text6                          001284  000022  0012A6      2508       0  CODE        2
                text25                         0012A6  000026  0012CC      254C       0  CODE        2
                idataBANK4                     0012CC  000028  0012F4      2598       0  CODE        2
                text35                         0012F4  00002F  001323      25E8       0  CODE        2
                text26                         001323  000030  001353      2646       0  CODE        2
                text16                         001353  000030  001383      26A6       0  CODE        2
                text15                         001383  000032  0013B5      2706       0  CODE        2
                text3                          0013B5  00003A  0013EF      276A       0  CODE        2
                text23                         0013EF  00003B  00142A      27DE       0  CODE        2
                idataBANK9                     00142A  00003D  001467      2854       0  CODE        2
                idataBANK8                     001467  00003D  0014A4      28CE       0  CODE        2
                idataBANK7                     0014A4  00003D  0014E1      2948       0  CODE        2
                text34                         0014E1  000041  001522      29C2       0  CODE        2
                text27                         001522  000041  001563      2A44       0  CODE        2
                text20                         001563  000043  0015A6      2AC6       0  CODE        2
                text38                         0015A6  000048  0015EE      2B4C       0  CODE        2
                text33                         0015EE  000048  001636      2BDC       0  CODE        2
                text14                         001636  00004A  001680      2C6C       0  CODE        2
                text37                         001680  000051  0016D1      2D00       0  CODE        2
                text22                         0016D1  000054  001725      2DA2       0  CODE        2
                text12                         001725  000065  00178A      2E4A       0  CODE        2
                text21                         00178A  000076  001800      2F14       0  CODE        2
                config                         008007  000002  008009     1000E       0  CONFIG      2


UNUSED ADDRESS RANGES

        Name                Unused          Largest block    Delta
        BANK0            0006A-0006F               6           1
        BANK10           00560-0056F              10           1
        BANK11           005A0-005EF              50           1
        BANK12           00620-00647              28           1
        BANK2            0016D-0016F               3           1
        BANK4            00264-0026F               C           1
        BANK5            002CC-002EF              24           1
        BANK6            00360-0036F              10           1
        BANK7            003DD-003EF              13           1
        BANK8            0045D-0046F              13           1
        BANK9            004DD-004EF              13           1
        BIGRAM           02000-025EF             5F0           1
        CODE             00002-00002               1           2
                         00800-00800               1
                         01000-011CF             1D0
                         01800-03FFF             800
        CONST            00002-00002               1           2
                         00800-00800               1
                         01000-011CF             100
                         01800-03FFF             100
        ENTRY            00002-00002               1           2
                         00800-00800               1
                         01000-011CF             100
                         01800-03FFF             100
        IDLOC            08000-08003               4           2
        RAM              0006A-0006F               6           1
                         0016D-0016F               3
                         00264-0026F               C
                         002CC-002EF              24
                         00360-0036F              10
                         003DD-003EF              13
                         0045D-0046F              13
                         004DD-004EF              13
                         00560-0056F              10
                         005A0-005EF              50
                         00620-00647              28
        SFR0             00000-0001F              20           1
        SFR1             00080-0009F              20           1
        SFR10            00500-0051F              20           1
        SFR11            00580-0059F              20           1
        SFR12            00600-0061F              20           1
        SFR13            00680-0069F              20           1
        SFR14            00700-0071F              20           1
        SFR15            00780-0079F              20           1
        SFR16            00800-0081F              20           1
        SFR17            00880-0089F              20           1
        SFR18            00900-0091F              20           1
        SFR19            00980-009EF              70           1
        SFR2             00100-0011F              20           1
        SFR20            00A00-00A6F              70           1
        SFR21            00A80-00AEF              70           1
        SFR22            00B00-00B6F              70           1
        SFR23            00B80-00BEF              70           1
        SFR24            00C00-00C6F              70           1
        SFR25            00C80-00CEF              70           1
        SFR26            00D00-00D6F              70           1
        SFR27            00D80-00DEF              70           1
        SFR28            00E00-00E6F              70           1
        SFR29            00E80-00EEF              70           1
        SFR3             00180-0019F              20           1
        SFR30            00F00-00F6F              70           1
        SFR31            00F80-00FEF              70           1
        SFR4             00200-0021F              20           1
        SFR5             00280-0029F              20           1
        SFR6             00300-0031F              20           1
        SFR7             00380-0039F              20           1
        SFR8             00400-0041F              20           1
        SFR9             00480-0049F              20           1
        STACK            02360-023E7              88           1
        STRCODE          00002-00002               1           2
                         00800-00800               1
                         01000-011CF             1D0
                         01800-03FFF            2800
        STRING           00002-00002               1           2
                         00800-00800               1
                         01000-011CF             100
                         01800-03FFF             100

                                  Symbol Table

?_FLASH_ReadWord                  cstackBANK1  000A0
?___aldiv                         cstackBANK0  00020
?___altoft                        cstackBANK2  00126
?___awdiv                         cstackCOMMON 00070
?___awtoft                        cstackBANK1  000A8
?___ftadd                         cstackBANK1  000A8
?___ftdiv                         cstackBANK1  000C5
?___ftmul                         cstackBANK1  000B5
?___ftneg                         cstackBANK1  000A0
?___ftpack                        cstackBANK1  000A0
?___fttol                         cstackBANK1  000E7
?___lmul                          cstackBANK1  000A0
?_adc_convert                     cstackBANK1  000A0
?_getSwitchBypassState            cstackBANK1  000A0
?_map                             cstackBANK1  000D5
?_modulation                      cstackBANK0  0002E
?_set_subdivision                 cstackBANK2  00136
?_trunc                           cstackBANK2  0012E
?i1___lmul                        cstackCOMMON 00070
FLASH_ReadWord@GIEBitValue        cstackBANK1  000A2
FLASH_ReadWord@flashAddr          cstackBANK1  000A0
InitializeTaps@itap               cstackBANK1  000A1
USARTHandleRxInt@data             cstackCOMMON 00074
USARTInit@baud_rate               cstackBANK1  000A0
USARTWriteInt@F3536               bssBANK3     001A0
_ADCON0bits                       (abs)        0009D
_ADCON1bits                       (abs)        0009E
_ADRESH                           (abs)        0009C
_ADRESL                           (abs)        0009B
_ANSELEbits                       (abs)        00190
_ANSELFbits                       (abs)        0040C
_APFCONbits                       (abs)        0011D
_B25k                             dataBANK4    00220
_B25kLength                       nvBANK3      001EE
_CCP10CONbits                     (abs)        0061F
_CCP1CONbits                      (abs)        00293
_CCP2CONbits                      (abs)        0029A
_CCP3CONbits                      (abs)        00313
_CCP4CONbits                      (abs)        0031A
_CCP5CONbits                      (abs)        0031E
_CCP6CONbits                      (abs)        00613
_CCP7CONbits                      (abs)        00616
_CCP8CONbits                      (abs)        00619
_CCP9CONbits                      (abs)        0061C
_CCPR1                            (abs)        00291
_CCPR2                            (abs)        00298
_CCPR3                            (abs)        00311
_CCPR4                            (abs)        00318
_CCPR5                            (abs)        0031C
_CCPR9                            (abs)        0061A
_CCPTMRS0                         (abs)        0029D
_CCPTMRS1                         (abs)        0029E
_CCPTMRS2                         (abs)        0029F
_ConfigureOscillator              text31       011D0
_FLASH_ReadWord                   text24       01264
_GIE                              (abs)        0005F
_INTCONbits                       (abs)        0000B
_InitApp                          text26       01323
_InitializeTaps                   text25       012A6
_LATBbits                         (abs)        0010D
_LATDbits                         (abs)        0010F
_LATFbits                         (abs)        0038C
_LATGbits                         (abs)        0038D
_OPTION_REGbits                   (abs)        00095
_OSCCONbits                       (abs)        00099
_PEIE                             (abs)        0005E
_PIR1bits                         (abs)        00011
_PMADRH                           (abs)        00192
_PMADRL                           (abs)        00191
_PMCON1bits                       (abs)        00195
_PMCON2                           (abs)        00196
_PMDATH                           (abs)        00194
_PMDATL                           (abs)        00193
_PORTAbits                        (abs)        0000C
_PORTCbits                        (abs)        0000E
_PORTDbits                        (abs)        0000F
_PORTEbits                        (abs)        00010
_PR2                              (abs)        0001B
_RB1                              (abs)        00069
_RCIE                             (abs)        0048D
_RCIF                             (abs)        0008D
_RCREG                            (abs)        00199
_RCSTAbits                        (abs)        0019D
_ReadSavedSettings                text21       0178A
_SPBRG                            (abs)        0019B
_T2CONbits                        (abs)        0001C
_TRISBbits                        (abs)        0008D
_TRISCbits                        (abs)        0008E
_TRISDbits                        (abs)        0008F
_TRISEbits                        (abs)        00090
_TRISFbits                        (abs)        0030C
_TRISGbits                        (abs)        0030D
_TXREG                            (abs)        0019A
_TXSTAbits                        (abs)        0019E
_UQEnd                            nvBANK0      00069
_UQFront                          nvCOMMON     0007D
_URBuff                           bssBANK6     00320
_USARTHandleRxInt                 text38       015A6
_USARTInit                        text20       01563
__CFG_BOREN$ON                    (abs)        00000
__CFG_BORV$LO                     (abs)        00000
__CFG_CLKOUTEN$OFF                (abs)        00000
__CFG_CP$OFF                      (abs)        00000
__CFG_FCMEN$ON                    (abs)        00000
__CFG_FOSC$HS                     (abs)        00000
__CFG_IESO$ON                     (abs)        00000
__CFG_LPBOR$OFF                   (abs)        00000
__CFG_LVP$OFF                     (abs)        00000
__CFG_MCLRE$ON                    (abs)        00000
__CFG_PWRTE$OFF                   (abs)        00000
__CFG_STVREN$ON                   (abs)        00000
__CFG_VCAPEN$OFF                  (abs)        00000
__CFG_WDTE$OFF                    (abs)        00000
__CFG_WRT$OFF                     (abs)        00000
__Habs1                           abs1         00000
__Hbank0                          bank0        00000
__Hbank1                          bank1        00000
__Hbank10                         bank10       00000
__Hbank11                         bank11       00000
__Hbank12                         bank12       00000
__Hbank13                         bank13       00000
__Hbank14                         bank14       00000
__Hbank15                         bank15       00000
__Hbank16                         bank16       00000
__Hbank17                         bank17       00000
__Hbank18                         bank18       00000
__Hbank19                         bank19       00000
__Hbank2                          bank2        00000
__Hbank20                         bank20       00000
__Hbank21                         bank21       00000
__Hbank22                         bank22       00000
__Hbank23                         bank23       00000
__Hbank24                         bank24       00000
__Hbank25                         bank25       00000
__Hbank26                         bank26       00000
__Hbank27                         bank27       00000
__Hbank28                         bank28       00000
__Hbank29                         bank29       00000
__Hbank3                          bank3        00000
__Hbank30                         bank30       00000
__Hbank31                         bank31       00000
__Hbank4                          bank4        00000
__Hbank5                          bank5        00000
__Hbank6                          bank6        00000
__Hbank7                          bank7        00000
__Hbank8                          bank8        00000
__Hbank9                          bank9        00000
__Hbigram                         bigram       00000
__HbssBANK0                       bssBANK0     00000
__HbssBANK10                      bssBANK10    00000
__HbssBANK2                       bssBANK2     00000
__HbssBANK3                       bssBANK3     00000
__HbssBANK4                       bssBANK4     00000
__HbssBANK5                       bssBANK5     00000
__HbssBANK6                       bssBANK6     00000
__Hcinit                          cinit        003F6
__Hclrtext                        clrtext      00000
__Hcode                           code         00000
__Hcommon                         common       00000
__Hconfig                         config       08009
__HcstackBANK0                    cstackBANK0  00000
__HcstackBANK1                    cstackBANK1  00000
__HcstackBANK2                    cstackBANK2  00000
__HcstackBANK4                    cstackBANK4  00000
__HcstackCOMMON                   cstackCOMMON 00000
__HdataBANK0                      dataBANK0    00000
__HdataBANK2                      dataBANK2    00000
__HdataBANK3                      dataBANK3    00000
__HdataBANK4                      dataBANK4    00000
__HdataBANK7                      dataBANK7    00000
__HdataBANK8                      dataBANK8    00000
__HdataBANK9                      dataBANK9    00000
__Heeprom_data                    eeprom_data  00000
__Hend_init                       end_init     00336
__Hfunctab                        functab      00000
__HidataBANK0                     idataBANK0   00000
__HidataBANK2                     idataBANK2   00000
__HidataBANK3                     idataBANK3   00000
__HidataBANK4                     idataBANK4   00000
__HidataBANK7                     idataBANK7   00000
__HidataBANK8                     idataBANK8   00000
__HidataBANK9                     idataBANK9   00000
__HidataBIGRAM                    idataBIGRAM  00000
__Hidloc                          idloc        00000
__Hinit                           init         00334
__Hinittext                       inittext     00000
__Hintentry                       intentry     00334
__Hmaintext                       maintext     00000
__HnvBANK0                        nvBANK0      00000
__HnvBANK3                        nvBANK3      00000
__HnvCOMMON                       nvCOMMON     00000
__Hpowerup                        powerup      00000
__Hram                            ram          00000
__Hreset_vec                      reset_vec    00002
__Hsfr0                           sfr0         00000
__Hsfr1                           sfr1         00000
__Hsfr10                          sfr10        00000
__Hsfr11                          sfr11        00000
__Hsfr12                          sfr12        00000
__Hsfr13                          sfr13        00000
__Hsfr14                          sfr14        00000
__Hsfr15                          sfr15        00000
__Hsfr16                          sfr16        00000
__Hsfr17                          sfr17        00000
__Hsfr18                          sfr18        00000
__Hsfr19                          sfr19        00000
__Hsfr2                           sfr2         00000
__Hsfr20                          sfr20        00000
__Hsfr21                          sfr21        00000
__Hsfr22                          sfr22        00000
__Hsfr23                          sfr23        00000
__Hsfr24                          sfr24        00000
__Hsfr25                          sfr25        00000
__Hsfr26                          sfr26        00000
__Hsfr27                          sfr27        00000
__Hsfr28                          sfr28        00000
__Hsfr29                          sfr29        00000
__Hsfr3                           sfr3         00000
__Hsfr30                          sfr30        00000
__Hsfr31                          sfr31        00000
__Hsfr4                           sfr4         00000
__Hsfr5                           sfr5         00000
__Hsfr6                           sfr6         00000
__Hsfr7                           sfr7         00000
__Hsfr8                           sfr8         00000
__Hsfr9                           sfr9         00000
__Hspace_0                        (abs)        08009
__Hspace_1                        (abs)        00560
__Hspace_2                        (abs)        00000
__Hspace_3                        (abs)        00000
__Hstack                          stack        00000
__Hstrings                        strings      00000
__Htext                           text         00000
__Labs1                           abs1         00000
__Lbank0                          bank0        00000
__Lbank1                          bank1        00000
__Lbank10                         bank10       00000
__Lbank11                         bank11       00000
__Lbank12                         bank12       00000
__Lbank13                         bank13       00000
__Lbank14                         bank14       00000
__Lbank15                         bank15       00000
__Lbank16                         bank16       00000
__Lbank17                         bank17       00000
__Lbank18                         bank18       00000
__Lbank19                         bank19       00000
__Lbank2                          bank2        00000
__Lbank20                         bank20       00000
__Lbank21                         bank21       00000
__Lbank22                         bank22       00000
__Lbank23                         bank23       00000
__Lbank24                         bank24       00000
__Lbank25                         bank25       00000
__Lbank26                         bank26       00000
__Lbank27                         bank27       00000
__Lbank28                         bank28       00000
__Lbank29                         bank29       00000
__Lbank3                          bank3        00000
__Lbank30                         bank30       00000
__Lbank31                         bank31       00000
__Lbank4                          bank4        00000
__Lbank5                          bank5        00000
__Lbank6                          bank6        00000
__Lbank7                          bank7        00000
__Lbank8                          bank8        00000
__Lbank9                          bank9        00000
__Lbigram                         bigram       00000
__LbssBANK0                       bssBANK0     00000
__LbssBANK10                      bssBANK10    00000
__LbssBANK2                       bssBANK2     00000
__LbssBANK3                       bssBANK3     00000
__LbssBANK4                       bssBANK4     00000
__LbssBANK5                       bssBANK5     00000
__LbssBANK6                       bssBANK6     00000
__Lcinit                          cinit        00336
__Lclrtext                        clrtext      00000
__Lcode                           code         00000
__Lcommon                         common       00000
__Lconfig                         config       08007
__LcstackBANK0                    cstackBANK0  00000
__LcstackBANK1                    cstackBANK1  00000
__LcstackBANK2                    cstackBANK2  00000
__LcstackBANK4                    cstackBANK4  00000
__LcstackCOMMON                   cstackCOMMON 00000
__LdataBANK0                      dataBANK0    00000
__LdataBANK2                      dataBANK2    00000
__LdataBANK3                      dataBANK3    00000
__LdataBANK4                      dataBANK4    00000
__LdataBANK7                      dataBANK7    00000
__LdataBANK8                      dataBANK8    00000
__LdataBANK9                      dataBANK9    00000
__Leeprom_data                    eeprom_data  00000
__Lend_init                       end_init     00334
__Lfunctab                        functab      00000
__LidataBANK0                     idataBANK0   00000
__LidataBANK2                     idataBANK2   00000
__LidataBANK3                     idataBANK3   00000
__LidataBANK4                     idataBANK4   00000
__LidataBANK7                     idataBANK7   00000
__LidataBANK8                     idataBANK8   00000
__LidataBANK9                     idataBANK9   00000
__LidataBIGRAM                    idataBIGRAM  00000
__Lidloc                          idloc        00000
__Linit                           init         00334
__Linittext                       inittext     00000
__Lintentry                       intentry     00004
__Lmaintext                       maintext     00000
__LnvBANK0                        nvBANK0      00000
__LnvBANK3                        nvBANK3      00000
__LnvCOMMON                       nvCOMMON     00000
__Lpowerup                        powerup      00000
__Lram                            ram          00000
__Lreset_vec                      reset_vec    00000
__Lsfr0                           sfr0         00000
__Lsfr1                           sfr1         00000
__Lsfr10                          sfr10        00000
__Lsfr11                          sfr11        00000
__Lsfr12                          sfr12        00000
__Lsfr13                          sfr13        00000
__Lsfr14                          sfr14        00000
__Lsfr15                          sfr15        00000
__Lsfr16                          sfr16        00000
__Lsfr17                          sfr17        00000
__Lsfr18                          sfr18        00000
__Lsfr19                          sfr19        00000
__Lsfr2                           sfr2         00000
__Lsfr20                          sfr20        00000
__Lsfr21                          sfr21        00000
__Lsfr22                          sfr22        00000
__Lsfr23                          sfr23        00000
__Lsfr24                          sfr24        00000
__Lsfr25                          sfr25        00000
__Lsfr26                          sfr26        00000
__Lsfr27                          sfr27        00000
__Lsfr28                          sfr28        00000
__Lsfr29                          sfr29        00000
__Lsfr3                           sfr3         00000
__Lsfr30                          sfr30        00000
__Lsfr31                          sfr31        00000
__Lsfr4                           sfr4         00000
__Lsfr5                           sfr5         00000
__Lsfr6                           sfr6         00000
__Lsfr7                           sfr7         00000
__Lsfr8                           sfr8         00000
__Lsfr9                           sfr9         00000
__Lspace_0                        (abs)        00000
__Lspace_1                        (abs)        00000
__Lspace_2                        (abs)        00000
__Lspace_3                        (abs)        00000
__Lstack                          stack        00000
__Lstrings                        strings      00000
__Ltext                           text         00000
__S0                              (abs)        08009
__S1                              (abs)        00560
__S2                              (abs)        00000
___aldiv                          text36       0084C
___aldiv@counter                  cstackBANK0  00028
___aldiv@dividend                 cstackBANK0  00024
___aldiv@divisor                  cstackBANK0  00020
___aldiv@quotient                 cstackBANK0  0002A
___aldiv@sign                     cstackBANK0  00029
___altoft                         text5        00801
___altoft@c                       cstackBANK2  00126
___altoft@exp                     cstackBANK2  0012C
___altoft@sign                    cstackBANK2  0012D
___awdiv                          text37       01680
___awdiv@counter                  cstackCOMMON 00075
___awdiv@dividend                 cstackCOMMON 00072
___awdiv@divisor                  cstackCOMMON 00070
___awdiv@quotient                 cstackCOMMON 00077
___awdiv@sign                     cstackCOMMON 00076
___awtoft                         text6        01284
___awtoft@c                       cstackBANK1  000A8
___awtoft@sign                    cstackBANK1  000AD
___ftadd                          text11       005FE
___ftadd@exp1                     cstackBANK1  000B4
___ftadd@exp2                     cstackBANK1  000B3
___ftadd@f1                       cstackBANK1  000A8
___ftadd@f2                       cstackBANK1  000AB
___ftadd@sign                     cstackBANK1  000B2
___ftdiv                          text10       009F8
___ftdiv@cntr                     cstackBANK1  000CF
___ftdiv@exp                      cstackBANK1  000D3
___ftdiv@f1                       cstackBANK1  000C8
___ftdiv@f2                       cstackBANK1  000C5
___ftdiv@f3                       cstackBANK1  000D0
___ftdiv@sign                     cstackBANK1  000D4
___ftmul                          text9        00AA1
___ftmul@cntr                     cstackBANK1  000C3
___ftmul@exp                      cstackBANK1  000BF
___ftmul@f1                       cstackBANK1  000B5
___ftmul@f2                       cstackBANK1  000B8
___ftmul@f3_as_product            cstackBANK1  000C0
___ftmul@sign                     cstackBANK1  000C4
___ftneg                          text8        011E8
___ftneg@f1                       cstackBANK1  000A0
___ftpack                         text12       01725
___ftpack@arg                     cstackBANK1  000A0
___ftpack@exp                     cstackBANK1  000A3
___ftpack@sign                    cstackBANK1  000A4
___fttol                          text4        00959
___fttol@exp1                     cstackBANK2  00125
___fttol@f1                       cstackBANK1  000E7
___fttol@lval                     cstackBANK2  00121
___fttol@sign1                    cstackBANK2  00120
___int_sp                         stack        00000
___latbits                        (abs)        00003
___lmul                           text16       01353
___lmul@multiplicand              cstackBANK1  000A4
___lmul@multiplier                cstackBANK1  000A0
___lmul@product                   cstackBANK1  000A8
___sp                             stack        00000
__end_of_ConfigureOscillator      text31       011D4
__end_of_FLASH_ReadWord           text24       01284
__end_of_InitApp                  text26       01353
__end_of_InitializeTaps           text25       012CC
__end_of_ReadSavedSettings        text21       01800
__end_of_USARTHandleRxInt         text38       015EE
__end_of_USARTInit                text20       015A6
__end_of___aldiv                  text36       008CE
__end_of___altoft                 text5        0084C
__end_of___awdiv                  text37       016D1
__end_of___awtoft                 text6        012A6
__end_of___ftadd                  text11       006F4
__end_of___ftdiv                  text10       00AA1
__end_of___ftmul                  text9        00B55
__end_of___ftneg                  text8        011F1
__end_of___ftpack                 text12       0178A
__end_of___fttol                  text4        009F8
__end_of___lmul                   text16       01383
__end_of__initialization          cinit        003F2
__end_of_adc_convert              text19       01251
__end_of_frexp                    text3        013EF
__end_of_getSwitchBypassState     text18       011D8
__end_of_initSwitchBypass         text13       0122F
__end_of_init_adc                 text30       011FB
__end_of_init_pwm                 text27       01563
__end_of_init_timer0              text29       011DF
__end_of_init_timer2              text28       011E8
__end_of_isr                      intentry     00334
__end_of_main                     maintext     01000
__end_of_map                      text7        00959
__end_of_modulation               text34       01522
__end_of_setSwitchBypassState     text14       01680
__end_of_set_leds_bottom          text23       0142A
__end_of_set_leds_top             text22       01725
__end_of_set_subdivision          text1        007AE
__end_of_trunc                    text2        00800
__end_of_updateSwitchBypassState  text17       00004
__end_of_wait_ms                  text15       013B5
__end_ofi1___lmul                 text35       01323
__end_ofi1_set_leds_top           text33       01636
__initialization                  cinit        00336
__pbssBANK0                       bssBANK0     00058
__pbssBANK10                      bssBANK10    00520
__pbssBANK2                       bssBANK2     00151
__pbssBANK3                       bssBANK3     001A0
__pbssBANK4                       bssBANK4     00248
__pbssBANK5                       bssBANK5     002A0
__pbssBANK6                       bssBANK6     00320
__pcstackBANK0                    cstackBANK0  00020
__pcstackBANK1                    cstackBANK1  000A0
__pcstackBANK2                    cstackBANK2  00120
__pcstackBANK4                    cstackBANK4  0025C
__pcstackCOMMON                   cstackCOMMON 00070
__pdataBANK0                      dataBANK0    00045
__pdataBANK2                      dataBANK2    00160
__pdataBANK3                      dataBANK3    001DF
__pdataBANK4                      dataBANK4    00220
__pdataBANK7                      dataBANK7    003A0
__pdataBANK8                      dataBANK8    00420
__pdataBANK9                      dataBANK9    004A0
__pdataBIGRAM                     (abs)        023E8
__pidataBANK0                     idataBANK0   01251
__pidataBANK2                     idataBANK2   01213
__pidataBANK3                     idataBANK3   0122F
__pidataBANK4                     idataBANK4   012CC
__pidataBANK7                     idataBANK7   014A4
__pidataBANK8                     idataBANK8   01467
__pidataBANK9                     idataBANK9   0142A
__pidataBIGRAM                    idataBIGRAM  003F6
__pintentry                       intentry     00004
__pmaintext                       maintext     00B55
__pnvBANK0                        nvBANK0      00069
__pnvBANK3                        nvBANK3      001EE
__pnvCOMMON                       nvCOMMON     0007D
__ptext1                          text1        006F4
__ptext10                         text10       009F8
__ptext11                         text11       005FE
__ptext12                         text12       01725
__ptext13                         text13       01220
__ptext14                         text14       01636
__ptext15                         text15       01383
__ptext16                         text16       01353
__ptext17                         text17       00003
__ptext18                         text18       011D4
__ptext19                         text19       0123E
__ptext2                          text2        007AE
__ptext20                         text20       01563
__ptext21                         text21       0178A
__ptext22                         text22       016D1
__ptext23                         text23       013EF
__ptext24                         text24       01264
__ptext25                         text25       012A6
__ptext26                         text26       01323
__ptext27                         text27       01522
__ptext28                         text28       011DF
__ptext29                         text29       011D8
__ptext3                          text3        013B5
__ptext30                         text30       011F1
__ptext31                         text31       011D0
__ptext33                         text33       015EE
__ptext34                         text34       014E1
__ptext35                         text35       012F4
__ptext36                         text36       0084C
__ptext37                         text37       01680
__ptext38                         text38       015A6
__ptext4                          text4        00959
__ptext5                          text5        00801
__ptext6                          text6        01284
__ptext7                          text7        008CE
__ptext8                          text8        011E8
__ptext9                          text9        00AA1
__size_of_ConfigureOscillator     (abs)        00000
__size_of_FLASH_ReadWord          (abs)        00000
__size_of_InitApp                 (abs)        00000
__size_of_InitializeTaps          (abs)        00000
__size_of_ReadSavedSettings       (abs)        00000
__size_of_USARTHandleRxInt        (abs)        00000
__size_of_USARTInit               (abs)        00000
__size_of___aldiv                 (abs)        00000
__size_of___altoft                (abs)        00000
__size_of___awdiv                 (abs)        00000
__size_of___awtoft                (abs)        00000
__size_of___ftadd                 (abs)        00000
__size_of___ftdiv                 (abs)        00000
__size_of___ftmul                 (abs)        00000
__size_of___ftneg                 (abs)        00000
__size_of___ftpack                (abs)        00000
__size_of___fttol                 (abs)        00000
__size_of___lmul                  (abs)        00000
__size_of_adc_convert             (abs)        00000
__size_of_frexp                   (abs)        00000
__size_of_getSwitchBypassState    (abs)        00000
__size_of_initSwitchBypass        (abs)        00000
__size_of_init_adc                (abs)        00000
__size_of_init_pwm                (abs)        00000
__size_of_init_timer0             (abs)        00000
__size_of_init_timer2             (abs)        00000
__size_of_isr                     (abs)        00000
__size_of_main                    (abs)        00000
__size_of_map                     (abs)        00000
__size_of_modulation              (abs)        00000
__size_of_setSwitchBypassState    (abs)        00000
__size_of_set_leds_bottom         (abs)        00000
__size_of_set_leds_top            (abs)        00000
__size_of_set_subdivision         (abs)        00000
__size_of_trunc                   (abs)        00000
__size_of_updateSwitchBypassState (abs)        00000
__size_of_wait_ms                 (abs)        00000
__size_ofi1___lmul                (abs)        00000
__size_ofi1_set_leds_top          (abs)        00000
_adc_convert                      text19       0123E
_adjust_sub_delay                 bssBANK3     001B9
_adjusted_pot_value               bssBANK3     001BB
_baseline_delay_time              dataBANK0    00045
_blink_delay                      dataBANK3    001DF
_blink_rate                       dataBANK0    00053
_bottomTactile_pressed            bssBANK2     00159
_bottom_push_state                dataBANK0    0004D
_bypass_turning_on                bssBANK2     0015A
_currentBypassState               dataBANK3    001EA
_debounce_mode1                   bssBANK3     001C1
_debounce_mode2                   bssBANK3     001C3
_delayArray                       (abs)        023E8
_delay_counter                    bssBANK2     00151
_delay_time                       dataBANK0    00049
_delay_time_changed               dataBANK3    001E1
_delayfound                       bssBANK3     001C5
_doubleTap_state                  bssBANK0     00064
_double_timer                     bssBANK3     001A5
_expSwitchState                   dataBANK3    001EB
_expressModeCnst                  dataBANK3    001EC
_expressionChannel                dataBANK2    0016A
_feedbackTriggered                bssBANK3     001DB
_feedback_start                   bssBANK2     0015B
_feedback_state                   dataBANK2    0016B
_feedback_timer                   bssBANK2     00153
_frexp                            text3        013B5
_getSwitchBypassState             text18       011D4
_initSwitchBypass                 text13       01220
_init_adc                         text30       011F1
_init_pwm                         text27       01522
_init_timer0                      text29       011D8
_init_timer2                      text28       011DF
_isr                              intentry     00004
_knob1_prev                       dataBANK2    00160
_knob2_prev                       dataBANK2    00162
_knob3_prev                       dataBANK2    00164
_knob4_prev                       dataBANK2    00166
_knob5_prev                       dataBANK2    00168
_knob_1_pos                       bssBANK3     001C9
_knob_2_pos                       bssBANK3     001CB
_knob_3_pos                       bssBANK3     001CD
_knob_4_pos                       bssBANK3     001CF
_knob_5_pos                       bssBANK3     001D1
_ledState                         bssBANK3     001A9
_longTap_start                    bssBANK2     0015C
_longTap_state                    dataBANK0    00054
_longTap_timer                    bssBANK2     00155
_long_press_limit                 dataBANK0    0004F
_main                             maintext     00B55
_map                              text7        008CE
_map$2555                         cstackBANK1  000E4
_mod1                             dataBANK7    003A0
_mod2                             dataBANK8    00420
_mod3                             dataBANK9    004A0
_mod_counter                      bssBANK2     00157
_mod_delay_time                   dataBANK3    001E3
_mod_timer                        bssBANK3     001AD
_mod_value                        bssBANK3     001D3
_mode2_state                      bssBANK0     00065
_modulation                       text34       014E1
_num_taps                         dataBANK0    00055
_presetChannel                    dataBANK0    00056
_presetModeCnst                   dataBANK3    001ED
_presetSaveMode                   bssBANK0     00066
_preset_blink                     bssBANK2     0015D
_preset_programmning_on           bssBANK3     001DE
_reset_sub_delay                  bssBANK3     001D5
_setSwitchBypassState             text14       01636
_set_leds_bottom                  text23       013EF
_set_leds_top                     text22       016D1
_set_subdivision                  text1        006F4
_sub_timer                        bssBANK0     00058
_suspend_blink                    bssBANK0     00067
_switchBypass_pressed             bssBANK3     001D7
_switchBypass_state               dataBANK0    00057
_switchBypass_toggle              bssBANK3     001D9
_switchBypass_up                  dataBANK3    001E5
_switchTap_down                   bssBANK2     0015E
_switchTap_pressed                bssBANK0     00068
_switchTap_state                  dataBANK2    0016C
_tap                              bssBANK5     002A0
_tap_history                      bssBANK4     00248
_tap_iteration                    dataBANK3    001E7
_tap_timer                        bssBANK0     0005C
_tap_total                        bssBANK3     001B1
_test_timer                       bssBANK3     001B5
_timer                            bssBANK0     00060
_topTactile_pressed               bssBANK2     0015F
_top_push_state                   dataBANK0    00051
_trunc                            text2        007AE
_updateSwitchBypassState          text17       00003
_wait_ms                          text15       01383
adc_convert@channel               cstackBANK1  000A3
btemp                             (abs)        0007E
clear_ram0                        clrtext      01207
end_of_initialization             cinit        003F2
frexp@eptr                        cstackBANK1  000A3
frexp@value                       cstackBANK1  000A0
i1___lmul                         text35       012F4
i1___lmul@multiplicand            cstackCOMMON 00074
i1___lmul@multiplier              cstackCOMMON 00070
i1___lmul@product                 cstackCOMMON 00078
i1_set_leds_top                   text33       015EE
i1set_leds_top@ledState           cstackCOMMON 00072
i1set_leds_top@x                  cstackCOMMON 00070
initSwitchBypass@initState        cstackBANK1  000B6
init_ram                          inittext     011FB
int$flags                         (abs)        0007E
intlevel0                         functab      00000
intlevel1                         functab      00000
intlevel2                         functab      00000
intlevel3                         functab      00000
intlevel4                         functab      00000
intlevel5                         functab      00000
isr@tmpSubDelay                   cstackBANK0  00043
ltemp                             (abs)        0007E
ltemp0                            (abs)        0007E
ltemp1                            (abs)        00082
ltemp2                            (abs)        00086
ltemp3                            (abs)        00080
main@i                            cstackBANK4  0025C
main@i_385                        cstackBANK4  0025E
main@i_386                        cstackBANK4  00260
main@i_387                        cstackBANK4  00262
map@in_max                        cstackBANK1  000DB
map@in_min                        cstackBANK1  000D8
map@out_max                       cstackBANK1  000E1
map@out_min                       cstackBANK1  000DE
map@x                             cstackBANK1  000D5
modulation@x                      cstackBANK0  0002E
modulation@y                      cstackBANK0  00032
reset_vec                         reset_vec    00000
setSwitchBypassState@f_state      cstackBANK1  000B2
set_leds_bottom@x                 cstackBANK1  000A0
set_leds_top@ledState             cstackBANK1  000A2
set_leds_top@x                    cstackBANK1  000A0
set_subdivision@scalar            cstackBANK2  0013D
set_subdivision@tmpX              cstackBANK2  00140
set_subdivision@x                 cstackBANK2  00136
set_subdivision@y                 cstackBANK2  00138
stackhi                           (abs)        023E7
stacklo                           (abs)        02360
start                             init         00334
start_initialization              cinit        00336
trunc@expon                       cstackBANK2  00134
trunc@i                           cstackBANK2  00131
trunc@x                           cstackBANK2  0012E
ttemp                             (abs)        0007E
ttemp0                            (abs)        0007E
ttemp1                            (abs)        00081
ttemp2                            (abs)        00084
ttemp3                            (abs)        00087
ttemp4                            (abs)        0007F
updateSwitchBypassState@state     cstackBANK1  000A0
wait_ms@timeSec                   cstackBANK1  000AC
wait_ms@timemsl                   cstackBANK1  000AE
wtemp                             (abs)        0007E
wtemp0                            (abs)        0007E
wtemp1                            (abs)        00080
wtemp2                            (abs)        00082
wtemp3                            (abs)        00084
wtemp4                            (abs)        00086
wtemp5                            (abs)        00088
wtemp6                            (abs)        0007F


FUNCTION INFORMATION:

 *************** function _main *****************
 Defined at:
		line 83 in file "main.c"
 Parameters:    Size  Location     Type
		None
 Auto vars:     Size  Location     Type
  i               2    6[BANK4 ] int 
  i               2    4[BANK4 ] int 
  i               2    2[BANK4 ] int 
  i               2    0[BANK4 ] int 
 Return value:  Size  Location     Type
                  1    wreg      void 
 Registers used:
		wreg, fsr0l, fsr0h, fsr1l, fsr1h, status,2, status,0, pclath, cstack
 Tracked objects:
		On entry : 
		On exit  : 
		Unchanged: 
 Data sizes:     COMMON   BANK0   BANK1   BANK2   BANK3   BANK4   BANK5   BANK6   BANK7   BANK8   BANK9  BANK10  BANK11  BANK12  BANK13  BANK14  BANK15  BANK16  BANK17  BANK18
      Params:         0       0       0       0       0       0       0       0       0       0       0       0       0       0       0       0       0       0       0       0
      Locals:         0       0       0       0       0       8       0       0       0       0       0       0       0       0       0       0       0       0       0       0
      Temps:          0       0       0      15       0       0       0       0       0       0       0       0       0       0       0       0       0       0       0       0
      Totals:         0       0       0      15       0       8       0       0       0       0       0       0       0       0       0       0       0       0       0       0
Total ram usage:       23 bytes
 Hardware stack levels required when called:    7
 This function calls:
		_ConfigureOscillator
		_InitApp
		_InitializeTaps
		_ReadSavedSettings
		_USARTInit
		___awtoft
		___fttol
		_adc_convert
		_initSwitchBypass
		_map
		_set_subdivision
 This function is called by:
		Startup code after reset
 This function uses a non-reentrant model


 *************** function _set_subdivision *****************
 Defined at:
		line 77 in file "user.c"
 Parameters:    Size  Location     Type
  x               2   22[BANK2 ] int 
  y               2   24[BANK2 ] int 
 Auto vars:     Size  Location     Type
  scalar          3   29[BANK2 ] float 
  tmpX            2   32[BANK2 ] int 
 Return value:  Size  Location     Type
                  2   22[BANK2 ] int 
 Registers used:
		wreg, fsr0l, fsr0h, fsr1l, fsr1h, status,2, status,0, pclath, cstack
 Tracked objects:
		On entry : 
		On exit  : 
		Unchanged: 
 Data sizes:     COMMON   BANK0   BANK1   BANK2   BANK3   BANK4   BANK5   BANK6   BANK7   BANK8   BANK9  BANK10  BANK11  BANK12  BANK13  BANK14  BANK15  BANK16  BANK17  BANK18
      Params:         0       0       0       4       0       0       0       0       0       0       0       0       0       0       0       0       0       0       0       0
      Locals:         0       0       0       5       0       0       0       0       0       0       0       0       0       0       0       0       0       0       0       0
      Temps:          0       0       0       3       0       0       0       0       0       0       0       0       0       0       0       0       0       0       0       0
      Totals:         0       0       0      12       0       0       0       0       0       0       0       0       0       0       0       0       0       0       0       0
Total ram usage:       12 bytes
 Hardware stack levels used:    1
 Hardware stack levels required when called:    6
 This function calls:
		___awtoft
		___ftmul
		___fttol
		_trunc
 This function is called by:
		_main
 This function uses a non-reentrant model


 *************** function _trunc *****************
 Defined at:
		line 13 in file "C:\Program Files (x86)\Microchip\xc8\v1.37\sources\common\trunc.c"
 Parameters:    Size  Location     Type
  x               3   14[BANK2 ] int 
 Auto vars:     Size  Location     Type
  i               3   17[BANK2 ] int 
  expon           2   20[BANK2 ] int 
 Return value:  Size  Location     Type
                  3   14[BANK2 ] int 
 Registers used:
		wreg, fsr1l, fsr1h, status,2, status,0, pclath, cstack
 Tracked objects:
		On entry : 
		On exit  : 
		Unchanged: 
 Data sizes:     COMMON   BANK0   BANK1   BANK2   BANK3   BANK4   BANK5   BANK6   BANK7   BANK8   BANK9  BANK10  BANK11  BANK12  BANK13  BANK14  BANK15  BANK16  BANK17  BANK18
      Params:         0       0       0       3       0       0       0       0       0       0       0       0       0       0       0       0       0       0       0       0
      Locals:         0       0       0       5       0       0       0       0       0       0       0       0       0       0       0       0       0       0       0       0
      Temps:          0       0       1       0       0       0       0       0       0       0       0       0       0       0       0       0       0       0       0       0
      Totals:         0       0       1       8       0       0       0       0       0       0       0       0       0       0       0       0       0       0       0       0
Total ram usage:        9 bytes
 Hardware stack levels used:    1
 Hardware stack levels required when called:    5
 This function calls:
		___altoft
		___fttol
		_frexp
 This function is called by:
		_set_subdivision
 This function uses a non-reentrant model


 *************** function _frexp *****************
 Defined at:
		line 254 in file "C:\Program Files (x86)\Microchip\xc8\v1.37\sources\common\frexp.c"
 Parameters:    Size  Location     Type
  value           3    0[BANK1 ] int 
  eptr            1    3[BANK1 ] PTR int 
		 -> trunc@expon(2), 
 Auto vars:     Size  Location     Type
		None
 Return value:  Size  Location     Type
                  3    0[BANK1 ] PTR int 
 Registers used:
		wreg, fsr1l, fsr1h, status,2, status,0
 Tracked objects:
		On entry : 
		On exit  : 
		Unchanged: 
 Data sizes:     COMMON   BANK0   BANK1   BANK2   BANK3   BANK4   BANK5   BANK6   BANK7   BANK8   BANK9  BANK10  BANK11  BANK12  BANK13  BANK14  BANK15  BANK16  BANK17  BANK18
      Params:         0       0       4       0       0       0       0       0       0       0       0       0       0       0       0       0       0       0       0       0
      Locals:         0       0       0       0       0       0       0       0       0       0       0       0       0       0       0       0       0       0       0       0
      Temps:          0       0       2       0       0       0       0       0       0       0       0       0       0       0       0       0       0       0       0       0
      Totals:         0       0       6       0       0       0       0       0       0       0       0       0       0       0       0       0       0       0       0       0
Total ram usage:        6 bytes
 Hardware stack levels used:    1
 Hardware stack levels required when called:    3
 This function calls:
		Nothing
 This function is called by:
		_trunc
 This function uses a non-reentrant model


 *************** function ___fttol *****************
 Defined at:
		line 44 in file "C:\Program Files (x86)\Microchip\xc8\v1.37\sources\common\fttol.c"
 Parameters:    Size  Location     Type
  f1              3   71[BANK1 ] float 
 Auto vars:     Size  Location     Type
  lval            4    1[BANK2 ] unsigned long 
  exp1            1    5[BANK2 ] unsigned char 
  sign1           1    0[BANK2 ] unsigned char 
 Return value:  Size  Location     Type
                  4   71[BANK1 ] long 
 Registers used:
		wreg, status,2, status,0
 Tracked objects:
		On entry : 
		On exit  : 
		Unchanged: 
 Data sizes:     COMMON   BANK0   BANK1   BANK2   BANK3   BANK4   BANK5   BANK6   BANK7   BANK8   BANK9  BANK10  BANK11  BANK12  BANK13  BANK14  BANK15  BANK16  BANK17  BANK18
      Params:         0       0       4       0       0       0       0       0       0       0       0       0       0       0       0       0       0       0       0       0
      Locals:         0       0       0       6       0       0       0       0       0       0       0       0       0       0       0       0       0       0       0       0
      Temps:          0       0       4       0       0       0       0       0       0       0       0       0       0       0       0       0       0       0       0       0
      Totals:         0       0       8       6       0       0       0       0       0       0       0       0       0       0       0       0       0       0       0       0
Total ram usage:       14 bytes
 Hardware stack levels used:    1
 Hardware stack levels required when called:    3
 This function calls:
		Nothing
 This function is called by:
		_main
		_set_subdivision
		_trunc
 This function uses a non-reentrant model


 *************** function ___altoft *****************
 Defined at:
		line 42 in file "C:\Program Files (x86)\Microchip\xc8\v1.37\sources\common\altoft.c"
 Parameters:    Size  Location     Type
  c               4    6[BANK2 ] long 
 Auto vars:     Size  Location     Type
  sign            1   13[BANK2 ] unsigned char 
  exp             1   12[BANK2 ] unsigned char 
 Return value:  Size  Location     Type
                  3    6[BANK2 ] float 
 Registers used:
		wreg, status,2, status,0, pclath, cstack
 Tracked objects:
		On entry : 
		On exit  : 
		Unchanged: 
 Data sizes:     COMMON   BANK0   BANK1   BANK2   BANK3   BANK4   BANK5   BANK6   BANK7   BANK8   BANK9  BANK10  BANK11  BANK12  BANK13  BANK14  BANK15  BANK16  BANK17  BANK18
      Params:         0       0       0       4       0       0       0       0       0       0       0       0       0       0       0       0       0       0       0       0
      Locals:         0       0       0       2       0       0       0       0       0       0       0       0       0       0       0       0       0       0       0       0
[...]
      Locals:         0       0       0       0       0       0       0       0       0       0       0       0       0       0       0       0       0       0       0       0
      Temps:          0       0       0       0       0       0       0       0       0       0       0       0       0       0       0       0       0       0       0       0
      Totals:         0       0       0       0       0       0       0       0       0       0       0       0       0       0       0       0       0       0       0       0
Total ram usage:        0 bytes
 Hardware stack levels used:    1
 Hardware stack levels required when called:    3
 This function calls:
		Nothing
 This function is called by:
		_init_pwm
 This function uses a non-reentrant model


 *************** function _init_adc *****************
 Defined at:
		line 115 in file "user.c"
 Parameters:    Size  Location     Type
		None
 Auto vars:     Size  Location     Type
		None
 Return value:  Size  Location     Type
                  1    wreg      void 
 Registers used:
		wreg, status,2, status,0
 Tracked objects:
		On entry : 
		On exit  : 
		Unchanged: 
 Data sizes:     COMMON   BANK0   BANK1   BANK2   BANK3   BANK4   BANK5   BANK6   BANK7   BANK8   BANK9  BANK10  BANK11  BANK12  BANK13  BANK14  BANK15  BANK16  BANK17  BANK18
      Params:         0       0       0       0       0       0       0       0       0       0       0       0       0       0       0       0       0       0       0       0
      Locals:         0       0       0       0       0       0       0       0       0       0       0       0       0       0       0       0       0       0       0       0
      Temps:          0       0       0       0       0       0       0       0       0       0       0       0       0       0       0       0       0       0       0       0
      Totals:         0       0       0       0       0       0       0       0       0       0       0       0       0       0       0       0       0       0       0       0
Total ram usage:        0 bytes
 Hardware stack levels used:    1
 Hardware stack levels required when called:    3
 This function calls:
		Nothing
 This function is called by:
		_InitApp
 This function uses a non-reentrant model


 *************** function _ConfigureOscillator *****************
 Defined at:
		line 18 in file "system.c"
 Parameters:    Size  Location     Type
		None
 Auto vars:     Size  Location     Type
		None
 Return value:  Size  Location     Type
                  1    wreg      void 
 Registers used:
		wreg, status,2, status,0
 Tracked objects:
		On entry : 
		On exit  : 
		Unchanged: 
 Data sizes:     COMMON   BANK0   BANK1   BANK2   BANK3   BANK4   BANK5   BANK6   BANK7   BANK8   BANK9  BANK10  BANK11  BANK12  BANK13  BANK14  BANK15  BANK16  BANK17  BANK18
      Params:         0       0       0       0       0       0       0       0       0       0       0       0       0       0       0       0       0       0       0       0
      Locals:         0       0       0       0       0       0       0       0       0       0       0       0       0       0       0       0       0       0       0       0
      Temps:          0       0       0       0       0       0       0       0       0       0       0       0       0       0       0       0       0       0       0       0
      Totals:         0       0       0       0       0       0       0       0       0       0       0       0       0       0       0       0       0       0       0       0
Total ram usage:        0 bytes
 Hardware stack levels used:    1
 Hardware stack levels required when called:    3
 This function calls:
		Nothing
 This function is called by:
		_main
 This function uses a non-reentrant model


 *************** function _isr *****************
 Defined at:
		line 27 in file "interrupts.c"
 Parameters:    Size  Location     Type
		None
 Auto vars:     Size  Location     Type
  tmpSubDelay     2   35[BANK0 ] int 
 Return value:  Size  Location     Type
                  1    wreg      void 
 Registers used:
		wreg, fsr0l, fsr0h, fsr1l, fsr1h, status,2, status,0, pclath, cstack
 Tracked objects:
		On entry : 
		On exit  : 
		Unchanged: 
 Data sizes:     COMMON   BANK0   BANK1   BANK2   BANK3   BANK4   BANK5   BANK6   BANK7   BANK8   BANK9  BANK10  BANK11  BANK12  BANK13  BANK14  BANK15  BANK16  BANK17  BANK18
      Params:         0       0       0       0       0       0       0       0       0       0       0       0       0       0       0       0       0       0       0       0
      Locals:         0       2       0       0       0       0       0       0       0       0       0       0       0       0       0       0       0       0       0       0
      Temps:          0       9       0       0       0       0       0       0       0       0       0       0       0       0       0       0       0       0       0       0
      Totals:         0      11       0       0       0       0       0       0       0       0       0       0       0       0       0       0       0       0       0       0
Total ram usage:       11 bytes
 Hardware stack levels used:    1
 Hardware stack levels required when called:    2
 This function calls:
		_USARTHandleRxInt
		___awdiv
		_modulation
		i1_set_leds_top
 This function is called by:
		Interrupt level 1
 This function uses a non-reentrant model


 *************** function i1_set_leds_top *****************
 Defined at:
		line 16 in file "LEDs.c"
 Parameters:    Size  Location     Type
  x               2    0[COMMON] int 
  ledState        2    2[COMMON] int 
 Auto vars:     Size  Location     Type
		None
 Return value:  Size  Location     Type
                  1    wreg      void 
 Registers used:
		wreg, fsr0l, fsr0h, status,2, status,0
 Tracked objects:
		On entry : 
		On exit  : 
		Unchanged: 
 Data sizes:     COMMON   BANK0   BANK1   BANK2   BANK3   BANK4   BANK5   BANK6   BANK7   BANK8   BANK9  BANK10  BANK11  BANK12  BANK13  BANK14  BANK15  BANK16  BANK17  BANK18
      Params:         4       0       0       0       0       0       0       0       0       0       0       0       0       0       0       0       0       0       0       0
      Locals:         0       0       0       0       0       0       0       0       0       0       0       0       0       0       0       0       0       0       0       0
      Temps:          0       0       0       0       0       0       0       0       0       0       0       0       0       0       0       0       0       0       0       0
      Totals:         4       0       0       0       0       0       0       0       0       0       0       0       0       0       0       0       0       0       0       0
Total ram usage:        4 bytes
 Hardware stack levels used:    1
 This function calls:
		Nothing
 This function is called by:
		_isr
 This function uses a non-reentrant model


 *************** function _modulation *****************
 Defined at:
		line 187 in file "user.c"
 Parameters:    Size  Location     Type
  x               4   14[BANK0 ] long 
  y               4   18[BANK0 ] long 
 Auto vars:     Size  Location     Type
		None
 Return value:  Size  Location     Type
                  4   14[BANK0 ] long 
 Registers used:
		wreg, status,2, status,0, pclath, cstack
 Tracked objects:
		On entry : 
		On exit  : 
		Unchanged: 
 Data sizes:     COMMON   BANK0   BANK1   BANK2   BANK3   BANK4   BANK5   BANK6   BANK7   BANK8   BANK9  BANK10  BANK11  BANK12  BANK13  BANK14  BANK15  BANK16  BANK17  BANK18
      Params:         0       8       0       0       0       0       0       0       0       0       0       0       0       0       0       0       0       0       0       0
      Locals:         0       0       0       0       0       0       0       0       0       0       0       0       0       0       0       0       0       0       0       0
      Temps:          0       4       0       0       0       0       0       0       0       0       0       0       0       0       0       0       0       0       0       0
      Totals:         0      12       0       0       0       0       0       0       0       0       0       0       0       0       0       0       0       0       0       0
Total ram usage:       12 bytes
 Hardware stack levels used:    1
 Hardware stack levels required when called:    1
 This function calls:
		___aldiv
		i1___lmul
 This function is called by:
		_isr
 This function uses a non-reentrant model


 *************** function i1___lmul *****************
 Defined at:
		line 15 in file "C:\Program Files (x86)\Microchip\xc8\v1.37\sources\common\Umul32.c"
 Parameters:    Size  Location     Type
  multiplier      4    0[COMMON] unsigned long 
  multiplicand    4    4[COMMON] unsigned long 
 Auto vars:     Size  Location     Type
  __lmul          4    8[COMMON] unsigned long 
 Return value:  Size  Location     Type
                  4    0[COMMON] unsigned long 
 Registers used:
		wreg, status,2, status,0
 Tracked objects:
		On entry : 
		On exit  : 
		Unchanged: 
 Data sizes:     COMMON   BANK0   BANK1   BANK2   BANK3   BANK4   BANK5   BANK6   BANK7   BANK8   BANK9  BANK10  BANK11  BANK12  BANK13  BANK14  BANK15  BANK16  BANK17  BANK18
      Params:         8       0       0       0       0       0       0       0       0       0       0       0       0       0       0       0       0       0       0       0
      Locals:         4       0       0       0       0       0       0       0       0       0       0       0       0       0       0       0       0       0       0       0
      Temps:          0       0       0       0       0       0       0       0       0       0       0       0       0       0       0       0       0       0       0       0
      Totals:        12       0       0       0       0       0       0       0       0       0       0       0       0       0       0       0       0       0       0       0
Total ram usage:       12 bytes
 Hardware stack levels used:    1
 This function calls:
		Nothing
 This function is called by:
		_modulation
 This function uses a non-reentrant model


 *************** function ___aldiv *****************
 Defined at:
		line 6 in file "C:\Program Files (x86)\Microchip\xc8\v1.37\sources\common\aldiv.c"
 Parameters:    Size  Location     Type
  divisor         4    0[BANK0 ] long 
  dividend        4    4[BANK0 ] long 
 Auto vars:     Size  Location     Type
  quotient        4   10[BANK0 ] long 
  sign            1    9[BANK0 ] unsigned char 
  counter         1    8[BANK0 ] unsigned char 
 Return value:  Size  Location     Type
                  4    0[BANK0 ] long 
 Registers used:
		wreg, status,2, status,0
 Tracked objects:
		On entry : 
		On exit  : 
		Unchanged: 
 Data sizes:     COMMON   BANK0   BANK1   BANK2   BANK3   BANK4   BANK5   BANK6   BANK7   BANK8   BANK9  BANK10  BANK11  BANK12  BANK13  BANK14  BANK15  BANK16  BANK17  BANK18
      Params:         0       8       0       0       0       0       0       0       0       0       0       0       0       0       0       0       0       0       0       0
      Locals:         0       6       0       0       0       0       0       0       0       0       0       0       0       0       0       0       0       0       0       0
      Temps:          1       0       0       0       0       0       0       0       0       0       0       0       0       0       0       0       0       0       0       0
      Totals:         1      14       0       0       0       0       0       0       0       0       0       0       0       0       0       0       0       0       0       0
Total ram usage:       15 bytes
 Hardware stack levels used:    1
 This function calls:
		Nothing
 This function is called by:
		_modulation
		_updateSwitchTap
 This function uses a non-reentrant model


 *************** function ___awdiv *****************
 Defined at:
		line 6 in file "C:\Program Files (x86)\Microchip\xc8\v1.37\sources\common\awdiv.c"
 Parameters:    Size  Location     Type
  divisor         2    0[COMMON] int 
  dividend        2    2[COMMON] int 
 Auto vars:     Size  Location     Type
  quotient        2    7[COMMON] int 
  sign            1    6[COMMON] unsigned char 
  counter         1    5[COMMON] unsigned char 
 Return value:  Size  Location     Type
                  2    0[COMMON] int 
 Registers used:
		wreg, status,2, status,0
 Tracked objects:
		On entry : 
		On exit  : 
		Unchanged: 
 Data sizes:     COMMON   BANK0   BANK1   BANK2   BANK3   BANK4   BANK5   BANK6   BANK7   BANK8   BANK9  BANK10  BANK11  BANK12  BANK13  BANK14  BANK15  BANK16  BANK17  BANK18
      Params:         4       0       0       0       0       0       0       0       0       0       0       0       0       0       0       0       0       0       0       0
      Locals:         4       0       0       0       0       0       0       0       0       0       0       0       0       0       0       0       0       0       0       0
      Temps:          1       0       0       0       0       0       0       0       0       0       0       0       0       0       0       0       0       0       0       0
      Totals:         9       0       0       0       0       0       0       0       0       0       0       0       0       0       0       0       0       0       0       0
Total ram usage:        9 bytes
 Hardware stack levels used:    1
 This function calls:
		Nothing
 This function is called by:
		_isr
		_USARTWriteInt
 This function uses a non-reentrant model


 *************** function _USARTHandleRxInt *****************
 Defined at:
		line 93 in file "usart_pic16.c"
 Parameters:    Size  Location     Type
		None
 Auto vars:     Size  Location     Type
  data            1    4[COMMON] unsigned char 
 Return value:  Size  Location     Type
                  1    wreg      void 
 Registers used:
		wreg, fsr1l, fsr1h, status,2, status,0
 Tracked objects:
		On entry : 
		On exit  : 
		Unchanged: 
 Data sizes:     COMMON   BANK0   BANK1   BANK2   BANK3   BANK4   BANK5   BANK6   BANK7   BANK8   BANK9  BANK10  BANK11  BANK12  BANK13  BANK14  BANK15  BANK16  BANK17  BANK18
      Params:         0       0       0       0       0       0       0       0       0       0       0       0       0       0       0       0       0       0       0       0
      Locals:         1       0       0       0       0       0       0       0       0       0       0       0       0       0       0       0       0       0       0       0
      Temps:          4       0       0       0       0       0       0       0       0       0       0       0       0       0       0       0       0       0       0       0
      Totals:         5       0       0       0       0       0       0       0       0       0       0       0       0       0       0       0       0       0       0       0
Total ram usage:        5 bytes
 Hardware stack levels used:    1
 This function calls:
		Nothing
 This function is called by:
		_isr
 This function uses a non-reentrant model



MODULE INFORMATION

Module		Function		Class		Link	Load	Size
C:\Program Files (x86)\Microchip\xc8\v1.37\sources\common\altoft.c
		___altoft      		CODE           	0801	0000	76

C:\Program Files (x86)\Microchip\xc8\v1.37\sources\common\altoft.c estimated size: 76

C:\Program Files (x86)\Microchip\xc8\v1.37\sources\common\ftdiv.c
		___ftdiv       		CODE           	09F8	0000	170

C:\Program Files (x86)\Microchip\xc8\v1.37\sources\common\ftdiv.c estimated size: 170

state_manager.c
		_updateSwitchBypassState		CODE           	0003	0000	2
		_getSwitchBypassState		CODE           	11D4	0000	5

state_manager.c estimated size: 7

interrupts.c
		_isr           		CODE           	0004	0000	817

interrupts.c estimated size: 817

usart_pic16.c
		_USARTHandleRxInt		CODE           	15A6	0000	73
		_USARTInit     		CODE           	1563	0000	68

usart_pic16.c estimated size: 141

C:\Program Files (x86)\Microchip\xc8\v1.37\sources\common\fttol.c
		___fttol       		CODE           	0959	0000	160

C:\Program Files (x86)\Microchip\xc8\v1.37\sources\common\fttol.c estimated size: 160

C:\Program Files (x86)\Microchip\xc8\v1.37\sources\common\awdiv.c
		___awdiv       		CODE           	1680	0000	82

C:\Program Files (x86)\Microchip\xc8\v1.37\sources\common\awdiv.c estimated size: 82

C:\Program Files (x86)\Microchip\xc8\v1.37\sources\common\ftadd.c
		___ftadd       		CODE           	05FE	0000	247

C:\Program Files (x86)\Microchip\xc8\v1.37\sources\common\ftadd.c estimated size: 247

C:\Program Files (x86)\Microchip\xc8\v1.37\sources\common\trunc.c
		_trunc         		CODE           	07AE	0000	83

C:\Program Files (x86)\Microchip\xc8\v1.37\sources\common\trunc.c estimated size: 83

C:\Program Files (x86)\Microchip\xc8\v1.37\sources\common\aldiv.c
		___aldiv       		CODE           	084C	0000	131

C:\Program Files (x86)\Microchip\xc8\v1.37\sources\common\aldiv.c estimated size: 131

C:\Program Files (x86)\Microchip\xc8\v1.37\sources\common\Umul32.c
		___lmul        		CODE           	1353	0000	49

C:\Program Files (x86)\Microchip\xc8\v1.37\sources\common\Umul32.c estimated size: 49

C:\Program Files (x86)\Microchip\xc8\v1.37\sources\common\ftneg.c
		___ftneg       		CODE           	11E8	0000	10

C:\Program Files (x86)\Microchip\xc8\v1.37\sources\common\ftneg.c estimated size: 10

shared
		__initialization		CODE           	0336	0000	189
		i1___lmul      		CODE           	12F4	0000	48
		i1_set_leds_top		CODE           	15EE	0000	73

shared estimated size: 310

LEDs.c
		_set_leds_bottom		CODE           	13EF	0000	60
		_set_leds_top  		CODE           	16D1	0000	85

LEDs.c estimated size: 145

C:\Program Files (x86)\Microchip\xc8\v1.37\sources\common\awtoft.c
		___awtoft      		CODE           	1284	0000	35

C:\Program Files (x86)\Microchip\xc8\v1.37\sources\common\awtoft.c estimated size: 35

SwitchBypass.c
		_setSwitchBypassState		CODE           	1636	0000	75
		_initSwitchBypass		CODE           	1220	0000	16

SwitchBypass.c estimated size: 91

user.c
		_ReadSavedSettings		CODE           	178A	0000	119
		_map           		CODE           	08CE	0000	140
		_InitApp       		CODE           	1323	0000	49
		_init_timer0   		CODE           	11D8	0000	8
		_init_timer2   		CODE           	11DF	0000	10
		_init_adc      		CODE           	11F1	0000	11
		_adc_convert   		CODE           	123E	0000	20
		_set_subdivision		CODE           	06F4	0000	187
		_InitializeTaps		CODE           	12A6	0000	39
		_modulation    		CODE           	14E1	0000	66
		_init_pwm      		CODE           	1522	0000	66

user.c estimated size: 715

C:\Program Files (x86)\Microchip\xc8\v1.37\sources\common\frexp.c
		_frexp         		CODE           	13B5	0000	59

C:\Program Files (x86)\Microchip\xc8\v1.37\sources\common\frexp.c estimated size: 59

C:\Program Files (x86)\Microchip\xc8\v1.37\sources\common\float.c
		___ftpack      		CODE           	1725	0000	102

C:\Program Files (x86)\Microchip\xc8\v1.37\sources\common\float.c estimated size: 102

main.c
		_main          		CODE           	0B55	0000	1196

main.c estimated size: 1196

memory.c
		_FLASH_ReadWord		CODE           	1264	0000	33

memory.c estimated size: 33

system.c
		_ConfigureOscillator		CODE           	11D0	0000	5
		_wait_ms       		CODE           	1383	0000	51

system.c estimated size: 56

C:\Program Files (x86)\Microchip\xc8\v1.37\sources\common\ftmul.c
		___ftmul       		CODE           	0AA1	0000	181

C:\Program Files (x86)\Microchip\xc8\v1.37\sources\common\ftmul.c estimated size: 181

