Microchip MPLAB XC8 Compiler V1.37 ()

Linker command line:

-W-3 --edf=C:\Program Files (x86)\Microchip\xc8\v1.37\dat\en_msgs.txt -cs \
  -h+dist/Todd/production\Novaplex_V2.X.production.sym \
  --cmf=dist/Todd/production\Novaplex_V2.X.production.cmf -z -Q16F1527 \
  -oC:\Users\Nancy\AppData\Local\Temp\s3vc.2 \
  -Mdist/Todd/production/Novaplex_V2.X.production.map -E1 -ver=XC8 \
  -ASTACK=0217Eh-0218fh -pstack=STACK -ACODE=00h-07FFhx8 \
  -ASTRCODE=00h-03FFFh -ASTRING=00h-0FFhx64 -ACONST=00h-0FFhx64 \
  -AENTRY=00h-0FFhx64 -ACOMMON=070h-07Fh -ABANK0=020h-06Fh \
  -ABANK1=0A0h-0EFh -ABANK2=0120h-016Fh -ABANK3=01A0h-01EFh \
  -ABANK4=0220h-026Fh -ABANK5=02A0h-02EFh -ABANK6=0320h-036Fh \
  -ABANK7=03A0h-03EFh -ABANK8=0420h-046Fh -ABANK9=04A0h-04EFh \
  -ABANK10=0520h-056Fh -ABANK11=05A0h-05EFh -ABANK12=0620h-066Fh \
  -ABANK13=06A0h-06EFh -ABANK14=0720h-076Fh -ABANK15=07A0h-07EFh \
  -ABANK16=0820h-086Fh -ABANK17=08A0h-08EFh -ABANK18=0920h-096Fh \
  -ABIGRAM=02000h-025EFh \
  -ARAM=020h-06Fh,0A0h-0EFh,0120h-016Fh,01A0h-01EFh,0220h-026Fh,02A0h-02EFh,0320h-036Fh,03A0h-03EFh,0420h-046Fh,04A0h-04EFh,0520h-056Fh,05A0h-05EFh,0620h-066Fh,06A0h-06EFh,0720h-076Fh,07A0h-07EFh,0820h-086Fh,08A0h-08EFh,0920h-096Fh \
  -AABS1=020h-07Fh,0A0h-0EFh,0120h-016Fh,01A0h-01EFh,0220h-026Fh,02A0h-02EFh,0320h-036Fh,03A0h-03EFh,0420h-046Fh,04A0h-04EFh,0520h-056Fh,05A0h-05EFh,0620h-066Fh,06A0h-06EFh,0720h-076Fh,07A0h-07EFh,0820h-086Fh,08A0h-08EFh,0920h-096Fh \
  -ASFR0=00h-01Fh -ASFR1=080h-09Fh -ASFR2=0100h-011Fh -ASFR3=0180h-019Fh \
  -ASFR4=0200h-021Fh -ASFR5=0280h-029Fh -ASFR6=0300h-031Fh \
  -ASFR7=0380h-039Fh -ASFR8=0400h-041Fh -ASFR9=0480h-049Fh \
  -ASFR10=0500h-051Fh -ASFR11=0580h-059Fh -ASFR12=0600h-061Fh \
  -ASFR13=0680h-069Fh -ASFR14=0700h-071Fh -ASFR15=0780h-079Fh \
  -ASFR16=0800h-081Fh -ASFR17=0880h-089Fh -ASFR18=0900h-091Fh \
  -ASFR19=0980h-09EFh -ASFR20=0A00h-0A6Fh -ASFR21=0A80h-0AEFh \
  -ASFR22=0B00h-0B6Fh -ASFR23=0B80h-0BEFh -ASFR24=0C00h-0C6Fh \
  -ASFR25=0C80h-0CEFh -ASFR26=0D00h-0D6Fh -ASFR27=0D80h-0DEFh \
  -ASFR28=0E00h-0E6Fh -ASFR29=0E80h-0EEFh -ASFR30=0F00h-0F6Fh \
  -ASFR31=0F80h-0FEFh -preset_vec=00h,intentry=04h,init,end_init \
  -ppowerup=CODE -pcinit=CODE -pfunctab=CODE -ACONFIG=08007h-08008h \
  -pconfig=CONFIG -DCONFIG=2 -AIDLOC=08000h-08003h -pidloc=IDLOC -DIDLOC=2 \
  -DCODE=2 -DSTRCODE=2 -DSTRING=2 -DCONST=2 -DENTRY=2 -k \
  C:\Users\Nancy\AppData\Local\Temp\s3vc.obj \
  dist/Todd/production\Novaplex_V2.X.production.obj 

Object code version is 3.11

Machine type is 16F1527



                Name                               Link     Load   Length Selector   Space Scale
C:\Users\Nancy\AppData\Local\Temp\s3vc.obj
                end_init                            1F0      1F0        2        8       0
                reset_vec                             0        0        2        0       0
                config                             8007     8007        2    1000E       0
dist/Todd/production\Novaplex_V2.X.production.obj
                cinit                               1F2      1F2       BA        8       0
                intentry                              4        4      1EC        8       0
                text46                             129F     129F       48     253E       0
                text44                             1DC6     1DC6        4     3B8C       0
                text43                             1DE7     1DE7        A     3BCE       0
                text42                             1DCE     1DCE        7     3B9C       0
                text41                             1DD5     1DD5        9     3BAA       0
                text40                             1191     1191       41     2322       0
                text39                             1F33     1F33       30     3E66       0
                text38                             1EB5     1EB5       26     3D6A       0
                text37                             1E95     1E95       20     3D2A       0
                text36                             1FC5     1FC5       3B     3F8A       0
                text35                             1428     1428       54     2850       0
                text34                             1550     1550       73     2AA0       0
                text33                             147C     147C       65     28F8       0
                text32                             101C     101C       3D     2038       0
                text31                             13D6     13D6       52     27AC       0
                text30                             1003     1003       19     2006       0
                text29                             1DCA     1DCA        4     3B94       0
                text28                                2        2        1        0       0
                text27                             1F63     1F63       30     3EC6       0
                text26                             1F93     1F93       32     3F26       0
                text25                             1213     1213       46     2426       0
                text24                             1E09     1E09        F     3C12       0
                text23                              AA0      AA0       F6     1540       0
                text22                             1757     1757       A9     2EAE       0
                text21                              842      842       B4     1084       0
                text20                             1DDE     1DDE        9     3BBC       0
                text19                             16CC     16CC       8B     2D98       0
                text18                             15C3     15C3       82     2B86       0
                text17                             11D2     11D2       41     23A4       0
                text16                             1259     1259       46     24B2       0
                text15                             12E7     12E7       4F     25CE       0
                text14                              7DC      7DC       22        8       0
                text13                             1645     1645       87     2C8A       0
                text12                              8F6      8F6       C8     11EC       0
                text11                             1E29     1E29       12     3C52       0
                text10                             1E3B     1E3B       16     3C76       0
                text9                              1151     1151       40     22A2       0
                text8                              14E1     14E1       6F     29C2       0
                text7                              1EDB     1EDB       2B     3DB6       0
                text6                              1F06     1F06       2D     3E0C       0
                text5                              1E67     1E67       17     3CCE       0
                text4                               9BE      9BE       E2     137C       0
                text3                              1E7E     1E7E       17     3CFC       0
                text2                               B96      B96      1E8     172C       0
                text1                               801      801       41     1002       0
                maintext                            2AC      2AC      530        8       0
                cstackBANK0                          20       20       49       20       1
                cstackCOMMON                         70       70        D       70       1
                cstackBANK1                          A0       A0       29       A0       1
                cstackBANK3                         1E8      1E8        4      1A0       1
                inittext                           1DF1     1DF1        C     3BE2       0
                clrtext                            1DFD     1DFD        C     3BFA       0
                dataBANK10                          520      520       3E      520       1
                bssBANK9                            4A0      4A0       40      4A0       1
                dataBANK8                           420      420       50      420       1
                dataBANK7                           3A0      3A0       50      3A0       1
                dataBANK6                           320      320       3E      320       1
                dataBANK5                           2A0      2A0       3E      2A0       1
                dataBANK4                           220      220       3E      220       1
                bssBANK3                            1A0      1A0       48      1A0       1
                dataBANK2                           15C      15C       11      120       1
                bssBANK2                            120      120       3C      120       1
                dataBANK1                            C9       C9       16       A0       1
                bssBANK1                             DF       DF       11       A0       1
                dataBANK0                            69       69        2       20       1
                bssBANK0                             6B       6B        1       20       1
                dataCOMMON                           7D       7D        1       70       1
                idataBIGRAM                         D7E      D7E      282     1AFC       0
                idataBANK10                        1059     1059       3E     20B2       0
                idataBANK8                         1336     1336       50     266C       0
                idataBANK7                         1386     1386       50     270C       0
                idataBANK6                         1097     1097       3E     212E       0
                idataBANK5                         10D5     10D5       3E     21AA       0
                idataBANK4                         1113     1113       3E     2226       0
                idataBANK2                         1E18     1E18       11     3C30       0
                idataBANK1                         1E51     1E51       16     3CA2       0
                idataBANK0                          7FE      7FE        2        8       0
                idataCOMMON                           3        3        1        6       0

TOTAL           Name                               Link     Load   Length     Space
        CLASS   STACK          

        CLASS   CODE           
                end_init                            1F0      1F0        2         0
                cinit                               1F2      1F2       BA         0
                intentry                              4        4      1EC         0
                reset_vec                             0        0        2         0
                text46                             129F     129F       48         0
                text44                             1DC6     1DC6        4         0
                text43                             1DE7     1DE7        A         0
                text42                             1DCE     1DCE        7         0
                text41                             1DD5     1DD5        9         0
                text40                             1191     1191       41         0
                text39                             1F33     1F33       30         0
                text38                             1EB5     1EB5       26         0
                text37                             1E95     1E95       20         0
                text36                             1FC5     1FC5       3B         0
                text35                             1428     1428       54         0
                text34                             1550     1550       73         0
                text33                             147C     147C       65         0
                text32                             101C     101C       3D         0
                text31                             13D6     13D6       52         0
                text30                             1003     1003       19         0
                text29                             1DCA     1DCA        4         0
                text28                                2        2        1         0
                text27                             1F63     1F63       30         0
                text26                             1F93     1F93       32         0
                text25                             1213     1213       46         0
                text24                             1E09     1E09        F         0
                text23                              AA0      AA0       F6         0
                text22                             1757     1757       A9         0
                text21                              842      842       B4         0
                text20                             1DDE     1DDE        9         0
                text19                             16CC     16CC       8B         0
                text18                             15C3     15C3       82         0
                text17                             11D2     11D2       41         0
                text16                             1259     1259       46         0
                text15                             12E7     12E7       4F         0
                text14                              7DC      7DC       22         0
                text13                             1645     1645       87         0
                text12                              8F6      8F6       C8         0
                text11                             1E29     1E29       12         0
                text10                             1E3B     1E3B       16         0
                text9                              1151     1151       40         0
                text8                              14E1     14E1       6F         0
                text7                              1EDB     1EDB       2B         0
                text6                              1F06     1F06       2D         0
                text5                              1E67     1E67       17         0
                text4                               9BE      9BE       E2         0
                text3                              1E7E     1E7E       17         0
                text2                               B96      B96      1E8         0
                text1                               801      801       41         0
                maintext                            2AC      2AC      530         0
                inittext                           1DF1     1DF1        C         0
                clrtext                            1DFD     1DFD        C         0
                idataBIGRAM                         D7E      D7E      282         0
                idataBANK10                        1059     1059       3E         0
                idataBANK8                         1336     1336       50         0
                idataBANK7                         1386     1386       50         0
                idataBANK6                         1097     1097       3E         0
                idataBANK5                         10D5     10D5       3E         0
                idataBANK4                         1113     1113       3E         0
                idataBANK2                         1E18     1E18       11         0
                idataBANK1                         1E51     1E51       16         0
                idataBANK0                          7FE      7FE        2         0
                idataCOMMON                           3        3        1         0

        CLASS   STRCODE        

        CLASS   STRING         

        CLASS   CONST          

        CLASS   ENTRY          

        CLASS   COMMON         
                cstackCOMMON                         70       70        D         1
                dataCOMMON                           7D       7D        1         1

        CLASS   BANK0          
                cstackBANK0                          20       20       49         1
                dataBANK0                            69       69        2         1
                bssBANK0                             6B       6B        1         1

        CLASS   BANK1          
                cstackBANK1                          A0       A0       29         1
                dataBANK1                            C9       C9       16         1
                bssBANK1                             DF       DF       11         1

        CLASS   BANK2          
                dataBANK2                           15C      15C       11         1
                bssBANK2                            120      120       3C         1

        CLASS   BANK3          
                cstackBANK3                         1E8      1E8        4         1
                bssBANK3                            1A0      1A0       48         1

        CLASS   BANK4          
                dataBANK4                           220      220       3E         1

        CLASS   BANK5          
                dataBANK5                           2A0      2A0       3E         1

        CLASS   BANK6          
                dataBANK6                           320      320       3E         1

        CLASS   BANK7          
                dataBANK7                           3A0      3A0       50         1

        CLASS   BANK8          
                dataBANK8                           420      420       50         1

        CLASS   BANK9          
                bssBANK9                            4A0      4A0       40         1

        CLASS   BANK10         
                dataBANK10                          520      520       3E         1

        CLASS   BANK11         

        CLASS   BANK12         

        CLASS   BANK13         

        CLASS   BANK14         

        CLASS   BANK15         

        CLASS   BANK16         

        CLASS   BANK17         

        CLASS   BANK18         

        CLASS   BIGRAM         

        CLASS   RAM            

        CLASS   ABS1           
                abs_s1                               7E       7E        2         1
                abs_s1                              56E      56E        2         1
                abs_s1                              5A0      5A0       50         1
                abs_s1                              620      620       50         1
                abs_s1                              6A0      6A0       50         1
                abs_s1                              720      720       50         1
                abs_s1                              7A0      7A0       50         1
                abs_s1                              820      820       50         1
                abs_s1                              8A0      8A0       50         1
                abs_s1                              920      920       50         1
                abs_s1                             236E     236E        0         1
                abs_s1                             2576     2576        0         1

        CLASS   SFR0           

        CLASS   SFR1           

        CLASS   SFR2           

        CLASS   SFR3           

        CLASS   SFR4           

        CLASS   SFR5           

        CLASS   SFR6           

        CLASS   SFR7           

        CLASS   SFR8           

        CLASS   SFR9           

        CLASS   SFR10          

        CLASS   SFR11          

        CLASS   SFR12          

        CLASS   SFR13          

        CLASS   SFR14          

        CLASS   SFR15          

        CLASS   SFR16          

        CLASS   SFR17          

        CLASS   SFR18          

        CLASS   SFR19          

        CLASS   SFR20          

        CLASS   SFR21          

        CLASS   SFR22          

        CLASS   SFR23          

        CLASS   SFR24          

        CLASS   SFR25          

        CLASS   SFR26          

        CLASS   SFR27          

        CLASS   SFR28          

        CLASS   SFR29          

        CLASS   SFR30          

        CLASS   SFR31          

        CLASS   CONFIG         
                config                             8007     8007        2         0

        CLASS   IDLOC          

        CLASS   BANK31         

        CLASS   BANK30         

        CLASS   BANK29         

        CLASS   BANK28         

        CLASS   BANK27         

        CLASS   BANK26         

        CLASS   BANK25         

        CLASS   BANK24         

        CLASS   BANK23         

        CLASS   BANK22         

        CLASS   BANK21         

        CLASS   BANK20         

        CLASS   BANK19         

        CLASS   EEDATA         



SEGMENTS        Name                           Load    Length   Top    Selector   Space  Class     Delta

                reset_vec                      000000  000003  000003         0       0  CODE        2
                idataCOMMON                    000003  000001  000004         6       0  CODE        2
                intentry                       000004  0007FC  000800         8       0  CODE        2
                cstackBANK0                    000020  00004C  00006C        20       1  BANK0       1
                cstackCOMMON                   000070  00000E  00007E        70       1  COMMON      1
                cstackBANK1                    0000A0  000050  0000F0        A0       1  BANK1       1
                bssBANK2                       000120  00004D  00016D       120       1  BANK2       1
                bssBANK3                       0001A0  00004C  0001EC       1A0       1  BANK3       1
                dataBANK4                      000220  00003E  00025E       220       1  BANK4       1
                dataBANK5                      0002A0  00003E  0002DE       2A0       1  BANK5       1
                dataBANK6                      000320  00003E  00035E       320       1  BANK6       1
                dataBANK7                      0003A0  000050  0003F0       3A0       1  BANK7       1
                dataBANK8                      000420  000050  000470       420       1  BANK8       1
                bssBANK9                       0004A0  000040  0004E0       4A0       1  BANK9       1
                dataBANK10                     000520  00003E  00055E       520       1  BANK10      1
                text1                          000801  000041  000842      1002       0  CODE        2
                text21                         000842  0000B4  0008F6      1084       0  CODE        2
                text12                         0008F6  0000C8  0009BE      11EC       0  CODE        2
                text4                          0009BE  0000E2  000AA0      137C       0  CODE        2
                text23                         000AA0  0000F6  000B96      1540       0  CODE        2
                text2                          000B96  0001E8  000D7E      172C       0  CODE        2
                idataBIGRAM                    000D7E  000282  001000      1AFC       0  CODE        2
                text30                         001003  000019  00101C      2006       0  CODE        2
                text32                         00101C  00003D  001059      2038       0  CODE        2
                idataBANK10                    001059  00003E  001097      20B2       0  CODE        2
                idataBANK6                     001097  00003E  0010D5      212E       0  CODE        2
                idataBANK5                     0010D5  00003E  001113      21AA       0  CODE        2
                idataBANK4                     001113  00003E  001151      2226       0  CODE        2
                text9                          001151  000040  001191      22A2       0  CODE        2
                text40                         001191  000041  0011D2      2322       0  CODE        2
                text17                         0011D2  000041  001213      23A4       0  CODE        2
                text25                         001213  000046  001259      2426       0  CODE        2
                text16                         001259  000046  00129F      24B2       0  CODE        2
                text46                         00129F  000048  0012E7      253E       0  CODE        2
                text15                         0012E7  00004F  001336      25CE       0  CODE        2
                idataBANK8                     001336  000050  001386      266C       0  CODE        2
                idataBANK7                     001386  000050  0013D6      270C       0  CODE        2
                text31                         0013D6  000052  001428      27AC       0  CODE        2
                text35                         001428  000054  00147C      2850       0  CODE        2
                text33                         00147C  000065  0014E1      28F8       0  CODE        2
                text8                          0014E1  00006F  001550      29C2       0  CODE        2
                text34                         001550  000073  0015C3      2AA0       0  CODE        2
                text18                         0015C3  000082  001645      2B86       0  CODE        2
                text13                         001645  000087  0016CC      2C8A       0  CODE        2
                text19                         0016CC  00008B  001757      2D98       0  CODE        2
                text22                         001757  0000A9  001800      2EAE       0  CODE        2
                text44                         001DC6  000004  001DCA      3B8C       0  CODE        2
                text29                         001DCA  000004  001DCE      3B94       0  CODE        2
                text42                         001DCE  000007  001DD5      3B9C       0  CODE        2
                text41                         001DD5  000009  001DDE      3BAA       0  CODE        2
                text20                         001DDE  000009  001DE7      3BBC       0  CODE        2
                text43                         001DE7  00000A  001DF1      3BCE       0  CODE        2
                inittext                       001DF1  00000C  001DFD      3BE2       0  CODE        2
                clrtext                        001DFD  00000C  001E09      3BFA       0  CODE        2
                text24                         001E09  00000F  001E18      3C12       0  CODE        2
                idataBANK2                     001E18  000011  001E29      3C30       0  CODE        2
                text11                         001E29  000012  001E3B      3C52       0  CODE        2
                text10                         001E3B  000016  001E51      3C76       0  CODE        2
                idataBANK1                     001E51  000016  001E67      3CA2       0  CODE        2
                text5                          001E67  000017  001E7E      3CCE       0  CODE        2
                text3                          001E7E  000017  001E95      3CFC       0  CODE        2
                text37                         001E95  000020  001EB5      3D2A       0  CODE        2
                text38                         001EB5  000026  001EDB      3D6A       0  CODE        2
                text7                          001EDB  00002B  001F06      3DB6       0  CODE        2
                text6                          001F06  00002D  001F33      3E0C       0  CODE        2
                text39                         001F33  000030  001F63      3E66       0  CODE        2
                text27                         001F63  000030  001F93      3EC6       0  CODE        2
                text26                         001F93  000032  001FC5      3F26       0  CODE        2
                text36                         001FC5  00003B  002000      3F8A       0  CODE        2
                config                         008007  000002  008009     1000E       0  CONFIG      2


UNUSED ADDRESS RANGES

        Name                Unused          Largest block    Delta
        BANK0            0006C-0006F               4           1
        BANK10           0055E-0056D              10           1
        BANK2            0016D-0016F               3           1
        BANK3            001EC-001EF               4           1
        BANK4            0025E-0026F              12           1
        BANK5            002DE-002EF              12           1
        BANK6            0035E-0036F              12           1
        BANK9            004E0-004EF              10           1
        BIGRAM           02000-025EF             5F0           1
        CODE             00800-00800               1           2
                         01000-01002               3
                         01800-01DC5             5C6
                         02000-03FFF             800
        CONST            00800-00800               1           2
                         01000-01002               3
                         01800-01DC5             100
                         02000-03FFF             100
        ENTRY            00800-00800               1           2
                         01000-01002               3
                         01800-01DC5             100
                         02000-03FFF             100
        IDLOC            08000-08003               4           2
        RAM              0006C-0006F               4           1
                         0016D-0016F               3
                         001EC-001EF               4
                         0025E-0026F              12
                         002DE-002EF              12
                         0035E-0036F              12
                         004E0-004EF              10
                         0055E-0056D              10
        SFR0             00000-0001F              20           1
        SFR1             00080-0009F              20           1
        SFR10            00500-0051F              20           1
        SFR11            00580-0059F              20           1
        SFR12            00600-0061F              20           1
        SFR13            00680-0069F              20           1
        SFR14            00700-0071F              20           1
        SFR15            00780-0079F              20           1
        SFR16            00800-0081F              20           1
        SFR17            00880-0089F              20           1
        SFR18            00900-0091F              20           1
        SFR19            00980-009EF              70           1
        SFR2             00100-0011F              20           1
        SFR20            00A00-00A6F              70           1
        SFR21            00A80-00AEF              70           1
        SFR22            00B00-00B6F              70           1
        SFR23            00B80-00BEF              70           1
        SFR24            00C00-00C6F              70           1
        SFR25            00C80-00CEF              70           1
        SFR26            00D00-00D6F              70           1
        SFR27            00D80-00DEF              70           1
        SFR28            00E00-00E6F              70           1
        SFR29            00E80-00EEF              70           1
        SFR3             00180-0019F              20           1
        SFR30            00F00-00F6F              70           1
        SFR31            00F80-00FEF              70           1
        SFR4             00200-0021F              20           1
        SFR5             00280-0029F              20           1
        SFR6             00300-0031F              20           1
        SFR7             00380-0039F              20           1
        SFR8             00400-0041F              20           1
        SFR9             00480-0049F              20           1
        STACK            0217E-0218F              12           1
        STRCODE          00800-00800               1           2
                         01000-01002               3
                         01800-01DC5             5C6
                         02000-03FFF            2000
        STRING           00800-00800               1           2
                         01000-01002               3
                         01800-01DC5             100
                         02000-03FFF             100

                                  Symbol Table

?_FLASH_ReadWord                  cstackBANK0  00022
?___aldiv                         cstackBANK0  0002E
?___altoft                        cstackBANK0  0002A
?___awdiv                         cstackBANK0  00022
?___awtoft                        cstackBANK0  0002A
?___ftadd                         cstackBANK0  0002A
?___ftdiv                         cstackBANK0  00047
?___ftmul                         cstackBANK0  00037
?___ftneg                         cstackBANK0  00022
?___ftpack                        cstackBANK0  00022
?___fttol                         cstackBANK1  000A0
?___lmul                          cstackBANK0  00022
?_adc_convert                     cstackBANK0  00022
?_getSwitchBypassState            cstackBANK0  00022
?_map                             cstackBANK0  00057
?_modulation                      cstackBANK0  0003D
?_set_subdivision                 cstackBANK1  000AE
FLASH_ReadWord@GIEBitValue        cstackBANK0  00024
FLASH_ReadWord@flashAddr          cstackBANK0  00022
InitializeTaps@itap               cstackBANK0  00023
_ADCON0bits                       (abs)        0009D
_ADCON1bits                       (abs)        0009E
_ADRESH                           (abs)        0009C
_ADRESL                           (abs)        0009B
_ANSELEbits                       (abs)        00190
_ANSELFbits                       (abs)        0040C
_APFCONbits                       (abs)        0011D
_B25k                             dataBANK7    003A0
_CCP10CONbits                     (abs)        0061F
_CCP1CONbits                      (abs)        00293
_CCP2CONbits                      (abs)        0029A
_CCP3CONbits                      (abs)        00313
_CCP4CONbits                      (abs)        0031A
_CCP5CONbits                      (abs)        0031E
_CCP6CONbits                      (abs)        00613
_CCP7CONbits                      (abs)        00616
_CCP8CONbits                      (abs)        00619
_CCP9CONbits                      (abs)        0061C
_CCPR1                            (abs)        00291
_CCPR2                            (abs)        00298
_CCPR3                            (abs)        00311
_CCPR4                            (abs)        00318
_CCPR5                            (abs)        0031C
_CCPR9                            (abs)        0061A
_CCPTMRS0                         (abs)        0029D
_CCPTMRS1                         (abs)        0029E
_CCPTMRS2                         (abs)        0029F
_ConfigureOscillator              text44       01DC6
_FLASH_ReadWord                   text37       01E95
_INTCONbits                       (abs)        0000B
_InitApp                          text39       01F33
_InitializeTaps                   text38       01EB5
_LATBbits                         (abs)        0010D
_LATDbits                         (abs)        0010F
_LATFbits                         (abs)        0038C
_LATGbits                         (abs)        0038D
_OPTION_REGbits                   (abs)        00095
_OSCCONbits                       (abs)        00099
_PMADRH                           (abs)        00192
_PMADRL                           (abs)        00191
_PMCON1bits                       (abs)        00195
_PMCON2                           (abs)        00196
_PMDATH                           (abs)        00194
_PMDATL                           (abs)        00193
_PORTCbits                        (abs)        0000E
_PORTDbits                        (abs)        0000F
_PORTEbits                        (abs)        00010
_PR2                              (abs)        0001B
_ReadSavedSettings                text34       01550
_T2CONbits                        (abs)        0001C
_TRISBbits                        (abs)        0008D
_TRISCbits                        (abs)        0008E
_TRISDbits                        (abs)        0008F
_TRISEbits                        (abs)        00090
_TRISFbits                        (abs)        0030C
_TRISGbits                        (abs)        0030D
__CFG_BOREN$ON                    (abs)        00000
__CFG_BORV$LO                     (abs)        00000
__CFG_CLKOUTEN$OFF                (abs)        00000
__CFG_CP$OFF                      (abs)        00000
__CFG_FCMEN$ON                    (abs)        00000
__CFG_FOSC$HS                     (abs)        00000
__CFG_IESO$ON                     (abs)        00000
__CFG_LPBOR$OFF                   (abs)        00000
__CFG_LVP$OFF                     (abs)        00000
__CFG_MCLRE$ON                    (abs)        00000
__CFG_PWRTE$OFF                   (abs)        00000
__CFG_STVREN$ON                   (abs)        00000
__CFG_VCAPEN$OFF                  (abs)        00000
__CFG_WDTE$OFF                    (abs)        00000
__CFG_WRT$OFF                     (abs)        00000
__Habs1                           abs1         00000
__Hbank0                          bank0        00000
__Hbank1                          bank1        00000
__Hbank10                         bank10       00000
__Hbank11                         bank11       00000
__Hbank12                         bank12       00000
__Hbank13                         bank13       00000
__Hbank14                         bank14       00000
__Hbank15                         bank15       00000
__Hbank16                         bank16       00000
__Hbank17                         bank17       00000
__Hbank18                         bank18       00000
__Hbank19                         bank19       00000
__Hbank2                          bank2        00000
__Hbank20                         bank20       00000
__Hbank21                         bank21       00000
__Hbank22                         bank22       00000
__Hbank23                         bank23       00000
__Hbank24                         bank24       00000
__Hbank25                         bank25       00000
__Hbank26                         bank26       00000
__Hbank27                         bank27       00000
__Hbank28                         bank28       00000
__Hbank29                         bank29       00000
__Hbank3                          bank3        00000
__Hbank30                         bank30       00000
__Hbank31                         bank31       00000
__Hbank4                          bank4        00000
__Hbank5                          bank5        00000
__Hbank6                          bank6        00000
__Hbank7                          bank7        00000
__Hbank8                          bank8        00000
__Hbank9                          bank9        00000
__Hbigram                         bigram       00000
__HbssBANK0                       bssBANK0     00000
__HbssBANK1                       bssBANK1     00000
__HbssBANK2                       bssBANK2     00000
__HbssBANK3                       bssBANK3     00000
__HbssBANK9                       bssBANK9     00000
__Hcinit                          cinit        002AC
__Hclrtext                        clrtext      00000
__Hcode                           code         00000
__Hcommon                         common       00000
__Hconfig                         config       08009
__HcstackBANK0                    cstackBANK0  00000
__HcstackBANK1                    cstackBANK1  00000
__HcstackBANK3                    cstackBANK3  00000
__HcstackCOMMON                   cstackCOMMON 00000
__HdataBANK0                      dataBANK0    00000
__HdataBANK1                      dataBANK1    00000
__HdataBANK10                     dataBANK10   00000
__HdataBANK2                      dataBANK2    00000
__HdataBANK4                      dataBANK4    00000
__HdataBANK5                      dataBANK5    00000
__HdataBANK6                      dataBANK6    00000
__HdataBANK7                      dataBANK7    00000
__HdataBANK8                      dataBANK8    00000
__HdataBIGRAM                     dataBIGRAM   00000
__HdataCOMMON                     dataCOMMON   00000
__Heeprom_data                    eeprom_data  00000
__Hend_init                       end_init     001F2
__Hfunctab                        functab      00000
__HidataBANK0                     idataBANK0   00000
__HidataBANK1                     idataBANK1   00000
__HidataBANK10                    idataBANK10  00000
__HidataBANK2                     idataBANK2   00000
__HidataBANK4                     idataBANK4   00000
__HidataBANK5                     idataBANK5   00000
__HidataBANK6                     idataBANK6   00000
__HidataBANK7                     idataBANK7   00000
__HidataBANK8                     idataBANK8   00000
__HidataBIGRAM                    idataBIGRAM  00000
__HidataCOMMON                    idataCOMMON  00000
__Hidloc                          idloc        00000
__Hinit                           init         001F0
__Hinittext                       inittext     00000
__Hintentry                       intentry     001F0
__Hmaintext                       maintext     00000
__Hpowerup                        powerup      00000
__Hram                            ram          00000
__Hreset_vec                      reset_vec    00002
__Hsfr0                           sfr0         00000
__Hsfr1                           sfr1         00000
__Hsfr10                          sfr10        00000
__Hsfr11                          sfr11        00000
__Hsfr12                          sfr12        00000
__Hsfr13                          sfr13        00000
__Hsfr14                          sfr14        00000
__Hsfr15                          sfr15        00000
__Hsfr16                          sfr16        00000
__Hsfr17                          sfr17        00000
__Hsfr18                          sfr18        00000
__Hsfr19                          sfr19        00000
__Hsfr2                           sfr2         00000
__Hsfr20                          sfr20        00000
__Hsfr21                          sfr21        00000
__Hsfr22                          sfr22        00000
__Hsfr23                          sfr23        00000
__Hsfr24                          sfr24        00000
__Hsfr25                          sfr25        00000
__Hsfr26                          sfr26        00000
__Hsfr27                          sfr27        00000
__Hsfr28                          sfr28        00000
__Hsfr29                          sfr29        00000
__Hsfr3                           sfr3         00000
__Hsfr30                          sfr30        00000
__Hsfr31                          sfr31        00000
__Hsfr4                           sfr4         00000
__Hsfr5                           sfr5         00000
__Hsfr6                           sfr6         00000
__Hsfr7                           sfr7         00000
__Hsfr8                           sfr8         00000
__Hsfr9                           sfr9         00000
__Hspace_0                        (abs)        08009
__Hspace_1                        (abs)        0055E
__Hspace_2                        (abs)        00000
__Hspace_3                        (abs)        00000
__Hstack                          stack        00000
__Hstrings                        strings      00000
__Htext                           text         00000
__Labs1                           abs1         00000
__Lbank0                          bank0        00000
__Lbank1                          bank1        00000
__Lbank10                         bank10       00000
__Lbank11                         bank11       00000
__Lbank12                         bank12       00000
__Lbank13                         bank13       00000
__Lbank14                         bank14       00000
__Lbank15                         bank15       00000
__Lbank16                         bank16       00000
__Lbank17                         bank17       00000
__Lbank18                         bank18       00000
__Lbank19                         bank19       00000
__Lbank2                          bank2        00000
__Lbank20                         bank20       00000
__Lbank21                         bank21       00000
__Lbank22                         bank22       00000
__Lbank23                         bank23       00000
__Lbank24                         bank24       00000
__Lbank25                         bank25       00000
__Lbank26                         bank26       00000
__Lbank27                         bank27       00000
__Lbank28                         bank28       00000
__Lbank29                         bank29       00000
__Lbank3                          bank3        00000
__Lbank30                         bank30       00000
__Lbank31                         bank31       00000
__Lbank4                          bank4        00000
__Lbank5                          bank5        00000
__Lbank6                          bank6        00000
__Lbank7                          bank7        00000
__Lbank8                          bank8        00000
__Lbank9                          bank9        00000
__Lbigram                         bigram       00000
__LbssBANK0                       bssBANK0     00000
__LbssBANK1                       bssBANK1     00000
__LbssBANK2                       bssBANK2     00000
__LbssBANK3                       bssBANK3     00000
__LbssBANK9                       bssBANK9     00000
__Lcinit                          cinit        001F2
__Lclrtext                        clrtext      00000
__Lcode                           code         00000
__Lcommon                         common       00000
__Lconfig                         config       08007
__LcstackBANK0                    cstackBANK0  00000
__LcstackBANK1                    cstackBANK1  00000
__LcstackBANK3                    cstackBANK3  00000
__LcstackCOMMON                   cstackCOMMON 00000
__LdataBANK0                      dataBANK0    00000
__LdataBANK1                      dataBANK1    00000
__LdataBANK10                     dataBANK10   00000
__LdataBANK2                      dataBANK2    00000
__LdataBANK4                      dataBANK4    00000
__LdataBANK5                      dataBANK5    00000
__LdataBANK6                      dataBANK6    00000
__LdataBANK7                      dataBANK7    00000
__LdataBANK8                      dataBANK8    00000
__LdataBIGRAM                     dataBIGRAM   00000
__LdataCOMMON                     dataCOMMON   00000
__Leeprom_data                    eeprom_data  00000
__Lend_init                       end_init     001F0
__Lfunctab                        functab      00000
__LidataBANK0                     idataBANK0   00000
__LidataBANK1                     idataBANK1   00000
__LidataBANK10                    idataBANK10  00000
__LidataBANK2                     idataBANK2   00000
__LidataBANK4                     idataBANK4   00000
__LidataBANK5                     idataBANK5   00000
__LidataBANK6                     idataBANK6   00000
__LidataBANK7                     idataBANK7   00000
__LidataBANK8                     idataBANK8   00000
__LidataBIGRAM                    idataBIGRAM  00000
__LidataCOMMON                    idataCOMMON  00000
__Lidloc                          idloc        00000
__Linit                           init         001F0
__Linittext                       inittext     00000
__Lintentry                       intentry     00004
__Lmaintext                       maintext     00000
__Lpowerup                        powerup      00000
__Lram                            ram          00000
__Lreset_vec                      reset_vec    00000
__Lsfr0                           sfr0         00000
__Lsfr1                           sfr1         00000
__Lsfr10                          sfr10        00000
__Lsfr11                          sfr11        00000
__Lsfr12                          sfr12        00000
__Lsfr13                          sfr13        00000
__Lsfr14                          sfr14        00000
__Lsfr15                          sfr15        00000
__Lsfr16                          sfr16        00000
__Lsfr17                          sfr17        00000
__Lsfr18                          sfr18        00000
__Lsfr19                          sfr19        00000
__Lsfr2                           sfr2         00000
__Lsfr20                          sfr20        00000
__Lsfr21                          sfr21        00000
__Lsfr22                          sfr22        00000
__Lsfr23                          sfr23        00000
__Lsfr24                          sfr24        00000
__Lsfr25                          sfr25        00000
__Lsfr26                          sfr26        00000
__Lsfr27                          sfr27        00000
__Lsfr28                          sfr28        00000
__Lsfr29                          sfr29        00000
__Lsfr3                           sfr3         00000
__Lsfr30                          sfr30        00000
__Lsfr31                          sfr31        00000
__Lsfr4                           sfr4         00000
__Lsfr5                           sfr5         00000
__Lsfr6                           sfr6         00000
__Lsfr7                           sfr7         00000
__Lsfr8                           sfr8         00000
__Lsfr9                           sfr9         00000
__Lspace_0                        (abs)        00000
__Lspace_1                        (abs)        00000
__Lspace_2                        (abs)        00000
__Lspace_3                        (abs)        00000
__Lstack                          stack        00000
__Lstrings                        strings      00000
__Ltext                           text         00000
__S0                              (abs)        08009
__S1                              (abs)        0055E
__S2                              (abs)        00000
___aldiv                          text18       015C3
___aldiv@counter                  cstackBANK0  00037
___aldiv@dividend                 cstackBANK0  00032
___aldiv@divisor                  cstackBANK0  0002E
___aldiv@quotient                 cstackBANK0  00039
___aldiv@sign                     cstackBANK0  00038
___altoft                         text32       0101C
___altoft@c                       cstackBANK0  0002A
___altoft@exp                     cstackBANK0  00030
___altoft@sign                    cstackBANK0  00031
___awdiv                          text31       013D6
___awdiv@counter                  cstackBANK0  00027
___awdiv@dividend                 cstackBANK0  00024
___awdiv@divisor                  cstackBANK0  00022
___awdiv@quotient                 cstackBANK0  00029
___awdiv@sign                     cstackBANK0  00028
___awtoft                         text14       007DC
___awtoft@c                       cstackBANK0  0002A
___awtoft@sign                    cstackBANK0  0002F
___ftadd                          text23       00AA0
___ftadd@exp1                     cstackBANK0  00036
___ftadd@exp2                     cstackBANK0  00035
___ftadd@f1                       cstackBANK0  0002A
___ftadd@f2                       cstackBANK0  0002D
___ftadd@sign                     cstackBANK0  00034
___ftdiv                          text22       01757
___ftdiv@cntr                     cstackBANK0  00051
___ftdiv@exp                      cstackBANK0  00055
___ftdiv@f1                       cstackBANK0  0004A
___ftdiv@f2                       cstackBANK0  00047
___ftdiv@f3                       cstackBANK0  00052
___ftdiv@sign                     cstackBANK0  00056
___ftmul                          text21       00842
___ftmul@cntr                     cstackBANK0  00045
___ftmul@exp                      cstackBANK0  00041
___ftmul@f1                       cstackBANK0  00037
___ftmul@f2                       cstackBANK0  0003A
___ftmul@f3_as_product            cstackBANK0  00042
___ftmul@sign                     cstackBANK0  00046
___ftneg                          text20       01DDE
___ftneg@f1                       cstackBANK0  00022
___ftpack                         text33       0147C
___ftpack@arg                     cstackBANK0  00022
___ftpack@exp                     cstackBANK0  00025
___ftpack@sign                    cstackBANK0  00026
___fttol                          text13       01645
___fttol@exp1                     cstackBANK1  000AD
___fttol@f1                       cstackBANK1  000A0
___fttol@lval                     cstackBANK1  000A9
___fttol@sign1                    cstackBANK1  000A8
___int_sp                         stack        00000
___latbits                        (abs)        00003
___lmul                           text27       01F63
___lmul@multiplicand              cstackBANK0  00026
___lmul@multiplier                cstackBANK0  00022
___lmul@product                   cstackBANK0  0002A
___sp                             stack        00000
__end_of_ConfigureOscillator      text44       01DCA
__end_of_FLASH_ReadWord           text37       01EB5
__end_of_InitApp                  text39       01F63
__end_of_InitializeTaps           text38       01EDB
__end_of_ReadSavedSettings        text34       015C3
__end_of___aldiv                  text18       01645
__end_of___altoft                 text32       01059
__end_of___awdiv                  text31       01428
__end_of___awtoft                 text14       007FE
__end_of___ftadd                  text23       00B96
__end_of___ftdiv                  text22       01800
__end_of___ftmul                  text21       008F6
__end_of___ftneg                  text20       01DE7
__end_of___ftpack                 text33       014E1
__end_of___fttol                  text13       016CC
__end_of___lmul                   text27       01F93
__end_of__initialization          cinit        002A8
__end_of_adc_convert              text30       0101C
__end_of_getCurrentLEDState       text11       01E3B
__end_of_getSwitchBypassState     text29       01DCE
__end_of_initSwitchBypass         text24       01E18
__end_of_init_adc                 text43       01DF1
__end_of_init_pwm                 text40       011D2
__end_of_init_timer0              text42       01DD5
__end_of_init_timer2              text41       01DDE
__end_of_isr                      intentry     001F0
__end_of_main                     maintext     007DC
__end_of_map                      text19       01757
__end_of_modulation               text17       01213
__end_of_read_bottom_tactile      text16       0129F
__end_of_read_top_tactile         text15       01336
__end_of_restoreLEDState          text10       01E51
__end_of_setDoublePressState      text6        01F33
__end_of_setFeedbackState         text5        01E7E
__end_of_setLongTapState          text3        01E95
__end_of_setSwitchBypassState     text25       01259
__end_of_set_leds_bottom          text36       02000
__end_of_set_leds_top             text35       0147C
__end_of_set_subdivision          text12       009BE
__end_of_showBootSequence         text7        01F06
__end_of_solidring_tactiles       text9        01191
__end_of_star_tactiles            text8        01550
__end_of_updateSwitchBypass       text4        00AA0
__end_of_updateSwitchBypassState  text28       00003
__end_of_updateSwitchTap          text2        00D7E
__end_of_update_mode              text1        00842
__end_of_wait_ms                  text26       01FC5
__end_ofi1_set_leds_top           text46       012E7
__initialization                  cinit        001F2
__pbssBANK0                       bssBANK0     0006B
__pbssBANK1                       bssBANK1     000DF
__pbssBANK2                       bssBANK2     00120
__pbssBANK3                       bssBANK3     001A0
__pbssBANK9                       bssBANK9     004A0
__pcstackBANK0                    cstackBANK0  00020
__pcstackBANK1                    cstackBANK1  000A0
__pcstackBANK3                    cstackBANK3  001E8
__pcstackCOMMON                   cstackCOMMON 00070
__pdataBANK0                      dataBANK0    00069
__pdataBANK1                      dataBANK1    000C9
__pdataBANK10                     dataBANK10   00520
__pdataBANK2                      dataBANK2    0015C
__pdataBANK4                      dataBANK4    00220
__pdataBANK5                      dataBANK5    002A0
__pdataBANK6                      dataBANK6    00320
__pdataBANK7                      dataBANK7    003A0
__pdataBANK8                      dataBANK8    00420
__pdataBIGRAM                     (abs)        0236E
__pdataCOMMON                     dataCOMMON   0007D
__pidataBANK0                     idataBANK0   007FE
__pidataBANK1                     idataBANK1   01E51
__pidataBANK10                    idataBANK10  01059
__pidataBANK2                     idataBANK2   01E18
__pidataBANK4                     idataBANK4   01113
__pidataBANK5                     idataBANK5   010D5
__pidataBANK6                     idataBANK6   01097
__pidataBANK7                     idataBANK7   01386
__pidataBANK8                     idataBANK8   01336
__pidataBIGRAM                    idataBIGRAM  00D7E
__pidataCOMMON                    idataCOMMON  00003
__pintentry                       intentry     00004
__pmaintext                       maintext     002AC
__ptext1                          text1        00801
__ptext10                         text10       01E3B
__ptext11                         text11       01E29
__ptext12                         text12       008F6
__ptext13                         text13       01645
__ptext14                         text14       007DC
__ptext15                         text15       012E7
__ptext16                         text16       01259
__ptext17                         text17       011D2
__ptext18                         text18       015C3
__ptext19                         text19       016CC
__ptext2                          text2        00B96
__ptext20                         text20       01DDE
__ptext21                         text21       00842
__ptext22                         text22       01757
__ptext23                         text23       00AA0
__ptext24                         text24       01E09
__ptext25                         text25       01213
__ptext26                         text26       01F93
__ptext27                         text27       01F63
__ptext28                         text28       00002
__ptext29                         text29       01DCA
__ptext3                          text3        01E7E
__ptext30                         text30       01003
__ptext31                         text31       013D6
__ptext32                         text32       0101C
__ptext33                         text33       0147C
__ptext34                         text34       01550
__ptext35                         text35       01428
__ptext36                         text36       01FC5
__ptext37                         text37       01E95
__ptext38                         text38       01EB5
__ptext39                         text39       01F33
__ptext4                          text4        009BE
__ptext40                         text40       01191
__ptext41                         text41       01DD5
__ptext42                         text42       01DCE
__ptext43                         text43       01DE7
__ptext44                         text44       01DC6
__ptext46                         text46       0129F
__ptext5                          text5        01E67
__ptext6                          text6        01F06
__ptext7                          text7        01EDB
__ptext8                          text8        014E1
__ptext9                          text9        01151
__size_of_ConfigureOscillator     (abs)        00000
__size_of_FLASH_ReadWord          (abs)        00000
__size_of_InitApp                 (abs)        00000
__size_of_InitializeTaps          (abs)        00000
__size_of_ReadSavedSettings       (abs)        00000
__size_of___aldiv                 (abs)        00000
__size_of___altoft                (abs)        00000
__size_of___awdiv                 (abs)        00000
__size_of___awtoft                (abs)        00000
__size_of___ftadd                 (abs)        00000
__size_of___ftdiv                 (abs)        00000
__size_of___ftmul                 (abs)        00000
__size_of___ftneg                 (abs)        00000
__size_of___ftpack                (abs)        00000
__size_of___fttol                 (abs)        00000
__size_of___lmul                  (abs)        00000
__size_of_adc_convert             (abs)        00000
__size_of_getCurrentLEDState      (abs)        00000
__size_of_getSwitchBypassState    (abs)        00000
__size_of_initSwitchBypass        (abs)        00000
__size_of_init_adc                (abs)        00000
__size_of_init_pwm                (abs)        00000
__size_of_init_timer0             (abs)        00000
__size_of_init_timer2             (abs)        00000
__size_of_isr                     (abs)        00000
__size_of_main                    (abs)        00000
__size_of_map                     (abs)        00000
__size_of_modulation              (abs)        00000
__size_of_read_bottom_tactile     (abs)        00000
__size_of_read_top_tactile        (abs)        00000
__size_of_restoreLEDState         (abs)        00000
__size_of_setDoublePressState     (abs)        00000
__size_of_setFeedbackState        (abs)        00000
__size_of_setLongTapState         (abs)        00000
__size_of_setSwitchBypassState    (abs)        00000
__size_of_set_leds_bottom         (abs)        00000
__size_of_set_leds_top            (abs)        00000
__size_of_set_subdivision         (abs)        00000
__size_of_showBootSequence        (abs)        00000
__size_of_solidring_tactiles      (abs)        00000
__size_of_star_tactiles           (abs)        00000
__size_of_updateSwitchBypass      (abs)        00000
__size_of_updateSwitchBypassState (abs)        00000
__size_of_updateSwitchTap         (abs)        00000
__size_of_update_mode             (abs)        00000
__size_of_wait_ms                 (abs)        00000
__size_ofi1_set_leds_top          (abs)        00000
_adc_convert                      text30       01003
_adjust_sub_delay                 bssBANK2     0012A
_adjusted_pot_value               bssBANK2     0012C
_baseline_delay_time              dataBANK1    000C9
_blink_delay                      dataBANK2    0015C
_blink_rate                       dataBANK1    000DD
_bottomTactile_pressed            bssBANK2     00152
_bottom_push_state                dataBANK1    000D1
_bypass_turning_on                bssBANK2     00153
_currentBypassState               dataBANK2    0016B
_debounce_mode1                   bssBANK2     00132
_debounce_mode2                   bssBANK2     00134
_delayArray                       (abs)        0236E
_delay_counter                    bssBANK2     00136
_delay_time                       dataBANK1    000CD
_delay_time_changed               dataBANK2    0015E
_delayfound                       bssBANK2     00138
_doubleTap_state                  bssBANK0     0006B
_feedback_start                   bssBANK1     000ED
_feedback_state                   dataBANK0    00069
_feedback_timer                   bssBANK2     0013A
_getCurrentLEDState               text11       01E29
_getSwitchBypassState             text29       01DCA
_iB25k                            dataBANK8    00420
_initSwitchBypass                 text24       01E09
_init_adc                         text43       01DE7
_init_pwm                         text40       01191
_init_timer0                      text42       01DCE
_init_timer2                      text41       01DD5
_isr                              intentry     00004
_knob1_prev                       dataBANK1    000D3
_knob2_prev                       dataBANK1    000D5
_knob3_prev                       dataBANK1    000D7
_knob4_prev                       dataBANK2    00160
_knob5_prev                       dataBANK2    00162
_knob_1_pos                       bssBANK2     0013C
_knob_2_pos                       bssBANK2     0013E
_knob_3_pos                       bssBANK2     00140
_knob_4_pos                       bssBANK2     00142
_knob_5_pos                       bssBANK2     00144
_ledState                         bssBANK2     00120
_longTap_start                    bssBANK2     00155
_longTap_state                    dataBANK0    0006A
_longTap_timer                    bssBANK2     00146
_long_press_limit                 dataBANK1    000D9
_main                             maintext     002AC
_map                              text19       016CC
_map$2160                         cstackBANK0  00066
_mod2                             dataBANK4    00220
_mod3                             dataBANK5    002A0
_mod4                             dataBANK6    00320
_mod5                             (abs)        02576
_mod_counter                      bssBANK1     000EB
_mod_delay_time                   dataBANK2    00164
_mod_timer                        bssBANK2     00124
_mod_value                        bssBANK2     0014A
_mode2_state                      bssBANK2     00157
_modulation                       text17       011D2
_num_taps                         dataBANK1    000DE
_preset_blink                     bssBANK2     00158
_preset_programmning_on           bssBANK2     00159
_read_bottom_tactile              text16       01259
_read_top_tactile                 text15       012E7
_reset_sub_delay                  bssBANK2     0014C
_restoreLEDState                  text10       01E3B
_setDoublePressState              text6        01F06
_setFeedbackState                 text5        01E67
_setLongTapState                  text3        01E7E
_setSwitchBypassState             text25       01213
_set_leds_bottom                  text36       01FC5
_set_leds_top                     text35       01428
_set_subdivision                  text12       008F6
_showBootSequence                 text7        01EDB
_solidring_tactiles               text9        01151
_star_tactiles                    text8        014E1
_sub_timer                        bssBANK1     000DF
_suspend_blink                    bssBANK1     000EE
_switchBypass_pressed             bssBANK2     0014E
_switchBypass_state               dataCOMMON   0007D
_switchBypass_toggle              bssBANK2     00150
_switchBypass_up                  dataBANK2    00166
_switchTap_down                   bssBANK2     0015A
_switchTap_pressed                bssBANK1     000EF
_switchTap_state                  dataBANK2    0016C
_tap                              bssBANK3     001A0
_tap_history                      bssBANK3     001CC
_tap_iteration                    dataBANK2    00168
_tap_timer                        bssBANK1     000E3
_tap_total                        bssBANK3     001E0
_test_timer                       bssBANK3     001E4
_timer                            bssBANK1     000E7
_topTactile_pressed               bssBANK2     0015B
_top_push_state                   dataBANK1    000DB
_updateSwitchBypass               text4        009BE
_updateSwitchBypassState          text28       00002
_updateSwitchTap                  text2        00B96
_update_mode                      text1        00801
_wait_ms                          text26       01F93
adc_convert@channel               cstackBANK0  00025
btemp                             (abs)        0007E
clear_ram0                        clrtext      01DFD
end_of_initialization             cinit        002A8
i1_set_leds_top                   text46       0129F
i1set_leds_top@ledState           cstackCOMMON 00072
i1set_leds_top@x                  cstackCOMMON 00070
initSwitchBypass@initState        cstackBANK0  00038
init_ram                          inittext     01DF1
int$flags                         (abs)        0007E
intlevel0                         functab      00000
intlevel1                         functab      00000
intlevel2                         functab      00000
intlevel3                         functab      00000
intlevel4                         functab      00000
intlevel5                         functab      00000
isr@tmpSubDelay                   cstackBANK0  00020
ltemp                             (abs)        0007E
ltemp0                            (abs)        0007E
ltemp1                            (abs)        00082
ltemp2                            (abs)        00086
ltemp3                            (abs)        00080
main@i                            cstackBANK3  001E8
main@i_379                        cstackBANK3  001EA
map@in_max                        cstackBANK0  0005D
map@in_min                        cstackBANK0  0005A
map@out_max                       cstackBANK0  00063
map@out_min                       cstackBANK0  00060
map@x                             cstackBANK0  00057
modulation@x                      cstackBANK0  0003D
modulation@y                      cstackBANK0  00041
reset_vec                         reset_vec    00000
setDoublePressState@f_state       cstackBANK0  00034
setFeedbackState@f_state          cstackBANK0  00022
setLongTapState@f_state           cstackBANK0  00022
setSwitchBypassState@f_state      cstackBANK0  00034
set_leds_bottom@x                 cstackBANK0  00022
set_leds_top@ledState             cstackBANK0  00024
set_leds_top@x                    cstackBANK0  00022
set_subdivision@scalar            cstackBANK1  000B7
set_subdivision@tmpX              cstackBANK1  000B5
set_subdivision@x                 cstackBANK1  000AE
set_subdivision@y                 cstackBANK1  000B0
solidring_tactiles@ring_delay     cstackBANK0  00036
stackhi                           (abs)        0218F
stacklo                           (abs)        0217E
star_tactiles@iLed                cstackBANK0  00037
star_tactiles@iLed_1441           cstackBANK0  00039
star_tactiles@reverse             cstackBANK0  00036
start                             init         001F0
start_initialization              cinit        001F2
ttemp                             (abs)        0007E
ttemp0                            (abs)        0007E
ttemp1                            (abs)        00081
ttemp2                            (abs)        00084
ttemp3                            (abs)        00087
ttemp4                            (abs)        0007F
updateSwitchBypassState@state     cstackBANK0  00022
updateSwitchTap@iCnt              cstackBANK0  00045
updateSwitchTap@tapCntDivisor     cstackBANK0  00043
wait_ms@timeSec                   cstackBANK0  0002E
wait_ms@timemsl                   cstackBANK0  00030
wtemp                             (abs)        0007E
wtemp0                            (abs)        0007E
wtemp1                            (abs)        00080
wtemp2                            (abs)        00082
wtemp3                            (abs)        00084
wtemp4                            (abs)        00086
wtemp5                            (abs)        00088
wtemp6                            (abs)        0007F


FUNCTION INFORMATION:

 *************** function _main *****************
 Defined at:
		line 83 in file "main.c"
 Parameters:    Size  Location     Type
		None
 Auto vars:     Size  Location     Type
  i               2    2[BANK3 ] int 
  i               2    0[BANK3 ] int 
 Return value:  Size  Location     Type
                  1    wreg      void 
 Registers used:
		wreg, fsr0l, fsr0h, fsr1l, fsr1h, status,2, status,0, pclath, cstack
 Tracked objects:
		On entry : 
		On exit  : 
		Unchanged: 
 Data sizes:     COMMON   BANK0   BANK1   BANK2   BANK3   BANK4   BANK5   BANK6   BANK7   BANK8   BANK9  BANK10  BANK11  BANK12  BANK13  BANK14  BANK15  BANK16  BANK17  BANK18
      Params:         0       0       0       0       0       0       0       0       0       0       0       0       0       0       0       0       0       0       0       0
      Locals:         0       0       0       0       4       0       0       0       0       0       0       0       0       0       0       0       0       0       0       0
      Temps:          0       0      15       0       0       0       0       0       0       0       0       0       0       0       0       0       0       0       0       0
      Totals:         0       0      15       0       4       0       0       0       0       0       0       0       0       0       0       0       0       0       0       0
Total ram usage:       19 bytes
 Hardware stack levels required when called:    6
 This function calls:
		_ConfigureOscillator
		_InitApp
		_InitializeTaps
		_ReadSavedSettings
		___altoft
		___awdiv
		___awtoft
		___ftdiv
		___fttol
		_adc_convert
		_initSwitchBypass
		_map
		_modulation
		_read_bottom_tactile
		_read_top_tactile
		_set_subdivision
		_showBootSequence
		_updateSwitchBypass
		_updateSwitchTap
		_update_mode
 This function is called by:
		Startup code after reset
 This function uses a non-reentrant model


 *************** function _update_mode *****************
 Defined at:
		line 82 in file "tactiles.c"
 Parameters:    Size  Location     Type
		None
 Auto vars:     Size  Location     Type
		None
 Return value:  Size  Location     Type
                  1    wreg      void 
 Registers used:
		wreg, fsr0l, fsr0h, status,2, status,0
 Tracked objects:
		On entry : 
		On exit  : 
		Unchanged: 
 Data sizes:     COMMON   BANK0   BANK1   BANK2   BANK3   BANK4   BANK5   BANK6   BANK7   BANK8   BANK9  BANK10  BANK11  BANK12  BANK13  BANK14  BANK15  BANK16  BANK17  BANK18
      Params:         0       0       0       0       0       0       0       0       0       0       0       0       0       0       0       0       0       0       0       0
      Locals:         0       0       0       0       0       0       0       0       0       0       0       0       0       0       0       0       0       0       0       0
      Temps:          0       1       0       0       0       0       0       0       0       0       0       0       0       0       0       0       0       0       0       0
      Totals:         0       1       0       0       0       0       0       0       0       0       0       0       0       0       0       0       0       0       0       0
Total ram usage:        1 bytes
 Hardware stack levels used:    1
 Hardware stack levels required when called:    2
 This function calls:
		Nothing
 This function is called by:
		_main
 This function uses a non-reentrant model


 *************** function _updateSwitchTap *****************
 Defined at:
		line 48 in file "SwitchTap.c"
 Parameters:    Size  Location     Type
		None
 Auto vars:     Size  Location     Type
  tapCntDiviso    2   35[BANK0 ] int 
  iCnt            1   37[BANK0 ] unsigned char 
 Return value:  Size  Location     Type
                  1    wreg      void 
 Registers used:
		wreg, fsr1l, fsr1h, status,2, status,0, pclath, cstack
 Tracked objects:
		On entry : 
		On exit  : 
		Unchanged: 
 Data sizes:     COMMON   BANK0   BANK1   BANK2   BANK3   BANK4   BANK5   BANK6   BANK7   BANK8   BANK9  BANK10  BANK11  BANK12  BANK13  BANK14  BANK15  BANK16  BANK17  BANK18
      Params:         0       0       0       0       0       0       0       0       0       0       0       0       0       0       0       0       0       0       0       0
      Locals:         0       3       0       0       0       0       0       0       0       0       0       0       0       0       0       0       0       0       0       0
      Temps:          0       6       0       0       0       0       0       0       0       0       0       0       0       0       0       0       0       0       0       0
      Totals:         0       9       0       0       0       0       0       0       0       0       0       0       0       0       0       0       0       0       0       0
Total ram usage:        9 bytes
 Hardware stack levels used:    1
 Hardware stack levels required when called:    5
 This function calls:
		___aldiv
		_setDoublePressState
		_setLongTapState
 This function is called by:
		_main
 This function uses a non-reentrant model


 *************** function _setLongTapState *****************
 Defined at:
		line 168 in file "SwitchTap.c"
 Parameters:    Size  Location     Type
  f_state         2    2[BANK0 ] int 
 Auto vars:     Size  Location     Type
		None
 Return value:  Size  Location     Type
                  1    wreg      void 
 Registers used:
		wreg, status,0
 Tracked objects:
		On entry : 
		On exit  : 
		Unchanged: 
 Data sizes:     COMMON   BANK0   BANK1   BANK2   BANK3   BANK4   BANK5   BANK6   BANK7   BANK8   BANK9  BANK10  BANK11  BANK12  BANK13  BANK14  BANK15  BANK16  BANK17  BANK18
      Params:         0       2       0       0       0       0       0       0       0       0       0       0       0       0       0       0       0       0       0       0
      Locals:         0       0       0       0       0       0       0       0       0       0       0       0       0       0       0       0       0       0       0       0
      Temps:          0       2       0       0       0       0       0       0       0       0       0       0       0       0       0       0       0       0       0       0
      Totals:         0       4       0       0       0       0       0       0       0       0       0       0       0       0       0       0       0       0       0       0
Total ram usage:        4 bytes
 Hardware stack levels used:    1
 Hardware stack levels required when called:    2
 This function calls:
		Nothing
 This function is called by:
		_updateSwitchTap
 This function uses a non-reentrant model


 *************** function _updateSwitchBypass *****************
 Defined at:
		line 34 in file "SwitchBypass.c"
 Parameters:    Size  Location     Type
		None
 Auto vars:     Size  Location     Type
		None
 Return value:  Size  Location     Type
                  1    wreg      void 
 Registers used:
		wreg, status,2, status,0, pclath, cstack
 Tracked objects:
		On entry : 
		On exit  : 
		Unchanged: 
[...]
                  2    2[BANK0 ] unsigned int 
 Registers used:
		wreg, status,2, status,0
 Tracked objects:
		On entry : 
		On exit  : 
		Unchanged: 
 Data sizes:     COMMON   BANK0   BANK1   BANK2   BANK3   BANK4   BANK5   BANK6   BANK7   BANK8   BANK9  BANK10  BANK11  BANK12  BANK13  BANK14  BANK15  BANK16  BANK17  BANK18
      Params:         0       2       0       0       0       0       0       0       0       0       0       0       0       0       0       0       0       0       0       0
      Locals:         0       1       0       0       0       0       0       0       0       0       0       0       0       0       0       0       0       0       0       0
      Temps:          0       0       0       0       0       0       0       0       0       0       0       0       0       0       0       0       0       0       0       0
      Totals:         0       3       0       0       0       0       0       0       0       0       0       0       0       0       0       0       0       0       0       0
Total ram usage:        3 bytes
 Hardware stack levels used:    1
 Hardware stack levels required when called:    2
 This function calls:
		Nothing
 This function is called by:
		_ReadSavedSettings
		_FLASH_WriteWord
 This function uses a non-reentrant model


 *************** function _InitializeTaps *****************
 Defined at:
		line 187 in file "user.c"
 Parameters:    Size  Location     Type
		None
 Auto vars:     Size  Location     Type
  itap            2    3[BANK0 ] int 
 Return value:  Size  Location     Type
                  1    wreg      void 
 Registers used:
		wreg, fsr1l, fsr1h, status,2, status,0
 Tracked objects:
		On entry : 
		On exit  : 
		Unchanged: 
 Data sizes:     COMMON   BANK0   BANK1   BANK2   BANK3   BANK4   BANK5   BANK6   BANK7   BANK8   BANK9  BANK10  BANK11  BANK12  BANK13  BANK14  BANK15  BANK16  BANK17  BANK18
      Params:         0       0       0       0       0       0       0       0       0       0       0       0       0       0       0       0       0       0       0       0
      Locals:         0       2       0       0       0       0       0       0       0       0       0       0       0       0       0       0       0       0       0       0
      Temps:          0       1       0       0       0       0       0       0       0       0       0       0       0       0       0       0       0       0       0       0
      Totals:         0       3       0       0       0       0       0       0       0       0       0       0       0       0       0       0       0       0       0       0
Total ram usage:        3 bytes
 Hardware stack levels used:    1
 Hardware stack levels required when called:    2
 This function calls:
		Nothing
 This function is called by:
		_main
 This function uses a non-reentrant model


 *************** function _InitApp *****************
 Defined at:
		line 23 in file "user.c"
 Parameters:    Size  Location     Type
		None
 Auto vars:     Size  Location     Type
		None
 Return value:  Size  Location     Type
                  1    wreg      void 
 Registers used:
		wreg, status,2, status,0, pclath, cstack
 Tracked objects:
		On entry : 
		On exit  : 
		Unchanged: 
 Data sizes:     COMMON   BANK0   BANK1   BANK2   BANK3   BANK4   BANK5   BANK6   BANK7   BANK8   BANK9  BANK10  BANK11  BANK12  BANK13  BANK14  BANK15  BANK16  BANK17  BANK18
      Params:         0       0       0       0       0       0       0       0       0       0       0       0       0       0       0       0       0       0       0       0
      Locals:         0       0       0       0       0       0       0       0       0       0       0       0       0       0       0       0       0       0       0       0
      Temps:          0       0       0       0       0       0       0       0       0       0       0       0       0       0       0       0       0       0       0       0
      Totals:         0       0       0       0       0       0       0       0       0       0       0       0       0       0       0       0       0       0       0       0
Total ram usage:        0 bytes
 Hardware stack levels used:    1
 Hardware stack levels required when called:    4
 This function calls:
		_init_adc
		_init_pwm
 This function is called by:
		_main
 This function uses a non-reentrant model


 *************** function _init_pwm *****************
 Defined at:
		line 123 in file "user.c"
 Parameters:    Size  Location     Type
		None
 Auto vars:     Size  Location     Type
		None
 Return value:  Size  Location     Type
                  1    wreg      void 
 Registers used:
		wreg, status,2, status,0, pclath, cstack
 Tracked objects:
		On entry : 
		On exit  : 
		Unchanged: 
 Data sizes:     COMMON   BANK0   BANK1   BANK2   BANK3   BANK4   BANK5   BANK6   BANK7   BANK8   BANK9  BANK10  BANK11  BANK12  BANK13  BANK14  BANK15  BANK16  BANK17  BANK18
      Params:         0       0       0       0       0       0       0       0       0       0       0       0       0       0       0       0       0       0       0       0
      Locals:         0       0       0       0       0       0       0       0       0       0       0       0       0       0       0       0       0       0       0       0
      Temps:          0       0       0       0       0       0       0       0       0       0       0       0       0       0       0       0       0       0       0       0
      Totals:         0       0       0       0       0       0       0       0       0       0       0       0       0       0       0       0       0       0       0       0
Total ram usage:        0 bytes
 Hardware stack levels used:    1
 Hardware stack levels required when called:    3
 This function calls:
		_init_timer0
		_init_timer2
 This function is called by:
		_InitApp
 This function uses a non-reentrant model


 *************** function _init_timer2 *****************
 Defined at:
		line 156 in file "user.c"
 Parameters:    Size  Location     Type
		None
 Auto vars:     Size  Location     Type
		None
 Return value:  Size  Location     Type
                  1    wreg      void 
 Registers used:
		wreg, status,2, status,0
 Tracked objects:
		On entry : 
		On exit  : 
		Unchanged: 
 Data sizes:     COMMON   BANK0   BANK1   BANK2   BANK3   BANK4   BANK5   BANK6   BANK7   BANK8   BANK9  BANK10  BANK11  BANK12  BANK13  BANK14  BANK15  BANK16  BANK17  BANK18
      Params:         0       0       0       0       0       0       0       0       0       0       0       0       0       0       0       0       0       0       0       0
      Locals:         0       0       0       0       0       0       0       0       0       0       0       0       0       0       0       0       0       0       0       0
      Temps:          0       0       0       0       0       0       0       0       0       0       0       0       0       0       0       0       0       0       0       0
      Totals:         0       0       0       0       0       0       0       0       0       0       0       0       0       0       0       0       0       0       0       0
Total ram usage:        0 bytes
 Hardware stack levels used:    1
 Hardware stack levels required when called:    2
 This function calls:
		Nothing
 This function is called by:
		_init_pwm
 This function uses a non-reentrant model


 *************** function _init_timer0 *****************
 Defined at:
		line 163 in file "user.c"
 Parameters:    Size  Location     Type
		None
 Auto vars:     Size  Location     Type
		None
 Return value:  Size  Location     Type
                  1    wreg      void 
 Registers used:
		None
 Tracked objects:
		On entry : 
		On exit  : 
		Unchanged: 
 Data sizes:     COMMON   BANK0   BANK1   BANK2   BANK3   BANK4   BANK5   BANK6   BANK7   BANK8   BANK9  BANK10  BANK11  BANK12  BANK13  BANK14  BANK15  BANK16  BANK17  BANK18
      Params:         0       0       0       0       0       0       0       0       0       0       0       0       0       0       0       0       0       0       0       0
      Locals:         0       0       0       0       0       0       0       0       0       0       0       0       0       0       0       0       0       0       0       0
      Temps:          0       0       0       0       0       0       0       0       0       0       0       0       0       0       0       0       0       0       0       0
      Totals:         0       0       0       0       0       0       0       0       0       0       0       0       0       0       0       0       0       0       0       0
Total ram usage:        0 bytes
 Hardware stack levels used:    1
 Hardware stack levels required when called:    2
 This function calls:
		Nothing
 This function is called by:
		_init_pwm
 This function uses a non-reentrant model


 *************** function _init_adc *****************
 Defined at:
		line 109 in file "user.c"
 Parameters:    Size  Location     Type
		None
 Auto vars:     Size  Location     Type
		None
 Return value:  Size  Location     Type
                  1    wreg      void 
 Registers used:
		wreg, status,2, status,0
 Tracked objects:
		On entry : 
		On exit  : 
		Unchanged: 
 Data sizes:     COMMON   BANK0   BANK1   BANK2   BANK3   BANK4   BANK5   BANK6   BANK7   BANK8   BANK9  BANK10  BANK11  BANK12  BANK13  BANK14  BANK15  BANK16  BANK17  BANK18
      Params:         0       0       0       0       0       0       0       0       0       0       0       0       0       0       0       0       0       0       0       0
      Locals:         0       0       0       0       0       0       0       0       0       0       0       0       0       0       0       0       0       0       0       0
      Temps:          0       0       0       0       0       0       0       0       0       0       0       0       0       0       0       0       0       0       0       0
      Totals:         0       0       0       0       0       0       0       0       0       0       0       0       0       0       0       0       0       0       0       0
Total ram usage:        0 bytes
 Hardware stack levels used:    1
 Hardware stack levels required when called:    2
 This function calls:
		Nothing
 This function is called by:
		_InitApp
 This function uses a non-reentrant model


 *************** function _ConfigureOscillator *****************
 Defined at:
		line 18 in file "system.c"
 Parameters:    Size  Location     Type
		None
 Auto vars:     Size  Location     Type
		None
 Return value:  Size  Location     Type
                  1    wreg      void 
 Registers used:
		wreg, status,2, status,0
 Tracked objects:
		On entry : 
		On exit  : 
		Unchanged: 
 Data sizes:     COMMON   BANK0   BANK1   BANK2   BANK3   BANK4   BANK5   BANK6   BANK7   BANK8   BANK9  BANK10  BANK11  BANK12  BANK13  BANK14  BANK15  BANK16  BANK17  BANK18
      Params:         0       0       0       0       0       0       0       0       0       0       0       0       0       0       0       0       0       0       0       0
      Locals:         0       0       0       0       0       0       0       0       0       0       0       0       0       0       0       0       0       0       0       0
      Temps:          0       0       0       0       0       0       0       0       0       0       0       0       0       0       0       0       0       0       0       0
      Totals:         0       0       0       0       0       0       0       0       0       0       0       0       0       0       0       0       0       0       0       0
Total ram usage:        0 bytes
 Hardware stack levels used:    1
 Hardware stack levels required when called:    2
 This function calls:
		Nothing
 This function is called by:
		_main
 This function uses a non-reentrant model


 *************** function _isr *****************
 Defined at:
		line 23 in file "interrupts.c"
 Parameters:    Size  Location     Type
		None
 Auto vars:     Size  Location     Type
  tmpSubDelay     2    0[BANK0 ] int 
 Return value:  Size  Location     Type
                  1    wreg      void 
 Registers used:
		wreg, fsr0l, fsr0h, status,2, status,0, pclath, cstack
 Tracked objects:
		On entry : 
		On exit  : 
		Unchanged: 
 Data sizes:     COMMON   BANK0   BANK1   BANK2   BANK3   BANK4   BANK5   BANK6   BANK7   BANK8   BANK9  BANK10  BANK11  BANK12  BANK13  BANK14  BANK15  BANK16  BANK17  BANK18
      Params:         0       0       0       0       0       0       0       0       0       0       0       0       0       0       0       0       0       0       0       0
      Locals:         0       2       0       0       0       0       0       0       0       0       0       0       0       0       0       0       0       0       0       0
      Temps:          9       0       0       0       0       0       0       0       0       0       0       0       0       0       0       0       0       0       0       0
      Totals:         9       2       0       0       0       0       0       0       0       0       0       0       0       0       0       0       0       0       0       0
Total ram usage:       11 bytes
 Hardware stack levels used:    1
 Hardware stack levels required when called:    1
 This function calls:
		i1_set_leds_top
 This function is called by:
		Interrupt level 1
 This function uses a non-reentrant model


 *************** function i1_set_leds_top *****************
 Defined at:
		line 16 in file "LEDs.c"
 Parameters:    Size  Location     Type
  x               2    0[COMMON] int 
  ledState        2    2[COMMON] int 
 Auto vars:     Size  Location     Type
		None
 Return value:  Size  Location     Type
                  1    wreg      void 
 Registers used:
		wreg, fsr0l, fsr0h, status,2, status,0
 Tracked objects:
		On entry : 
		On exit  : 
		Unchanged: 
 Data sizes:     COMMON   BANK0   BANK1   BANK2   BANK3   BANK4   BANK5   BANK6   BANK7   BANK8   BANK9  BANK10  BANK11  BANK12  BANK13  BANK14  BANK15  BANK16  BANK17  BANK18
      Params:         4       0       0       0       0       0       0       0       0       0       0       0       0       0       0       0       0       0       0       0
      Locals:         0       0       0       0       0       0       0       0       0       0       0       0       0       0       0       0       0       0       0       0
      Temps:          0       0       0       0       0       0       0       0       0       0       0       0       0       0       0       0       0       0       0       0
      Totals:         4       0       0       0       0       0       0       0       0       0       0       0       0       0       0       0       0       0       0       0
Total ram usage:        4 bytes
 Hardware stack levels used:    1
 This function calls:
		Nothing
 This function is called by:
		_isr
 This function uses a non-reentrant model



MODULE INFORMATION

Module		Function		Class		Link	Load	Size
C:\Program Files (x86)\Microchip\xc8\v1.37\sources\common\altoft.c
		___altoft      		CODE           	101C	0000	62

C:\Program Files (x86)\Microchip\xc8\v1.37\sources\common\altoft.c estimated size: 62

C:\Program Files (x86)\Microchip\xc8\v1.37\sources\common\ftdiv.c
		___ftdiv       		CODE           	1757	0000	170

C:\Program Files (x86)\Microchip\xc8\v1.37\sources\common\ftdiv.c estimated size: 170

tactiles.c
		_update_mode   		CODE           	0801	0000	66
		_read_bottom_tactile		CODE           	1259	0000	71
		_read_top_tactile		CODE           	12E7	0000	80

tactiles.c estimated size: 217

state_manager.c
		_getCurrentLEDState		CODE           	1E29	0000	19
		_updateSwitchBypassState		CODE           	0002	0000	2
		_restoreLEDState		CODE           	1E3B	0000	23
		_getSwitchBypassState		CODE           	1DCA	0000	5

state_manager.c estimated size: 49

interrupts.c
		_isr           		CODE           	0004	0000	493

interrupts.c estimated size: 493

C:\Program Files (x86)\Microchip\xc8\v1.37\sources\common\fttol.c
		___fttol       		CODE           	1645	0000	136

C:\Program Files (x86)\Microchip\xc8\v1.37\sources\common\fttol.c estimated size: 136

SwitchTap.c
		_setLongTapState		CODE           	1E7E	0000	24
		_updateSwitchTap		CODE           	0B96	0000	489

SwitchTap.c estimated size: 513

C:\Program Files (x86)\Microchip\xc8\v1.37\sources\common\awdiv.c
		___awdiv       		CODE           	13D6	0000	83

C:\Program Files (x86)\Microchip\xc8\v1.37\sources\common\awdiv.c estimated size: 83

C:\Program Files (x86)\Microchip\xc8\v1.37\sources\common\ftadd.c
		___ftadd       		CODE           	0AA0	0000	247

C:\Program Files (x86)\Microchip\xc8\v1.37\sources\common\ftadd.c estimated size: 247

C:\Program Files (x86)\Microchip\xc8\v1.37\sources\common\aldiv.c
		___aldiv       		CODE           	15C3	0000	131

C:\Program Files (x86)\Microchip\xc8\v1.37\sources\common\aldiv.c estimated size: 131

preset_programming.c
		_setDoublePressState		CODE           	1F06	0000	46

preset_programming.c estimated size: 46

C:\Program Files (x86)\Microchip\xc8\v1.37\sources\common\Umul32.c
		___lmul        		CODE           	1F63	0000	49

C:\Program Files (x86)\Microchip\xc8\v1.37\sources\common\Umul32.c estimated size: 49

C:\Program Files (x86)\Microchip\xc8\v1.37\sources\common\ftneg.c
		___ftneg       		CODE           	1DDE	0000	10

C:\Program Files (x86)\Microchip\xc8\v1.37\sources\common\ftneg.c estimated size: 10

shared
		__initialization		CODE           	01F2	0000	183
		i1_set_leds_top		CODE           	129F	0000	73

shared estimated size: 256

LEDs.c
		_set_leds_bottom		CODE           	1FC5	0000	60
		_showBootSequence		CODE           	1EDB	0000	44
		_solidring_tactiles		CODE           	1151	0000	65
		_set_leds_top  		CODE           	1428	0000	85
		_star_tactiles 		CODE           	14E1	0000	112

LEDs.c estimated size: 366

C:\Program Files (x86)\Microchip\xc8\v1.37\sources\common\awtoft.c
		___awtoft      		CODE           	07DC	0000	35

C:\Program Files (x86)\Microchip\xc8\v1.37\sources\common\awtoft.c estimated size: 35

SwitchBypass.c
		_setSwitchBypassState		CODE           	1213	0000	71
		_setFeedbackState		CODE           	1E67	0000	24
		_initSwitchBypass		CODE           	1E09	0000	16
		_updateSwitchBypass		CODE           	09BE	0000	227

SwitchBypass.c estimated size: 338

user.c
		_ReadSavedSettings		CODE           	1550	0000	116
		_map           		CODE           	16CC	0000	140
		_InitApp       		CODE           	1F33	0000	49
		_init_timer0   		CODE           	1DCE	0000	8
		_init_timer2   		CODE           	1DD5	0000	10
		_init_adc      		CODE           	1DE7	0000	11
		_adc_convert   		CODE           	1003	0000	26
		_set_subdivision		CODE           	08F6	0000	201
		_InitializeTaps		CODE           	1EB5	0000	39
		_modulation    		CODE           	11D2	0000	66
		_init_pwm      		CODE           	1191	0000	66

user.c estimated size: 732

C:\Program Files (x86)\Microchip\xc8\v1.37\sources\common\float.c
		___ftpack      		CODE           	147C	0000	102

C:\Program Files (x86)\Microchip\xc8\v1.37\sources\common\float.c estimated size: 102

main.c
		_main          		CODE           	02AC	0000	1329

main.c estimated size: 1329

memory.c
		_FLASH_ReadWord		CODE           	1E95	0000	33

memory.c estimated size: 33

system.c
		_ConfigureOscillator		CODE           	1DC6	0000	5
		_wait_ms       		CODE           	1F93	0000	51

system.c estimated size: 56

C:\Program Files (x86)\Microchip\xc8\v1.37\sources\common\ftmul.c
		___ftmul       		CODE           	0842	0000	181

C:\Program Files (x86)\Microchip\xc8\v1.37\sources\common\ftmul.c estimated size: 181

