Microchip MPLAB XC8 Compiler V1.37 ()

Linker command line:

-W-3 --edf=C:\Program Files (x86)\Microchip\xc8\v1.37\dat\en_msgs.txt -cs \
  -h+dist/Todd/production\Novaplex_V2.X.production.sym \
  --cmf=dist/Todd/production\Novaplex_V2.X.production.cmf -z -Q16F1527 \
  -oC:\Users\Nancy\AppData\Local\Temp\shfg.2 \
  -Mdist/Todd/production/Novaplex_V2.X.production.map -E1 -ver=XC8 \
  -ASTACK=02310h-023e7h -pstack=STACK -ACODE=00h-07FFhx8 \
  -ASTRCODE=00h-03FFFh -ASTRING=00h-0FFhx64 -ACONST=00h-0FFhx64 \
  -AENTRY=00h-0FFhx64 -ACOMMON=070h-07Fh -ABANK0=020h-06Fh \
  -ABANK1=0A0h-0EFh -ABANK2=0120h-016Fh -ABANK3=01A0h-01EFh \
  -ABANK4=0220h-026Fh -ABANK5=02A0h-02EFh -ABANK6=0320h-036Fh \
  -ABANK7=03A0h-03EFh -ABANK8=0420h-046Fh -ABANK9=04A0h-04EFh \
  -ABANK10=0520h-056Fh -ABANK11=05A0h-05EFh -ABANK12=0620h-066Fh \
  -ABANK13=06A0h-06EFh -ABANK14=0720h-076Fh -ABANK15=07A0h-07EFh \
  -ABANK16=0820h-086Fh -ABANK17=08A0h-08EFh -ABANK18=0920h-096Fh \
  -ABIGRAM=02000h-025EFh \
  -ARAM=020h-06Fh,0A0h-0EFh,0120h-016Fh,01A0h-01EFh,0220h-026Fh,02A0h-02EFh,0320h-036Fh,03A0h-03EFh,0420h-046Fh,04A0h-04EFh,0520h-056Fh,05A0h-05EFh,0620h-066Fh,06A0h-06EFh,0720h-076Fh,07A0h-07EFh,0820h-086Fh,08A0h-08EFh,0920h-096Fh \
  -AABS1=020h-07Fh,0A0h-0EFh,0120h-016Fh,01A0h-01EFh,0220h-026Fh,02A0h-02EFh,0320h-036Fh,03A0h-03EFh,0420h-046Fh,04A0h-04EFh,0520h-056Fh,05A0h-05EFh,0620h-066Fh,06A0h-06EFh,0720h-076Fh,07A0h-07EFh,0820h-086Fh,08A0h-08EFh,0920h-096Fh \
  -ASFR0=00h-01Fh -ASFR1=080h-09Fh -ASFR2=0100h-011Fh -ASFR3=0180h-019Fh \
  -ASFR4=0200h-021Fh -ASFR5=0280h-029Fh -ASFR6=0300h-031Fh \
  -ASFR7=0380h-039Fh -ASFR8=0400h-041Fh -ASFR9=0480h-049Fh \
  -ASFR10=0500h-051Fh -ASFR11=0580h-059Fh -ASFR12=0600h-061Fh \
  -ASFR13=0680h-069Fh -ASFR14=0700h-071Fh -ASFR15=0780h-079Fh \
  -ASFR16=0800h-081Fh -ASFR17=0880h-089Fh -ASFR18=0900h-091Fh \
  -ASFR19=0980h-09EFh -ASFR20=0A00h-0A6Fh -ASFR21=0A80h-0AEFh \
  -ASFR22=0B00h-0B6Fh -ASFR23=0B80h-0BEFh -ASFR24=0C00h-0C6Fh \
  -ASFR25=0C80h-0CEFh -ASFR26=0D00h-0D6Fh -ASFR27=0D80h-0DEFh \
  -ASFR28=0E00h-0E6Fh -ASFR29=0E80h-0EEFh -ASFR30=0F00h-0F6Fh \
  -ASFR31=0F80h-0FEFh -preset_vec=00h,intentry=04h,init,end_init \
  -ppowerup=CODE -pcinit=CODE -pfunctab=CODE -ACONFIG=08007h-08008h \
  -pconfig=CONFIG -DCONFIG=2 -AIDLOC=08000h-08003h -pidloc=IDLOC -DIDLOC=2 \
  -DCODE=2 -DSTRCODE=2 -DSTRING=2 -DCONST=2 -DENTRY=2 -k \
  C:\Users\Nancy\AppData\Local\Temp\shfg.obj \
  dist/Todd/production\Novaplex_V2.X.production.obj 

Object code version is 3.11

Machine type is 16F1527



                Name                               Link     Load   Length Selector   Space Scale
C:\Users\Nancy\AppData\Local\Temp\shfg.obj
                end_init                            2E2      2E2        2        8       0
                reset_vec                             0        0        2        0       0
                config                             8007     8007        2    1000E       0
dist/Todd/production\Novaplex_V2.X.production.obj
                cinit                               2E4      2E4       B3        8       0
                intentry                              4        4      2DE        8       0
                text53                             1391     1391       51     2722       0
                text52                             15D2     15D2       82     2BA4       0
                text51                             1ED3     1ED3       2F     3DA6       0
                text50                             115A     115A       41     22B4       0
                text49                             1264     1264       48     24C8       0
                text47                             1D45     1D45        4     3A8A       0
                text46                             1D62     1D62        A     3AC4       0
                text45                             1D49     1D49        7     3A92       0
                text44                             1D50     1D50        9     3AA0       0
                text43                             119B     119B       41     2336       0
                text42                             1F02     1F02       30     3E04       0
                text41                             1E82     1E82       26     3D04       0
                text40                             1E40     1E40       20     3C80       0
                text39                             1028     1028       3B     2050       0
                text38                             1434     1434       54     2868       0
                text37                             155C     155C       76     2AB8       0
                text36                             1DC7     1DC7       13     3B8E       0
                text35                              7FB      7FB        4        8       0
                text34                                3        3        1        6       0
                text33                             1F32     1F32       30     3E64       0
                text32                             1F62     1F62       32     3EC4       0
                text31                             12AC     12AC       4A     2558       0
                text30                             1DA6     1DA6        F     3B4C       0
                text29                             1488     1488       65     2910       0
                text28                              B1E      B1E       F6     163C       0
                text27                              81C      81C       A9     1038       0
                text26                              8C5      8C5       B4     118A       0
                text25                             1D59     1D59        9     3AB2       0
                text24                             16D6     16D6       8B     2DAC       0
                text23                             121D     121D       47     243A       0
                text22                             1341     1341       50     2682       0
                text21                             1E60     1E60       22     3CC0       0
                text20                             12F6     12F6       4B     25EC       0
                text19                             1761     1761       9F     2EC2       0
                text18                             1FC6     1FC6       3A     3F8C       0
                text17                             13E2     13E2       52     27C4       0
                text16                              979      979       BA     12F2       0
                text15                             1DF0     1DF0       19     3BE0       0
                text14                             1E23     1E23       1D     3C46       0
                text13                             111A     111A       40     2234       0
                text12                             14ED     14ED       6F     29DA       0
                text11                             1EA8     1EA8       2B     3D50       0
                text10                             1F94     1F94       32     3F28       0
                text9                              1E09     1E09       1A     3C12       0
                text8                               A33      A33       EB     1466       0
                text7                              1654     1654       82     2CA8       0
                text6                               802      802       1A     1004       0
                text5                               C14      C14      1E4     1828       0
                text4                              1D6C     1D6C        A     3AD8       0
                text3                              1D42     1D42        3     3A84       0
                text2                              1DDA     1DDA       16     3BB4       0
                text1                              11DC     11DC       41     23B8       0
                maintext                            397      397      464        8       0
                cstackBANK0                          20       20       25       20       1
                cstackCOMMON                         70       70        D       70       1
                cstackBANK1                          A0       A0       50       A0       1
                cstackBANK2                         120      120       31      120       1
                cstackBANK4                         248      248        6      220       1
                inittext                           1D81     1D81        C     3B02       0
                clrtext                            1D8D     1D8D        C     3B1A       0
                bssBANK9                            4A0      4A0       40      4A0       1
                dataBANK8                           420      420       3D      420       1
                dataBANK7                           3A0      3A0       3D      3A0       1
                dataBANK6                           320      320       3D      320       1
                bssBANK5                            2A0      2A0       2C      2A0       1
                dataBANK4                           220      220       28      220       1
                bssBANK4                            24E      24E        4      220       1
                dataBANK3                           1E0      1E0        B      1A0       1
                bssBANK3                            1A0      1A0       40      1A0       1
                dataBANK2                           162      162        D      120       1
                bssBANK2                            151      151       11      120       1
                dataBANK0                            58       58       12       20       1
                bssBANK0                             45       45       13       20       1
                dataCOMMON                           7D       7D        1       70       1
                nvBANK3                             1EB      1EB        2      1A0       1
                idataBIGRAM                         DF8      DF8      208     1BF0       0
                idataBANK8                         1063     1063       3D     20C6       0
                idataBANK7                         10A0     10A0       3D     2140       0
                idataBANK6                         10DD     10DD       3D     21BA       0
                idataBANK4                         1000     1000       28     1BF0       0
                idataBANK3                         1D76     1D76        B     3AEC       0
                idataBANK2                         1D99     1D99        D     3B32       0
                idataBANK0                         1DB5     1DB5       12     3B6A       0
                idataCOMMON                         7FF      7FF        1        8       0

TOTAL           Name                               Link     Load   Length     Space
        CLASS   STACK          

        CLASS   CODE           
                end_init                            2E2      2E2        2         0
                cinit                               2E4      2E4       B3         0
                intentry                              4        4      2DE         0
                reset_vec                             0        0        2         0
                text53                             1391     1391       51         0
                text52                             15D2     15D2       82         0
                text51                             1ED3     1ED3       2F         0
                text50                             115A     115A       41         0
                text49                             1264     1264       48         0
                text47                             1D45     1D45        4         0
                text46                             1D62     1D62        A         0
                text45                             1D49     1D49        7         0
                text44                             1D50     1D50        9         0
                text43                             119B     119B       41         0
                text42                             1F02     1F02       30         0
                text41                             1E82     1E82       26         0
                text40                             1E40     1E40       20         0
                text39                             1028     1028       3B         0
                text38                             1434     1434       54         0
                text37                             155C     155C       76         0
                text36                             1DC7     1DC7       13         0
                text35                              7FB      7FB        4         0
                text34                                3        3        1         0
                text33                             1F32     1F32       30         0
                text32                             1F62     1F62       32         0
                text31                             12AC     12AC       4A         0
                text30                             1DA6     1DA6        F         0
                text29                             1488     1488       65         0
                text28                              B1E      B1E       F6         0
                text27                              81C      81C       A9         0
                text26                              8C5      8C5       B4         0
                text25                             1D59     1D59        9         0
                text24                             16D6     16D6       8B         0
                text23                             121D     121D       47         0
                text22                             1341     1341       50         0
                text21                             1E60     1E60       22         0
                text20                             12F6     12F6       4B         0
                text19                             1761     1761       9F         0
                text18                             1FC6     1FC6       3A         0
                text17                             13E2     13E2       52         0
                text16                              979      979       BA         0
                text15                             1DF0     1DF0       19         0
                text14                             1E23     1E23       1D         0
                text13                             111A     111A       40         0
                text12                             14ED     14ED       6F         0
                text11                             1EA8     1EA8       2B         0
                text10                             1F94     1F94       32         0
                text9                              1E09     1E09       1A         0
                text8                               A33      A33       EB         0
                text7                              1654     1654       82         0
                text6                               802      802       1A         0
                text5                               C14      C14      1E4         0
                text4                              1D6C     1D6C        A         0
                text3                              1D42     1D42        3         0
                text2                              1DDA     1DDA       16         0
                text1                              11DC     11DC       41         0
                maintext                            397      397      464         0
                inittext                           1D81     1D81        C         0
                clrtext                            1D8D     1D8D        C         0
                idataBIGRAM                         DF8      DF8      208         0
                idataBANK8                         1063     1063       3D         0
                idataBANK7                         10A0     10A0       3D         0
                idataBANK6                         10DD     10DD       3D         0
                idataBANK4                         1000     1000       28         0
                idataBANK3                         1D76     1D76        B         0
                idataBANK2                         1D99     1D99        D         0
                idataBANK0                         1DB5     1DB5       12         0
                idataCOMMON                         7FF      7FF        1         0

        CLASS   STRCODE        

        CLASS   STRING         

        CLASS   CONST          

        CLASS   ENTRY          

        CLASS   COMMON         
                cstackCOMMON                         70       70        D         1
                dataCOMMON                           7D       7D        1         1

        CLASS   BANK0          
                cstackBANK0                          20       20       25         1
                dataBANK0                            58       58       12         1
                bssBANK0                             45       45       13         1

        CLASS   BANK1          
                cstackBANK1                          A0       A0       50         1

        CLASS   BANK2          
                cstackBANK2                         120      120       31         1
                dataBANK2                           162      162        D         1
                bssBANK2                            151      151       11         1

        CLASS   BANK3          
                dataBANK3                           1E0      1E0        B         1
                bssBANK3                            1A0      1A0       40         1
                nvBANK3                             1EB      1EB        2         1

        CLASS   BANK4          
                cstackBANK4                         248      248        6         1
                dataBANK4                           220      220       28         1
                bssBANK4                            24E      24E        4         1

        CLASS   BANK5          
                bssBANK5                            2A0      2A0       2C         1

        CLASS   BANK6          
                dataBANK6                           320      320       3D         1

        CLASS   BANK7          
                dataBANK7                           3A0      3A0       3D         1

        CLASS   BANK8          
                dataBANK8                           420      420       3D         1

        CLASS   BANK9          
                bssBANK9                            4A0      4A0       40         1

        CLASS   BANK10         

        CLASS   BANK11         

        CLASS   BANK12         

        CLASS   BANK13         

        CLASS   BANK14         

        CLASS   BANK15         

        CLASS   BANK16         

        CLASS   BANK17         

        CLASS   BANK18         

        CLASS   BIGRAM         

        CLASS   RAM            

        CLASS   ABS1           
                abs_s1                               7E       7E        2         1
                abs_s1                              648      648       28         1
                abs_s1                              6A0      6A0       50         1
                abs_s1                              720      720       50         1
                abs_s1                              7A0      7A0       50         1
                abs_s1                              820      820       50         1
                abs_s1                              8A0      8A0       50         1
                abs_s1                              920      920       50         1
                abs_s1                             23E8     23E8        0         1

        CLASS   SFR0           

        CLASS   SFR1           

        CLASS   SFR2           

        CLASS   SFR3           

        CLASS   SFR4           

        CLASS   SFR5           

        CLASS   SFR6           

        CLASS   SFR7           

        CLASS   SFR8           

        CLASS   SFR9           

        CLASS   SFR10          

        CLASS   SFR11          

        CLASS   SFR12          

        CLASS   SFR13          

        CLASS   SFR14          

        CLASS   SFR15          

        CLASS   SFR16          

        CLASS   SFR17          

        CLASS   SFR18          

        CLASS   SFR19          

        CLASS   SFR20          

        CLASS   SFR21          

        CLASS   SFR22          

        CLASS   SFR23          

        CLASS   SFR24          

        CLASS   SFR25          

        CLASS   SFR26          

        CLASS   SFR27          

        CLASS   SFR28          

        CLASS   SFR29          

        CLASS   SFR30          

        CLASS   SFR31          

        CLASS   CONFIG         
                config                             8007     8007        2         0

        CLASS   IDLOC          

        CLASS   BANK31         

        CLASS   BANK30         

        CLASS   BANK29         

        CLASS   BANK28         

        CLASS   BANK27         

        CLASS   BANK26         

        CLASS   BANK25         

        CLASS   BANK24         

        CLASS   BANK23         

        CLASS   BANK22         

        CLASS   BANK21         

        CLASS   BANK20         

        CLASS   BANK19         

        CLASS   EEDATA         



SEGMENTS        Name                           Load    Length   Top    Selector   Space  Class     Delta

                reset_vec                      000000  000002  000002         0       0  CODE        2
                text34                         000003  000001  000004         6       0  CODE        2
                intentry                       000004  0007FC  000800         8       0  CODE        2
                cstackBANK0                    000020  00004A  00006A        20       1  BANK0       1
                cstackCOMMON                   000070  00000E  00007E        70       1  COMMON      1
                cstackBANK1                    0000A0  000050  0000F0        A0       1  BANK1       1
                cstackBANK2                    000120  00004F  00016F       120       1  BANK2       1
                bssBANK3                       0001A0  00004D  0001ED       1A0       1  BANK3       1
                dataBANK4                      000220  000032  000252       220       1  BANK4       1
                bssBANK5                       0002A0  00002C  0002CC       2A0       1  BANK5       1
                dataBANK6                      000320  00003D  00035D       320       1  BANK6       1
                dataBANK7                      0003A0  00003D  0003DD       3A0       1  BANK7       1
                dataBANK8                      000420  00003D  00045D       420       1  BANK8       1
                bssBANK9                       0004A0  000040  0004E0       4A0       1  BANK9       1
                text6                          000802  00001A  00081C      1004       0  CODE        2
                text27                         00081C  0000A9  0008C5      1038       0  CODE        2
                text26                         0008C5  0000B4  000979      118A       0  CODE        2
                text16                         000979  0000BA  000A33      12F2       0  CODE        2
                text8                          000A33  0000EB  000B1E      1466       0  CODE        2
                text28                         000B1E  0000F6  000C14      163C       0  CODE        2
                text5                          000C14  0001E4  000DF8      1828       0  CODE        2
                idataBIGRAM                    000DF8  000230  001028      1BF0       0  CODE        2
                text39                         001028  00003B  001063      2050       0  CODE        2
                idataBANK8                     001063  00003D  0010A0      20C6       0  CODE        2
                idataBANK7                     0010A0  00003D  0010DD      2140       0  CODE        2
                idataBANK6                     0010DD  00003D  00111A      21BA       0  CODE        2
                text13                         00111A  000040  00115A      2234       0  CODE        2
                text50                         00115A  000041  00119B      22B4       0  CODE        2
                text43                         00119B  000041  0011DC      2336       0  CODE        2
                text1                          0011DC  000041  00121D      23B8       0  CODE        2
                text23                         00121D  000047  001264      243A       0  CODE        2
                text49                         001264  000048  0012AC      24C8       0  CODE        2
                text31                         0012AC  00004A  0012F6      2558       0  CODE        2
                text20                         0012F6  00004B  001341      25EC       0  CODE        2
                text22                         001341  000050  001391      2682       0  CODE        2
                text53                         001391  000051  0013E2      2722       0  CODE        2
                text17                         0013E2  000052  001434      27C4       0  CODE        2
                text38                         001434  000054  001488      2868       0  CODE        2
                text29                         001488  000065  0014ED      2910       0  CODE        2
                text12                         0014ED  00006F  00155C      29DA       0  CODE        2
                text37                         00155C  000076  0015D2      2AB8       0  CODE        2
                text52                         0015D2  000082  001654      2BA4       0  CODE        2
                text7                          001654  000082  0016D6      2CA8       0  CODE        2
                text24                         0016D6  00008B  001761      2DAC       0  CODE        2
                text19                         001761  00009F  001800      2EC2       0  CODE        2
                text3                          001D42  000003  001D45      3A84       0  CODE        2
                text47                         001D45  000004  001D49      3A8A       0  CODE        2
                text45                         001D49  000007  001D50      3A92       0  CODE        2
                text44                         001D50  000009  001D59      3AA0       0  CODE        2
                text25                         001D59  000009  001D62      3AB2       0  CODE        2
                text46                         001D62  00000A  001D6C      3AC4       0  CODE        2
                text4                          001D6C  00000A  001D76      3AD8       0  CODE        2
                idataBANK3                     001D76  00000B  001D81      3AEC       0  CODE        2
                inittext                       001D81  00000C  001D8D      3B02       0  CODE        2
                clrtext                        001D8D  00000C  001D99      3B1A       0  CODE        2
                idataBANK2                     001D99  00000D  001DA6      3B32       0  CODE        2
                text30                         001DA6  00000F  001DB5      3B4C       0  CODE        2
                idataBANK0                     001DB5  000012  001DC7      3B6A       0  CODE        2
                text36                         001DC7  000013  001DDA      3B8E       0  CODE        2
                text2                          001DDA  000016  001DF0      3BB4       0  CODE        2
                text15                         001DF0  000019  001E09      3BE0       0  CODE        2
                text9                          001E09  00001A  001E23      3C12       0  CODE        2
                text14                         001E23  00001D  001E40      3C46       0  CODE        2
                text40                         001E40  000020  001E60      3C80       0  CODE        2
                text21                         001E60  000022  001E82      3CC0       0  CODE        2
                text41                         001E82  000026  001EA8      3D04       0  CODE        2
                text11                         001EA8  00002B  001ED3      3D50       0  CODE        2
                text51                         001ED3  00002F  001F02      3DA6       0  CODE        2
                text42                         001F02  000030  001F32      3E04       0  CODE        2
                text33                         001F32  000030  001F62      3E64       0  CODE        2
                text32                         001F62  000032  001F94      3EC4       0  CODE        2
                text10                         001F94  000032  001FC6      3F28       0  CODE        2
                text18                         001FC6  00003A  002000      3F8C       0  CODE        2
                config                         008007  000002  008009     1000E       0  CONFIG      2


UNUSED ADDRESS RANGES

        Name                Unused          Largest block    Delta
        BANK0            0006A-0006F               6           1
        BANK10           00520-0056F              50           1
        BANK11           005A0-005EF              50           1
        BANK12           00620-00647              28           1
        BANK2            0016F-0016F               1           1
        BANK3            001ED-001EF               3           1
        BANK4            00252-0026F              1E           1
        BANK5            002CC-002EF              24           1
        BANK6            0035D-0036F              13           1
        BANK7            003DD-003EF              13           1
        BANK8            0045D-0046F              13           1
        BANK9            004E0-004EF              10           1
        BIGRAM           02000-025EF             5F0           1
        CODE             00002-00002               1           2
                         00800-00801               2
                         01800-01D41             542
                         02000-03FFF             800
        CONST            00002-00002               1           2
                         00800-00801               2
                         01800-01D41             100
                         02000-03FFF             100
        ENTRY            00002-00002               1           2
                         00800-00801               2
                         01800-01D41             100
                         02000-03FFF             100
        IDLOC            08000-08003               4           2
        RAM              0006A-0006F               6           1
                         0016F-0016F               1
                         001ED-001EF               3
                         00252-0026F              1E
                         002CC-002EF              24
                         0035D-0036F              13
                         003DD-003EF              13
                         0045D-0046F              13
                         004E0-004EF              10
                         00520-0056F              50
                         005A0-005EF              50
                         00620-00647              28
        SFR0             00000-0001F              20           1
        SFR1             00080-0009F              20           1
        SFR10            00500-0051F              20           1
        SFR11            00580-0059F              20           1
        SFR12            00600-0061F              20           1
        SFR13            00680-0069F              20           1
        SFR14            00700-0071F              20           1
        SFR15            00780-0079F              20           1
        SFR16            00800-0081F              20           1
        SFR17            00880-0089F              20           1
        SFR18            00900-0091F              20           1
        SFR19            00980-009EF              70           1
        SFR2             00100-0011F              20           1
        SFR20            00A00-00A6F              70           1
        SFR21            00A80-00AEF              70           1
        SFR22            00B00-00B6F              70           1
        SFR23            00B80-00BEF              70           1
        SFR24            00C00-00C6F              70           1
        SFR25            00C80-00CEF              70           1
        SFR26            00D00-00D6F              70           1
        SFR27            00D80-00DEF              70           1
        SFR28            00E00-00E6F              70           1
        SFR29            00E80-00EEF              70           1
        SFR3             00180-0019F              20           1
        SFR30            00F00-00F6F              70           1
        SFR31            00F80-00FEF              70           1
        SFR4             00200-0021F              20           1
        SFR5             00280-0029F              20           1
        SFR6             00300-0031F              20           1
        SFR7             00380-0039F              20           1
        SFR8             00400-0041F              20           1
        SFR9             00480-0049F              20           1
        STACK            02310-023E7              D8           1
        STRCODE          00002-00002               1           2
                         00800-00801               2
                         01800-01D41             542
                         02000-03FFF            2000
        STRING           00002-00002               1           2
                         00800-00801               2
                         01800-01D41             100
                         02000-03FFF             100

                                  Symbol Table

?_FLASH_ReadWord                    cstackBANK1  000A0
?___aldiv                           cstackBANK1  000A0
?___altoft                          cstackBANK2  00126
?___awdiv                           cstackCOMMON 00070
?___awtoft                          cstackBANK1  000A8
?___ftadd                           cstackBANK1  000A8
?___ftdiv                           cstackBANK1  000C5
?___ftmul                           cstackBANK1  000B5
?___ftneg                           cstackBANK1  000A0
?___ftpack                          cstackBANK1  000A0
?___fttol                           cstackBANK1  000E7
?___lmul                            cstackBANK1  000A0
?_adc_convert                       cstackBANK1  000A0
?_getSwitchBypassState              cstackBANK1  000A0
?_map                               cstackBANK1  000D5
?_modulation                        cstackBANK0  0002E
?_set_subdivision                   cstackBANK2  00136
?_trunc                             cstackBANK2  0012E
?i1___aldiv                         cstackBANK0  00020
?i1___lmul                          cstackCOMMON 00070
FLASH_ReadWord@GIEBitValue          cstackBANK1  000A2
FLASH_ReadWord@flashAddr            cstackBANK1  000A0
InitializeTaps@itap                 cstackBANK1  000A1
_ADCON0bits                         (abs)        0009D
_ADCON1bits                         (abs)        0009E
_ADRESH                             (abs)        0009C
_ADRESL                             (abs)        0009B
_ANSELEbits                         (abs)        00190
_ANSELFbits                         (abs)        0040C
_APFCONbits                         (abs)        0011D
_B25k                               dataBANK4    00220
_B25kLength                         nvBANK3      001EB
_CCP10CONbits                       (abs)        0061F
_CCP1CONbits                        (abs)        00293
_CCP2CONbits                        (abs)        0029A
_CCP3CONbits                        (abs)        00313
_CCP4CONbits                        (abs)        0031A
_CCP5CONbits                        (abs)        0031E
_CCP6CONbits                        (abs)        00613
_CCP7CONbits                        (abs)        00616
_CCP8CONbits                        (abs)        00619
_CCP9CONbits                        (abs)        0061C
_CCPR1                              (abs)        00291
_CCPR2                              (abs)        00298
_CCPR3                              (abs)        00311
_CCPR4                              (abs)        00318
_CCPR5                              (abs)        0031C
_CCPR9                              (abs)        0061A
_CCPTMRS0                           (abs)        0029D
_CCPTMRS1                           (abs)        0029E
_CCPTMRS2                           (abs)        0029F
_ConfigureOscillator                text47       01D45
_FLASH_ReadWord                     text40       01E40
_INTCONbits                         (abs)        0000B
_InitApp                            text42       01F02
_InitializeTaps                     text41       01E82
_LATBbits                           (abs)        0010D
_LATDbits                           (abs)        0010F
_LATFbits                           (abs)        0038C
_LATGbits                           (abs)        0038D
_OPTION_REGbits                     (abs)        00095
_OSCCONbits                         (abs)        00099
_PMADRH                             (abs)        00192
_PMADRL                             (abs)        00191
_PMCON1bits                         (abs)        00195
_PMCON2                             (abs)        00196
_PMDATH                             (abs)        00194
_PMDATL                             (abs)        00193
_PORTAbits                          (abs)        0000C
_PORTCbits                          (abs)        0000E
_PORTDbits                          (abs)        0000F
_PORTEbits                          (abs)        00010
_PR2                                (abs)        0001B
_ReadSavedSettings                  text37       0155C
_T2CONbits                          (abs)        0001C
_TRISBbits                          (abs)        0008D
_TRISCbits                          (abs)        0008E
_TRISDbits                          (abs)        0008F
_TRISEbits                          (abs)        00090
_TRISFbits                          (abs)        0030C
_TRISGbits                          (abs)        0030D
__CFG_BOREN$ON                      (abs)        00000
__CFG_BORV$LO                       (abs)        00000
__CFG_CLKOUTEN$OFF                  (abs)        00000
__CFG_CP$OFF                        (abs)        00000
__CFG_FCMEN$ON                      (abs)        00000
__CFG_FOSC$HS                       (abs)        00000
__CFG_IESO$ON                       (abs)        00000
__CFG_LPBOR$OFF                     (abs)        00000
__CFG_LVP$OFF                       (abs)        00000
__CFG_MCLRE$ON                      (abs)        00000
__CFG_PWRTE$OFF                     (abs)        00000
__CFG_STVREN$ON                     (abs)        00000
__CFG_VCAPEN$OFF                    (abs)        00000
__CFG_WDTE$OFF                      (abs)        00000
__CFG_WRT$OFF                       (abs)        00000
__Habs1                             abs1         00000
__Hbank0                            bank0        00000
__Hbank1                            bank1        00000
__Hbank10                           bank10       00000
__Hbank11                           bank11       00000
__Hbank12                           bank12       00000
__Hbank13                           bank13       00000
__Hbank14                           bank14       00000
__Hbank15                           bank15       00000
__Hbank16                           bank16       00000
__Hbank17                           bank17       00000
__Hbank18                           bank18       00000
__Hbank19                           bank19       00000
__Hbank2                            bank2        00000
__Hbank20                           bank20       00000
__Hbank21                           bank21       00000
__Hbank22                           bank22       00000
__Hbank23                           bank23       00000
__Hbank24                           bank24       00000
__Hbank25                           bank25       00000
__Hbank26                           bank26       00000
__Hbank27                           bank27       00000
__Hbank28                           bank28       00000
__Hbank29                           bank29       00000
__Hbank3                            bank3        00000
__Hbank30                           bank30       00000
__Hbank31                           bank31       00000
__Hbank4                            bank4        00000
__Hbank5                            bank5        00000
__Hbank6                            bank6        00000
__Hbank7                            bank7        00000
__Hbank8                            bank8        00000
__Hbank9                            bank9        00000
__Hbigram                           bigram       00000
__HbssBANK0                         bssBANK0     00000
__HbssBANK2                         bssBANK2     00000
__HbssBANK3                         bssBANK3     00000
__HbssBANK4                         bssBANK4     00000
__HbssBANK5                         bssBANK5     00000
__HbssBANK9                         bssBANK9     00000
__Hcinit                            cinit        00397
__Hclrtext                          clrtext      00000
__Hcode                             code         00000
__Hcommon                           common       00000
__Hconfig                           config       08009
__HcstackBANK0                      cstackBANK0  00000
__HcstackBANK1                      cstackBANK1  00000
__HcstackBANK2                      cstackBANK2  00000
__HcstackBANK4                      cstackBANK4  00000
__HcstackCOMMON                     cstackCOMMON 00000
__HdataBANK0                        dataBANK0    00000
__HdataBANK2                        dataBANK2    00000
__HdataBANK3                        dataBANK3    00000
__HdataBANK4                        dataBANK4    00000
__HdataBANK6                        dataBANK6    00000
__HdataBANK7                        dataBANK7    00000
__HdataBANK8                        dataBANK8    00000
__HdataCOMMON                       dataCOMMON   00000
__Heeprom_data                      eeprom_data  00000
__Hend_init                         end_init     002E4
__Hfunctab                          functab      00000
__HidataBANK0                       idataBANK0   00000
__HidataBANK2                       idataBANK2   00000
__HidataBANK3                       idataBANK3   00000
__HidataBANK4                       idataBANK4   00000
__HidataBANK6                       idataBANK6   00000
__HidataBANK7                       idataBANK7   00000
__HidataBANK8                       idataBANK8   00000
__HidataBIGRAM                      idataBIGRAM  00000
__HidataCOMMON                      idataCOMMON  00000
__Hidloc                            idloc        00000
__Hinit                             init         002E2
__Hinittext                         inittext     00000
__Hintentry                         intentry     002E2
__Hmaintext                         maintext     00000
__HnvBANK3                          nvBANK3      00000
__Hpowerup                          powerup      00000
__Hram                              ram          00000
__Hreset_vec                        reset_vec    00002
__Hsfr0                             sfr0         00000
__Hsfr1                             sfr1         00000
__Hsfr10                            sfr10        00000
__Hsfr11                            sfr11        00000
__Hsfr12                            sfr12        00000
__Hsfr13                            sfr13        00000
__Hsfr14                            sfr14        00000
__Hsfr15                            sfr15        00000
__Hsfr16                            sfr16        00000
__Hsfr17                            sfr17        00000
__Hsfr18                            sfr18        00000
__Hsfr19                            sfr19        00000
__Hsfr2                             sfr2         00000
__Hsfr20                            sfr20        00000
__Hsfr21                            sfr21        00000
__Hsfr22                            sfr22        00000
__Hsfr23                            sfr23        00000
__Hsfr24                            sfr24        00000
__Hsfr25                            sfr25        00000
__Hsfr26                            sfr26        00000
__Hsfr27                            sfr27        00000
__Hsfr28                            sfr28        00000
__Hsfr29                            sfr29        00000
__Hsfr3                             sfr3         00000
__Hsfr30                            sfr30        00000
__Hsfr31                            sfr31        00000
__Hsfr4                             sfr4         00000
__Hsfr5                             sfr5         00000
__Hsfr6                             sfr6         00000
__Hsfr7                             sfr7         00000
__Hsfr8                             sfr8         00000
__Hsfr9                             sfr9         00000
__Hspace_0                          (abs)        08009
__Hspace_1                          (abs)        004E0
__Hspace_2                          (abs)        00000
__Hspace_3                          (abs)        00000
__Hstack                            stack        00000
__Hstrings                          strings      00000
__Htext                             text         00000
__Labs1                             abs1         00000
__Lbank0                            bank0        00000
__Lbank1                            bank1        00000
__Lbank10                           bank10       00000
__Lbank11                           bank11       00000
__Lbank12                           bank12       00000
__Lbank13                           bank13       00000
__Lbank14                           bank14       00000
__Lbank15                           bank15       00000
__Lbank16                           bank16       00000
__Lbank17                           bank17       00000
__Lbank18                           bank18       00000
__Lbank19                           bank19       00000
__Lbank2                            bank2        00000
__Lbank20                           bank20       00000
__Lbank21                           bank21       00000
__Lbank22                           bank22       00000
__Lbank23                           bank23       00000
__Lbank24                           bank24       00000
__Lbank25                           bank25       00000
__Lbank26                           bank26       00000
__Lbank27                           bank27       00000
__Lbank28                           bank28       00000
__Lbank29                           bank29       00000
__Lbank3                            bank3        00000
__Lbank30                           bank30       00000
__Lbank31                           bank31       00000
__Lbank4                            bank4        00000
__Lbank5                            bank5        00000
__Lbank6                            bank6        00000
__Lbank7                            bank7        00000
__Lbank8                            bank8        00000
__Lbank9                            bank9        00000
__Lbigram                           bigram       00000
__LbssBANK0                         bssBANK0     00000
__LbssBANK2                         bssBANK2     00000
__LbssBANK3                         bssBANK3     00000
__LbssBANK4                         bssBANK4     00000
__LbssBANK5                         bssBANK5     00000
__LbssBANK9                         bssBANK9     00000
__Lcinit                            cinit        002E4
__Lclrtext                          clrtext      00000
__Lcode                             code         00000
__Lcommon                           common       00000
__Lconfig                           config       08007
__LcstackBANK0                      cstackBANK0  00000
__LcstackBANK1                      cstackBANK1  00000
__LcstackBANK2                      cstackBANK2  00000
__LcstackBANK4                      cstackBANK4  00000
__LcstackCOMMON                     cstackCOMMON 00000
__LdataBANK0                        dataBANK0    00000
__LdataBANK2                        dataBANK2    00000
__LdataBANK3                        dataBANK3    00000
__LdataBANK4                        dataBANK4    00000
__LdataBANK6                        dataBANK6    00000
__LdataBANK7                        dataBANK7    00000
__LdataBANK8                        dataBANK8    00000
__LdataCOMMON                       dataCOMMON   00000
__Leeprom_data                      eeprom_data  00000
__Lend_init                         end_init     002E2
__Lfunctab                          functab      00000
__LidataBANK0                       idataBANK0   00000
__LidataBANK2                       idataBANK2   00000
__LidataBANK3                       idataBANK3   00000
__LidataBANK4                       idataBANK4   00000
__LidataBANK6                       idataBANK6   00000
__LidataBANK7                       idataBANK7   00000
__LidataBANK8                       idataBANK8   00000
__LidataBIGRAM                      idataBIGRAM  00000
__LidataCOMMON                      idataCOMMON  00000
__Lidloc                            idloc        00000
__Linit                             init         002E2
__Linittext                         inittext     00000
__Lintentry                         intentry     00004
__Lmaintext                         maintext     00000
__LnvBANK3                          nvBANK3      00000
__Lpowerup                          powerup      00000
__Lram                              ram          00000
__Lreset_vec                        reset_vec    00000
__Lsfr0                             sfr0         00000
__Lsfr1                             sfr1         00000
__Lsfr10                            sfr10        00000
__Lsfr11                            sfr11        00000
__Lsfr12                            sfr12        00000
__Lsfr13                            sfr13        00000
__Lsfr14                            sfr14        00000
__Lsfr15                            sfr15        00000
__Lsfr16                            sfr16        00000
__Lsfr17                            sfr17        00000
__Lsfr18                            sfr18        00000
__Lsfr19                            sfr19        00000
__Lsfr2                             sfr2         00000
__Lsfr20                            sfr20        00000
__Lsfr21                            sfr21        00000
__Lsfr22                            sfr22        00000
__Lsfr23                            sfr23        00000
__Lsfr24                            sfr24        00000
__Lsfr25                            sfr25        00000
__Lsfr26                            sfr26        00000
__Lsfr27                            sfr27        00000
__Lsfr28                            sfr28        00000
__Lsfr29                            sfr29        00000
__Lsfr3                             sfr3         00000
__Lsfr30                            sfr30        00000
__Lsfr31                            sfr31        00000
__Lsfr4                             sfr4         00000
__Lsfr5                             sfr5         00000
__Lsfr6                             sfr6         00000
__Lsfr7                             sfr7         00000
__Lsfr8                             sfr8         00000
__Lsfr9                             sfr9         00000
__Lspace_0                          (abs)        00000
__Lspace_1                          (abs)        00000
__Lspace_2                          (abs)        00000
__Lspace_3                          (abs)        00000
__Lstack                            stack        00000
__Lstrings                          strings      00000
__Ltext                             text         00000
__S0                                (abs)        08009
__S1                                (abs)        004E0
__S2                                (abs)        00000
___aldiv                            text7        01654
___aldiv@counter                    cstackBANK1  000A9
___aldiv@dividend                   cstackBANK1  000A4
___aldiv@divisor                    cstackBANK1  000A0
___aldiv@quotient                   cstackBANK1  000AB
___aldiv@sign                       cstackBANK1  000AA
___altoft                           text20       012F6
___altoft@c                         cstackBANK2  00126
___altoft@exp                       cstackBANK2  0012C
___altoft@sign                      cstackBANK2  0012D
___awdiv                            text53       01391
___awdiv@counter                    cstackCOMMON 00075
___awdiv@dividend                   cstackCOMMON 00072
___awdiv@divisor                    cstackCOMMON 00070
___awdiv@quotient                   cstackCOMMON 00077
___awdiv@sign                       cstackCOMMON 00076
___awtoft                           text21       01E60
___awtoft@c                         cstackBANK1  000A8
___awtoft@sign                      cstackBANK1  000AD
___ftadd                            text28       00B1E
___ftadd@exp1                       cstackBANK1  000B4
___ftadd@exp2                       cstackBANK1  000B3
___ftadd@f1                         cstackBANK1  000A8
___ftadd@f2                         cstackBANK1  000AB
___ftadd@sign                       cstackBANK1  000B2
___ftdiv                            text27       0081C
___ftdiv@cntr                       cstackBANK1  000CF
___ftdiv@exp                        cstackBANK1  000D3
___ftdiv@f1                         cstackBANK1  000C8
___ftdiv@f2                         cstackBANK1  000C5
___ftdiv@f3                         cstackBANK1  000D0
___ftdiv@sign                       cstackBANK1  000D4
___ftmul                            text26       008C5
___ftmul@cntr                       cstackBANK1  000C3
___ftmul@exp                        cstackBANK1  000BF
___ftmul@f1                         cstackBANK1  000B5
___ftmul@f2                         cstackBANK1  000B8
___ftmul@f3_as_product              cstackBANK1  000C0
___ftmul@sign                       cstackBANK1  000C4
___ftneg                            text25       01D59
___ftneg@f1                         cstackBANK1  000A0
___ftpack                           text29       01488
___ftpack@arg                       cstackBANK1  000A0
___ftpack@exp                       cstackBANK1  000A3
___ftpack@sign                      cstackBANK1  000A4
___fttol                            text19       01761
___fttol@exp1                       cstackBANK2  00125
___fttol@f1                         cstackBANK1  000E7
___fttol@lval                       cstackBANK2  00121
___fttol@sign1                      cstackBANK2  00120
___int_sp                           stack        00000
___latbits                          (abs)        00003
___lmul                             text33       01F32
___lmul@multiplicand                cstackBANK1  000A4
___lmul@multiplier                  cstackBANK1  000A0
___lmul@product                     cstackBANK1  000A8
___sp                               stack        00000
__end_of_ConfigureOscillator        text47       01D49
__end_of_FLASH_ReadWord             text40       01E60
__end_of_InitApp                    text42       01F32
__end_of_InitializeTaps             text41       01EA8
__end_of_ReadSavedSettings          text37       015D2
__end_of___aldiv                    text7        016D6
__end_of___altoft                   text20       01341
__end_of___awdiv                    text53       013E2
__end_of___awtoft                   text21       01E82
__end_of___ftadd                    text28       00C14
__end_of___ftdiv                    text27       008C5
__end_of___ftmul                    text26       00979
__end_of___ftneg                    text25       01D62
__end_of___ftpack                   text29       014ED
__end_of___fttol                    text19       01800
__end_of___lmul                     text33       01F62
__end_of__initialization            cinit        00393
__end_of_adc_convert                text36       01DDA
__end_of_frexp                      text18       02000
__end_of_getCurrentLEDState         text15       01E09
__end_of_getSwitchBypassState       text35       007FF
__end_of_initExpModeState           text4        01D76
__end_of_initSwitchBypass           text30       01DB5
__end_of_initTapeModeState          text3        01D45
__end_of_init_adc                   text46       01D6C
__end_of_init_pwm                   text43       011DC
__end_of_init_timer0                text45       01D50
__end_of_init_timer2                text44       01D59
__end_of_isr                        intentry     002E2
__end_of_main                       maintext     007FB
__end_of_map                        text24       01761
__end_of_modulation                 text50       0119B
__end_of_read_bottom_tactile        text23       01264
__end_of_read_top_tactile           text22       01391
__end_of_restoreLEDState            text14       01E40
__end_of_setDoublePressState        text10       01FC6
__end_of_setFeedbackState           text9        01E23
__end_of_setLongTapState            text6        0081C
__end_of_setSwitchBypassState       text31       012F6
__end_of_set_leds_bottom            text39       01063
__end_of_set_leds_top               text38       01488
__end_of_set_subdivision            text16       00A33
__end_of_showBootSequence           text11       01ED3
__end_of_solidring_tactiles         text13       0115A
__end_of_star_tactiles              text12       0155C
__end_of_trunc                      text17       01434
__end_of_updateSwitchBypass         text8        00B1E
__end_of_updateSwitchBypassState    text34       00004
__end_of_updateSwitchTap            text5        00DF8
__end_of_update_expressSwitchState  text2        01DF0
__end_of_update_mode                text1        0121D
__end_of_wait_ms                    text32       01F94
__end_ofi1___aldiv                  text52       01654
__end_ofi1___lmul                   text51       01F02
__end_ofi1_set_leds_top             text49       012AC
__initialization                    cinit        002E4
__pbssBANK0                         bssBANK0     00045
__pbssBANK2                         bssBANK2     00151
__pbssBANK3                         bssBANK3     001A0
__pbssBANK4                         bssBANK4     0024E
__pbssBANK5                         bssBANK5     002A0
__pbssBANK9                         bssBANK9     004A0
__pcstackBANK0                      cstackBANK0  00020
__pcstackBANK1                      cstackBANK1  000A0
__pcstackBANK2                      cstackBANK2  00120
__pcstackBANK4                      cstackBANK4  00248
__pcstackCOMMON                     cstackCOMMON 00070
__pdataBANK0                        dataBANK0    00058
__pdataBANK2                        dataBANK2    00162
__pdataBANK3                        dataBANK3    001E0
__pdataBANK4                        dataBANK4    00220
__pdataBANK6                        dataBANK6    00320
__pdataBANK7                        dataBANK7    003A0
__pdataBANK8                        dataBANK8    00420
__pdataBIGRAM                       (abs)        023E8
__pdataCOMMON                       dataCOMMON   0007D
__pidataBANK0                       idataBANK0   01DB5
__pidataBANK2                       idataBANK2   01D99
__pidataBANK3                       idataBANK3   01D76
__pidataBANK4                       idataBANK4   01000
__pidataBANK6                       idataBANK6   010DD
__pidataBANK7                       idataBANK7   010A0
__pidataBANK8                       idataBANK8   01063
__pidataBIGRAM                      idataBIGRAM  00DF8
__pidataCOMMON                      idataCOMMON  007FF
__pintentry                         intentry     00004
__pmaintext                         maintext     00397
__pnvBANK3                          nvBANK3      001EB
__ptext1                            text1        011DC
__ptext10                           text10       01F94
__ptext11                           text11       01EA8
__ptext12                           text12       014ED
__ptext13                           text13       0111A
__ptext14                           text14       01E23
__ptext15                           text15       01DF0
__ptext16                           text16       00979
__ptext17                           text17       013E2
__ptext18                           text18       01FC6
__ptext19                           text19       01761
__ptext2                            text2        01DDA
__ptext20                           text20       012F6
__ptext21                           text21       01E60
__ptext22                           text22       01341
__ptext23                           text23       0121D
__ptext24                           text24       016D6
__ptext25                           text25       01D59
__ptext26                           text26       008C5
__ptext27                           text27       0081C
__ptext28                           text28       00B1E
__ptext29                           text29       01488
__ptext3                            text3        01D42
__ptext30                           text30       01DA6
__ptext31                           text31       012AC
__ptext32                           text32       01F62
__ptext33                           text33       01F32
__ptext34                           text34       00003
__ptext35                           text35       007FB
__ptext36                           text36       01DC7
__ptext37                           text37       0155C
__ptext38                           text38       01434
__ptext39                           text39       01028
__ptext4                            text4        01D6C
__ptext40                           text40       01E40
__ptext41                           text41       01E82
__ptext42                           text42       01F02
__ptext43                           text43       0119B
__ptext44                           text44       01D50
__ptext45                           text45       01D49
__ptext46                           text46       01D62
__ptext47                           text47       01D45
__ptext49                           text49       01264
__ptext5                            text5        00C14
__ptext50                           text50       0115A
__ptext51                           text51       01ED3
__ptext52                           text52       015D2
__ptext53                           text53       01391
__ptext6                            text6        00802
__ptext7                            text7        01654
__ptext8                            text8        00A33
__ptext9                            text9        01E09
__size_of_ConfigureOscillator       (abs)        00000
__size_of_FLASH_ReadWord            (abs)        00000
__size_of_InitApp                   (abs)        00000
__size_of_InitializeTaps            (abs)        00000
__size_of_ReadSavedSettings         (abs)        00000
__size_of___aldiv                   (abs)        00000
__size_of___altoft                  (abs)        00000
__size_of___awdiv                   (abs)        00000
__size_of___awtoft                  (abs)        00000
__size_of___ftadd                   (abs)        00000
__size_of___ftdiv                   (abs)        00000
__size_of___ftmul                   (abs)        00000
__size_of___ftneg                   (abs)        00000
__size_of___ftpack                  (abs)        00000
__size_of___fttol                   (abs)        00000
__size_of___lmul                    (abs)        00000
__size_of_adc_convert               (abs)        00000
__size_of_frexp                     (abs)        00000
__size_of_getCurrentLEDState        (abs)        00000
__size_of_getSwitchBypassState      (abs)        00000
__size_of_initExpModeState          (abs)        00000
__size_of_initSwitchBypass          (abs)        00000
__size_of_initTapeModeState         (abs)        00000
__size_of_init_adc                  (abs)        00000
__size_of_init_pwm                  (abs)        00000
__size_of_init_timer0               (abs)        00000
__size_of_init_timer2               (abs)        00000
__size_of_isr                       (abs)        00000
__size_of_main                      (abs)        00000
__size_of_map                       (abs)        00000
__size_of_modulation                (abs)        00000
__size_of_read_bottom_tactile       (abs)        00000
__size_of_read_top_tactile          (abs)        00000
__size_of_restoreLEDState           (abs)        00000
__size_of_setDoublePressState       (abs)        00000
__size_of_setFeedbackState          (abs)        00000
__size_of_setLongTapState           (abs)        00000
__size_of_setSwitchBypassState      (abs)        00000
__size_of_set_leds_bottom           (abs)        00000
__size_of_set_leds_top              (abs)        00000
__size_of_set_subdivision           (abs)        00000
__size_of_showBootSequence          (abs)        00000
__size_of_solidring_tactiles        (abs)        00000
__size_of_star_tactiles             (abs)        00000
__size_of_trunc                     (abs)        00000
__size_of_updateSwitchBypass        (abs)        00000
__size_of_updateSwitchBypassState   (abs)        00000
__size_of_updateSwitchTap           (abs)        00000
__size_of_update_expressSwitchState (abs)        00000
__size_of_update_mode               (abs)        00000
__size_of_wait_ms                   (abs)        00000
__size_ofi1___aldiv                 (abs)        00000
__size_ofi1___lmul                  (abs)        00000
__size_ofi1_set_leds_top            (abs)        00000
_adc_convert                        text36       01DC7
_adjust_sub_delay                   bssBANK3     001C0
_adjusted_pot_value                 bssBANK3     001C2
_baseline_delay_time                dataBANK0    00058
_blink_delay                        dataBANK3    001E0
_blink_rate                         dataCOMMON   0007D
_bottomTactile_pressed              bssBANK2     0015B
_bottom_push_state                  dataBANK0    00060
_bypass_turning_on                  bssBANK2     0015C
_currentBypassState                 dataBANK2    0016C
_debounce_mode1                     bssBANK3     001C8
_debounce_mode2                     bssBANK3     001CA
_delayArray                         (abs)        023E8
_delay_counter                      bssBANK2     00151
_delay_time                         dataBANK0    0005C
_delay_time_changed                 dataBANK3    001E2
_delayfound                         bssBANK3     001CC
_doubleTap_state                    bssBANK0     00053
_expSwitchState                     dataBANK2    0016D
_feedback_start                     bssBANK0     00054
_feedback_state                     dataBANK0    00066
_feedback_timer                     bssBANK2     00153
_frexp                              text18       01FC6
_getCurrentLEDState                 text15       01DF0
_getSwitchBypassState               text35       007FB
_initExpModeState                   text4        01D6C
_initSwitchBypass                   text30       01DA6
_initTapeModeState                  text3        01D42
_init_adc                           text46       01D62
_init_pwm                           text43       0119B
_init_timer0                        text45       01D49
_init_timer2                        text44       01D50
_isr                                intentry     00004
_knob1_prev                         dataBANK2    00162
_knob2_prev                         dataBANK2    00164
_knob3_prev                         dataBANK2    00166
_knob4_prev                         dataBANK2    00168
_knob5_prev                         dataBANK2    0016A
_knob_1_pos                         bssBANK2     00155
_knob_2_pos                         bssBANK3     001D0
_knob_3_pos                         bssBANK3     001D2
_knob_4_pos                         bssBANK3     001D4
_knob_5_pos                         bssBANK3     001D6
_ledState                           bssBANK3     001B4
_longTap_start                      bssBANK0     00055
_longTap_state                      dataBANK0    00067
_longTap_timer                      bssBANK2     00157
_long_press_limit                   dataBANK0    00062
_main                               maintext     00397
_map                                text24       016D6
_map$2292                           cstackBANK1  000E4
_mod1                               dataBANK6    00320
_mod2                               dataBANK7    003A0
_mod3                               dataBANK8    00420
_mod_counter                        bssBANK0     00051
_mod_delay_time                     dataBANK3    001E4
_mod_timer                          bssBANK3     001B8
_mod_value                          bssBANK3     001D8
_mode2_state                        bssBANK2     0015D
_modulation                         text50       0115A
_num_taps                           dataBANK0    00068
_preset_blink                       bssBANK2     0015E
_preset_programmning_on             bssBANK2     0015F
_read_bottom_tactile                text23       0121D
_read_top_tactile                   text22       01341
_reset_sub_delay                    bssBANK3     001DA
_restoreLEDState                    text14       01E23
_setDoublePressState                text10       01F94
_setFeedbackState                   text9        01E09
_setLongTapState                    text6        00802
_setSwitchBypassState               text31       012AC
_set_leds_bottom                    text39       01028
_set_leds_top                       text38       01434
_set_subdivision                    text16       00979
_showBootSequence                   text11       01EA8
_solidring_tactiles                 text13       0111A
_star_tactiles                      text12       014ED
_sub_timer                          bssBANK0     00045
_suspend_blink                      bssBANK0     00056
_switchBypass_pressed               bssBANK2     00159
_switchBypass_state                 dataBANK0    00069
_switchBypass_toggle                bssBANK3     001DC
_switchBypass_up                    dataBANK3    001E6
_switchTap_down                     bssBANK2     00160
_switchTap_pressed                  bssBANK0     00057
_switchTap_state                    dataBANK2    0016E
_tap                                bssBANK5     002A0
_tap_history                        bssBANK3     001A0
_tap_iteration                      dataBANK3    001E8
_tap_timer                          bssBANK0     00049
_tap_total                          bssBANK3     001BC
_test_timer                         bssBANK4     0024E
_timer                              bssBANK0     0004D
_topTactile_pressed                 bssBANK2     00161
_top_push_state                     dataBANK0    00064
_trunc                              text17       013E2
_updateSwitchBypass                 text8        00A33
_updateSwitchBypassState            text34       00003
_updateSwitchTap                    text5        00C14
_update_expressSwitchState          text2        01DDA
_update_mode                        text1        011DC
_wait_ms                            text32       01F62
adc_convert@channel                 cstackBANK1  000A3
btemp                               (abs)        0007E
clear_ram0                          clrtext      01D8D
end_of_initialization               cinit        00393
frexp@eptr                          cstackBANK1  000A3
frexp@value                         cstackBANK1  000A0
i1___aldiv                          text52       015D2
i1___aldiv@counter                  cstackBANK0  00028
i1___aldiv@dividend                 cstackBANK0  00024
i1___aldiv@divisor                  cstackBANK0  00020
i1___aldiv@quotient                 cstackBANK0  0002A
i1___aldiv@sign                     cstackBANK0  00029
i1___lmul                           text51       01ED3
i1___lmul@multiplicand              cstackCOMMON 00074
i1___lmul@multiplier                cstackCOMMON 00070
i1___lmul@product                   cstackCOMMON 00078
i1_set_leds_top                     text49       01264
i1set_leds_top@ledState             cstackCOMMON 00072
i1set_leds_top@x                    cstackCOMMON 00070
initSwitchBypass@initState          cstackBANK1  000B6
init_ram                            inittext     01D81
int$flags                           (abs)        0007E
intlevel0                           functab      00000
intlevel1                           functab      00000
intlevel2                           functab      00000
intlevel3                           functab      00000
intlevel4                           functab      00000
intlevel5                           functab      00000
isr@tmpSubDelay                     cstackBANK0  00043
ltemp                               (abs)        0007E
ltemp0                              (abs)        0007E
ltemp1                              (abs)        00082
ltemp2                              (abs)        00086
ltemp3                              (abs)        00080
main@i                              cstackBANK4  00248
main@i_383                          cstackBANK4  0024A
main@i_384                          cstackBANK4  0024C
map@in_max                          cstackBANK1  000DB
map@in_min                          cstackBANK1  000D8
map@out_max                         cstackBANK1  000E1
map@out_min                         cstackBANK1  000DE
map@x                               cstackBANK1  000D5
modulation@x                        cstackBANK0  0002E
modulation@y                        cstackBANK0  00032
reset_vec                           reset_vec    00000
setDoublePressState@f_state         cstackBANK1  000B2
setFeedbackState@f_state            cstackBANK1  000A0
setLongTapState@f_state             cstackBANK1  000A0
setSwitchBypassState@f_state        cstackBANK1  000B2
set_leds_bottom@x                   cstackBANK1  000A0
set_leds_top@ledState               cstackBANK1  000A2
set_leds_top@x                      cstackBANK1  000A0
set_subdivision@scalar              cstackBANK2  0013D
set_subdivision@tmpX                cstackBANK2  00140
set_subdivision@x                   cstackBANK2  00136
set_subdivision@y                   cstackBANK2  00138
solidring_tactiles@ring_delay       cstackBANK1  000B4
stackhi                             (abs)        023E7
stacklo                             (abs)        02310
star_tactiles@iLed                  cstackBANK1  000B5
star_tactiles@iLed_1453             cstackBANK1  000B7
star_tactiles@reverse               cstackBANK1  000B4
start                               init         002E2
start_initialization                cinit        002E4
trunc@expon                         cstackBANK2  00134
trunc@i                             cstackBANK2  00131
trunc@x                             cstackBANK2  0012E
ttemp                               (abs)        0007E
ttemp0                              (abs)        0007E
ttemp1                              (abs)        00081
ttemp2                              (abs)        00084
ttemp3                              (abs)        00087
ttemp4                              (abs)        0007F
updateSwitchBypassState@state       cstackBANK1  000A0
updateSwitchTap@iCnt                cstackBANK1  000BE
updateSwitchTap@tapCntDivisor       cstackBANK1  000BC
wait_ms@timeSec                     cstackBANK1  000AC
wait_ms@timemsl                     cstackBANK1  000AE
wtemp                               (abs)        0007E
wtemp0                              (abs)        0007E
wtemp1                              (abs)        00080
wtemp2                              (abs)        00082
wtemp3                              (abs)        00084
wtemp4                              (abs)        00086
wtemp5                              (abs)        00088
wtemp6                              (abs)        0007F


FUNCTION INFORMATION:

 *************** function _main *****************
 Defined at:
		line 83 in file "main.c"
 Parameters:    Size  Location     Type
		None
 Auto vars:     Size  Location     Type
  i               2    4[BANK4 ] int 
  i               2    2[BANK4 ] int 
  i               2    0[BANK4 ] int 
 Return value:  Size  Location     Type
                  1    wreg      void 
 Registers used:
		wreg, fsr0l, fsr0h, fsr1l, fsr1h, status,2, status,0, pclath, cstack
 Tracked objects:
		On entry : 
		On exit  : 
		Unchanged: 
 Data sizes:     COMMON   BANK0   BANK1   BANK2   BANK3   BANK4   BANK5   BANK6   BANK7   BANK8   BANK9  BANK10  BANK11  BANK12  BANK13  BANK14  BANK15  BANK16  BANK17  BANK18
      Params:         0       0       0       0       0       0       0       0       0       0       0       0       0       0       0       0       0       0       0       0
      Locals:         0       0       0       0       0       6       0       0       0       0       0       0       0       0       0       0       0       0       0       0
      Temps:          0       0       0      15       0       0       0       0       0       0       0       0       0       0       0       0       0       0       0       0
      Totals:         0       0       0      15       0       6       0       0       0       0       0       0       0       0       0       0       0       0       0       0
Total ram usage:       21 bytes
 Hardware stack levels required when called:    7
 This function calls:
		_ConfigureOscillator
		_InitApp
		_InitializeTaps
		_ReadSavedSettings
		___awtoft
		___fttol
		_adc_convert
		_initSwitchBypass
		_map
		_read_bottom_tactile
[...]


 *************** function _init_timer0 *****************
 Defined at:
		line 169 in file "user.c"
 Parameters:    Size  Location     Type
		None
 Auto vars:     Size  Location     Type
		None
 Return value:  Size  Location     Type
                  1    wreg      void 
 Registers used:
		None
 Tracked objects:
		On entry : 
		On exit  : 
		Unchanged: 
 Data sizes:     COMMON   BANK0   BANK1   BANK2   BANK3   BANK4   BANK5   BANK6   BANK7   BANK8   BANK9  BANK10  BANK11  BANK12  BANK13  BANK14  BANK15  BANK16  BANK17  BANK18
      Params:         0       0       0       0       0       0       0       0       0       0       0       0       0       0       0       0       0       0       0       0
      Locals:         0       0       0       0       0       0       0       0       0       0       0       0       0       0       0       0       0       0       0       0
      Temps:          0       0       0       0       0       0       0       0       0       0       0       0       0       0       0       0       0       0       0       0
      Totals:         0       0       0       0       0       0       0       0       0       0       0       0       0       0       0       0       0       0       0       0
Total ram usage:        0 bytes
 Hardware stack levels used:    1
 Hardware stack levels required when called:    3
 This function calls:
		Nothing
 This function is called by:
		_init_pwm
 This function uses a non-reentrant model


 *************** function _init_adc *****************
 Defined at:
		line 115 in file "user.c"
 Parameters:    Size  Location     Type
		None
 Auto vars:     Size  Location     Type
		None
 Return value:  Size  Location     Type
                  1    wreg      void 
 Registers used:
		wreg, status,2, status,0
 Tracked objects:
		On entry : 
		On exit  : 
		Unchanged: 
 Data sizes:     COMMON   BANK0   BANK1   BANK2   BANK3   BANK4   BANK5   BANK6   BANK7   BANK8   BANK9  BANK10  BANK11  BANK12  BANK13  BANK14  BANK15  BANK16  BANK17  BANK18
      Params:         0       0       0       0       0       0       0       0       0       0       0       0       0       0       0       0       0       0       0       0
      Locals:         0       0       0       0       0       0       0       0       0       0       0       0       0       0       0       0       0       0       0       0
      Temps:          0       0       0       0       0       0       0       0       0       0       0       0       0       0       0       0       0       0       0       0
      Totals:         0       0       0       0       0       0       0       0       0       0       0       0       0       0       0       0       0       0       0       0
Total ram usage:        0 bytes
 Hardware stack levels used:    1
 Hardware stack levels required when called:    3
 This function calls:
		Nothing
 This function is called by:
		_InitApp
 This function uses a non-reentrant model


 *************** function _ConfigureOscillator *****************
 Defined at:
		line 18 in file "system.c"
 Parameters:    Size  Location     Type
		None
 Auto vars:     Size  Location     Type
		None
 Return value:  Size  Location     Type
                  1    wreg      void 
 Registers used:
		wreg, status,2, status,0
 Tracked objects:
		On entry : 
		On exit  : 
		Unchanged: 
 Data sizes:     COMMON   BANK0   BANK1   BANK2   BANK3   BANK4   BANK5   BANK6   BANK7   BANK8   BANK9  BANK10  BANK11  BANK12  BANK13  BANK14  BANK15  BANK16  BANK17  BANK18
      Params:         0       0       0       0       0       0       0       0       0       0       0       0       0       0       0       0       0       0       0       0
      Locals:         0       0       0       0       0       0       0       0       0       0       0       0       0       0       0       0       0       0       0       0
      Temps:          0       0       0       0       0       0       0       0       0       0       0       0       0       0       0       0       0       0       0       0
      Totals:         0       0       0       0       0       0       0       0       0       0       0       0       0       0       0       0       0       0       0       0
Total ram usage:        0 bytes
 Hardware stack levels used:    1
 Hardware stack levels required when called:    3
 This function calls:
		Nothing
 This function is called by:
		_main
 This function uses a non-reentrant model


 *************** function _isr *****************
 Defined at:
		line 25 in file "interrupts.c"
 Parameters:    Size  Location     Type
		None
 Auto vars:     Size  Location     Type
  tmpSubDelay     2   35[BANK0 ] int 
 Return value:  Size  Location     Type
                  1    wreg      void 
 Registers used:
		wreg, fsr0l, fsr0h, fsr1l, fsr1h, status,2, status,0, pclath, cstack
 Tracked objects:
		On entry : 
		On exit  : 
		Unchanged: 
 Data sizes:     COMMON   BANK0   BANK1   BANK2   BANK3   BANK4   BANK5   BANK6   BANK7   BANK8   BANK9  BANK10  BANK11  BANK12  BANK13  BANK14  BANK15  BANK16  BANK17  BANK18
      Params:         0       0       0       0       0       0       0       0       0       0       0       0       0       0       0       0       0       0       0       0
      Locals:         0       2       0       0       0       0       0       0       0       0       0       0       0       0       0       0       0       0       0       0
      Temps:          0       9       0       0       0       0       0       0       0       0       0       0       0       0       0       0       0       0       0       0
      Totals:         0      11       0       0       0       0       0       0       0       0       0       0       0       0       0       0       0       0       0       0
Total ram usage:       11 bytes
 Hardware stack levels used:    1
 Hardware stack levels required when called:    2
 This function calls:
		___awdiv
		_modulation
		i1_set_leds_top
 This function is called by:
		Interrupt level 1
 This function uses a non-reentrant model


 *************** function i1_set_leds_top *****************
 Defined at:
		line 16 in file "LEDs.c"
 Parameters:    Size  Location     Type
  x               2    0[COMMON] int 
  ledState        2    2[COMMON] int 
 Auto vars:     Size  Location     Type
		None
 Return value:  Size  Location     Type
                  1    wreg      void 
 Registers used:
		wreg, fsr0l, fsr0h, status,2, status,0
 Tracked objects:
		On entry : 
		On exit  : 
		Unchanged: 
 Data sizes:     COMMON   BANK0   BANK1   BANK2   BANK3   BANK4   BANK5   BANK6   BANK7   BANK8   BANK9  BANK10  BANK11  BANK12  BANK13  BANK14  BANK15  BANK16  BANK17  BANK18
      Params:         4       0       0       0       0       0       0       0       0       0       0       0       0       0       0       0       0       0       0       0
      Locals:         0       0       0       0       0       0       0       0       0       0       0       0       0       0       0       0       0       0       0       0
      Temps:          0       0       0       0       0       0       0       0       0       0       0       0       0       0       0       0       0       0       0       0
      Totals:         4       0       0       0       0       0       0       0       0       0       0       0       0       0       0       0       0       0       0       0
Total ram usage:        4 bytes
 Hardware stack levels used:    1
 This function calls:
		Nothing
 This function is called by:
		_isr
 This function uses a non-reentrant model


 *************** function _modulation *****************
 Defined at:
		line 187 in file "user.c"
 Parameters:    Size  Location     Type
  x               4   14[BANK0 ] long 
  y               4   18[BANK0 ] long 
 Auto vars:     Size  Location     Type
		None
 Return value:  Size  Location     Type
                  4   14[BANK0 ] long 
 Registers used:
		wreg, status,2, status,0, pclath, cstack
 Tracked objects:
		On entry : 
		On exit  : 
		Unchanged: 
 Data sizes:     COMMON   BANK0   BANK1   BANK2   BANK3   BANK4   BANK5   BANK6   BANK7   BANK8   BANK9  BANK10  BANK11  BANK12  BANK13  BANK14  BANK15  BANK16  BANK17  BANK18
      Params:         0       8       0       0       0       0       0       0       0       0       0       0       0       0       0       0       0       0       0       0
      Locals:         0       0       0       0       0       0       0       0       0       0       0       0       0       0       0       0       0       0       0       0
      Temps:          0       4       0       0       0       0       0       0       0       0       0       0       0       0       0       0       0       0       0       0
      Totals:         0      12       0       0       0       0       0       0       0       0       0       0       0       0       0       0       0       0       0       0
Total ram usage:       12 bytes
 Hardware stack levels used:    1
 Hardware stack levels required when called:    1
 This function calls:
		i1___aldiv
		i1___lmul
 This function is called by:
		_isr
 This function uses a non-reentrant model


 *************** function i1___lmul *****************
 Defined at:
		line 15 in file "C:\Program Files (x86)\Microchip\xc8\v1.37\sources\common\Umul32.c"
 Parameters:    Size  Location     Type
  multiplier      4    0[COMMON] unsigned long 
  multiplicand    4    4[COMMON] unsigned long 
 Auto vars:     Size  Location     Type
  __lmul          4    8[COMMON] unsigned long 
 Return value:  Size  Location     Type
                  4    0[COMMON] unsigned long 
 Registers used:
		wreg, status,2, status,0
 Tracked objects:
		On entry : 
		On exit  : 
		Unchanged: 
 Data sizes:     COMMON   BANK0   BANK1   BANK2   BANK3   BANK4   BANK5   BANK6   BANK7   BANK8   BANK9  BANK10  BANK11  BANK12  BANK13  BANK14  BANK15  BANK16  BANK17  BANK18
      Params:         8       0       0       0       0       0       0       0       0       0       0       0       0       0       0       0       0       0       0       0
      Locals:         4       0       0       0       0       0       0       0       0       0       0       0       0       0       0       0       0       0       0       0
      Temps:          0       0       0       0       0       0       0       0       0       0       0       0       0       0       0       0       0       0       0       0
      Totals:        12       0       0       0       0       0       0       0       0       0       0       0       0       0       0       0       0       0       0       0
Total ram usage:       12 bytes
 Hardware stack levels used:    1
 This function calls:
		Nothing
 This function is called by:
		_modulation
 This function uses a non-reentrant model


 *************** function i1___aldiv *****************
 Defined at:
		line 6 in file "C:\Program Files (x86)\Microchip\xc8\v1.37\sources\common\aldiv.c"
 Parameters:    Size  Location     Type
  divisor         4    0[BANK0 ] long 
  dividend        4    4[BANK0 ] long 
 Auto vars:     Size  Location     Type
  __aldiv         4   10[BANK0 ] long 
  __aldiv         1    9[BANK0 ] unsigned char 
  __aldiv         1    8[BANK0 ] unsigned char 
 Return value:  Size  Location     Type
                  4    0[BANK0 ] long 
 Registers used:
		wreg, status,2, status,0
 Tracked objects:
		On entry : 
		On exit  : 
		Unchanged: 
 Data sizes:     COMMON   BANK0   BANK1   BANK2   BANK3   BANK4   BANK5   BANK6   BANK7   BANK8   BANK9  BANK10  BANK11  BANK12  BANK13  BANK14  BANK15  BANK16  BANK17  BANK18
      Params:         0       8       0       0       0       0       0       0       0       0       0       0       0       0       0       0       0       0       0       0
      Locals:         0       6       0       0       0       0       0       0       0       0       0       0       0       0       0       0       0       0       0       0
      Temps:          1       0       0       0       0       0       0       0       0       0       0       0       0       0       0       0       0       0       0       0
      Totals:         1      14       0       0       0       0       0       0       0       0       0       0       0       0       0       0       0       0       0       0
Total ram usage:       15 bytes
 Hardware stack levels used:    1
 This function calls:
		Nothing
 This function is called by:
		_modulation
 This function uses a non-reentrant model


 *************** function ___awdiv *****************
 Defined at:
		line 6 in file "C:\Program Files (x86)\Microchip\xc8\v1.37\sources\common\awdiv.c"
 Parameters:    Size  Location     Type
  divisor         2    0[COMMON] int 
  dividend        2    2[COMMON] int 
 Auto vars:     Size  Location     Type
  quotient        2    7[COMMON] int 
  sign            1    6[COMMON] unsigned char 
  counter         1    5[COMMON] unsigned char 
 Return value:  Size  Location     Type
                  2    0[COMMON] int 
 Registers used:
		wreg, status,2, status,0
 Tracked objects:
		On entry : 
		On exit  : 
		Unchanged: 
 Data sizes:     COMMON   BANK0   BANK1   BANK2   BANK3   BANK4   BANK5   BANK6   BANK7   BANK8   BANK9  BANK10  BANK11  BANK12  BANK13  BANK14  BANK15  BANK16  BANK17  BANK18
      Params:         4       0       0       0       0       0       0       0       0       0       0       0       0       0       0       0       0       0       0       0
      Locals:         4       0       0       0       0       0       0       0       0       0       0       0       0       0       0       0       0       0       0       0
      Temps:          1       0       0       0       0       0       0       0       0       0       0       0       0       0       0       0       0       0       0       0
      Totals:         9       0       0       0       0       0       0       0       0       0       0       0       0       0       0       0       0       0       0       0
Total ram usage:        9 bytes
 Hardware stack levels used:    1
 This function calls:
		Nothing
 This function is called by:
		_isr
 This function uses a non-reentrant model



MODULE INFORMATION

Module		Function		Class		Link	Load	Size
C:\Program Files (x86)\Microchip\xc8\v1.37\sources\common\altoft.c
		___altoft      		CODE           	12F6	0000	76

C:\Program Files (x86)\Microchip\xc8\v1.37\sources\common\altoft.c estimated size: 76

C:\Program Files (x86)\Microchip\xc8\v1.37\sources\common\ftdiv.c
		___ftdiv       		CODE           	081C	0000	170

C:\Program Files (x86)\Microchip\xc8\v1.37\sources\common\ftdiv.c estimated size: 170

tactiles.c
		_update_mode   		CODE           	11DC	0000	66
		_read_bottom_tactile		CODE           	121D	0000	72
		_read_top_tactile		CODE           	1341	0000	81

tactiles.c estimated size: 219

state_manager.c
		_getCurrentLEDState		CODE           	1DF0	0000	26
		_updateSwitchBypassState		CODE           	0003	0000	2
		_restoreLEDState		CODE           	1E23	0000	30
		_getSwitchBypassState		CODE           	07FB	0000	5

state_manager.c estimated size: 63

interrupts.c
		_isr           		CODE           	0004	0000	735

interrupts.c estimated size: 735

C:\Program Files (x86)\Microchip\xc8\v1.37\sources\common\fttol.c
		___fttol       		CODE           	1761	0000	160

C:\Program Files (x86)\Microchip\xc8\v1.37\sources\common\fttol.c estimated size: 160

SwitchTap.c
		_setLongTapState		CODE           	0802	0000	27
		_updateSwitchTap		CODE           	0C14	0000	485

SwitchTap.c estimated size: 512

C:\Program Files (x86)\Microchip\xc8\v1.37\sources\common\awdiv.c
		___awdiv       		CODE           	1391	0000	82

C:\Program Files (x86)\Microchip\xc8\v1.37\sources\common\awdiv.c estimated size: 82

C:\Program Files (x86)\Microchip\xc8\v1.37\sources\common\ftadd.c
		___ftadd       		CODE           	0B1E	0000	247

C:\Program Files (x86)\Microchip\xc8\v1.37\sources\common\ftadd.c estimated size: 247

C:\Program Files (x86)\Microchip\xc8\v1.37\sources\common\aldiv.c
		___aldiv       		CODE           	1654	0000	131

C:\Program Files (x86)\Microchip\xc8\v1.37\sources\common\aldiv.c estimated size: 131

C:\Program Files (x86)\Microchip\xc8\v1.37\sources\common\trunc.c
		_trunc         		CODE           	13E2	0000	83

C:\Program Files (x86)\Microchip\xc8\v1.37\sources\common\trunc.c estimated size: 83

preset_programming.c
		_setDoublePressState		CODE           	1F94	0000	51

preset_programming.c estimated size: 51

C:\Program Files (x86)\Microchip\xc8\v1.37\sources\common\Umul32.c
		___lmul        		CODE           	1F32	0000	49

C:\Program Files (x86)\Microchip\xc8\v1.37\sources\common\Umul32.c estimated size: 49

C:\Program Files (x86)\Microchip\xc8\v1.37\sources\common\ftneg.c
		___ftneg       		CODE           	1D59	0000	10

C:\Program Files (x86)\Microchip\xc8\v1.37\sources\common\ftneg.c estimated size: 10

shared
		__initialization		CODE           	02E4	0000	176
		i1___lmul      		CODE           	1ED3	0000	48
		i1_set_leds_top		CODE           	1264	0000	73
		i1___aldiv     		CODE           	15D2	0000	131

shared estimated size: 428

LEDs.c
		_set_leds_bottom		CODE           	1028	0000	60
		_showBootSequence		CODE           	1EA8	0000	44
		_solidring_tactiles		CODE           	111A	0000	65
		_set_leds_top  		CODE           	1434	0000	85
		_star_tactiles 		CODE           	14ED	0000	112

LEDs.c estimated size: 366

C:\Program Files (x86)\Microchip\xc8\v1.37\sources\common\awtoft.c
		___awtoft      		CODE           	1E60	0000	35

C:\Program Files (x86)\Microchip\xc8\v1.37\sources\common\awtoft.c estimated size: 35

SwitchBypass.c
		_setSwitchBypassState		CODE           	12AC	0000	75
		_setFeedbackState		CODE           	1E09	0000	27
		_initSwitchBypass		CODE           	1DA6	0000	16
		_updateSwitchBypass		CODE           	0A33	0000	236

SwitchBypass.c estimated size: 354

user.c
		_ReadSavedSettings		CODE           	155C	0000	119
		_map           		CODE           	16D6	0000	140
		_InitApp       		CODE           	1F02	0000	49
		_init_timer0   		CODE           	1D49	0000	8
		_init_timer2   		CODE           	1D50	0000	10
		_init_adc      		CODE           	1D62	0000	11
		_adc_convert   		CODE           	1DC7	0000	20
		_set_subdivision		CODE           	0979	0000	187
		_InitializeTaps		CODE           	1E82	0000	39
		_modulation    		CODE           	115A	0000	66
		_init_pwm      		CODE           	119B	0000	66

user.c estimated size: 715

C:\Program Files (x86)\Microchip\xc8\v1.37\sources\common\frexp.c
		_frexp         		CODE           	1FC6	0000	59

C:\Program Files (x86)\Microchip\xc8\v1.37\sources\common\frexp.c estimated size: 59

C:\Program Files (x86)\Microchip\xc8\v1.37\sources\common\float.c
		___ftpack      		CODE           	1488	0000	102

C:\Program Files (x86)\Microchip\xc8\v1.37\sources\common\float.c estimated size: 102

main.c
		_main          		CODE           	0397	0000	1125

main.c estimated size: 1125

memory.c
		_FLASH_ReadWord		CODE           	1E40	0000	33

memory.c estimated size: 33

system.c
		_ConfigureOscillator		CODE           	1D45	0000	5
		_wait_ms       		CODE           	1F62	0000	51

system.c estimated size: 56

C:\Program Files (x86)\Microchip\xc8\v1.37\sources\common\ftmul.c
		___ftmul       		CODE           	08C5	0000	181

C:\Program Files (x86)\Microchip\xc8\v1.37\sources\common\ftmul.c estimated size: 181

expressTap.c
		_initTapeModeState		CODE           	1D42	0000	4
		_update_expressSwitchState		CODE           	1DDA	0000	23
		_initExpModeState		CODE           	1D6C	0000	11

expressTap.c estimated size: 38

