Microchip MPLAB XC8 Compiler V1.37 ()

Linker command line:

-W-3 --edf=C:\Program Files (x86)\Microchip\xc8\v1.37\dat\en_msgs.txt -cs \
  -h+dist/Todd/production\Novaplex_V2.X.production.sym \
  --cmf=dist/Todd/production\Novaplex_V2.X.production.cmf -z -Q16F1527 \
  -oC:\Users\Nancy\AppData\Local\Temp\sakg.2 \
  -Mdist/Todd/production/Novaplex_V2.X.production.map -E1 -ver=XC8 \
  -ASTACK=0235Eh-02377h -pstack=STACK -ACODE=00h-07FFhx8 \
  -ASTRCODE=00h-03FFFh -ASTRING=00h-0FFhx64 -ACONST=00h-0FFhx64 \
  -AENTRY=00h-0FFhx64 -ACOMMON=070h-07Fh -ABANK0=020h-06Fh \
  -ABANK1=0A0h-0EFh -ABANK2=0120h-016Fh -ABANK3=01A0h-01EFh \
  -ABANK4=0220h-026Fh -ABANK5=02A0h-02EFh -ABANK6=0320h-036Fh \
  -ABANK7=03A0h-03EFh -ABANK8=0420h-046Fh -ABANK9=04A0h-04EFh \
  -ABANK10=0520h-056Fh -ABANK11=05A0h-05EFh -ABANK12=0620h-066Fh \
  -ABANK13=06A0h-06EFh -ABANK14=0720h-076Fh -ABANK15=07A0h-07EFh \
  -ABANK16=0820h-086Fh -ABANK17=08A0h-08EFh -ABANK18=0920h-096Fh \
  -ABIGRAM=02000h-025EFh \
  -ARAM=020h-06Fh,0A0h-0EFh,0120h-016Fh,01A0h-01EFh,0220h-026Fh,02A0h-02EFh,0320h-036Fh,03A0h-03EFh,0420h-046Fh,04A0h-04EFh,0520h-056Fh,05A0h-05EFh,0620h-066Fh,06A0h-06EFh,0720h-076Fh,07A0h-07EFh,0820h-086Fh,08A0h-08EFh,0920h-096Fh \
  -AABS1=020h-07Fh,0A0h-0EFh,0120h-016Fh,01A0h-01EFh,0220h-026Fh,02A0h-02EFh,0320h-036Fh,03A0h-03EFh,0420h-046Fh,04A0h-04EFh,0520h-056Fh,05A0h-05EFh,0620h-066Fh,06A0h-06EFh,0720h-076Fh,07A0h-07EFh,0820h-086Fh,08A0h-08EFh,0920h-096Fh \
  -ASFR0=00h-01Fh -ASFR1=080h-09Fh -ASFR2=0100h-011Fh -ASFR3=0180h-019Fh \
  -ASFR4=0200h-021Fh -ASFR5=0280h-029Fh -ASFR6=0300h-031Fh \
  -ASFR7=0380h-039Fh -ASFR8=0400h-041Fh -ASFR9=0480h-049Fh \
  -ASFR10=0500h-051Fh -ASFR11=0580h-059Fh -ASFR12=0600h-061Fh \
  -ASFR13=0680h-069Fh -ASFR14=0700h-071Fh -ASFR15=0780h-079Fh \
  -ASFR16=0800h-081Fh -ASFR17=0880h-089Fh -ASFR18=0900h-091Fh \
  -ASFR19=0980h-09EFh -ASFR20=0A00h-0A6Fh -ASFR21=0A80h-0AEFh \
  -ASFR22=0B00h-0B6Fh -ASFR23=0B80h-0BEFh -ASFR24=0C00h-0C6Fh \
  -ASFR25=0C80h-0CEFh -ASFR26=0D00h-0D6Fh -ASFR27=0D80h-0DEFh \
  -ASFR28=0E00h-0E6Fh -ASFR29=0E80h-0EEFh -ASFR30=0F00h-0F6Fh \
  -ASFR31=0F80h-0FEFh -preset_vec=00h,intentry=04h,init,end_init \
  -ppowerup=CODE -pcinit=CODE -pfunctab=CODE -ACONFIG=08007h-08008h \
  -pconfig=CONFIG -DCONFIG=2 -AIDLOC=08000h-08003h -pidloc=IDLOC -DIDLOC=2 \
  -DCODE=2 -DSTRCODE=2 -DSTRING=2 -DCONST=2 -DENTRY=2 -k \
  C:\Users\Nancy\AppData\Local\Temp\sakg.obj \
  dist/Todd/production\Novaplex_V2.X.production.obj 

Object code version is 3.11

Machine type is 16F1527



                Name                               Link     Load   Length Selector   Space Scale
C:\Users\Nancy\AppData\Local\Temp\sakg.obj
                end_init                            1E8      1E8        2        8       0
                reset_vec                             0        0        2        0       0
                config                             8007     8007        2    1000E       0
dist/Todd/production\Novaplex_V2.X.production.obj
                cinit                               1EA      1EA       BA        8       0
                intentry                              4        4      1E4        8       0
                text47                             12CC     12CC       48     2598       0
                text45                             1DD0     1DD0        4     3BA0       0
                text44                             1DE1     1DE1        A     3BC2       0
                text43                              7F9      7F9        7        8       0
                text42                             1DD8     1DD8        9     3BB0       0
                text41                             1204     1204       41     2408       0
                text40                             1F6E     1F6E       30     3EDC       0
                text39                             1EF0     1EF0       26     3DE0       0
                text38                             1EAE     1EAE       20     3D5C       0
                text37                             1016     1016       3B     202C       0
                text36                              809      809       54     1012       0
                text35                             13AD     13AD       50     275A       0
                text34                             14EF     14EF       65     29DE       0
                text33                             1051     1051       3D     20A2       0
                text32                             149D     149D       52     293A       0
                text31                             1E79     1E79       19     3CF2       0
                text30                             1DD4     1DD4        4     3BA8       0
                text29                             1DCE     1DCE        1     3B9C       0
                text28                             1F9E     1F9E       30     3F3C       0
                text27                             1FCE     1FCE       32     3F9C       0
                text26                             1314     1314       4A     2628       0
                text25                             1E03     1E03        F     3C06       0
                text24                              AB8      AB8       F6     1570       0
                text23                             1757     1757       A9     2EAE       0
                text22                              85D      85D       B4     10BA       0
                text21                              800      800        9     1000       0
                text20                             16CC     16CC       8B     2D98       0
                text19                             15C3     15C3       82     2B86       0
                text18                             1E92     1E92       1C     3D24       0
                text17                             108E     108E       3E     211C       0
                text16                             1286     1286       46     250C       0
                text15                             135E     135E       4F     26BC       0
                text14                             1ECE     1ECE       22     3D9C       0
                text13                             1645     1645       87     2C8A       0
                text12                              911      911       C3     1222       0
                text11                             1E12     1E12       12     3C24       0
                text10                             1000     1000       16     1B10       0
                text9                              11C4     11C4       40     2388       0
                text8                              1554     1554       6F     2AA8       0
                text7                              1F16     1F16       2B     3E2C       0
                text6                              1F41     1F41       2D     3E82       0
                text5                              1E4B     1E4B       17     3C96       0
                text4                               9D4      9D4       E4     13A8       0
                text3                              1E62     1E62       17     3CC4       0
                text2                               BAE      BAE      1DA     175C       0
                text1                              1245     1245       41     248A       0
                maintext                            2A4      2A4      555        8       0
                cstackBANK0                          20       20       49       20       1
                cstackCOMMON                         70       70        D       70       1
                cstackBANK1                          A0       A0       29       A0       1
                cstackBANK3                         1E6      1E6        6      1A0       1
                inittext                           1DEB     1DEB        C     3BD6       0
                clrtext                            1DF7     1DF7        C     3BEE       0
                dataBANK10                          520      520       3E      520       1
                bssBANK9                            4A0      4A0       40      4A0       1
                dataBANK8                           420      420       50      420       1
                dataBANK7                           3A0      3A0       50      3A0       1
                dataBANK6                           320      320       3E      320       1
                dataBANK5                           2A0      2A0       3E      2A0       1
                dataBANK4                           220      220       3E      220       1
                bssBANK3                            1A0      1A0       46      1A0       1
                dataBANK2                           15B      15B       14      120       1
                bssBANK2                            120      120       3B      120       1
                dataBANK1                            C9       C9       13       A0       1
                bssBANK1                             DC       DC       12       A0       1
                dataBANK0                            69       69        2       20       1
                bssBANK0                             6B       6B        1       20       1
                dataCOMMON                           7D       7D        1       70       1
                idataBIGRAM                         D88      D88      278     1B10       0
                idataBANK10                        10CC     10CC       3E     2198       0
                idataBANK8                         13FD     13FD       50     27FA       0
                idataBANK7                         144D     144D       50     289A       0
                idataBANK6                         110A     110A       3E     2214       0
                idataBANK5                         1148     1148       3E     2290       0
                idataBANK4                         1186     1186       3E     230C       0
                idataBANK2                         1E37     1E37       14     3C6E       0
                idataBANK1                         1E24     1E24       13     3C48       0
                idataBANK0                            2        2        2        0       0
                idataCOMMON                        1DCF     1DCF        1     3B9E       0

TOTAL           Name                               Link     Load   Length     Space
        CLASS   STACK          

        CLASS   CODE           
                end_init                            1E8      1E8        2         0
                cinit                               1EA      1EA       BA         0
                intentry                              4        4      1E4         0
                reset_vec                             0        0        2         0
                text47                             12CC     12CC       48         0
                text45                             1DD0     1DD0        4         0
                text44                             1DE1     1DE1        A         0
                text43                              7F9      7F9        7         0
                text42                             1DD8     1DD8        9         0
                text41                             1204     1204       41         0
                text40                             1F6E     1F6E       30         0
                text39                             1EF0     1EF0       26         0
                text38                             1EAE     1EAE       20         0
                text37                             1016     1016       3B         0
                text36                              809      809       54         0
                text35                             13AD     13AD       50         0
                text34                             14EF     14EF       65         0
                text33                             1051     1051       3D         0
                text32                             149D     149D       52         0
                text31                             1E79     1E79       19         0
                text30                             1DD4     1DD4        4         0
                text29                             1DCE     1DCE        1         0
                text28                             1F9E     1F9E       30         0
                text27                             1FCE     1FCE       32         0
                text26                             1314     1314       4A         0
                text25                             1E03     1E03        F         0
                text24                              AB8      AB8       F6         0
                text23                             1757     1757       A9         0
                text22                              85D      85D       B4         0
                text21                              800      800        9         0
                text20                             16CC     16CC       8B         0
                text19                             15C3     15C3       82         0
                text18                             1E92     1E92       1C         0
                text17                             108E     108E       3E         0
                text16                             1286     1286       46         0
                text15                             135E     135E       4F         0
                text14                             1ECE     1ECE       22         0
                text13                             1645     1645       87         0
                text12                              911      911       C3         0
                text11                             1E12     1E12       12         0
                text10                             1000     1000       16         0
                text9                              11C4     11C4       40         0
                text8                              1554     1554       6F         0
                text7                              1F16     1F16       2B         0
                text6                              1F41     1F41       2D         0
                text5                              1E4B     1E4B       17         0
                text4                               9D4      9D4       E4         0
                text3                              1E62     1E62       17         0
                text2                               BAE      BAE      1DA         0
                text1                              1245     1245       41         0
                maintext                            2A4      2A4      555         0
                inittext                           1DEB     1DEB        C         0
                clrtext                            1DF7     1DF7        C         0
                idataBIGRAM                         D88      D88      278         0
                idataBANK10                        10CC     10CC       3E         0
                idataBANK8                         13FD     13FD       50         0
                idataBANK7                         144D     144D       50         0
                idataBANK6                         110A     110A       3E         0
                idataBANK5                         1148     1148       3E         0
                idataBANK4                         1186     1186       3E         0
                idataBANK2                         1E37     1E37       14         0
                idataBANK1                         1E24     1E24       13         0
                idataBANK0                            2        2        2         0
                idataCOMMON                        1DCF     1DCF        1         0

        CLASS   STRCODE        

        CLASS   STRING         

        CLASS   CONST          

        CLASS   ENTRY          

        CLASS   COMMON         
                cstackCOMMON                         70       70        D         1
                dataCOMMON                           7D       7D        1         1

        CLASS   BANK0          
                cstackBANK0                          20       20       49         1
                dataBANK0                            69       69        2         1
                bssBANK0                             6B       6B        1         1

        CLASS   BANK1          
                cstackBANK1                          A0       A0       29         1
                dataBANK1                            C9       C9       13         1
                bssBANK1                             DC       DC       12         1

        CLASS   BANK2          
                dataBANK2                           15B      15B       14         1
                bssBANK2                            120      120       3B         1

        CLASS   BANK3          
                cstackBANK3                         1E6      1E6        6         1
                bssBANK3                            1A0      1A0       46         1

        CLASS   BANK4          
                dataBANK4                           220      220       3E         1

        CLASS   BANK5          
                dataBANK5                           2A0      2A0       3E         1

        CLASS   BANK6          
                dataBANK6                           320      320       3E         1

        CLASS   BANK7          
                dataBANK7                           3A0      3A0       50         1

        CLASS   BANK8          
                dataBANK8                           420      420       50         1

        CLASS   BANK9          
                bssBANK9                            4A0      4A0       40         1

        CLASS   BANK10         
                dataBANK10                          520      520       3E         1

        CLASS   BANK11         

        CLASS   BANK12         

        CLASS   BANK13         

        CLASS   BANK14         

        CLASS   BANK15         

        CLASS   BANK16         

        CLASS   BANK17         

        CLASS   BANK18         

        CLASS   BIGRAM         

        CLASS   RAM            

        CLASS   ABS1           
                abs_s1                               7E       7E        2         1
                abs_s1                              5A8      5A8       48         1
                abs_s1                              620      620       50         1
                abs_s1                              6A0      6A0       50         1
                abs_s1                              720      720       50         1
                abs_s1                              7A0      7A0       50         1
                abs_s1                              820      820       50         1
                abs_s1                              8A0      8A0       50         1
                abs_s1                              920      920       50         1
                abs_s1                             2378     2378        0         1
                abs_s1                             23F2     23F2        0         1

        CLASS   SFR0           

        CLASS   SFR1           

        CLASS   SFR2           

        CLASS   SFR3           

        CLASS   SFR4           

        CLASS   SFR5           

        CLASS   SFR6           

        CLASS   SFR7           

        CLASS   SFR8           

        CLASS   SFR9           

        CLASS   SFR10          

        CLASS   SFR11          

        CLASS   SFR12          

        CLASS   SFR13          

        CLASS   SFR14          

        CLASS   SFR15          

        CLASS   SFR16          

        CLASS   SFR17          

        CLASS   SFR18          

        CLASS   SFR19          

        CLASS   SFR20          

        CLASS   SFR21          

        CLASS   SFR22          

        CLASS   SFR23          

        CLASS   SFR24          

        CLASS   SFR25          

        CLASS   SFR26          

        CLASS   SFR27          

        CLASS   SFR28          

        CLASS   SFR29          

        CLASS   SFR30          

        CLASS   SFR31          

        CLASS   CONFIG         
                config                             8007     8007        2         0

        CLASS   IDLOC          

        CLASS   BANK31         

        CLASS   BANK30         

        CLASS   BANK29         

        CLASS   BANK28         

        CLASS   BANK27         

        CLASS   BANK26         

        CLASS   BANK25         

        CLASS   BANK24         

        CLASS   BANK23         

        CLASS   BANK22         

        CLASS   BANK21         

        CLASS   BANK20         

        CLASS   BANK19         

        CLASS   EEDATA         



SEGMENTS        Name                           Load    Length   Top    Selector   Space  Class     Delta

                reset_vec                      000000  000004  000004         0       0  CODE        2
                intentry                       000004  0007FC  000800         8       0  CODE        2
                cstackBANK0                    000020  00004C  00006C        20       1  BANK0       1
                cstackCOMMON                   000070  00000E  00007E        70       1  COMMON      1
                cstackBANK1                    0000A0  00004E  0000EE        A0       1  BANK1       1
                bssBANK2                       000120  00004F  00016F       120       1  BANK2       1
                bssBANK3                       0001A0  00004C  0001EC       1A0       1  BANK3       1
                dataBANK4                      000220  00003E  00025E       220       1  BANK4       1
                dataBANK5                      0002A0  00003E  0002DE       2A0       1  BANK5       1
                dataBANK6                      000320  00003E  00035E       320       1  BANK6       1
                dataBANK7                      0003A0  000050  0003F0       3A0       1  BANK7       1
                dataBANK8                      000420  000050  000470       420       1  BANK8       1
                bssBANK9                       0004A0  000040  0004E0       4A0       1  BANK9       1
                dataBANK10                     000520  00003E  00055E       520       1  BANK10      1
                text21                         000800  000009  000809      1000       0  CODE        2
                text36                         000809  000054  00085D      1012       0  CODE        2
                text22                         00085D  0000B4  000911      10BA       0  CODE        2
                text12                         000911  0000C3  0009D4      1222       0  CODE        2
                text4                          0009D4  0000E4  000AB8      13A8       0  CODE        2
                text24                         000AB8  0000F6  000BAE      1570       0  CODE        2
                text2                          000BAE  0001DA  000D88      175C       0  CODE        2
                idataBIGRAM                    000D88  00028E  001016      1B10       0  CODE        2
                text37                         001016  00003B  001051      202C       0  CODE        2
                text33                         001051  00003D  00108E      20A2       0  CODE        2
                text17                         00108E  00003E  0010CC      211C       0  CODE        2
                idataBANK10                    0010CC  00003E  00110A      2198       0  CODE        2
                idataBANK6                     00110A  00003E  001148      2214       0  CODE        2
                idataBANK5                     001148  00003E  001186      2290       0  CODE        2
                idataBANK4                     001186  00003E  0011C4      230C       0  CODE        2
                text9                          0011C4  000040  001204      2388       0  CODE        2
                text41                         001204  000041  001245      2408       0  CODE        2
                text1                          001245  000041  001286      248A       0  CODE        2
                text16                         001286  000046  0012CC      250C       0  CODE        2
                text47                         0012CC  000048  001314      2598       0  CODE        2
                text26                         001314  00004A  00135E      2628       0  CODE        2
                text15                         00135E  00004F  0013AD      26BC       0  CODE        2
                text35                         0013AD  000050  0013FD      275A       0  CODE        2
                idataBANK8                     0013FD  000050  00144D      27FA       0  CODE        2
                idataBANK7                     00144D  000050  00149D      289A       0  CODE        2
                text32                         00149D  000052  0014EF      293A       0  CODE        2
                text34                         0014EF  000065  001554      29DE       0  CODE        2
                text8                          001554  00006F  0015C3      2AA8       0  CODE        2
                text19                         0015C3  000082  001645      2B86       0  CODE        2
                text13                         001645  000087  0016CC      2C8A       0  CODE        2
                text20                         0016CC  00008B  001757      2D98       0  CODE        2
                text23                         001757  0000A9  001800      2EAE       0  CODE        2
                text29                         001DCE  000001  001DCF      3B9C       0  CODE        2
                idataCOMMON                    001DCF  000001  001DD0      3B9E       0  CODE        2
                text45                         001DD0  000004  001DD4      3BA0       0  CODE        2
                text30                         001DD4  000004  001DD8      3BA8       0  CODE        2
                text42                         001DD8  000009  001DE1      3BB0       0  CODE        2
                text44                         001DE1  00000A  001DEB      3BC2       0  CODE        2
                inittext                       001DEB  00000C  001DF7      3BD6       0  CODE        2
                clrtext                        001DF7  00000C  001E03      3BEE       0  CODE        2
                text25                         001E03  00000F  001E12      3C06       0  CODE        2
                text11                         001E12  000012  001E24      3C24       0  CODE        2
                idataBANK1                     001E24  000013  001E37      3C48       0  CODE        2
                idataBANK2                     001E37  000014  001E4B      3C6E       0  CODE        2
                text5                          001E4B  000017  001E62      3C96       0  CODE        2
                text3                          001E62  000017  001E79      3CC4       0  CODE        2
                text31                         001E79  000019  001E92      3CF2       0  CODE        2
                text18                         001E92  00001C  001EAE      3D24       0  CODE        2
                text38                         001EAE  000020  001ECE      3D5C       0  CODE        2
                text14                         001ECE  000022  001EF0      3D9C       0  CODE        2
                text39                         001EF0  000026  001F16      3DE0       0  CODE        2
                text7                          001F16  00002B  001F41      3E2C       0  CODE        2
                text6                          001F41  00002D  001F6E      3E82       0  CODE        2
                text40                         001F6E  000030  001F9E      3EDC       0  CODE        2
                text28                         001F9E  000030  001FCE      3F3C       0  CODE        2
                text27                         001FCE  000032  002000      3F9C       0  CODE        2
                config                         008007  000002  008009     1000E       0  CONFIG      2


UNUSED ADDRESS RANGES

        Name                Unused          Largest block    Delta
        BANK0            0006C-0006F               4           1
        BANK1            000EE-000EF               2           1
        BANK10           0055E-0056F              12           1
        BANK11           005A0-005A7               8           1
        BANK2            0016F-0016F               1           1
        BANK3            001EC-001EF               4           1
        BANK4            0025E-0026F              12           1
        BANK5            002DE-002EF              12           1
        BANK6            0035E-0036F              12           1
        BANK9            004E0-004EF              10           1
        BIGRAM           02000-025EF             5F0           1
        CODE             01800-01DCD             5CE           2
                         02000-03FFF             800
        CONST            01800-01DCD             100           2
                         02000-03FFF             100
        ENTRY            01800-01DCD             100           2
                         02000-03FFF             100
        IDLOC            08000-08003               4           2
        RAM              0006C-0006F               4           1
                         000EE-000EF               2
                         0016F-0016F               1
                         001EC-001EF               4
                         0025E-0026F              12
                         002DE-002EF              12
                         0035E-0036F              12
                         004E0-004EF              10
                         0055E-0056F              12
                         005A0-005A7               8
        SFR0             00000-0001F              20           1
        SFR1             00080-0009F              20           1
        SFR10            00500-0051F              20           1
        SFR11            00580-0059F              20           1
        SFR12            00600-0061F              20           1
        SFR13            00680-0069F              20           1
        SFR14            00700-0071F              20           1
        SFR15            00780-0079F              20           1
        SFR16            00800-0081F              20           1
        SFR17            00880-0089F              20           1
        SFR18            00900-0091F              20           1
        SFR19            00980-009EF              70           1
        SFR2             00100-0011F              20           1
        SFR20            00A00-00A6F              70           1
        SFR21            00A80-00AEF              70           1
        SFR22            00B00-00B6F              70           1
        SFR23            00B80-00BEF              70           1
        SFR24            00C00-00C6F              70           1
        SFR25            00C80-00CEF              70           1
        SFR26            00D00-00D6F              70           1
        SFR27            00D80-00DEF              70           1
        SFR28            00E00-00E6F              70           1
        SFR29            00E80-00EEF              70           1
        SFR3             00180-0019F              20           1
        SFR30            00F00-00F6F              70           1
        SFR31            00F80-00FEF              70           1
        SFR4             00200-0021F              20           1
        SFR5             00280-0029F              20           1
        SFR6             00300-0031F              20           1
        SFR7             00380-0039F              20           1
        SFR8             00400-0041F              20           1
        SFR9             00480-0049F              20           1
        STACK            0235E-02377              1A           1
        STRCODE          01800-01DCD             5CE           2
                         02000-03FFF            2000
        STRING           01800-01DCD             100           2
                         02000-03FFF             100

                                  Symbol Table

?_FLASH_ReadWord                  cstackBANK0  00022
?___aldiv                         cstackBANK0  00028
?___altoft                        cstackBANK0  0002A
?___awdiv                         cstackBANK0  00022
?___awtoft                        cstackBANK0  0002A
?___ftadd                         cstackBANK0  0002A
?___ftdiv                         cstackBANK0  00047
?___ftmul                         cstackBANK0  00037
?___ftneg                         cstackBANK0  00022
?___ftpack                        cstackBANK0  00022
?___fttol                         cstackBANK1  000A0
?___lmul                          cstackBANK0  00022
?___wmul                          cstackBANK0  00022
?_adc_convert                     cstackBANK0  00022
?_getSwitchBypassState            cstackBANK0  00022
?_map                             cstackBANK0  00057
?_modulation                      cstackBANK0  00037
?_set_subdivision                 cstackBANK1  000AE
FLASH_ReadWord@GIEBitValue        cstackBANK0  00024
FLASH_ReadWord@flashAddr          cstackBANK0  00022
InitializeTaps@itap               cstackBANK0  00023
_ADCON0bits                       (abs)        0009D
_ADCON1bits                       (abs)        0009E
_ADRESH                           (abs)        0009C
_ADRESL                           (abs)        0009B
_ANSELEbits                       (abs)        00190
_ANSELFbits                       (abs)        0040C
_APFCONbits                       (abs)        0011D
_B25k                             dataBANK7    003A0
_CCP10CONbits                     (abs)        0061F
_CCP1CONbits                      (abs)        00293
_CCP2CONbits                      (abs)        0029A
_CCP3CONbits                      (abs)        00313
_CCP4CONbits                      (abs)        0031A
_CCP5CONbits                      (abs)        0031E
_CCP6CONbits                      (abs)        00613
_CCP7CONbits                      (abs)        00616
_CCP8CONbits                      (abs)        00619
_CCP9CONbits                      (abs)        0061C
_CCPR1                            (abs)        00291
_CCPR2                            (abs)        00298
_CCPR3                            (abs)        00311
_CCPR4                            (abs)        00318
_CCPR5                            (abs)        0031C
_CCPR9                            (abs)        0061A
_CCPTMRS0                         (abs)        0029D
_CCPTMRS1                         (abs)        0029E
_CCPTMRS2                         (abs)        0029F
_ConfigureOscillator              text45       01DD0
_FLASH_ReadWord                   text38       01EAE
_INTCONbits                       (abs)        0000B
_InitApp                          text40       01F6E
_InitializeTaps                   text39       01EF0
_LATBbits                         (abs)        0010D
_LATDbits                         (abs)        0010F
_LATFbits                         (abs)        0038C
_LATGbits                         (abs)        0038D
_OPTION_REGbits                   (abs)        00095
_OSCCONbits                       (abs)        00099
_PMADRH                           (abs)        00192
_PMADRL                           (abs)        00191
_PMCON1bits                       (abs)        00195
_PMCON2                           (abs)        00196
_PMDATH                           (abs)        00194
_PMDATL                           (abs)        00193
_PORTCbits                        (abs)        0000E
_PORTDbits                        (abs)        0000F
_PORTEbits                        (abs)        00010
_PR2                              (abs)        0001B
_ReadSavedSettings                text35       013AD
_T2CONbits                        (abs)        0001C
_TRISBbits                        (abs)        0008D
_TRISCbits                        (abs)        0008E
_TRISDbits                        (abs)        0008F
_TRISEbits                        (abs)        00090
_TRISFbits                        (abs)        0030C
_TRISGbits                        (abs)        0030D
__CFG_BOREN$ON                    (abs)        00000
__CFG_BORV$LO                     (abs)        00000
__CFG_CLKOUTEN$OFF                (abs)        00000
__CFG_CP$OFF                      (abs)        00000
__CFG_FCMEN$ON                    (abs)        00000
__CFG_FOSC$HS                     (abs)        00000
__CFG_IESO$ON                     (abs)        00000
__CFG_LPBOR$OFF                   (abs)        00000
__CFG_LVP$OFF                     (abs)        00000
__CFG_MCLRE$ON                    (abs)        00000
__CFG_PWRTE$OFF                   (abs)        00000
__CFG_STVREN$ON                   (abs)        00000
__CFG_VCAPEN$OFF                  (abs)        00000
__CFG_WDTE$OFF                    (abs)        00000
__CFG_WRT$OFF                     (abs)        00000
__Habs1                           abs1         00000
__Hbank0                          bank0        00000
__Hbank1                          bank1        00000
__Hbank10                         bank10       00000
__Hbank11                         bank11       00000
__Hbank12                         bank12       00000
__Hbank13                         bank13       00000
__Hbank14                         bank14       00000
__Hbank15                         bank15       00000
__Hbank16                         bank16       00000
__Hbank17                         bank17       00000
__Hbank18                         bank18       00000
__Hbank19                         bank19       00000
__Hbank2                          bank2        00000
__Hbank20                         bank20       00000
__Hbank21                         bank21       00000
__Hbank22                         bank22       00000
__Hbank23                         bank23       00000
__Hbank24                         bank24       00000
__Hbank25                         bank25       00000
__Hbank26                         bank26       00000
__Hbank27                         bank27       00000
__Hbank28                         bank28       00000
__Hbank29                         bank29       00000
__Hbank3                          bank3        00000
__Hbank30                         bank30       00000
__Hbank31                         bank31       00000
__Hbank4                          bank4        00000
__Hbank5                          bank5        00000
__Hbank6                          bank6        00000
__Hbank7                          bank7        00000
__Hbank8                          bank8        00000
__Hbank9                          bank9        00000
__Hbigram                         bigram       00000
__HbssBANK0                       bssBANK0     00000
__HbssBANK1                       bssBANK1     00000
__HbssBANK2                       bssBANK2     00000
__HbssBANK3                       bssBANK3     00000
__HbssBANK9                       bssBANK9     00000
__Hcinit                          cinit        002A4
__Hclrtext                        clrtext      00000
__Hcode                           code         00000
__Hcommon                         common       00000
__Hconfig                         config       08009
__HcstackBANK0                    cstackBANK0  00000
__HcstackBANK1                    cstackBANK1  00000
__HcstackBANK3                    cstackBANK3  00000
__HcstackCOMMON                   cstackCOMMON 00000
__HdataBANK0                      dataBANK0    00000
__HdataBANK1                      dataBANK1    00000
__HdataBANK10                     dataBANK10   00000
__HdataBANK2                      dataBANK2    00000
__HdataBANK4                      dataBANK4    00000
__HdataBANK5                      dataBANK5    00000
__HdataBANK6                      dataBANK6    00000
__HdataBANK7                      dataBANK7    00000
__HdataBANK8                      dataBANK8    00000
__HdataBIGRAM                     dataBIGRAM   00000
__HdataCOMMON                     dataCOMMON   00000
__Heeprom_data                    eeprom_data  00000
__Hend_init                       end_init     001EA
__Hfunctab                        functab      00000
__HidataBANK0                     idataBANK0   00000
__HidataBANK1                     idataBANK1   00000
__HidataBANK10                    idataBANK10  00000
__HidataBANK2                     idataBANK2   00000
__HidataBANK4                     idataBANK4   00000
__HidataBANK5                     idataBANK5   00000
__HidataBANK6                     idataBANK6   00000
__HidataBANK7                     idataBANK7   00000
__HidataBANK8                     idataBANK8   00000
__HidataBIGRAM                    idataBIGRAM  00000
__HidataCOMMON                    idataCOMMON  00000
__Hidloc                          idloc        00000
__Hinit                           init         001E8
__Hinittext                       inittext     00000
__Hintentry                       intentry     001E8
__Hmaintext                       maintext     00000
__Hpowerup                        powerup      00000
__Hram                            ram          00000
__Hreset_vec                      reset_vec    00002
__Hsfr0                           sfr0         00000
__Hsfr1                           sfr1         00000
__Hsfr10                          sfr10        00000
__Hsfr11                          sfr11        00000
__Hsfr12                          sfr12        00000
__Hsfr13                          sfr13        00000
__Hsfr14                          sfr14        00000
__Hsfr15                          sfr15        00000
__Hsfr16                          sfr16        00000
__Hsfr17                          sfr17        00000
__Hsfr18                          sfr18        00000
__Hsfr19                          sfr19        00000
__Hsfr2                           sfr2         00000
__Hsfr20                          sfr20        00000
__Hsfr21                          sfr21        00000
__Hsfr22                          sfr22        00000
__Hsfr23                          sfr23        00000
__Hsfr24                          sfr24        00000
__Hsfr25                          sfr25        00000
__Hsfr26                          sfr26        00000
__Hsfr27                          sfr27        00000
__Hsfr28                          sfr28        00000
__Hsfr29                          sfr29        00000
__Hsfr3                           sfr3         00000
__Hsfr30                          sfr30        00000
__Hsfr31                          sfr31        00000
__Hsfr4                           sfr4         00000
__Hsfr5                           sfr5         00000
__Hsfr6                           sfr6         00000
__Hsfr7                           sfr7         00000
__Hsfr8                           sfr8         00000
__Hsfr9                           sfr9         00000
__Hspace_0                        (abs)        08009
__Hspace_1                        (abs)        0055E
__Hspace_2                        (abs)        00000
__Hspace_3                        (abs)        00000
__Hstack                          stack        00000
__Hstrings                        strings      00000
__Htext                           text         00000
__Labs1                           abs1         00000
__Lbank0                          bank0        00000
__Lbank1                          bank1        00000
__Lbank10                         bank10       00000
__Lbank11                         bank11       00000
__Lbank12                         bank12       00000
__Lbank13                         bank13       00000
__Lbank14                         bank14       00000
__Lbank15                         bank15       00000
__Lbank16                         bank16       00000
__Lbank17                         bank17       00000
__Lbank18                         bank18       00000
__Lbank19                         bank19       00000
__Lbank2                          bank2        00000
__Lbank20                         bank20       00000
__Lbank21                         bank21       00000
__Lbank22                         bank22       00000
__Lbank23                         bank23       00000
__Lbank24                         bank24       00000
__Lbank25                         bank25       00000
__Lbank26                         bank26       00000
__Lbank27                         bank27       00000
__Lbank28                         bank28       00000
__Lbank29                         bank29       00000
__Lbank3                          bank3        00000
__Lbank30                         bank30       00000
__Lbank31                         bank31       00000
__Lbank4                          bank4        00000
__Lbank5                          bank5        00000
__Lbank6                          bank6        00000
__Lbank7                          bank7        00000
__Lbank8                          bank8        00000
__Lbank9                          bank9        00000
__Lbigram                         bigram       00000
__LbssBANK0                       bssBANK0     00000
__LbssBANK1                       bssBANK1     00000
__LbssBANK2                       bssBANK2     00000
__LbssBANK3                       bssBANK3     00000
__LbssBANK9                       bssBANK9     00000
__Lcinit                          cinit        001EA
__Lclrtext                        clrtext      00000
__Lcode                           code         00000
__Lcommon                         common       00000
__Lconfig                         config       08007
__LcstackBANK0                    cstackBANK0  00000
__LcstackBANK1                    cstackBANK1  00000
__LcstackBANK3                    cstackBANK3  00000
__LcstackCOMMON                   cstackCOMMON 00000
__LdataBANK0                      dataBANK0    00000
__LdataBANK1                      dataBANK1    00000
__LdataBANK10                     dataBANK10   00000
__LdataBANK2                      dataBANK2    00000
__LdataBANK4                      dataBANK4    00000
__LdataBANK5                      dataBANK5    00000
__LdataBANK6                      dataBANK6    00000
__LdataBANK7                      dataBANK7    00000
__LdataBANK8                      dataBANK8    00000
__LdataBIGRAM                     dataBIGRAM   00000
__LdataCOMMON                     dataCOMMON   00000
__Leeprom_data                    eeprom_data  00000
__Lend_init                       end_init     001E8
__Lfunctab                        functab      00000
__LidataBANK0                     idataBANK0   00000
__LidataBANK1                     idataBANK1   00000
__LidataBANK10                    idataBANK10  00000
__LidataBANK2                     idataBANK2   00000
__LidataBANK4                     idataBANK4   00000
__LidataBANK5                     idataBANK5   00000
__LidataBANK6                     idataBANK6   00000
__LidataBANK7                     idataBANK7   00000
__LidataBANK8                     idataBANK8   00000
__LidataBIGRAM                    idataBIGRAM  00000
__LidataCOMMON                    idataCOMMON  00000
__Lidloc                          idloc        00000
__Linit                           init         001E8
__Linittext                       inittext     00000
__Lintentry                       intentry     00004
__Lmaintext                       maintext     00000
__Lpowerup                        powerup      00000
__Lram                            ram          00000
__Lreset_vec                      reset_vec    00000
__Lsfr0                           sfr0         00000
__Lsfr1                           sfr1         00000
__Lsfr10                          sfr10        00000
__Lsfr11                          sfr11        00000
__Lsfr12                          sfr12        00000
__Lsfr13                          sfr13        00000
__Lsfr14                          sfr14        00000
__Lsfr15                          sfr15        00000
__Lsfr16                          sfr16        00000
__Lsfr17                          sfr17        00000
__Lsfr18                          sfr18        00000
__Lsfr19                          sfr19        00000
__Lsfr2                           sfr2         00000
__Lsfr20                          sfr20        00000
__Lsfr21                          sfr21        00000
__Lsfr22                          sfr22        00000
__Lsfr23                          sfr23        00000
__Lsfr24                          sfr24        00000
__Lsfr25                          sfr25        00000
__Lsfr26                          sfr26        00000
__Lsfr27                          sfr27        00000
__Lsfr28                          sfr28        00000
__Lsfr29                          sfr29        00000
__Lsfr3                           sfr3         00000
__Lsfr30                          sfr30        00000
__Lsfr31                          sfr31        00000
__Lsfr4                           sfr4         00000
__Lsfr5                           sfr5         00000
__Lsfr6                           sfr6         00000
__Lsfr7                           sfr7         00000
__Lsfr8                           sfr8         00000
__Lsfr9                           sfr9         00000
__Lspace_0                        (abs)        00000
__Lspace_1                        (abs)        00000
__Lspace_2                        (abs)        00000
__Lspace_3                        (abs)        00000
__Lstack                          stack        00000
__Lstrings                        strings      00000
__Ltext                           text         00000
__S0                              (abs)        08009
__S1                              (abs)        0055E
__S2                              (abs)        00000
___aldiv                          text19       015C3
___aldiv@counter                  cstackBANK0  00031
___aldiv@dividend                 cstackBANK0  0002C
___aldiv@divisor                  cstackBANK0  00028
___aldiv@quotient                 cstackBANK0  00033
___aldiv@sign                     cstackBANK0  00032
___altoft                         text33       01051
___altoft@c                       cstackBANK0  0002A
___altoft@exp                     cstackBANK0  00030
___altoft@sign                    cstackBANK0  00031
___awdiv                          text32       0149D
___awdiv@counter                  cstackBANK0  00027
___awdiv@dividend                 cstackBANK0  00024
___awdiv@divisor                  cstackBANK0  00022
___awdiv@quotient                 cstackBANK0  00029
___awdiv@sign                     cstackBANK0  00028
___awtoft                         text14       01ECE
___awtoft@c                       cstackBANK0  0002A
___awtoft@sign                    cstackBANK0  0002F
___ftadd                          text24       00AB8
___ftadd@exp1                     cstackBANK0  00036
___ftadd@exp2                     cstackBANK0  00035
___ftadd@f1                       cstackBANK0  0002A
___ftadd@f2                       cstackBANK0  0002D
___ftadd@sign                     cstackBANK0  00034
___ftdiv                          text23       01757
___ftdiv@cntr                     cstackBANK0  00051
___ftdiv@exp                      cstackBANK0  00055
___ftdiv@f1                       cstackBANK0  0004A
___ftdiv@f2                       cstackBANK0  00047
___ftdiv@f3                       cstackBANK0  00052
___ftdiv@sign                     cstackBANK0  00056
___ftmul                          text22       0085D
___ftmul@cntr                     cstackBANK0  00045
___ftmul@exp                      cstackBANK0  00041
___ftmul@f1                       cstackBANK0  00037
___ftmul@f2                       cstackBANK0  0003A
___ftmul@f3_as_product            cstackBANK0  00042
___ftmul@sign                     cstackBANK0  00046
___ftneg                          text21       00800
___ftneg@f1                       cstackBANK0  00022
___ftpack                         text34       014EF
___ftpack@arg                     cstackBANK0  00022
___ftpack@exp                     cstackBANK0  00025
___ftpack@sign                    cstackBANK0  00026
___fttol                          text13       01645
___fttol@exp1                     cstackBANK1  000AD
___fttol@f1                       cstackBANK1  000A0
___fttol@lval                     cstackBANK1  000A9
___fttol@sign1                    cstackBANK1  000A8
___int_sp                         stack        00000
___latbits                        (abs)        00003
___lmul                           text28       01F9E
___lmul@multiplicand              cstackBANK0  00026
___lmul@multiplier                cstackBANK0  00022
___lmul@product                   cstackBANK0  0002A
___sp                             stack        00000
___wmul                           text18       01E92
___wmul@multiplicand              cstackBANK0  00024
___wmul@multiplier                cstackBANK0  00022
___wmul@product                   cstackBANK0  00026
__end_of_ConfigureOscillator      text45       01DD4
__end_of_FLASH_ReadWord           text38       01ECE
__end_of_InitApp                  text40       01F9E
__end_of_InitializeTaps           text39       01F16
__end_of_ReadSavedSettings        text35       013FD
__end_of___aldiv                  text19       01645
__end_of___altoft                 text33       0108E
__end_of___awdiv                  text32       014EF
__end_of___awtoft                 text14       01EF0
__end_of___ftadd                  text24       00BAE
__end_of___ftdiv                  text23       01800
__end_of___ftmul                  text22       00911
__end_of___ftneg                  text21       00809
__end_of___ftpack                 text34       01554
__end_of___fttol                  text13       016CC
__end_of___lmul                   text28       01FCE
__end_of___wmul                   text18       01EAE
__end_of__initialization          cinit        002A0
__end_of_adc_convert              text31       01E92
__end_of_getCurrentLEDState       text11       01E24
__end_of_getSwitchBypassState     text30       01DD8
__end_of_initSwitchBypass         text25       01E12
__end_of_init_adc                 text44       01DEB
__end_of_init_pwm                 text41       01245
__end_of_init_timer0              text43       00800
__end_of_init_timer2              text42       01DE1
__end_of_isr                      intentry     001E8
__end_of_main                     maintext     007F9
__end_of_map                      text20       01757
__end_of_modulation               text17       010CC
__end_of_read_bottom_tactile      text16       012CC
__end_of_read_top_tactile         text15       013AD
__end_of_restoreLEDState          text10       01016
__end_of_setDoublePressState      text6        01F6E
__end_of_setFeedbackState         text5        01E62
__end_of_setLongTapState          text3        01E79
__end_of_setSwitchBypassState     text26       0135E
__end_of_set_leds_bottom          text37       01051
__end_of_set_leds_top             text36       0085D
__end_of_set_subdivision          text12       009D4
__end_of_showBootSequence         text7        01F41
__end_of_solidring_tactiles       text9        01204
__end_of_star_tactiles            text8        015C3
__end_of_updateSwitchBypass       text4        00AB8
__end_of_updateSwitchBypassState  text29       01DCF
__end_of_updateSwitchTap          text2        00D88
__end_of_update_mode              text1        01286
__end_of_wait_ms                  text27       02000
__end_ofi1_set_leds_top           text47       01314
__initialization                  cinit        001EA
__pbssBANK0                       bssBANK0     0006B
__pbssBANK1                       bssBANK1     000DC
__pbssBANK2                       bssBANK2     00120
__pbssBANK3                       bssBANK3     001A0
__pbssBANK9                       bssBANK9     004A0
__pcstackBANK0                    cstackBANK0  00020
__pcstackBANK1                    cstackBANK1  000A0
__pcstackBANK3                    cstackBANK3  001E6
__pcstackCOMMON                   cstackCOMMON 00070
__pdataBANK0                      dataBANK0    00069
__pdataBANK1                      dataBANK1    000C9
__pdataBANK10                     dataBANK10   00520
__pdataBANK2                      dataBANK2    0015B
__pdataBANK4                      dataBANK4    00220
__pdataBANK5                      dataBANK5    002A0
__pdataBANK6                      dataBANK6    00320
__pdataBANK7                      dataBANK7    003A0
__pdataBANK8                      dataBANK8    00420
__pdataBIGRAM                     (abs)        02378
__pdataCOMMON                     dataCOMMON   0007D
__pidataBANK0                     idataBANK0   00002
__pidataBANK1                     idataBANK1   01E24
__pidataBANK10                    idataBANK10  010CC
__pidataBANK2                     idataBANK2   01E37
__pidataBANK4                     idataBANK4   01186
__pidataBANK5                     idataBANK5   01148
__pidataBANK6                     idataBANK6   0110A
__pidataBANK7                     idataBANK7   0144D
__pidataBANK8                     idataBANK8   013FD
__pidataBIGRAM                    idataBIGRAM  00D88
__pidataCOMMON                    idataCOMMON  01DCF
__pintentry                       intentry     00004
__pmaintext                       maintext     002A4
__ptext1                          text1        01245
__ptext10                         text10       01000
__ptext11                         text11       01E12
__ptext12                         text12       00911
__ptext13                         text13       01645
__ptext14                         text14       01ECE
__ptext15                         text15       0135E
__ptext16                         text16       01286
__ptext17                         text17       0108E
__ptext18                         text18       01E92
__ptext19                         text19       015C3
__ptext2                          text2        00BAE
__ptext20                         text20       016CC
__ptext21                         text21       00800
__ptext22                         text22       0085D
__ptext23                         text23       01757
__ptext24                         text24       00AB8
__ptext25                         text25       01E03
__ptext26                         text26       01314
__ptext27                         text27       01FCE
__ptext28                         text28       01F9E
__ptext29                         text29       01DCE
__ptext3                          text3        01E62
__ptext30                         text30       01DD4
__ptext31                         text31       01E79
__ptext32                         text32       0149D
__ptext33                         text33       01051
__ptext34                         text34       014EF
__ptext35                         text35       013AD
__ptext36                         text36       00809
__ptext37                         text37       01016
__ptext38                         text38       01EAE
__ptext39                         text39       01EF0
__ptext4                          text4        009D4
__ptext40                         text40       01F6E
__ptext41                         text41       01204
__ptext42                         text42       01DD8
__ptext43                         text43       007F9
__ptext44                         text44       01DE1
__ptext45                         text45       01DD0
__ptext47                         text47       012CC
__ptext5                          text5        01E4B
__ptext6                          text6        01F41
__ptext7                          text7        01F16
__ptext8                          text8        01554
__ptext9                          text9        011C4
__size_of_ConfigureOscillator     (abs)        00000
__size_of_FLASH_ReadWord          (abs)        00000
__size_of_InitApp                 (abs)        00000
__size_of_InitializeTaps          (abs)        00000
__size_of_ReadSavedSettings       (abs)        00000
__size_of___aldiv                 (abs)        00000
__size_of___altoft                (abs)        00000
__size_of___awdiv                 (abs)        00000
__size_of___awtoft                (abs)        00000
__size_of___ftadd                 (abs)        00000
__size_of___ftdiv                 (abs)        00000
__size_of___ftmul                 (abs)        00000
__size_of___ftneg                 (abs)        00000
__size_of___ftpack                (abs)        00000
__size_of___fttol                 (abs)        00000
__size_of___lmul                  (abs)        00000
__size_of___wmul                  (abs)        00000
__size_of_adc_convert             (abs)        00000
__size_of_getCurrentLEDState      (abs)        00000
__size_of_getSwitchBypassState    (abs)        00000
__size_of_initSwitchBypass        (abs)        00000
__size_of_init_adc                (abs)        00000
__size_of_init_pwm                (abs)        00000
__size_of_init_timer0             (abs)        00000
__size_of_init_timer2             (abs)        00000
__size_of_isr                     (abs)        00000
__size_of_main                    (abs)        00000
__size_of_map                     (abs)        00000
__size_of_modulation              (abs)        00000
__size_of_read_bottom_tactile     (abs)        00000
__size_of_read_top_tactile        (abs)        00000
__size_of_restoreLEDState         (abs)        00000
__size_of_setDoublePressState     (abs)        00000
__size_of_setFeedbackState        (abs)        00000
__size_of_setLongTapState         (abs)        00000
__size_of_setSwitchBypassState    (abs)        00000
__size_of_set_leds_bottom         (abs)        00000
__size_of_set_leds_top            (abs)        00000
__size_of_set_subdivision         (abs)        00000
__size_of_showBootSequence        (abs)        00000
__size_of_solidring_tactiles      (abs)        00000
__size_of_star_tactiles           (abs)        00000
__size_of_updateSwitchBypass      (abs)        00000
__size_of_updateSwitchBypassState (abs)        00000
__size_of_updateSwitchTap         (abs)        00000
__size_of_update_mode             (abs)        00000
__size_of_wait_ms                 (abs)        00000
__size_ofi1_set_leds_top          (abs)        00000
_adc_convert                      text31       01E79
_adjust_sub_delay                 bssBANK2     0012C
_baseline_delay_time              dataBANK1    000C9
_blink_delay                      dataBANK2    0015B
_blink_rate                       dataBANK1    000D9
_bottomTactile_pressed            bssBANK2     00152
_bottom_push_state                dataBANK1    000D1
_bypass_turning_on                bssBANK2     00153
_currentBypassState               dataBANK2    0016E
_debounce_mode1                   bssBANK2     00132
_debounce_mode2                   bssBANK2     00134
_delay                            (abs)        023F2
_delay_counter                    bssBANK2     00136
_delay_time                       dataBANK1    000CD
_delay_time_changed               dataBANK2    0015D
_delayfound                       bssBANK2     00138
_doubleTap_state                  bssBANK0     0006B
_feedback_start                   bssBANK1     000EA
_feedback_state                   dataBANK0    00069
_feedback_timer                   bssBANK2     0013A
_getCurrentLEDState               text11       01E12
_getSwitchBypassState             text30       01DD4
_iB25k                            dataBANK8    00420
_initSwitchBypass                 text25       01E03
_init_adc                         text44       01DE1
_init_pwm                         text41       01204
_init_timer0                      text43       007F9
_init_timer2                      text42       01DD8
_isr                              intentry     00004
_knob1_prev                       dataBANK1    000D3
_knob2_prev                       dataBANK2    0015F
_knob3_prev                       dataBANK2    00161
_knob4_prev                       dataBANK2    00163
_knob5_prev                       dataBANK2    00165
_knob_1_pos                       bssBANK2     0013C
_knob_2_pos                       bssBANK2     0013E
_knob_3_pos                       bssBANK2     00140
_knob_4_pos                       bssBANK2     00142
_knob_5_pos                       bssBANK2     00144
_ledState                         bssBANK2     00120
_longTap_start                    bssBANK2     00155
_longTap_state                    dataBANK0    0006A
_longTap_timer                    bssBANK2     00146
_long_press_limit                 dataBANK1    000D5
_main                             maintext     002A4
_map                              text20       016CC
_map$2230                         cstackBANK0  00066
_mod2                             dataBANK4    00220
_mod3                             dataBANK5    002A0
_mod4                             dataBANK6    00320
_mod5                             (abs)        02378
_mod_counter                      bssBANK1     000E8
_mod_delay_time                   dataBANK2    00167
_mod_delay_time_bak               bssBANK2     00148
_mod_timer                        bssBANK2     00124
_mod_value                        bssBANK2     0014A
_mode2_state                      bssBANK2     00157
_modulation                       text17       0108E
_num_taps                         dataCOMMON   0007D
_preset_blink                     bssBANK2     00158
_preset_programmning_on           bssBANK2     00159
_read_bottom_tactile              text16       01286
_read_top_tactile                 text15       0135E
_reset_sub_delay                  bssBANK2     0014C
_restoreLEDState                  text10       01000
_setDoublePressState              text6        01F41
_setFeedbackState                 text5        01E4B
_setLongTapState                  text3        01E62
_setSwitchBypassState             text26       01314
_set_leds_bottom                  text37       01016
_set_leds_top                     text36       00809
_set_subdivision                  text12       00911
_showBootSequence                 text7        01F16
_solidring_tactiles               text9        011C4
_star_tactiles                    text8        01554
_sub_timer                        bssBANK1     000DC
_suspend_blink                    bssBANK1     000EB
_switchBypass_pressed             bssBANK2     0014E
_switchBypass_state               dataBANK1    000DA
_switchBypass_toggle              bssBANK2     00150
_switchBypass_up                  dataBANK2    00169
_switchTap_down                   bssBANK1     000EC
_switchTap_pressed                bssBANK1     000ED
_switchTap_state                  dataBANK1    000DB
_tap                              bssBANK3     001A0
_tap_history                      bssBANK3     001CC
_tap_iteration                    dataBANK2    0016B
_tap_timer                        bssBANK1     000E0
_tap_total                        bssBANK2     00128
_test_timer                       bssBANK3     001E0
_timer                            bssBANK1     000E4
_topTactile_pressed               bssBANK2     0015A
_top_push_state                   dataBANK1    000D7
_updateSwitchBypass               text4        009D4
_updateSwitchBypassState          text29       01DCE
_updateSwitchTap                  text2        00BAE
_update_mode                      text1        01245
_wait_ms                          text27       01FCE
adc_convert@channel               cstackBANK0  00025
btemp                             (abs)        0007E
clear_ram0                        clrtext      01DF7
end_of_initialization             cinit        002A0
i1_set_leds_top                   text47       012CC
i1set_leds_top@ledState           cstackCOMMON 00072
i1set_leds_top@x                  cstackCOMMON 00070
initSwitchBypass@initState        cstackBANK0  00038
init_ram                          inittext     01DEB
int$flags                         (abs)        0007E
intlevel0                         functab      00000
intlevel1                         functab      00000
intlevel2                         functab      00000
intlevel3                         functab      00000
intlevel4                         functab      00000
intlevel5                         functab      00000
isr@tmpSubDelay                   cstackBANK0  00020
ltemp                             (abs)        0007E
ltemp0                            (abs)        0007E
ltemp1                            (abs)        00082
ltemp2                            (abs)        00086
ltemp3                            (abs)        00080
main@adjusted_pot_value           cstackBANK3  001E6
main@i                            cstackBANK3  001E8
main@i_376                        cstackBANK3  001EA
map@in_max                        cstackBANK0  0005D
map@in_min                        cstackBANK0  0005A
map@out_max                       cstackBANK0  00063
map@out_min                       cstackBANK0  00060
map@x                             cstackBANK0  00057
modulation@x                      cstackBANK0  00037
modulation@y                      cstackBANK0  00039
reset_vec                         reset_vec    00000
setDoublePressState@f_state       cstackBANK0  00034
setFeedbackState@f_state          cstackBANK0  00022
setLongTapState@f_state           cstackBANK0  00022
setSwitchBypassState@f_state      cstackBANK0  00034
set_leds_bottom@x                 cstackBANK0  00022
set_leds_top@ledState             cstackBANK0  00024
set_leds_top@x                    cstackBANK0  00022
set_subdivision@scalar            cstackBANK1  000B7
set_subdivision@tmpX              cstackBANK1  000B5
set_subdivision@x                 cstackBANK1  000AE
set_subdivision@y                 cstackBANK1  000B0
solidring_tactiles@ring_delay     cstackBANK0  00036
stackhi                           (abs)        02377
stacklo                           (abs)        0235E
star_tactiles@iLed                cstackBANK0  00037
star_tactiles@iLed_1435           cstackBANK0  00039
star_tactiles@reverse             cstackBANK0  00036
start                             init         001E8
start_initialization              cinit        001EA
ttemp                             (abs)        0007E
ttemp0                            (abs)        0007E
ttemp1                            (abs)        00081
ttemp2                            (abs)        00084
ttemp3                            (abs)        00087
ttemp4                            (abs)        0007F
updateSwitchBypassState@state     cstackBANK0  00022
updateSwitchTap@iCnt              cstackBANK0  00040
updateSwitchTap@tapCntDivisor     cstackBANK0  0003E
wait_ms@timeSec                   cstackBANK0  0002E
wait_ms@timemsl                   cstackBANK0  00030
wtemp                             (abs)        0007E
wtemp0                            (abs)        0007E
wtemp1                            (abs)        00080
wtemp2                            (abs)        00082
wtemp3                            (abs)        00084
wtemp4                            (abs)        00086
wtemp5                            (abs)        00088
wtemp6                            (abs)        0007F


FUNCTION INFORMATION:

 *************** function _main *****************
 Defined at:
		line 84 in file "main.c"
 Parameters:    Size  Location     Type
		None
 Auto vars:     Size  Location     Type
  adjusted_pot    2    0[BANK3 ] int 
  i               2    4[BANK3 ] int 
  i               2    2[BANK3 ] int 
 Return value:  Size  Location     Type
                  1    wreg      void 
 Registers used:
		wreg, fsr0l, fsr0h, fsr1l, fsr1h, status,2, status,0, pclath, cstack
 Tracked objects:
		On entry : 
		On exit  : 
		Unchanged: 
 Data sizes:     COMMON   BANK0   BANK1   BANK2   BANK3   BANK4   BANK5   BANK6   BANK7   BANK8   BANK9  BANK10  BANK11  BANK12  BANK13  BANK14  BANK15  BANK16  BANK17  BANK18
      Params:         0       0       0       0       0       0       0       0       0       0       0       0       0       0       0       0       0       0       0       0
      Locals:         0       0       0       0       6       0       0       0       0       0       0       0       0       0       0       0       0       0       0       0
      Temps:          0       0      15       0       0       0       0       0       0       0       0       0       0       0       0       0       0       0       0       0
      Totals:         0       0      15       0       6       0       0       0       0       0       0       0       0       0       0       0       0       0       0       0
Total ram usage:       21 bytes
 Hardware stack levels required when called:    6
 This function calls:
		_ConfigureOscillator
		_InitApp
		_InitializeTaps
		_ReadSavedSettings
		___altoft
		___awdiv
		___awtoft
		___ftdiv
		___fttol
		_adc_convert
		_initSwitchBypass
		_map
		_modulation
		_read_bottom_tactile
		_read_top_tactile
		_set_subdivision
		_showBootSequence
		_updateSwitchBypass
		_updateSwitchTap
		_update_mode
 This function is called by:
		Startup code after reset
 This function uses a non-reentrant model


 *************** function _update_mode *****************
 Defined at:
		line 82 in file "tactiles.c"
 Parameters:    Size  Location     Type
		None
 Auto vars:     Size  Location     Type
		None
 Return value:  Size  Location     Type
                  1    wreg      void 
 Registers used:
		wreg, fsr0l, fsr0h, status,2, status,0
 Tracked objects:
		On entry : 
		On exit  : 
		Unchanged: 
 Data sizes:     COMMON   BANK0   BANK1   BANK2   BANK3   BANK4   BANK5   BANK6   BANK7   BANK8   BANK9  BANK10  BANK11  BANK12  BANK13  BANK14  BANK15  BANK16  BANK17  BANK18
      Params:         0       0       0       0       0       0       0       0       0       0       0       0       0       0       0       0       0       0       0       0
      Locals:         0       0       0       0       0       0       0       0       0       0       0       0       0       0       0       0       0       0       0       0
      Temps:          0       1       0       0       0       0       0       0       0       0       0       0       0       0       0       0       0       0       0       0
      Totals:         0       1       0       0       0       0       0       0       0       0       0       0       0       0       0       0       0       0       0       0
Total ram usage:        1 bytes
 Hardware stack levels used:    1
 Hardware stack levels required when called:    2
 This function calls:
		Nothing
 This function is called by:
		_main
 This function uses a non-reentrant model


 *************** function _updateSwitchTap *****************
 Defined at:
		line 48 in file "SwitchTap.c"
 Parameters:    Size  Location     Type
		None
 Auto vars:     Size  Location     Type
  tapCntDiviso    2   30[BANK0 ] int 
  iCnt            1   32[BANK0 ] unsigned char 
 Return value:  Size  Location     Type
                  1    wreg      void 
 Registers used:
		wreg, fsr1l, fsr1h, status,2, status,0, pclath, cstack
 Tracked objects:
		On entry : 
		On exit  : 
		Unchanged: 
 Data sizes:     COMMON   BANK0   BANK1   BANK2   BANK3   BANK4   BANK5   BANK6   BANK7   BANK8   BANK9  BANK10  BANK11  BANK12  BANK13  BANK14  BANK15  BANK16  BANK17  BANK18
      Params:         0       0       0       0       0       0       0       0       0       0       0       0       0       0       0       0       0       0       0       0
      Locals:         0       3       0       0       0       0       0       0       0       0       0       0       0       0       0       0       0       0       0       0
      Temps:          0       6       0       0       0       0       0       0       0       0       0       0       0       0       0       0       0       0       0       0
      Totals:         0       9       0       0       0       0       0       0       0       0       0       0       0       0       0       0       0       0       0       0
Total ram usage:        9 bytes
 Hardware stack levels used:    1
 Hardware stack levels required when called:    5
 This function calls:
		___aldiv
		_setDoublePressState
		_setLongTapState
 This function is called by:
		_main
 This function uses a non-reentrant model


 *************** function _setLongTapState *****************
 Defined at:
		line 168 in file "SwitchTap.c"
 Parameters:    Size  Location     Type
  f_state         2    2[BANK0 ] int 
 Auto vars:     Size  Location     Type
		None
 Return value:  Size  Location     Type
                  1    wreg      void 
 Registers used:
		wreg, status,0
 Tracked objects:
		On entry : 
		On exit  : 
		Unchanged: 
 Data sizes:     COMMON   BANK0   BANK1   BANK2   BANK3   BANK4   BANK5   BANK6   BANK7   BANK8   BANK9  BANK10  BANK11  BANK12  BANK13  BANK14  BANK15  BANK16  BANK17  BANK18
      Params:         0       2       0       0       0       0       0       0       0       0       0       0       0       0       0       0       0       0       0       0
      Locals:         0       0       0       0       0       0       0       0       0       0       0       0       0       0       0       0       0       0       0       0
      Temps:          0       2       0       0       0       0       0       0       0       0       0       0       0       0       0       0       0       0       0       0
      Totals:         0       4       0       0       0       0       0       0       0       0       0       0       0       0       0       0       0       0       0       0
Total ram usage:        4 bytes
 Hardware stack levels used:    1
 Hardware stack levels required when called:    2
 This function calls:
		Nothing
 This function is called by:
		_updateSwitchTap
 This function uses a non-reentrant model


[...]
      Params:         0       2       0       0       0       0       0       0       0       0       0       0       0       0       0       0       0       0       0       0
      Locals:         0       1       0       0       0       0       0       0       0       0       0       0       0       0       0       0       0       0       0       0
      Temps:          0       0       0       0       0       0       0       0       0       0       0       0       0       0       0       0       0       0       0       0
      Totals:         0       3       0       0       0       0       0       0       0       0       0       0       0       0       0       0       0       0       0       0
Total ram usage:        3 bytes
 Hardware stack levels used:    1
 Hardware stack levels required when called:    2
 This function calls:
		Nothing
 This function is called by:
		_ReadSavedSettings
		_FLASH_WriteWord
 This function uses a non-reentrant model


 *************** function _InitializeTaps *****************
 Defined at:
		line 187 in file "user.c"
 Parameters:    Size  Location     Type
		None
 Auto vars:     Size  Location     Type
  itap            2    3[BANK0 ] int 
 Return value:  Size  Location     Type
                  1    wreg      void 
 Registers used:
		wreg, fsr1l, fsr1h, status,2, status,0
 Tracked objects:
		On entry : 
		On exit  : 
		Unchanged: 
 Data sizes:     COMMON   BANK0   BANK1   BANK2   BANK3   BANK4   BANK5   BANK6   BANK7   BANK8   BANK9  BANK10  BANK11  BANK12  BANK13  BANK14  BANK15  BANK16  BANK17  BANK18
      Params:         0       0       0       0       0       0       0       0       0       0       0       0       0       0       0       0       0       0       0       0
      Locals:         0       2       0       0       0       0       0       0       0       0       0       0       0       0       0       0       0       0       0       0
      Temps:          0       1       0       0       0       0       0       0       0       0       0       0       0       0       0       0       0       0       0       0
      Totals:         0       3       0       0       0       0       0       0       0       0       0       0       0       0       0       0       0       0       0       0
Total ram usage:        3 bytes
 Hardware stack levels used:    1
 Hardware stack levels required when called:    2
 This function calls:
		Nothing
 This function is called by:
		_main
 This function uses a non-reentrant model


 *************** function _InitApp *****************
 Defined at:
		line 23 in file "user.c"
 Parameters:    Size  Location     Type
		None
 Auto vars:     Size  Location     Type
		None
 Return value:  Size  Location     Type
                  1    wreg      void 
 Registers used:
		wreg, status,2, status,0, pclath, cstack
 Tracked objects:
		On entry : 
		On exit  : 
		Unchanged: 
 Data sizes:     COMMON   BANK0   BANK1   BANK2   BANK3   BANK4   BANK5   BANK6   BANK7   BANK8   BANK9  BANK10  BANK11  BANK12  BANK13  BANK14  BANK15  BANK16  BANK17  BANK18
      Params:         0       0       0       0       0       0       0       0       0       0       0       0       0       0       0       0       0       0       0       0
      Locals:         0       0       0       0       0       0       0       0       0       0       0       0       0       0       0       0       0       0       0       0
      Temps:          0       0       0       0       0       0       0       0       0       0       0       0       0       0       0       0       0       0       0       0
      Totals:         0       0       0       0       0       0       0       0       0       0       0       0       0       0       0       0       0       0       0       0
Total ram usage:        0 bytes
 Hardware stack levels used:    1
 Hardware stack levels required when called:    4
 This function calls:
		_init_adc
		_init_pwm
 This function is called by:
		_main
 This function uses a non-reentrant model


 *************** function _init_pwm *****************
 Defined at:
		line 123 in file "user.c"
 Parameters:    Size  Location     Type
		None
 Auto vars:     Size  Location     Type
		None
 Return value:  Size  Location     Type
                  1    wreg      void 
 Registers used:
		wreg, status,2, status,0, pclath, cstack
 Tracked objects:
		On entry : 
		On exit  : 
		Unchanged: 
 Data sizes:     COMMON   BANK0   BANK1   BANK2   BANK3   BANK4   BANK5   BANK6   BANK7   BANK8   BANK9  BANK10  BANK11  BANK12  BANK13  BANK14  BANK15  BANK16  BANK17  BANK18
      Params:         0       0       0       0       0       0       0       0       0       0       0       0       0       0       0       0       0       0       0       0
      Locals:         0       0       0       0       0       0       0       0       0       0       0       0       0       0       0       0       0       0       0       0
      Temps:          0       0       0       0       0       0       0       0       0       0       0       0       0       0       0       0       0       0       0       0
      Totals:         0       0       0       0       0       0       0       0       0       0       0       0       0       0       0       0       0       0       0       0
Total ram usage:        0 bytes
 Hardware stack levels used:    1
 Hardware stack levels required when called:    3
 This function calls:
		_init_timer0
		_init_timer2
 This function is called by:
		_InitApp
 This function uses a non-reentrant model


 *************** function _init_timer2 *****************
 Defined at:
		line 156 in file "user.c"
 Parameters:    Size  Location     Type
		None
 Auto vars:     Size  Location     Type
		None
 Return value:  Size  Location     Type
                  1    wreg      void 
 Registers used:
		wreg, status,2, status,0
 Tracked objects:
		On entry : 
		On exit  : 
		Unchanged: 
 Data sizes:     COMMON   BANK0   BANK1   BANK2   BANK3   BANK4   BANK5   BANK6   BANK7   BANK8   BANK9  BANK10  BANK11  BANK12  BANK13  BANK14  BANK15  BANK16  BANK17  BANK18
      Params:         0       0       0       0       0       0       0       0       0       0       0       0       0       0       0       0       0       0       0       0
      Locals:         0       0       0       0       0       0       0       0       0       0       0       0       0       0       0       0       0       0       0       0
      Temps:          0       0       0       0       0       0       0       0       0       0       0       0       0       0       0       0       0       0       0       0
      Totals:         0       0       0       0       0       0       0       0       0       0       0       0       0       0       0       0       0       0       0       0
Total ram usage:        0 bytes
 Hardware stack levels used:    1
 Hardware stack levels required when called:    2
 This function calls:
		Nothing
 This function is called by:
		_init_pwm
 This function uses a non-reentrant model


 *************** function _init_timer0 *****************
 Defined at:
		line 163 in file "user.c"
 Parameters:    Size  Location     Type
		None
 Auto vars:     Size  Location     Type
		None
 Return value:  Size  Location     Type
                  1    wreg      void 
 Registers used:
		None
 Tracked objects:
		On entry : 
		On exit  : 
		Unchanged: 
 Data sizes:     COMMON   BANK0   BANK1   BANK2   BANK3   BANK4   BANK5   BANK6   BANK7   BANK8   BANK9  BANK10  BANK11  BANK12  BANK13  BANK14  BANK15  BANK16  BANK17  BANK18
      Params:         0       0       0       0       0       0       0       0       0       0       0       0       0       0       0       0       0       0       0       0
      Locals:         0       0       0       0       0       0       0       0       0       0       0       0       0       0       0       0       0       0       0       0
      Temps:          0       0       0       0       0       0       0       0       0       0       0       0       0       0       0       0       0       0       0       0
      Totals:         0       0       0       0       0       0       0       0       0       0       0       0       0       0       0       0       0       0       0       0
Total ram usage:        0 bytes
 Hardware stack levels used:    1
 Hardware stack levels required when called:    2
 This function calls:
		Nothing
 This function is called by:
		_init_pwm
 This function uses a non-reentrant model


 *************** function _init_adc *****************
 Defined at:
		line 109 in file "user.c"
 Parameters:    Size  Location     Type
		None
 Auto vars:     Size  Location     Type
		None
 Return value:  Size  Location     Type
                  1    wreg      void 
 Registers used:
		wreg, status,2, status,0
 Tracked objects:
		On entry : 
		On exit  : 
		Unchanged: 
 Data sizes:     COMMON   BANK0   BANK1   BANK2   BANK3   BANK4   BANK5   BANK6   BANK7   BANK8   BANK9  BANK10  BANK11  BANK12  BANK13  BANK14  BANK15  BANK16  BANK17  BANK18
      Params:         0       0       0       0       0       0       0       0       0       0       0       0       0       0       0       0       0       0       0       0
      Locals:         0       0       0       0       0       0       0       0       0       0       0       0       0       0       0       0       0       0       0       0
      Temps:          0       0       0       0       0       0       0       0       0       0       0       0       0       0       0       0       0       0       0       0
      Totals:         0       0       0       0       0       0       0       0       0       0       0       0       0       0       0       0       0       0       0       0
Total ram usage:        0 bytes
 Hardware stack levels used:    1
 Hardware stack levels required when called:    2
 This function calls:
		Nothing
 This function is called by:
		_InitApp
 This function uses a non-reentrant model


 *************** function _ConfigureOscillator *****************
 Defined at:
		line 18 in file "system.c"
 Parameters:    Size  Location     Type
		None
 Auto vars:     Size  Location     Type
		None
 Return value:  Size  Location     Type
                  1    wreg      void 
 Registers used:
		wreg, status,2, status,0
 Tracked objects:
		On entry : 
		On exit  : 
		Unchanged: 
 Data sizes:     COMMON   BANK0   BANK1   BANK2   BANK3   BANK4   BANK5   BANK6   BANK7   BANK8   BANK9  BANK10  BANK11  BANK12  BANK13  BANK14  BANK15  BANK16  BANK17  BANK18
      Params:         0       0       0       0       0       0       0       0       0       0       0       0       0       0       0       0       0       0       0       0
      Locals:         0       0       0       0       0       0       0       0       0       0       0       0       0       0       0       0       0       0       0       0
      Temps:          0       0       0       0       0       0       0       0       0       0       0       0       0       0       0       0       0       0       0       0
      Totals:         0       0       0       0       0       0       0       0       0       0       0       0       0       0       0       0       0       0       0       0
Total ram usage:        0 bytes
 Hardware stack levels used:    1
 Hardware stack levels required when called:    2
 This function calls:
		Nothing
 This function is called by:
		_main
 This function uses a non-reentrant model


 *************** function _isr *****************
 Defined at:
		line 23 in file "interrupts.c"
 Parameters:    Size  Location     Type
		None
 Auto vars:     Size  Location     Type
  tmpSubDelay     2    0[BANK0 ] int 
 Return value:  Size  Location     Type
                  1    wreg      void 
 Registers used:
		wreg, fsr0l, fsr0h, status,2, status,0, pclath, cstack
 Tracked objects:
		On entry : 
		On exit  : 
		Unchanged: 
 Data sizes:     COMMON   BANK0   BANK1   BANK2   BANK3   BANK4   BANK5   BANK6   BANK7   BANK8   BANK9  BANK10  BANK11  BANK12  BANK13  BANK14  BANK15  BANK16  BANK17  BANK18
      Params:         0       0       0       0       0       0       0       0       0       0       0       0       0       0       0       0       0       0       0       0
      Locals:         0       2       0       0       0       0       0       0       0       0       0       0       0       0       0       0       0       0       0       0
      Temps:          9       0       0       0       0       0       0       0       0       0       0       0       0       0       0       0       0       0       0       0
      Totals:         9       2       0       0       0       0       0       0       0       0       0       0       0       0       0       0       0       0       0       0
Total ram usage:       11 bytes
 Hardware stack levels used:    1
 Hardware stack levels required when called:    1
 This function calls:
		i1_set_leds_top
 This function is called by:
		Interrupt level 1
 This function uses a non-reentrant model


 *************** function i1_set_leds_top *****************
 Defined at:
		line 16 in file "LEDs.c"
 Parameters:    Size  Location     Type
  x               2    0[COMMON] int 
  ledState        2    2[COMMON] int 
 Auto vars:     Size  Location     Type
		None
 Return value:  Size  Location     Type
                  1    wreg      void 
 Registers used:
		wreg, fsr0l, fsr0h, status,2, status,0
 Tracked objects:
		On entry : 
		On exit  : 
		Unchanged: 
 Data sizes:     COMMON   BANK0   BANK1   BANK2   BANK3   BANK4   BANK5   BANK6   BANK7   BANK8   BANK9  BANK10  BANK11  BANK12  BANK13  BANK14  BANK15  BANK16  BANK17  BANK18
      Params:         4       0       0       0       0       0       0       0       0       0       0       0       0       0       0       0       0       0       0       0
      Locals:         0       0       0       0       0       0       0       0       0       0       0       0       0       0       0       0       0       0       0       0
      Temps:          0       0       0       0       0       0       0       0       0       0       0       0       0       0       0       0       0       0       0       0
      Totals:         4       0       0       0       0       0       0       0       0       0       0       0       0       0       0       0       0       0       0       0
Total ram usage:        4 bytes
 Hardware stack levels used:    1
 This function calls:
		Nothing
 This function is called by:
		_isr
 This function uses a non-reentrant model



MODULE INFORMATION

Module		Function		Class		Link	Load	Size
C:\Program Files (x86)\Microchip\xc8\v1.37\sources\common\altoft.c
		___altoft      		CODE           	1051	0000	62

C:\Program Files (x86)\Microchip\xc8\v1.37\sources\common\altoft.c estimated size: 62

C:\Program Files (x86)\Microchip\xc8\v1.37\sources\common\ftdiv.c
		___ftdiv       		CODE           	1757	0000	170

C:\Program Files (x86)\Microchip\xc8\v1.37\sources\common\ftdiv.c estimated size: 170

tactiles.c
		_update_mode   		CODE           	1245	0000	66
		_read_bottom_tactile		CODE           	1286	0000	71
		_read_top_tactile		CODE           	135E	0000	80

tactiles.c estimated size: 217

state_manager.c
		_getCurrentLEDState		CODE           	1E12	0000	19
		_updateSwitchBypassState		CODE           	1DCE	0000	2
		_restoreLEDState		CODE           	1000	0000	23
		_getSwitchBypassState		CODE           	1DD4	0000	5

state_manager.c estimated size: 49

interrupts.c
		_isr           		CODE           	0004	0000	485

interrupts.c estimated size: 485

C:\Program Files (x86)\Microchip\xc8\v1.37\sources\common\fttol.c
		___fttol       		CODE           	1645	0000	136

C:\Program Files (x86)\Microchip\xc8\v1.37\sources\common\fttol.c estimated size: 136

C:\Program Files (x86)\Microchip\xc8\v1.37\sources\common\Umul16.c
		___wmul        		CODE           	1E92	0000	29

C:\Program Files (x86)\Microchip\xc8\v1.37\sources\common\Umul16.c estimated size: 29

SwitchTap.c
		_setLongTapState		CODE           	1E62	0000	24
		_updateSwitchTap		CODE           	0BAE	0000	475

SwitchTap.c estimated size: 499

C:\Program Files (x86)\Microchip\xc8\v1.37\sources\common\awdiv.c
		___awdiv       		CODE           	149D	0000	83

C:\Program Files (x86)\Microchip\xc8\v1.37\sources\common\awdiv.c estimated size: 83

C:\Program Files (x86)\Microchip\xc8\v1.37\sources\common\ftadd.c
		___ftadd       		CODE           	0AB8	0000	247

C:\Program Files (x86)\Microchip\xc8\v1.37\sources\common\ftadd.c estimated size: 247

C:\Program Files (x86)\Microchip\xc8\v1.37\sources\common\aldiv.c
		___aldiv       		CODE           	15C3	0000	131

C:\Program Files (x86)\Microchip\xc8\v1.37\sources\common\aldiv.c estimated size: 131

preset_programming.c
		_setDoublePressState		CODE           	1F41	0000	46

preset_programming.c estimated size: 46

C:\Program Files (x86)\Microchip\xc8\v1.37\sources\common\Umul32.c
		___lmul        		CODE           	1F9E	0000	49

C:\Program Files (x86)\Microchip\xc8\v1.37\sources\common\Umul32.c estimated size: 49

C:\Program Files (x86)\Microchip\xc8\v1.37\sources\common\ftneg.c
		___ftneg       		CODE           	0800	0000	10

C:\Program Files (x86)\Microchip\xc8\v1.37\sources\common\ftneg.c estimated size: 10

shared
		__initialization		CODE           	01EA	0000	183
		i1_set_leds_top		CODE           	12CC	0000	73

shared estimated size: 256

LEDs.c
		_set_leds_bottom		CODE           	1016	0000	60
		_showBootSequence		CODE           	1F16	0000	44
		_solidring_tactiles		CODE           	11C4	0000	65
		_set_leds_top  		CODE           	0809	0000	85
		_star_tactiles 		CODE           	1554	0000	112

LEDs.c estimated size: 366

C:\Program Files (x86)\Microchip\xc8\v1.37\sources\common\awtoft.c
		___awtoft      		CODE           	1ECE	0000	35

C:\Program Files (x86)\Microchip\xc8\v1.37\sources\common\awtoft.c estimated size: 35

SwitchBypass.c
		_setSwitchBypassState		CODE           	1314	0000	75
		_setFeedbackState		CODE           	1E4B	0000	24
		_initSwitchBypass		CODE           	1E03	0000	16
		_updateSwitchBypass		CODE           	09D4	0000	229

SwitchBypass.c estimated size: 344

user.c
		_ReadSavedSettings		CODE           	13AD	0000	81
		_map           		CODE           	16CC	0000	140
		_InitApp       		CODE           	1F6E	0000	49
		_init_timer0   		CODE           	07F9	0000	8
		_init_timer2   		CODE           	1DD8	0000	10
		_init_adc      		CODE           	1DE1	0000	11
		_adc_convert   		CODE           	1E79	0000	26
		_set_subdivision		CODE           	0911	0000	196
		_InitializeTaps		CODE           	1EF0	0000	39
		_modulation    		CODE           	108E	0000	63
		_init_pwm      		CODE           	1204	0000	66

user.c estimated size: 689

C:\Program Files (x86)\Microchip\xc8\v1.37\sources\common\float.c
		___ftpack      		CODE           	14EF	0000	102

C:\Program Files (x86)\Microchip\xc8\v1.37\sources\common\float.c estimated size: 102

main.c
		_main          		CODE           	02A4	0000	1366

main.c estimated size: 1366

memory.c
		_FLASH_ReadWord		CODE           	1EAE	0000	33

memory.c estimated size: 33

system.c
		_ConfigureOscillator		CODE           	1DD0	0000	5
		_wait_ms       		CODE           	1FCE	0000	51

system.c estimated size: 56

C:\Program Files (x86)\Microchip\xc8\v1.37\sources\common\ftmul.c
		___ftmul       		CODE           	085D	0000	181

C:\Program Files (x86)\Microchip\xc8\v1.37\sources\common\ftmul.c estimated size: 181

